python : [INFO] [PIPELINE] Using robust DataballR scraper with retry logic and 
schema mapping
At line:1 char:1
+ python scrapers/unified_analysis_pipeline.py 1 2>&1 | Out-File -FileP ...
+ ~~~~~~~~~~~~~~~~~~~~~~~~~~~~~~~~~~~~~~~~~~~~~~~~~~~
    + CategoryInfo          : NotSpecified: ([INFO] [PIPELIN... schema mapping 
   :String) [], RemoteException
    + FullyQualifiedErrorId : NativeCommandError
 
[INFO] Scraping NBA games from Sportsbet...
[INFO] Scraping NBA overview: 
https://www.sportsbet.com.au/betting/basketball-us/nba
[INFO] Attempting to load page (timeout: 60s)...
[INFO] Page loaded, waiting for dynamic content...
[INFO] Found content using selector: a[href*="/betting/basketball-us/nba"]
[INFO] Saved screenshot to 
C:\Users\nikor\Documents\GitHub\PostiveEdge\debug\sportsbet_nba_page.png
[INFO] Saved page HTML to 
C:\Users\nikor\Documents\GitHub\PostiveEdge\debug\sportsbet_nba_page.html
[INFO] Strategy 1: Found 9 NBA game links with pattern 
'/betting/basketball-us/nba/.*-\d+$'
[INFO] Sample links found:
[INFO]   
/betting/basketball-us/nba/golden-state-warriors-at-philadelphia-76ers-9911699 
- 'Friday, 5 Dec 11:10282 MarketsGolden State Warrior'
[INFO]   
/betting/basketball-us/nba/boston-celtics-at-washington-wizards-9911706 - 
'Friday, 5 Dec 11:10273 MarketsBoston CelticsWashin'
[INFO]   
/betting/basketball-us/nba/los-angeles-lakers-at-toronto-raptors-9911703 - 
'Friday, 5 Dec 11:40285 MarketsLos Angeles LakersTo'
[INFO]   /betting/basketball-us/nba/utah-jazz-at-brooklyn-nets-9911710 - 
'Friday, 5 Dec 11:40280 MarketsUtah JazzBrooklyn Ne'
[INFO]   /betting/basketball-us/nba/minnesota-timberwolves-at-new-orleans-pelic
ans-9911697 - 'Friday, 5 Dec 12:10281 MarketsMinnesota Timberwolv'
[INFO] Successfully extracted 9 games
[INFO] Found 9 games on Sportsbet, analyzing 1
[INFO] [1/1] Scraping Golden State Warriors @ Philadelphia 76Ers...
[INFO] Scraping complete match data: https://www.sportsbet.com.au/betting/baske
tball-us/nba/golden-state-warriors-at-philadelphia-76ers-9911699
[INFO] Scrolling to load content...
[INFO] Looking for Stats & Insights tab...
[INFO] Clicking Stats & Insights tab...
[INFO] Match: Golden State Warriors @ Philadelphia 76ers
[INFO] Extracting betting markets...
[INFO] Extracted 8 betting markets
[INFO] Secondary extraction for moneyline markets...
[INFO] Extracting match insights...
[INFO] Found 13 match insights
[INFO] Extracting team statistics...
[INFO] Looking for Records section...
[INFO] Looking for Favorite/Underdog records...
[INFO] Looking for Under Pressure stats...
[INFO] Data range: @font-face{font-family:Sportsbet-Icons;src:url("/fonts/Sport
sbet-Icons-e00872d4c66382a8627b.woff")}.base_f6x02eb{background-color:#0077CC;c
olor:#FFFFFF;font-family:Roboto, 
sans-serif;height:100%;padding:0;width:100%}.base_f6x02eb div, .base_f6x02eb 
article, .base_f6x02eb section, .base_f6x02eb header, .base_f6x02eb h1, 
.base_f6x02eb h2, .base_f6x02eb h3, .base_f6x02eb h4, .base_f6x02eb h5, 
.base_f6x02eb h6, .base_f6x02eb nav, .base_f6x02eb input, .base_f6x02eb 
button{box-sizing:border-box}.base_f6x02eb button{font-family:Roboto, 
sans-serif}.base_f6x02eb *{-moz-osx-font-smoothing:grayscale;-webkit-font-smoot
hing:antialiased}.stickyPositionWebKit_frfpy67{position:-webkit-sticky}.Endeavo
ur_fhudrb0{color:#00549E}.SchoolBus_fplwlpw{color:#FAD701}.White_fhgmv7l{color:
#FFFFFF}.CodGray_f1tc10rl{color:#111111}.BigStone_fldk36z{color:#142841}.DeepSa
pphire_fnb878v{color:#073965}.Nevada_fxjpoyk{color:#686B70}.SilverSand_f16kimxf
{color:#C3C5C7}.Iron_f8iygaq{color:#DEE1E3}.Solitude_f1xjvi75{color:#E7F4FF}.Ha
wkesBlue_fq64yjq{color:#DFEBFD}.Porcelain_f16phib8{color:#F0F1F2}.Alabaster_fdr
uoli{color:#FAFAFA}.Lochmara_f1vtmsht{color:#0077CC}.AwardBlue_fign7x0{color:#0
C5CD4}.Apple_fdm6ais{color:#4AA331}.Feta_ftmcflf{color:#EFFAE3}.TallPoppy_f1myk
xhb{color:#B92722}.SunsetOrange_fnib37l{color:#FF4C4C}.Linen_f1cst19t{color:#FB
EAE5}.CuriousBlue_f1wn6tgi{color:#2EA5DD}.Sun_fg8u2pu{color:#FAA71C}.Tangerine_
f1n073f1{color:#F68D00}.PeachCream_f1ma3jef{color:#FFF1DE}.Rhino_f1lnsvg4{color
:#263B55}.Mirage_f16of0ue{color:#172333}.RegentGray_f1r8uigd{color:#818F9B}.Baj
aWhite_fi4x4g8{color:#FFF9D2}.FloralWhite_f1d5i0dj{color:#FFFAED}.MaiTai_f1k38r
mo{color:#B75D05}.AthensGray_fxu7zvx{color:#E5E8ED}.Denim_f15xp1tc{color:#1C75B
C}.ChathamsBlue_fx60if4{color:#134D7D}.MonteCarlo_fqxrdhe{color:#7ED2CD}.Seagul
l_ffa924m{color:#6FAEE6}.BestBetsRed_f1jwmliy{color:#D70800}.BeteasyPurple_f1r3
l20l{color:#8935C0}.SkyRed_f1ai3u56{color:#E90142}.SkyBlue_fuv4gqv{color:#01BEF
F}.Endeavour_f1j9nbjz{background-color:#00549E}.SchoolBus_fj5vliv{background-co
lor:#FAD701}.White_fqa53j6{background-color:#FFFFFF}.CodGray_ffbkzcy{background
-color:#111111}.BigStone_f6cguvc{background-color:#142841}.DeepSapphire_f1bi78l
o{background-color:#073965}.Nevada_fqvpjmn{background-color:#686B70}.SilverSand
_f1nphz00{background-color:#C3C5C7}.Iron_fz2sl35{background-color:#DEE1E3}.Soli
tude_fd5yxtu{background-color:#E7F4FF}.HawkesBlue_f1iig6w5{background-color:#DF
EBFD}.Porcelain_fso6rhz{background-color:#F0F1F2}.Alabaster_f6u2wjp{background-
color:#FAFAFA}.Lochmara_fr9zwiq{background-color:#0077CC}.AwardBlue_flvw0d3{bac
kground-color:#0C5CD4}.Apple_f1ekwm2v{background-color:#4AA331}.Feta_f1r97cb4{b
ackground-color:#EFFAE3}.TallPoppy_fsb5ss{background-color:#B92722}.SunsetOrang
e_fw3ms2q{background-color:#FF4C4C}.Linen_f19r2avm{background-color:#FBEAE5}.Cu
riousBlue_fa5bcwx{background-color:#2EA5DD}.Sun_fr7qsjl{background-color:#FAA71
C}.Tangerine_f1i2ta9a{background-color:#F68D00}.PeachCream_f9u6oic{background-c
olor:#FFF1DE}.Rhino_fo50lbr{background-color:#263B55}.Mirage_f1d43kg5{backgroun
d-color:#172333}.RegentGray_f1afgqxa{background-color:#818F9B}.BajaWhite_f1u275
1n{background-color:#FFF9D2}.FloralWhite_f1nm01l0{background-color:#FFFAED}.Mai
Tai_fpy76eb{background-color:#B75D05}.AthensGray_f1geyfi{background-color:#E5E8
ED}.Denim_fbs8iwj{background-color:#1C75BC}.ChathamsBlue_f1dab3k3{background-co
lor:#134D7D}.MonteCarlo_f18xw5hd{background-color:#7ED2CD}.Seagull_f7idxl1{back
ground-color:#6FAEE6}.Blue_fe3zevy{background:linear-gradient(to bottom, 
#00549E, #1C75BC)}.DarkBlue_foj41gh{background:linear-gradient(to bottom, 
#00549E, #073965)}.Red_fnnzw3z{background:linear-gradient(to bottom, #FAA71C, 
#B92722)}.Gold_f2np7o{background:linear-gradient(to bottom, #FAA71C, 
#FAD701)}.GoldReversed_f91ekro{background:linear-gradient(to bottom, #FAD701, 
#FAA71C)}.GoldToLeft_f1l6phhs{background:linear-gradient(to left, #FAA71C, 
#FAD701)}.GoldToRight_f1sylnqj{background:linear-gradient(to right, #FAA71C, 
#FAD701)}.Gold45Deg_fu6m7wm{background:linear-gradient(-45deg, #FAD701 0%, 
#FAA71C 59%)}.WhiteTransparent45Deg_fqwps3v{background:linear-gradient(45deg, 
rgba(255, 255, 255, 0) 35%, #FFFFFF 50%, rgba(255, 255, 255, 0) 
65%)}.WhiteTransparent45DegThick_fwnmax3{background:linear-gradient(45deg, 
rgba(255, 255, 255, 0) 15%, #FFFFFF 50%, rgba(255, 255, 255, 0) 
85%)}.WhiteTransparent45DegThin_f17rjj{background:linear-gradient(45deg, 
rgba(255, 255, 255, 0) 45%, #FFFFFF 50%, rgba(255, 255, 255, 0) 
55%)}.WhiteTransparent70Deg_f1dtv2oy{background:linear-gradient(70deg, 
rgba(255, 255, 255, 0) 20%, #FFFFFF 50%, rgba(255, 255, 255, 0) 
80%)}.BluePorcelain50Percent_fsz032t{background:linear-gradient(to right, 
#00549E 50%, #F0F1F2 
50%)}.SilverCodGray50Percent_fjl1mcb{background:linear-gradient(to right,  
rgba(17, 17, 17, 0.5) 30%, #C3C5C7 
75%)}.CodGray15To50Percent_f1k792jz{background:linear-gradient(to right, 
rgba(17, 17, 17, 0.15) 40%, rgba(17, 17, 17, 0.5) 70%)}.size64_fnmkoa2{font-siz
e:4rem}.size44_fv529fk{font-size:2.75rem}.size40_f4jsdh3{font-size:2.5rem}.size
36_f1pz0405{font-size:2.25rem}.size30_fvetrvf{font-size:1.875rem}.size28_f1dvmw
g3{font-size:1.75rem}.size26_f181jy40{font-size:1.625rem}.size25_f190vdad{font-
size:1.5625rem}.size24_fawm0c4{font-size:1.5rem}.size22_fgx74r4{font-size:1.375
rem}.size20_fx9d58m{font-size:1.25rem}.size19_fkpnqa2{font-size:1.1875rem}.size
18_fm56xh3{font-size:1.125rem}.size17_f6vpce8{font-size:1.0625rem}.size16_f6irg
bz{font-size:1rem}.size15_fk8dg6g{font-size:0.9375rem}.size14_f7opyze{font-size
:0.875rem}.size13_f1qrg7fy{font-size:0.8125rem}.size12_fq5j3k2{font-size:0.75re
m}.size11_fwt0xu4{font-size:0.6875rem}.size10_f1p3h33l{font-size:0.625rem}.size
9_flallac{font-size:0.5625rem}.normal_fgzdi7m{font-weight:normal}.bold_f1au7gae
{font-weight:700}.heavy_fhz5lx4{font-weight:900}.medium_f1wf24vo{font-weight:50
0}.light_f2noysy{font-weight:300}.lighter_f15586js{font-weight:lighter}.roboto_
ft7zx15{font-family:Roboto, 
sans-serif}.titillium_fpntqz7{font-family:Titillium Web, sans-serif}.alignCente
r_fsuivmx{text-align:center}.whiteSpace_fheif50{white-space:nowrap}.wordWrap_f1
lzwwyc{word-wrap:break-word}.Endeavour_fhudrb0{color:#00549E}.SchoolBus_fplwlpw
{color:#FAD701}.White_fhgmv7l{color:#FFFFFF}.CodGray_f1tc10rl{color:#111111}.Bi
gStone_fldk36z{color:#142841}.DeepSapphire_fnb878v{color:#073965}.Nevada_fxjpoy
k{color:#686B70}.SilverSand_f16kimxf{color:#C3C5C7}.Iron_f8iygaq{color:#DEE1E3}
.Solitude_f1xjvi75{color:#E7F4FF}.HawkesBlue_fq64yjq{color:#DFEBFD}.Porcelain_f
16phib8{color:#F0F1F2}.Alabaster_fdruoli{color:#FAFAFA}.Lochmara_f1vtmsht{color
:#0077CC}.AwardBlue_fign7x0{color:#0C5CD4}.Apple_fdm6ais{color:#4AA331}.Feta_ft
mcflf{color:#EFFAE3}.TallPoppy_f1mykxhb{color:#B92722}.SunsetOrange_fnib37l{col
or:#FF4C4C}.Linen_f1cst19t{color:#FBEAE5}.CuriousBlue_f1wn6tgi{color:#2EA5DD}.S
un_fg8u2pu{color:#FAA71C}.Tangerine_f1n073f1{color:#F68D00}.PeachCream_f1ma3jef
{color:#FFF1DE}.Rhino_f1lnsvg4{color:#263B55}.Mirage_f16of0ue{color:#172333}.Re
gentGray_f1r8uigd{color:#818F9B}.BajaWhite_fi4x4g8{color:#FFF9D2}.FloralWhite_f
1d5i0dj{color:#FFFAED}.MaiTai_f1k38rmo{color:#B75D05}.AthensGray_fxu7zvx{color:
#E5E8ED}.Denim_f15xp1tc{color:#1C75BC}.ChathamsBlue_fx60if4{color:#134D7D}.Mont
eCarlo_fqxrdhe{color:#7ED2CD}.Seagull_ffa924m{color:#6FAEE6}.BestBetsRed_f1jwml
iy{color:#D70800}.BeteasyPurple_f1r3l20l{color:#8935C0}.SkyRed_f1ai3u56{color:#
E90142}.SkyBlue_fuv4gqv{color:#01BEFF}.noFocus_fhhhsft{align-items:center;borde
r-radius:inherit;cursor:pointer;display:flex;height:100%;justify-content:center
;width:100%}.noFocus_fhhhsft:focus{outline:none}.noFocus_fhhhsft::-moz-focus-in
ner{border:0}.noFocus_fhhhsft:active{background-color:rgba(0, 0, 0, 0.1)}.disab
led_fmtetat{cursor:not-allowed}.rippleGroup_f18snavk{border-radius:inherit;heig
ht:100%;left:0;overflow:hidden;pointer-events:none;position:absolute;top:0;widt
h:100%}.yellow_f1kbj6mo{background:#F7C514}.grey_fusmf7k{background:#E7E5E5}.bl
ue_f1co9fm7{background:#00549E}.dark_flw1d6e{background:rgba(0, 0, 0, 
0.2)}.light_fb6juxg{background:rgba(255, 255, 255, 0.2)}.border_fyn86re{border-
radius:inherit;height:100%;width:100%}.roundedCorners_f13k4v93{border-radius:3.
125rem}.slow_fkzjbxy{border-radius:50%;opacity:1;position:absolute;transform:sc
ale(0);transition:opacity 600ms cubic-bezier(0, 0, 0.2, 1), transform 300ms 
cubic-bezier(0, 0, 0.2, 1)}.quick_fl0fses{border-radius:50%;opacity:1;position:
absolute;transform:scale(0);transition:opacity 300ms cubic-bezier(0, 0, 0.2, 
1), transform 150ms cubic-bezier(0, 0, 0.2, 1)}.entered_fhxh0lv{opacity:0;trans
form:scale(1)}.lightGrey_fwxfdq2{background-color:rgba(240, 241, 242, 
0.5);border:0rem solid rgba(0, 0, 0, 
0);color:#111111}.grey_fp28bd5{background-color:#F0F1F2;border:0rem solid 
rgba(0, 0, 0, 
0);color:#111111}.ironGrey_fer49of{background-color:#DEE1E3;border:0rem solid 
rgba(0, 0, 0, 
0);color:#111111}.green_flqweop{background-color:#4AA331;border:0rem solid 
rgba(0, 0, 0, 
0);color:#FFFFFF}.yellow_f1fclcll{background-color:#FAD701;border:0rem solid 
rgba(0, 0, 0, 
0);color:#111111}.orange_f7j18tm{background-color:#FFF1DE;border:0rem solid 
rgba(0, 0, 0, 
0);color:#111111}.blue_fdv04kh{background-color:#00549E;border:0rem solid 
rgba(0, 0, 0, 
0);color:#FFFFFF}.lochmaraBlue_f1pqikqk{background-color:#0077CC;border:0rem 
solid rgba(0, 0, 0, 
0);color:#FFFFFF}.white_f4cez5v{background-color:#FFFFFF;border:0.0625rem 
solid #C3C5C7;border-bottom:0.125rem solid 
#C3C5C7;color:#111111}.whiteTransparent15pc_fn4wfos{background-color:rgba(255, 
255, 255, 0.15);border:0rem solid rgba(0, 0, 0, 
0);color:#FFFFFF}.rhino_f1uglcdl{background-color:#263B55;border:0rem solid 
rgba(0, 0, 0, 
0);color:#FFFFFF}.bigStone_fvkm08x{background-color:#142841;border:0.0625rem 
solid #686B70;color:#686B70}.athensGray_f1ae6ik0{background-color:#E5E8ED;borde
r:0rem solid rgba(0, 0, 0, 
0);color:#111111}.default_fh67cdw{background-color:#F0F1F2;border:0rem solid 
rgba(0, 0, 0, 
0);color:#686B70;cursor:default}.dark_fmrmxrn{background-color:rgba(0, 0, 0, 
0);border:0.0625rem solid rgba(255, 255, 255, 0.5);color:rgba(255, 255, 255, 
0.5);cursor:default}.blue_fjssijl{background-color:#00549E;border:0rem solid 
rgba(0, 0, 0, 0);color:#FFFFFF;cursor:default}.green_fjd3el5{background-color:#
4AA331;border:0rem solid rgba(0, 0, 0, 
0);color:#FFFFFF;cursor:default}.lightGrey_fwxfdq2{background-color:rgba(240, 
241, 242, 0.5);border:0rem solid rgba(0, 0, 0, 
0);color:#111111}.grey_fp28bd5{background-color:#F0F1F2;border:0rem solid 
rgba(0, 0, 0, 
0);color:#111111}.white_f1n8omnc{background-color:#FFFFFF;border:0.0625rem 
solid #C3C5C7;border-bottom:0.125rem solid #C3C5C7;color:#111111}.bigStone_fn9f
blt{background-color:#142841;border:0.0625rem solid #C3C5C7;color:#C3C5C7}.butt
onContainer_f15d9r2b{border-radius:0.25rem;height:100%;position:relative}.textB
utton_fqblodi{background:transparent;border:0px solid rgba(0,0,0,0);border-radi
us:0.25rem;cursor:default;height:100%;width:100%}.textContainer_fz446hd{display
:flex;justify-content:center;line-height:1rem;padding:1rem;position:relative;wi
dth:inherit}.textButtonVariable_f1nardbo{background:transparent;border:0px 
solid rgba(0,0,0,0);border-radius:0.25rem;cursor:default;display:block;height:1
00%;width:100%}.text_f1ty6x5r{-moz-user-select:none;-webkit-user-select:none;us
er-select:none}.insideButtonNormalContent_fdpn8ey{align-items:center;border-rad
ius:inherit;display:flex;height:inherit;justify-content:center;width:inherit}.i
nsideButtonFullSizeContent_f1tz1g0g{align-items:center;border-radius:inherit;di
splay:flex;height:auto;justify-content:center;width:inherit}.insideButtonFullSi
zePlusHeight_f16xdzpn{align-items:center;border-radius:inherit;display:flex;hei
ght:100%;justify-content:center;width:inherit}.noTopBorderRadius_fyz6udh{border
-top-left-radius:0;border-top-right-radius:0}.noBottomBorderRadius_f1hzbdc5{bor
der-bottom-left-radius:0;border-bottom-right-radius:0}.reducedBorderRadius_fql4
h4k{border-radius:0.125rem}.roundedCorners_f13k4v93{border-radius:3.125rem}.def
aultCorners_fyg3h51{border-radius:0.25rem}.noWrapLabel_fheif50{white-space:nowr
ap}.noBorder_f1sna5bt{border:none}.hover_flplhqb{align-items:center;display:fle
x;height:100%;justify-content:center;width:100%}.hoverGrey_fwo5nb6{align-items:
center;display:flex;height:100%;justify-content:center;width:100%}.noHover_fnlk
30n{align-items:center;display:flex;height:100%;justify-content:center;width:10
0%}.container_fdoc1b1{display:flex;flex:1;flex-direction:column}.defaultSpinner
Container_f15621zg{background-color:rgba(255, 255, 255, 0.9);display:flex;heigh
t:100%;justify-content:center;left:0;position:absolute;top:0;width:100%;z-index
:1000}.pageSectionSpinnerContainer_fr3ely1{background-color:rgba(0, 0, 0, 0);di
splay:flex;height:100%;justify-content:center;left:0;position:absolute;top:0;wi
dth:100%;z-index:1000}.pageContentSpinnerContainer_f1afetov{background-color:#F
0F1F2;padding-top:4rem}.buttonSpinnerContainer_f1op6hsi{padding-right:0.5rem}.a
ccordionSpinnerContainer_fi2g4fj{padding:1rem 0rem}.spinnerAndText_f1w98fo6{ali
gn-items:center;display:flex;flex-direction:column}.text_f88of9h{padding-top:1r
em;text-align:center;white-space:pre-wrap}.baseSpinnerPosition_f9a13de{align-it
ems:center}.relativeParent_f1mgyl9u{position:relative}.button_fqgt5ba{backgroun
d:none;border:0;color:#111111;font-weight:500}.button_fqgt5ba:active{color:#686
B70}.fullWidth_f96or0t{width:100%}.scrollableContainer_fjeesvx{display:flex;fle
x:1;flex-direction:column;justify-content:center}.base_fllshiw{background-color
:#0077CC;color:#FFFFFF;font-family:Roboto, 
sans-serif;height:auto;padding:0;width:100%}.base_fllshiw div, .base_fllshiw 
article, .base_fllshiw section, .base_fllshiw header, .base_fllshiw h1, 
.base_fllshiw h2, .base_fllshiw h3, .base_fllshiw h4, .base_fllshiw h5, 
.base_fllshiw h6, .base_fllshiw nav, .base_fllshiw input, .base_fllshiw 
button{box-sizing:border-box}.base_fllshiw button{font-family:Roboto, 
sans-serif}.base_fllshiw *{-moz-osx-font-smoothing:grayscale;-webkit-font-smoot
hing:antialiased}.restrictWidth_f1mzuwi5{max-width:21.875rem}.contentDesktop_fr
e7s2m{padding:1.5rem}.contentMobile_f1a35xl1{padding:1rem}.widthMobile_fxz8b62{
width:18rem}.widthDesktop_fl4hdxw{width:21.875rem}.headingWithSubHeading_fgbu7s
r{color:#111111;display:flex;flex-direction:column;margin-bottom:0.25rem}.headi
ngMobile_f1xw23mb{color:#111111;display:flex;flex-direction:column;margin-botto
m:1rem}.headingDesktop_f117iwx4{color:#111111;display:flex;flex-direction:colum
n;margin-bottom:1.5rem}.buttonRow_fdjqmn9{display:flex;justify-content:flex-end
;margin-top:1.5rem}.buttonColumn_f1n6bjr0{display:flex;flex-direction:column;ga
p:1rem;margin-top:1.5rem;width:100%}.cancelButton_fl9tk4p{align-items:center;di
splay:flex;height:3rem;justify-content:center}.cancelButtonContainer_f1kxcfgk{m
argin-right:2rem}.minimalCancelButtonMargin_f1ryt8d{margin-right:0.5rem}.loadab
leSpinner_f1p60hv2{padding-top:30%}.linkText_fqh7k30{color:#00549E;cursor:point
er}.backgroundImageContainer_f4jeydd{height:11.5rem}.iconImageContainer_f1ve0ms
5{height:4.5rem}.bodyContainer_f1i54qxd{background-color:#FFFFFF;margin:0 auto;
max-width:48rem;padding:1rem}.appDescriptionContainer_f1szjft5{border-top:1px 
solid #DEE1E3;color:#111111;display:flex;flex-direction:column;margin:1rem 0rem
;padding-top:1rem}.textSmallMargin_f1p51cf9{margin-bottom:0.75rem}.textLargeMar
gin_fl9a4co{margin-bottom:1rem}.header_fuv9bac{display:flex;margin-bottom:1rem}
.playStoreIconContainer_f1vqiabg{margin-left:1rem}.liveChat_f1hykqr2{cursor:poi
nter}.content_f14p93bm{background:#FFFFFF}.contentWithAuxPanel_f1qo33y1{flex:1}
.contentContainerDesktop_f1179gj3{padding:0rem 1rem 1rem 1rem}.contentContainer
DesktopWithAuxPanel_f148zjnz{display:flex;padding-top:1rem}.contentContainerMob
ile_fyzoiny{padding:0}.contentBackground_fja218n{background:#F0F1F2}.background
_f18g4vh3{background:#edf3f7ff}.auxPanel_f1sk7o6q{margin:0rem 0rem 0rem 1rem;ma
x-width:18.6875rem}.auxPanel_f1sk7o6q:empty{margin:0}.reminderOff_fyimeg2::befo
re{content:"\ue98b"}.trainer_fkuilyl::before{content:"\ue984"}.driver_f1t3bq5o:
:before{content:"\ue985"}.clock_f192brqh::before{content:"\ue000"}.clock2_fia0t
yg::before{content:"\ue001"}.print_fjxnw6j::before{content:"\ue002"}.search_fps
v31m::before{content:"\ue003"}.zoomIn_fdevfvx::before{content:"\ue004"}.zoomOut
_f1lnok30::before{content:"\ue005"}.cog_f1nbbmb3::before{content:"\ue006"}.star
_f1t6it66::before{content:"\ue007"}.star2_f1acfx29::before{content:"\ue008"}.vo
lumeHigh_fjk4za8::before{content:"\ue009"}.volumeMedium_fl7s1ib::before{content
:"\ue00a"}.volumeLow_fr2z8de::before{content:"\ue00b"}.volumeMute_feozl7p::befo
re{content:"\ue00c"}.volumeMute2_f1mxspes::before{content:"\ue00d"}.volumeDecre
ase_f1olfrmv::before{content:"\ue00e"}.volumeIncrease_f1ugmyhy::before{content:
"\ue00f"}.play_fx8v0ah::before{content:"\ue010"}.pause_f6gk2ig::before{content:
"\ue011"}.stop_f8474qj::before{content:"\ue012"}.sun_fdzeblm::before{content:"\
ue013"}.sun2_f1leofx::before{content:"\ue014"}.rainy_f19u7sn0::before{content:"
\ue015"}.rainy2_f1bhuuv3::before{content:"\ue016"}.cloudy_f1hd21q6::before{cont
ent:"\ue017"}.cloudy2_fyiz5m9::before{content:"\ue018"}.cloudy3_f7qo7u8::before
{content:"\ue019"}.cloudy4_f9eba2b::before{content:"\ue01a"}.bookmark_ff9igxe::
before{content:"\ue01b"}.phone_f2vitrp::before{content:"\ue01c"}.bullhorn_f1b4b
xys::before{content:"\ue01d"}.attachment_f1crz06v::before{content:"\ue01e"}.thu
mbsUp_f1in671y::before{content:"\ue01f"}.thumbsUp2_f1m82b61::before{content:"\u
e020"}.cursor_fqfat8o::before{content:"\ue021"}.playAlt_ffev9mz::before{content
:"\ue022"}.bars_f1in7toq::before{content:"\ue023"}.download_fqklzbh::before{con
tent:"\ue024"}.music_f1tsyjd8::before{content:"\ue025"}.newspaper_f1isizrj::bef
ore{content:"\ue026"}.addIsolated_fmzrhu6::before{content:"\ue027"}.add_f1ni6gh
t::before{content:"\ue028"}.alertIsolated_frpeykg::before{content:"\ue029"}.ale
rt_fgozeyr::before{content:"\ue02a"}.arrowBottom_f1jxbz0i::before{content:"\ue0
2b"}.arrowDouble_fruq4n9::before{content:"\ue02c"}.arrowLeft_f1v32op0::before{c
ontent:"\ue02d"}.arrowRight_f1k2n53b::before{content:"\ue02e"}.arrowTop_fo9vn5y
::before{content:"\ue02f"}.blackbook_f1aeljq1::before{content:"\ue030"}.chevron
Bottom_felu1so::before{content:"\ue031"}.chevronLeft_f3lei6z::before{content:"\
ue032"}.chevronRight_f16tr28q::before{content:"\ue033"}.chevronTop_fer57vh::bef
ore{content:"\ue034"}.closeIsolated_f1hzhrx8::before{content:"\ue035"}.close_f1
6z28bj::before{content:"\ue036"}.correctIsolated_fb6aqe6::before{content:"\ue03
7"}.correct_f1bopp1t::before{content:"\ue038"}.delete2_ffvy74g::before{content:
"\ue039"}.withdraw_f4vinir::before{content:"\ue03a"}.email_f183v7ki::before{con
tent:"\ue03b"}.flag_fg19d79::before{content:"\ue03c"}.hamburger_f1j9lx90::befor
e{content:"\ue03d"}.help_f1896dnb::before{content:"\ue03e"}.home_fcgevpy::befor
e{content:"\ue03f"}.info_f1246zxl::before{content:"\ue040"}.lightbulb_f18mnpwo:
:before{content:"\ue041"}.liveChat_f19n190r::before{content:"\ue042"}.live_fjhz
ucq::before{content:"\ue043"}.lock_f6gqo31::before{content:"\ue044"}.page_fcz7e
24::before{content:"\ue045"}.pencil_fdzkx67::before{content:"\ue046"}.radio_f1m
vnkha::before{content:"\ue047"}.refresh_f13eb59d::before{content:"\ue048"}.remi
nder_f19wrv8g::before{content:"\ue049"}.removeIsolated_f1ax5ecj::before{content
:"\ue04a"}.remove_fks3zoi::before{content:"\ue04b"}.results_f7qutet::before{con
tent:"\ue04c"}.runner_fe9bjdw::before{content:"\ue04d"}.silkOutline_ff9p2hz::be
fore{content:"\ue04e"}.silk_f1o5rpt2::before{content:"\ue04f"}.specials_fqaq8hl
::before{content:"\ue050"}.sports_fwt6ygo::before{content:"\ue051"}.tipping_fxt
khkr::before{content:"\ue052"}.userAdd_f7oj2wq::before{content:"\ue053"}.userMu
ltiple_f1todym5::before{content:"\ue054"}.user_f15qmm4::before{content:"\ue055"
}.greyhound_f2645q7::before{content:"\ue056"}.harness_f1b26t1a::before{content:
"\ue057"}.horse_frkudtd::before{content:"\ue058"}.horses_fy3b3sg::before{conten
t:"\ue059"}.americanFootball_fz3omwj::before{content:"\ue05a"}.athletics_f8yn88
i::before{content:"\ue05b"}.australianRules_f1uyi3xx::before{content:"\ue05c"}.
badminton_f2furxw::before{content:"\ue05d"}.baseball_f3g8b1z::before{content:"\
ue05e"}.basketball_f1ccayd2::before{content:"\ue05f"}.biathlon_fy8nwi1::before{
content:"\ue060"}.boules_f1smvgo::before{content:"\ue061"}.bowls_f1ng1bkb::befo
re{content:"\ue062"}.boxing_fr00aiy::before{content:"\ue063"}.bullFighting_f2l7
knh::before{content:"\ue064"}.chess_f156all8::before{content:"\ue065"}.cricket_
frskzpr::before{content:"\ue066"}.curling_f1udo0ni::before{content:"\ue067"}.cy
cling_fzis1tt::before{content:"\ue068"}.darts_f32r0sg::before{content:"\ue069"}
.diving_f1oq5gw3::before{content:"\ue06a"}.equestrian_fsa4fuq::before{content:"
\ue06b"}.fencing_f3vbpz9::before{content:"\ue06c"}.gaelicFootball_f16geqx0::bef
ore{content:"\ue06d"}.golf_ft2p51j::before{content:"\ue06e"}.gymnastics_f1vns5z
a::before{content:"\ue06f"}.handball_fmf7521::before{content:"\ue070"}.hockey_f
1p0a5zs::before{content:"\ue071"}.hurling_f1bmkk4b::before{content:"\ue072"}.ic
eHockey_ff6jj2y::before{content:"\ue073"}.ironman_f1psuv6l::before{content:"\ue
074"}.motorRacing_ftctu58::before{content:"\ue075"}.pool_ffz489r::before{conten
t:"\ue076"}.rowing_f1ik797i::before{content:"\ue077"}.rugbyUnion_fnpbadt::befor
e{content:"\ue078"}.sailing_f1qaebbk::before{content:"\ue079"}.skiing_f1cwopg3:
:before{content:"\ue07a"}.snooker_fggnoeq::before{content:"\ue07b"}.soccer_f1r2
z0id::before{content:"\ue07c"}.squash_fumxzh0::before{content:"\ue07d"}.surfing
_fh98dlj::before{content:"\ue07e"}.swimming_f1jubeja::before{content:"\ue07f"}.
tableTennis_f4bz9ux::before{content:"\ue080"}.taekwondo_f1ckse20::before{conten
t:"\ue081"}.tenPinBowling_f1e8fga3::before{content:"\ue082"}.tennis_f1k3mn56::b
efore{content:"\ue083"}.ufc_f17pmzzh::before{content:"\ue084"}.volleyball_fgxc2
7g::before{content:"\ue085"}.waterpolo_fikz4fj::before{content:"\ue086"}.entert
ainment_fog6bam::before{content:"\ue087"}.financial_f5m3f6p::before{content:"\u
e088"}.novelty_f1duwjds::before{content:"\ue089"}.pageant_f1fijllv::before{cont
ent:"\ue08a"}.poker_f1ldqsgy::before{content:"\ue08b"}.politics_f18zr5b9::befor
e{content:"\ue08c"}.archery_fi7g7j8::before{content:"\ue08d"}.fishing_fjv39rb::
before{content:"\ue08e"}.medal_fpqagme::before{content:"\ue08f"}.trampoline_f1r
jmke1::before{content:"\ue090"}.weightlifting_f10rbmm0::before{content:"\ue091"
}.wrestling_f12eyou3::before{content:"\ue092"}.youtube_f18a5vp6::before{content
:"\ue093"}.rugby_fvw68jh::before{content:"\ue094"}.facebook_f53varg::before{con
tent:"\ue095"}.twitter_f6riczj::before{content:"\ue096"}.betting_fcmpjum::befor
e{content:"\ue097"}.badge1_f1stqppt::before{content:"\ue098"}.badge2_f121frxs::
before{content:"\ue099"}.badge3_f13p2u5v::before{content:"\ue09a"}.ladder_f19ka
10y::before{content:"\ue09b"}.unlocked_fx6adv9::before{content:"\ue09c"}.runner
Solid_f10mpcfd::before{content:"\ue600"}.cashout_f9ueenc::before{content:"\ue60
1"}.switch_fbi1gvf::before{content:"\ue602"}.blog_fhd8nqi::before{content:"\ue6
03"}.instagram_f4z90kt::before{content:"\ue604"}.cricketBat_f1d824rw::before{co
ntent:"\ue605"}.playOutline_f1evp6zz::before{content:"\ue606"}.new_f1kqwdv2::be
fore{content:"\ue607"}.blackbookOutline_f11wthr5::before{content:"\ue608"}.blac
kbookBook_fb4ijz4::before{content:"\ue609"}.share_fcs5m77::before{content:"\ue6
0a"}.speech_f69d5wl::before{content:"\ue60c"}.dollarOutline_f1g5tcbr::before{co
ntent:"\ue60e"}.fastPhone_fm77dpl::before{content:"\ue900"}.alertWarning_f1ug0h
wo::before{content:"\ue901"}.blackbookAdd_f1w3nk4r::before{content:"\ue902"}.es
ports_f2xqp0q::before{content:"\ue903"}.betWinPlace_f1pkv3u5::before{content:"\
ue904"}.betExotics_fysk624::before{content:"\ue905"}.betQuaddies_f10g78a7::befo
re{content:"\ue906"}.moreHorizontal_f16bef5a::before{content:"\ue907"}.multis_f
nhbj1d::before{content:"\ue908"}.creditCard_f1vq4n8g::before{content:"\ue909"}.
bonusBet_f1xdrpgj::before{content:"\ue90a"}.moreVertical_f47uuci::before{conten
t:"\ue90b"}.arrowDropDown_f1quz95x::before{content:"\ue90c"}.arrowDropUp_f102ob
dw::before{content:"\ue90d"}.arrowBack_f11qbdlz::before{content:"\ue90e"}.arrow
Forward_f17likh2::before{content:"\ue90f"}.visibility_fadqm9l::before{content:"
\ue910"}.visibilityOff_f1imjqgo::before{content:"\ue911"}.arrowDoubleAlt_f1ka6s
or::before{content:"\ue912"}.chevronBottomAlt_f1q5dzju::before{content:"\ue913"
}.chevronLeftAlt_f1drece5::before{content:"\ue914"}.chevronRightAlt_fmz3em4::be
fore{content:"\ue915"}.chevronTopAlt_fomqgu7::before{content:"\ue916"}.closeIso
latedAlt_fuhxnpa::before{content:"\ue917"}.correctIsolatedAlt_fbnurld::before{c
ontent:"\ue918"}.eighteenPlus_f1jwnvsg::before{content:"\ue919"}.exitApp_f1lkay
0j::before{content:"\ue91a"}.powerPlay_f1rfi4vm::before{content:"\ue91b"}.bestb
ets_f1f1ihpx::before{content:"\ue91c"}.racingandsports_fm4mrad::before{content:
"\ue98c"}.reminderEmpty_fo97jxw::before{content:"\ue91d"}.enterManually_fpwum5z
::before{content:"\ue91e"}.camera_fvs1t12::before{content:"\ue91f"}.androidShar
e_fzcxx55::before{content:"\ue920"}.pinOutline_f3k6f7s::before{content:"\ue921"
}.raceReplay_f1rkuxl7::before{content:"\ue922"}.moon_fvs3fnu::before{content:"\
ue923"}.cloudy5_f3phlal::before{content:"\ue924"}.rainy4_f16xu5cc::before{conte
nt:"\ue925"}.rainy3_fvxelqn::before{content:"\ue926"}.bachelor_f4n3ta::before{c
ontent:"\ue927"}.trump_f10n22gx::before{content:"\ue928"}.speedometer_f4uakjk::
before{content:"\ue929"}.topRated_f1suz2wz::before{content:"\ue92a"}.pinFill_fx
27kzm::before{content:"\ue92b"}.getOn_f4zlqmd::before{content:"\ue92c"}.copy_f1
87yao4::before{content:"\ue92d"}.chevronDoubleBottom_fx7ir2f::before{content:"\
ue92e"}.chevronDoubleTop_f1er952::before{content:"\ue92f"}.sbFeed_fnjh5p5::befo
re{content:"\ue930"}.delete_f1qrtpqw::before{content:"\ue931"}.pictureInPicture
_f1fre657::before{content:"\ue932"}.fullScreen_fjymo7u::before{content:"\ue933"
}.exitFullScreen_f1qx4vtp::before{content:"\ue934"}.flame_fv4ddwc::before{conte
nt:"\ue935"}.filter_fk3xuan::before{content:"\ue936"}.transfer_f1ncaece::before
{content:"\ue937"}.sameGameMulti_fotlb0x::before{content:"\ue938"}.track_f1s1xv
2o::before{content:"\ue939"}.nbl_f1h1ibgz::before{content:"\ue93a"}.epl_fl8qtjm
::before{content:"\ue93b"}.aLeague_f1s7915h::before{content:"\ue93c"}.champions
League_fwehj84::before{content:"\ue93d"}.laLiga_fle1zmf::before{content:"\ue93e
"}.serieA_f1omejo6::before{content:"\ue93f"}.mls_ff92lwp::before{content:"\ue94
0"}.uefaEuropa_flrjbvs::before{content:"\ue941"}.bundesliga_fmrwuzv::before{con
tent:"\ue942"}.ligue1_f1vnziay::before{content:"\ue943"}.faCup_f1imqc19::before
{content:"\ue944"}.targetedPricing_f1p5720c::before{content:"\ue945"}.fixedodds
_f1q5kl4f::before{content:"\ue946"}.sky1_f100j6ge::before{content:"\ue947"}.sky
2_fgj6r8h::before{content:"\ue948"}.betReturn_fn1nh7k::before{content:"\ue949"}
.expandPicInPic_fo210bn::before{content:"\ue94a"}.fbMessenger_f1wy3nmq::before{
content:"\ue94b"}.link_f1jwuhd1::before{content:"\ue94c"}.whatsapp_f1qfb7c4::be
fore{content:"\ue94d"}.betwithmates_f1rfoqg7::before{content:"\ue94e"}.arrowDow
n_f11anbs6::before{content:"\ue94f"}.arrowUp_f3flugp::before{content:"\ue950"}.
sbLogo_f9y2kfs::before{content:"\ue951"}.globe_fayg3jv::before{content:"\ue952"
}.powerPrice_f1juiquy::before{content:"\ue953"}.figureskating_f16t9kl9::before{
content:"\ue954"}.bobsleigh_f1dbqakc::before{content:"\ue955"}.speedskating_f1e
c3tof::before{content:"\ue956"}.snowboarding_fo72f0e::before{content:"\ue957"}.
skeleton_f4ppzsh::before{content:"\ue958"}.luge_fb86prk::before{content:"\ue959
"}.personal_fc8k8vn::before{content:"\ue95a"}.location_f1l4mw6q::before{content
:"\ue95b"}.nfc_f183dpx1::before{content:"\ue95c"}.depositMatch_f1elufw4::before
{content:"\ue95d"}.inForm_f1fm7z07::before{content:"\ue95e"}.likesTheDistance_f
ph6kc6::before{content:"\ue95f"}.likesTheTrack_fbdjih5::before{content:"\ue960"
}.likesTheWet_f1dymjew::before{content:"\ue961"}.placePerformer_f10kwxjf::befor
e{content:"\ue962"}.readyToFire_f44vwi2::before{content:"\ue963"}.starPerformer
_f1er78lp::before{content:"\ue964"}.addReaction_fib67kc::before{content:"\ue965
"}.medalTop_f4xglov::before{content:"\ue966"}.medalBottom_f17ijmmm::before{cont
ent:"\ue967"}.fastFormLogo_fcnnnsx::before{content:"\ue968"}.blinkersOn_f1f8qoq
o::before{content:"\ue969"}.skyLogo_f11v12v7::before{content:"\ue96a"}.deposit_
f5f01tu::before{content:"\ue96b"}.paperPlane_f1g1bdxh::before{content:"\ue96c"}
.shield_fjlacw4::before{content:"\ue96d"}.sameRaceMulti_f67kr0n::before{content
:"\ue96e"}.morePlaces_f18snrye::before{content:"\ue96f"}.olympics_f1yl6t09::bef
ore{content:"\ue970"}.croquet_f1255ryw::before{content:"\ue971"}.artisticSwimmi
ng_forg63f::before{content:"\ue972"}.breaking_f1rcj716::before{content:"\ue973"
}.canoe_f12xqh5p::before{content:"\ue974"}.dodgeball_f6hpg4c::before{content:"\
ue975"}.judo_f1s53w7z::before{content:"\ue976"}.recentWin_fvp2v6m::before{conte
nt:"\ue977"}.winStreak_fu6wcx::before{content:"\ue978"}.shooting_f13f9xao::befo
re{content:"\ue979"}.skateboarding_fq1kbf7::before{content:"\ue97a"}.sportClimb
ing_f1smnccy::before{content:"\ue97b"}.apolloStar_f147umhh::before{content:"\ue
97c"}.fixedOddExotics_f7rtlg4::before{content:"\ue97d"}.invertedPowerPlay_f1tf8
1jr::before{content:"\ue97e"}.invertedBetReturn_fwz70ie::before{content:"\ue97f
"}.invertedBonusBet_f1ghyxt5::before{content:"\ue980"}.rugbyLeague_fppo014::bef
ore{content:"\ue981"}.searchStar_frdb297::before{content:"\ue982"}.specials2nd_
fx8i94a::before{content:"\ue983"}.invertedSpecials2nd_f1uqysdr::before{content:
"\ue986"}.doubleStakeBack_f1l1x9q::before{content:"\ue987"}.invertedDoubleStake
Back_f1hs334x::before{content:"\ue988"}.bench_fqzs5cw::before{content:"\ue989"}
.bandage_fsnf7kz::before{content:"\ue98a"}.icon_f1n94a56{-moz-user-select:none;
-ms-user-select:none;-webkit-touch-callout:none;-webkit-user-select:none;font-f
amily:Sportsbet-Icons;font-style:normal;user-select:none}.SMALL_f6irgbz{font-si
ze:1rem}.MEDIUM_fawm0c4{font-size:1.5rem}.LARGE_fcvf430{font-size:2rem}.SIZE_8_
fx5y3ed{font-size:0.5rem}.SIZE_9_flallac{font-size:0.5625rem}.SIZE_10_f1p3h33l{
font-size:0.625rem}.SIZE_11_fwt0xu4{font-size:0.6875rem}.SIZE_12_fq5j3k2{font-s
ize:0.75rem}.SIZE_13_f1qrg7fy{font-size:0.8125rem}.SIZE_14_f7opyze{font-size:0.
875rem}.SIZE_15_fk8dg6g{font-size:0.9375rem}.SIZE_17_f6vpce8{font-size:1.0625re
m}.SIZE_18_fm56xh3{font-size:1.125rem}.SIZE_19_fkpnqa2{font-size:1.1875rem}.SIZ
E_20_fx9d58m{font-size:1.25rem}.SIZE_22_fgx74r4{font-size:1.375rem}.SIZE_25_f19
0vdad{font-size:1.5625rem}.SIZE_26_f181jy40{font-size:1.625rem}.SIZE_28_f1dvmwg
3{font-size:1.75rem}.SIZE_29_92_fq95dvy{font-size:1.87rem}.SIZE_35_68_fosmh37{f
ont-size:2.23rem}.PLAY_SMALL_fm56xh3{font-size:1.125rem}.PLAY_MEDIUM_fx9d58m{fo
nt-size:1.25rem}.PLAY_LARGE_fgx74r4{font-size:1.375rem}.STREAM_CHANNEL_ICON_fve
trvf{font-size:1.875rem}.STREAM_BUTTON_f4jsdh3{font-size:2.5rem}.PLAY_ALTERNATI
VE_frthrym{font-size:2.6875rem}.SILK_PLACEHOLDER_fv529fk{font-size:2.75rem}.SKY
_ff4wy7g{font-size:2.8125rem}.EMOJI_LARGE_f19jrq7p{font-size:3.125rem}.EMOJI_EX
TRA_LARGE_fco94uw{font-size:2.875rem}.TextInteractiveOnBrandNormalDefault_fekwa
69{color:#ffffffff}.TextInteractiveOnBrandNormalHover_fekwa69{color:#ffffffff}.
TextInteractiveOnBrandNormalInactive_fe4tuy2{color:#709dc2ff}.TextInteractiveOn
BrandNormalPress_fekwa69{color:#ffffffff}.TextInteractiveOnBrandSubduedDefault_
f18l1a7h{color:#9bd1fdff}.TextInteractiveOnBrandSubduedHover_f18l1a7h{color:#9b
d1fdff}.TextInteractiveOnBrandSubduedInactive_fe4tuy2{color:#709dc2ff}.TextInte
ractiveOnBrandSubduedPress_f18l1a7h{color:#9bd1fdff}.TextInteractiveNormalDefau
lt_f1qshwgp{color:#0470c8ff}.TextInteractiveNormalHover_f17jzybk{color:#035ca5f
f}.TextInteractiveNormalInactive_fe4tuy2{color:#709dc2ff}.TextInteractiveNormal
Press_f81o9jn{color:#37a3fbff}.TextInteractiveStrongDefault_f17jzybk{color:#035
ca5ff}.TextInteractiveStrongHover_f14yx5yi{color:#023864ff}.TextInteractiveStro
ngPress_f7ywlso{color:#058cfaff}.TextInteractiveSubduedDefault_fqhixzh{color:#4
d85b3ff}.TextInteractiveSubduedHover_fd8siv3{color:#3d6a8fff}.TextInteractiveSu
bduedInactive_fe4tuy2{color:#709dc2ff}.TextInteractiveSubduedPress_fnsq0tq{colo
r:#94b5d1ff}.TextOnAccentLevel0Strong_ft409m8{color:#332c00ff}.TextOnBrandNorma
l_fekwa69{color:#ffffffff}.TextOnBrandSubdued_f1yqvcte{color:#dbe6f0ff}.TextSta
tusOnBrandValueNormal_f1bo4q2r{color:#f9d801ff}.TextStatusInformationNormal_f17
jzybk{color:#035ca5ff}.TextStatusInformationStrong_fpt66xf{color:#011c32ff}.Tex
tStatusSuccessNormal_f2010mj{color:#287227ff}.TextStatusSuccessStrong_f1eo1c3p{
color:#0d260dff}.TextStatusUrgentNormal_fmmgb74{color:#a00303ff}.TextStatusUrge
ntStrong_frdx3fk{color:#320101ff}.TextStatusValueNormal_f1yst8f7{color:#665700f
f}.TextStatusValueStrong_ft409m8{color:#332c00ff}.TextStatusWarningNormal_f1ba8
sdb{color:#961c03ff}.TextStatusWarningStrong_frdx3fk{color:#320101ff}.TextStatu
sWarningSubdued_f1avg68o{color:#c83504ff}.TextNormal_flbsmki{color:#0a375cff}.T
extStrong_fpt66xf{color:#011c32ff}.TextSubdued_fd8siv3{color:#3d6a8fff}.BadgeTe
xtOnAccent_ft409m8{color:#332c00ff}.BadgeTextOnBetslip_f1bo4q2r{color:#f9d801ff
}.BadgeTextOnNew_fekwa69{color:#ffffffff}.BadgeTextOnNormal_fekwa69{color:#ffff
ffff}.BadgeTextOnNotification_fekwa69{color:#ffffffff}.BadgeTextOnStrong_fekwa6
9{color:#ffffffff}.BadgeTextOnSubdued_flbsmki{color:#0a375cff}.BadgeTextOnValue
Bet_frdx3fk{color:#320101ff}.BadgeTextOnValueCounter_fekwa69{color:#ffffffff}.B
adgeTextOnPodium1st_ft409m8{color:#332c00ff}.BadgeTextOnPodium2nd_fekwa69{color
:#ffffffff}.BadgeTextOnPodium3rd_fekwa69{color:#ffffffff}.ButtonTextOnAccent_ft
409m8{color:#332c00ff}.ButtonTextOnAccentOnBrand_ft409m8{color:#332c00ff}.Butto
nTextOnBrandOnHighEmphasis_f1eo1c3p{color:#0d260dff}.ButtonTextOnHighEmphasis_f
1eo1c3p{color:#0d260dff}.ButtonTextOnLowEmphasis_f17jzybk{color:#035ca5ff}.Butt
onTextOnLowEmphasisOnBrand_fekwa69{color:#ffffffff}.ButtonTextOnMediumEmphasis_
fekwa69{color:#ffffffff}.ButtonTextOnMediumEmphasisOnBrand_f17jzybk{color:#035c
a5ff}.ButtonAlertTextOnInformation_f14yx5yi{color:#023864ff}.ButtonAlertTextOnS
uccess_fai51ue{color:#1a4c1aff}.ButtonAlertTextOnUrgent_f49v477{color:#640202ff
}.ButtonAlertTextOnWarning_f1dwzwsw{color:#640a02ff}.ButtonToggleOddsTextOff_f1
7jzybk{color:#035ca5ff}.ButtonToggleOddsTextOn_fekwa69{color:#ffffffff}.ButtonT
oggleValueTextOff_flbsmki{color:#0a375cff}.ButtonToggleValueTextOn_ft409m8{colo
r:#332c00ff}.Sky1_fixypom{color:#fa0505ff}.Sky2_f1uzhah1{color:#00bfffff}.BestB
ets_f6z655g{color:#d60700ff}.SaferGambling_f1wq69tt{color:#000000ff}.Sen_f1wlo1
c0{color:#102233ff}.Sen20_f5u5s2n{color:#18354eff}.Sportsbet_f17jzybk{color:#03
5ca5ff}.Sportsbet42_f1jshmsx{color:#0475d2ff}.Bloke_f1jj8n6t{color:#373434ff}.B
loke28_fy2uszw{color:#494646ff}.SenTrack_fipna7f{color:#008552ff}.SenTrack35_f2
97fb7{color:#00b36eff}.MicksMulti_f17jzybk{color:#035ca5ff}.MicksMulti42_f1jshm
sx{color:#0475d2ff}.ChocsChat_f1gepi69{color:#0066ffff}.ChocsChat59_f1jtqo7w{co
lor:#2e82ffff}.DanDoesFooty_f2qv2pd{color:#dc2e33ff}.DanDoesFooty61_f1ugg2hu{co
lor:#e2555aff}.GetEmOnside_f17jzybk{color:#035ca5ff}.GetEmOnside42_f1jshmsx{col
or:#0475d2ff}.InTheBackPocket_f17jzybk{color:#035ca5ff}.InTheBackPocket42_f1jsh
msx{color:#0475d2ff}.NrlRoast_f1wq69tt{color:#000000ff}.NrlRoast9_fxs2n6v{color
:#171717ff}.Watchdog_f1ufynxs{color:#002d70ff}.TheDogsComAu_f10zxerp{color:#031
116ff}.RacingAndSports_f1332sbz{color:#004794ff}.RacingSA_fjyqqhd{color:#0f5571
ff}.RacingSA35_f1wm4mex{color:#15779eff}.OlanTekkers_f4qah3o{color:#0c0c0eff}.O
lanTekkers15_f3ptzey{color:#242429ff}.Punters_fptlpx5{color:#469c44ff}.Punters2
0_f6mygbq{color:#323630ff}.Racenet_f1pytyls{color:#aa1d37ff}.SportsTeamBrandsAf
lTextAdelaide_f17ino8x{color:#FFFFFFFF}.SportsTeamBrandsAflTextBrisbane_f485ufx
{color:#F5BA59FF}.SportsTeamBrandsAflTextCarlton_fekwa69{color:#ffffffff}.Sport
sTeamBrandsAflTextCollingwood_fekwa69{color:#ffffffff}.SportsTeamBrandsAflTextE
ssendon_fekwa69{color:#ffffffff}.SportsTeamBrandsAflTextFremantle_fekwa69{color
:#ffffffff}.SportsTeamBrandsAflTextGeelong_fn65lvo{color:#002142ff}.SportsTeamB
randsAflTextGoldCoast_f1ow32c0{color:#FEDE5FFF}.SportsTeamBrandsAflTextGreaterW
esternSydney_fy0a8g6{color:#283439FF}.SportsTeamBrandsAflTextHawthorn_f1owleer{
color:#43240CFF}.SportsTeamBrandsAflTextMelbourne_fekwa69{color:#ffffffff}.Spor
tsTeamBrandsAflTextNorthMelbourne_f1wq69tt{color:#000000ff}.SportsTeamBrandsAfl
TextPortAdelaide_f1wq69tt{color:#000000ff}.SportsTeamBrandsAflTextRichmond_fekw
a69{color:#ffffffff}.SportsTeamBrandsAflTextStKilda_fekwa69{color:#ffffffff}.Sp
ortsTeamBrandsAflTextSydney_fekwa69{color:#ffffffff}.SportsTeamBrandsAflTextWes
tCoast_ftrjgon{color:#f1ae27ff}.SportsTeamBrandsAflTextWesternBulldogs_fekwa69{
color:#ffffffff}.SportsTeamBrandsEplFillArsenal_f1prflum{color:#C90225FF}.Sport
sTeamBrandsEplFillAstonVilla_f1vqsga5{color:#832D3BFF}.SportsTeamBrandsEplFillB
ournemouth_f1r8gvv7{color:#1C1C1CFF}.SportsTeamBrandsEplFillBrentford_f17ino8x{
color:#FFFFFFFF}.SportsTeamBrandsEplFillBrighton_f17ino8x{color:#FFFFFFFF}.Spor
tsTeamBrandsEplFillBurnley_f1t3510q{color:#8C265AFF}.SportsTeamBrandsEplFillChe
lsea_fe287b5{color:#2A46B3FF}.SportsTeamBrandsEplFillCrystalPalace_f1u6wmhj{col
or:#164DDEFF}.SportsTeamBrandsEplFillEverton_fe287b5{color:#2A46B3FF}.SportsTea
mBrandsEplFillFulham_f17ino8x{color:#FFFFFFFF}.SportsTeamBrandsEplFillLeeds_f17
ino8x{color:#FFFFFFFF}.SportsTeamBrandsEplFillLiverpool_f193c2j4{color:#C20022F
F}.SportsTeamBrandsEplFillManCity_fm4626c{color:#55B7E5FF}.SportsTeamBrandsEplF
illManUtd_f17ino8x{color:#FFFFFFFF}.SportsTeamBrandsEplFillNewcastle_f17ino8x{c
olor:#FFFFFFFF}.SportsTeamBrandsEplFillNottingham_f193c2j4{color:#C20022FF}.Spo
rtsTeamBrandsEplFillSunderland_f17ino8x{color:#FFFFFFFF}.SportsTeamBrandsEplFil
lTottenham_f17ino8x{color:#FFFFFFFF}.SportsTeamBrandsEplFillWestHam_f18pcpcw{co
lor:#6F162DFF}.SportsTeamBrandsEplFillWolves_f1b8xa7w{color:#FEA539FF}.SportsTe
amBrandsEplTextArsenal_f17ino8x{color:#FFFFFFFF}.SportsTeamBrandsEplTextAstonVi
lla_f17ino8x{color:#FFFFFFFF}.SportsTeamBrandsEplTextBournemouth_f17ino8x{color
:#FFFFFFFF}.SportsTeamBrandsEplTextBrentford_fkcxrtt{color:#111111FF}.SportsTea
mBrandsEplTextBrighton_fkcxrtt{color:#111111FF}.SportsTeamBrandsEplTextBurnley_
f17ino8x{color:#FFFFFFFF}.SportsTeamBrandsEplTextChelsea_f17ino8x{color:#FFFFFF
FF}.SportsTeamBrandsEplTextCrystalPalace_f17ino8x{color:#FFFFFFFF}.SportsTeamBr
andsEplTextEverton_f17ino8x{color:#FFFFFFFF}.SportsTeamBrandsEplTextFulham_fkcx
rtt{color:#111111FF}.SportsTeamBrandsEplTextLeeds_f1s0a7w3{color:#0047D5FF}.Spo
rtsTeamBrandsEplTextLiverpool_f17ino8x{color:#FFFFFFFF}.SportsTeamBrandsEplText
ManCity_f17ino8x{color:#FFFFFFFF}.SportsTeamBrandsEplTextManUtd_f17ino8x{color:
#FFFFFFFF}.SportsTeamBrandsEplTextNewcastle_fkcxrtt{color:#111111FF}.SportsTeam
BrandsEplTextNottingham_f17ino8x{color:#FFFFFFFF}.SportsTeamBrandsEplTextSunder
land_fkcxrtt{color:#111111FF}.SportsTeamBrandsEplTextTottenham_f9s5yud{color:#1
32141FF}.SportsTeamBrandsEplTextWestHam_f17ino8x{color:#FFFFFFFF}.SportsTeamBra
ndsEplTextWolves_fkcxrtt{color:#111111FF}.SportsTeamBrandsLaLigaFillAlaves_f1lj
9m7u{color:#0961D1FF}.SportsTeamBrandsLaLigaFillAthleticBilbao_f1prflum{color:#
C90225FF}.SportsTeamBrandsLaLigaFillAtleticoMadrid_f17ino8x{color:#FFFFFFFF}.Sp
ortsTeamBrandsLaLigaFillBarcelona_f7b3j2u{color:#26326DFF}.SportsTeamBrandsLaLi
gaFillBetis_f1hhbei0{color:#339154FF}.SportsTeamBrandsLaLigaFillCeltaVigo_fovkg
80{color:#B4D3EEFF}.SportsTeamBrandsLaLigaFillElche_fkts135{color:#104B3DFF}.Sp
ortsTeamBrandsLaLigaFillEspanyol_f7b3j2u{color:#26326DFF}.SportsTeamBrandsLaLig
aFillGetafe_f16tamuk{color:#053487FF}.SportsTeamBrandsLaLigaFillGirona_f17ino8x
{color:#FFFFFFFF}.SportsTeamBrandsLaLigaFillLevante_f1lereu7{color:#AB1F39FF}.S
portsTeamBrandsLaLigaFillMallorca_f1s2cuz7{color:#DB142CFF}.SportsTeamBrandsLaL
igaFillOsasuna_f4cpse{color:#BB0429FF}.SportsTeamBrandsLaLigaFillRayoVallecano_
f17ino8x{color:#FFFFFFFF}.SportsTeamBrandsLaLigaFillRealMadrid_f17ino8x{color:#
FFFFFFFF}.SportsTeamBrandsLaLigaFillRealOviedo_f1fbzzoh{color:#024BC7FF}.Sports
TeamBrandsLaLigaFillRealSociedad_f3ln609{color:#004EA8FF}.SportsTeamBrandsLaLig
aFillSevilla_f17ino8x{color:#FFFFFFFF}.SportsTeamBrandsLaLigaFillValencia_f17in
o8x{color:#FFFFFFFF}.SportsTeamBrandsLaLigaFillVillarreal_fjoq739{color:#FFEA00
FF}.SportsTeamBrandsLaLigaTextAlaves_f17ino8x{color:#FFFFFFFF}.SportsTeamBrands
LaLigaTextAthleticBilbao_f17ino8x{color:#FFFFFFFF}.SportsTeamBrandsLaLigaTextAt
leticoMadrid_f1sxj5gn{color:#224FA5FF}.SportsTeamBrandsLaLigaTextBarcelona_f1uk
8bo4{color:#F1CD41FF}.SportsTeamBrandsLaLigaTextBetis_f17ino8x{color:#FFFFFFFF}
.SportsTeamBrandsLaLigaTextCeltaVigo_fzd3tsq{color:#29223CFF}.SportsTeamBrandsL
aLigaTextElche_f17ino8x{color:#FFFFFFFF}.SportsTeamBrandsLaLigaTextEspanyol_f17
ino8x{color:#FFFFFFFF}.SportsTeamBrandsLaLigaTextGetafe_f17ino8x{color:#FFFFFFF
F}.SportsTeamBrandsLaLigaTextGirona_fhcj4oa{color:#CF0824FF}.SportsTeamBrandsLa
LigaTextLevante_f17ino8x{color:#FFFFFFFF}.SportsTeamBrandsLaLigaTextMallorca_f1
7ino8x{color:#FFFFFFFF}.SportsTeamBrandsLaLigaTextOsasuna_f17ino8x{color:#FFFFF
FFF}.SportsTeamBrandsLaLigaTextRayoVallecano_fkcxrtt{color:#111111FF}.SportsTea
mBrandsLaLigaTextRealMadrid_fkcxrtt{color:#111111FF}.SportsTeamBrandsLaLigaText
RealOviedo_f17ino8x{color:#FFFFFFFF}.SportsTeamBrandsLaLigaTextRealSociedad_f17
ino8x{color:#FFFFFFFF}.SportsTeamBrandsLaLigaTextSevilla_f1n8q524{color:#C22428
FF}.SportsTeamBrandsLaLigaTextValencia_fkcxrtt{color:#111111FF}.SportsTeamBrand
sLaLigaTextVillarreal_f1rz5blj{color:#233E54FF}.SportsTeamBrandsBundesligaFillL
everkusen_fkcxrtt{color:#111111FF}.SportsTeamBrandsBundesligaFillBayernMunich_f
5y9fn9{color:#DC052DFF}.SportsTeamBrandsBundesligaFillDortmund_fz6csos{color:#F
FD900FF}.SportsTeamBrandsBundesligaFillBorussiaMonchengladbach_f17ino8x{color:#
FFFFFFFF}.SportsTeamBrandsBundesligaFillMgladbach_f17ino8x{color:#FFFFFFFF}.Spo
rtsTeamBrandsBundesligaFillEintrachtFrankfurt_fkcxrtt{color:#111111FF}.SportsTe
amBrandsBundesligaFillAugsburg_f17ino8x{color:#FFFFFFFF}.SportsTeamBrandsBundes
ligaFillFcHeidenheim_f1rzrwei{color:#AE1824FF}.SportsTeamBrandsBundesligaFillFc
Koln_f17ino8x{color:#FFFFFFFF}.SportsTeamBrandsBundesligaFillStPauli_f14k00f6{c
olor:#5B3A35FF}.SportsTeamBrandsBundesligaFillUnionBerlin_f1hsk3ir{color:#F6112
0FF}.SportsTeamBrandsBundesligaFillMainz_f1s5238z{color:#E30613FF}.SportsTeamBr
andsBundesligaFillHamburgerSv_f17ino8x{color:#FFFFFFFF}.SportsTeamBrandsBundesl
igaFillRbLeipzig_f17ino8x{color:#FFFFFFFF}.SportsTeamBrandsBundesligaFillFreibu
rg_f17ino8x{color:#FFFFFFFF}.SportsTeamBrandsBundesligaFillWerderBremen_f1bvbvm
j{color:#1D9053FF}.SportsTeamBrandsBundesligaFillHoffenheim_f1dro0w{color:#2228
38FF}.SportsTeamBrandsBundesligaFillStuttgart_f17ino8x{color:#FFFFFFFF}.SportsT
eamBrandsBundesligaFillWolfsburg_fws0jv6{color:#185D38FF}.SportsTeamBrandsBunde
sligaTextLeverkusen_f17ino8x{color:#FFFFFFFF}.SportsTeamBrandsBundesligaTextBay
ernMunich_f17ino8x{color:#FFFFFFFF}.SportsTeamBrandsBundesligaTextDortmund_fkcx
rtt{color:#111111FF}.SportsTeamBrandsBundesligaTextBorussiaMonchengladbach_fkcx
rtt{color:#111111FF}.SportsTeamBrandsBundesligaTextMgladbach_fkcxrtt{color:#111
111FF}.SportsTeamBrandsBundesligaTextEintrachtFrankfurt_f17ino8x{color:#FFFFFFF
F}.SportsTeamBrandsBundesligaTextAugsburg_fmsgrcf{color:#E8262EFF}.SportsTeamBr
andsBundesligaTextFcHeidenheim_f17ino8x{color:#FFFFFFFF}.SportsTeamBrandsBundes
ligaTextFcKoln_fso0zz7{color:#BD1D2CFF}.SportsTeamBrandsBundesligaTextStPauli_f
17ino8x{color:#FFFFFFFF}.SportsTeamBrandsBundesligaTextUnionBerlin_f17ino8x{col
or:#FFFFFFFF}.SportsTeamBrandsBundesligaTextMainz_f17ino8x{color:#FFFFFFFF}.Spo
rtsTeamBrandsBundesligaTextHamburgerSv_f1723b8y{color:#1E5CB3FF}.SportsTeamBran
dsBundesligaTextRbLeipzig_flrsu24{color:#EE3538FF}.SportsTeamBrandsBundesligaTe
xtFreiburg_fkcxrtt{color:#111111FF}.SportsTeamBrandsBundesligaTextWerderBremen_
f17ino8x{color:#FFFFFFFF}.SportsTeamBrandsBundesligaTextHoffenheim_f17ino8x{col
or:#FFFFFFFF}.SportsTeamBrandsBundesligaTextStuttgart_fjvq5f7{color:#F50607FF}.
SportsTeamBrandsBundesligaTextWolfsburg_f17ino8x{color:#FFFFFFFF}.SportsTeamBra
ndsSerieAFillAcMilan_fkcxrtt{color:#111111FF}.SportsTeamBrandsSerieAFillAtlanta
_fkcxrtt{color:#111111FF}.SportsTeamBrandsSerieAFillBologna_fv6imgz{color:#BE00
27FF}.SportsTeamBrandsSerieAFillCagliari_f1tl0pqm{color:#273678FF}.SportsTeamBr
andsSerieAFillComo_f1egb56c{color:#003BAEFF}.SportsTeamBrandsSerieAFillEmpoli_f
w3su7p{color:#0393E8FF}.SportsTeamBrandsSerieAFillFiorentina_f5cuqq6{color:#502
976FF}.SportsTeamBrandsSerieAFillGenoa_f1tl0pqm{color:#273678FF}.SportsTeamBran
dsSerieAFillInter_fkcxrtt{color:#111111FF}.SportsTeamBrandsSerieAFillJuventus_f
17ino8x{color:#FFFFFFFF}.SportsTeamBrandsSerieAFillLazio_f13aoidj{color:#5DAFF6
FF}.SportsTeamBrandsSerieAFillLecce_f1tx71k5{color:#E4B700FF}.SportsTeamBrandsS
erieAFillNapoli_fy977vn{color:#00A6F3FF}.SportsTeamBrandsSerieAFillParma_f17ino
8x{color:#FFFFFFFF}.SportsTeamBrandsSerieAFillPisa_fkcxrtt{color:#111111FF}.Spo
rtsTeamBrandsSerieAFillRoma_fjrh99p{color:#7B1B39FF}.SportsTeamBrandsSerieAFill
Sassuolo_f111m3eb{color:#339A28FF}.SportsTeamBrandsSerieAFillTorino_f4as7oj{col
or:#7F1A30FF}.SportsTeamBrandsSerieAFillUdinese_fkcxrtt{color:#111111FF}.Sports
TeamBrandsSerieAFillUsCremonese_f1vw31ne{color:#C8C7C7FF}.SportsTeamBrandsSerie
AFillVerona_fxc13pp{color:#152974FF}.SportsTeamBrandsSerieATextAcMilan_f17ino8x
{color:#FFFFFFFF}.SportsTeamBrandsSerieATextAtlanta_f17ino8x{color:#FFFFFFFF}.S
portsTeamBrandsSerieATextBologna_f17ino8x{color:#FFFFFFFF}.SportsTeamBrandsSeri
eATextCagliari_f17ino8x{color:#FFFFFFFF}.SportsTeamBrandsSerieATextComo_f17ino8
x{color:#FFFFFFFF}.SportsTeamBrandsSerieATextEmpoli_f1agpnew{color:#E1E866FF}.S
portsTeamBrandsSerieATextFiorentina_f17ino8x{color:#FFFFFFFF}.SportsTeamBrandsS
erieATextGenoa_f17ino8x{color:#FFFFFFFF}.SportsTeamBrandsSerieATextInter_f17ino
8x{color:#FFFFFFFF}.SportsTeamBrandsSerieATextJuventus_fkcxrtt{color:#111111FF}
.SportsTeamBrandsSerieATextLazio_f5lyfj4{color:#102763FF}.SportsTeamBrandsSerie
ATextLecce_f16vrs2b{color:#D00017FF}.SportsTeamBrandsSerieATextNapoli_f17ino8x{
color:#FFFFFFFF}.SportsTeamBrandsSerieATextParma_fkcxrtt{color:#111111FF}.Sport
sTeamBrandsSerieATextPisa_feibgis{color:#C3A073FF}.SportsTeamBrandsSerieATextRo
ma_f17ino8x{color:#FFFFFFFF}.SportsTeamBrandsSerieATextSassuolo_f17ino8x{color:
#FFFFFFFF}.SportsTeamBrandsSerieATextTorino_f17ino8x{color:#FFFFFFFF}.SportsTea
mBrandsSerieATextUdinese_f17ino8x{color:#FFFFFFFF}.SportsTeamBrandsSerieATextUs
Cremonese_fkcxrtt{color:#111111FF}.SportsTeamBrandsSerieATextVerona_febr2v1{col
or:#FFD800FF}.SportsTeamBrandsNflFillArizonaCardinals_f1hs6ik9{color:#BF1F38FF}
.SportsTeamBrandsNflFillAtlantaFalcons_faqdb9t{color:#38393BFF}.SportsTeamBrand
sNflFillBaltimoreRavens_f122ylpy{color:#473C73FF}.SportsTeamBrandsNflFillBuffal
oBills_f4nrlgl{color:#194787FF}.SportsTeamBrandsNflFillCarolinaPanthers_faqdb9t
{color:#38393BFF}.SportsTeamBrandsNflFillChicagoBears_f1dxxrp6{color:#2B4168FF}
.SportsTeamBrandsNflFillCincinnatiBengals_faqdb9t{color:#38393BFF}.SportsTeamBr
andsNflFillClevelandsBrowns_fmmggi8{color:#513E30FF}.SportsTeamBrandsNflFillDal
lasCowboys_f1dxxrp6{color:#2B4168FF}.SportsTeamBrandsNflFillDenverBroncos_f11c2
r7n{color:#FF5E3AFF}.SportsTeamBrandsNflFillDetroitLions_f4tty6s{color:#0076B6F
F}.SportsTeamBrandsNflFillGreenBayPackers_frmcha{color:#486151FF}.SportsTeamBra
ndsNflFillHoustonTexans_ffg3x0i{color:#364147FF}.SportsTeamBrandsNflFillIndiana
polisColts_f6olr52{color:#195497FF}.SportsTeamBrandsNflFillJacksonvilleJaguars_
fwvxzfz{color:#006778FF}.SportsTeamBrandsNflFillKansasCityChiefs_f1avtyu2{color
:#E31837FF}.SportsTeamBrandsNflFillLasVegasRaiders_faqdb9t{color:#38393BFF}.Spo
rtsTeamBrandsNflFillLosAngelesChargers_fx1u8ik{color:#0080C6FF}.SportsTeamBrand
sNflFillLosAngelesRams_f1i4gh7t{color:#084DA1FF}.SportsTeamBrandsNflFillMiamiDo
lphins_f1dtafiq{color:#008E97FF}.SportsTeamBrandsNflFillMinnesotaVikings_f1psbl
pz{color:#66399EFF}.SportsTeamBrandsNflFillNewEnglandPatriots_fhk8x64{color:#22
3961FF}.SportsTeamBrandsNflFillNewOrleansSaints_faqdb9t{color:#38393BFF}.Sports
TeamBrandsNflFillNewYorkGiants_f1v7b1b2{color:#2E5683FF}.SportsTeamBrandsNflFil
lNewYorkJets_fs4ju9u{color:#1C6F54FF}.SportsTeamBrandsNflFillPhiladelphiaEagles
_fk3gz2t{color:#3C7074FF}.SportsTeamBrandsNflFillPittsburghSteelers_faqdb9t{col
or:#38393BFF}.SportsTeamBrandsNflFillSanFrancisco49ers_f1tsc1en{color:#C81D3CFF
}.SportsTeamBrandsNflFillSeattleSeahawks_f1d901j5{color:#002244FF}.SportsTeamBr
andsNflFillTampaBayBuccaneers_f1d737rl{color:#A30D2DFF}.SportsTeamBrandsNflFill
TennesseeTitans_f14gr1cq{color:#4B92DBFF}.SportsTeamBrandsNflFillWashingtonComm
anders_faji4mg{color:#8A314FFF}.SportsTeamBrandsNflTextArizonaCardinals_f17ino8
x{color:#FFFFFFFF}.SportsTeamBrandsNflTextAtlantaFalcons_f17ino8x{color:#FFFFFF
FF}.SportsTeamBrandsNflTextBaltimoreRavens_f17ino8x{color:#FFFFFFFF}.SportsTeam
BrandsNflTextBuffaloBills_f17ino8x{color:#FFFFFFFF}.SportsTeamBrandsNflTextCaro
linaPanthers_f17ino8x{color:#FFFFFFFF}.SportsTeamBrandsNflTextChicagoBears_f17i
no8x{color:#FFFFFFFF}.SportsTeamBrandsNflTextCincinnatiBengals_f17ino8x{color:#
FFFFFFFF}.SportsTeamBrandsNflTextClevelandsBrowns_f17ino8x{color:#FFFFFFFF}.Spo
rtsTeamBrandsNflTextDallasCowboys_f17ino8x{color:#FFFFFFFF}.SportsTeamBrandsNfl
TextDenverBroncos_f17ino8x{color:#FFFFFFFF}.SportsTeamBrandsNflTextDetroitLions
_f17ino8x{color:#FFFFFFFF}.SportsTeamBrandsNflTextGreenBayPackers_f17ino8x{colo
r:#FFFFFFFF}.SportsTeamBrandsNflTextHoustonTexans_f17ino8x{color:#FFFFFFFF}.Spo
rtsTeamBrandsNflTextIndianapolisColts_f17ino8x{color:#FFFFFFFF}.SportsTeamBrand
sNflTextJacksonvilleJaguars_f17ino8x{color:#FFFFFFFF}.SportsTeamBrandsNflTextKa
nsasCityChiefs_f17ino8x{color:#FFFFFFFF}.SportsTeamBrandsNflTextLasVegasRaiders
_f3glech{color:#CCCCCCFF}.SportsTeamBrandsNflTextLosAngelesChargers_f17ino8x{co
lor:#FFFFFFFF}.SportsTeamBrandsNflTextLosAngelesRams_f10z9mnm{color:#FFD722FF}.
SportsTeamBrandsNflTextMiamiDolphins_f17ino8x{color:#FFFFFFFF}.SportsTeamBrands
NflTextMinnesotaVikings_f17ino8x{color:#FFFFFFFF}.SportsTeamBrandsNflTextNewEng
landPatriots_f17ino8x{color:#FFFFFFFF}.SportsTeamBrandsNflTextNewOrleansSaints_
fxfo58r{color:#D3BC8DFF}.SportsTeamBrandsNflTextNewYorkGiants_f17ino8x{color:#F
FFFFFFF}.SportsTeamBrandsNflTextNewYorkJets_f17ino8x{color:#FFFFFFFF}.SportsTea
mBrandsNflTextPhiladelphiaEagles_f17ino8x{color:#FFFFFFFF}.SportsTeamBrandsNflT
extPittsburghSteelers_f17ino8x{color:#FFFFFFFF}.SportsTeamBrandsNflTextSanFranc
isco49ers_f17ino8x{color:#FFFFFFFF}.SportsTeamBrandsNflTextSeattleSeahawks_f1bb
ryvm{color:#C5CCCFFF}.SportsTeamBrandsNflTextTampaBayBuccaneers_f17ino8x{color:
#FFFFFFFF}.SportsTeamBrandsNflTextTennesseeTitans_f1d901j5{color:#002244FF}.Spo
rtsTeamBrandsNflTextWashingtonCommanders_f1pog0d2{color:#FFB612FF}.SportsTeamBr
andsNblFillAdelaide36ers_f1a4s9ti{color:#1E2652}.SportsTeamBrandsNblFillBrisban
eBullets_fjg93el{color:#194CAB}.SportsTeamBrandsNblFillCairnsTaipans_f1r8fw9e{c
olor:#FF724B}.SportsTeamBrandsNblFillIllawarraHawks_f1tc10rl{color:#111111}.Spo
rtsTeamBrandsNblFillMelbourneUnited_f16wphut{color:#102241}.SportsTeamBrandsNbl
FillNewZealandBreakers_fgkcls6{color:#FF89BD}.SportsTeamBrandsNblFillPerthWildc
ats_f1m0ib7t{color:#D3292F}.SportsTeamBrandsNblFillSeMelbournePhoenix_fzpvtev{c
olor:#89AA25}.SportsTeamBrandsNblFillSydneyKings_flk1idw{color:#8947E2}.SportsT
eamBrandsNblFillTasmaniaJackjumpers_fi8dk1c{color:#154B30}.SportsTeamBrandsNblT
extAdelaide36ers_fhgmv7l{color:#FFFFFF}.SportsTeamBrandsNblTextBrisbaneBullets_
fb79xhf{color:#020101ff}.SportsTeamBrandsNblTextCairnsTaipans_fhgmv7l{color:#FF
FFFF}.SportsTeamBrandsNblTextIllawarraHawks_fhgmv7l{color:#FFFFFF}.SportsTeamBr
andsNblTextMelbourneUnited_fhgmv7l{color:#FFFFFF}.SportsTeamBrandsNblTextNewZea
landBreakers_fhgmv7l{color:#FFFFFF}.SportsTeamBrandsNblTextPerthWildcats_f1tc10
rl{color:#111111}.SportsTeamBrandsNblTextSeMelbournePhoenix_fhgmv7l{color:#FFFF
FF}.SportsTeamBrandsNblTextSydneyKings_f1tc10rl{color:#111111}.SportsTeamBrands
NblTextTasmaniaJackjumpers_fhgmv7l{color:#FFFFFF}.SportsTeamBrandsNbaTextAtlant
aHawks_f17ino8x{color:#FFFFFFFF}.SportsTeamBrandsNbaTextBostonCeltics_f17ino8x{
color:#FFFFFFFF}.SportsTeamBrandsNbaTextBrooklynNets_f17ino8x{color:#FFFFFFFF}.
SportsTeamBrandsNbaTextCharlotteHornets_f17ino8x{color:#FFFFFFFF}.SportsTeamBra
ndsNbaTextChicagoBulls_fkcxrtt{color:#111111FF}.SportsTeamBrandsNbaTextClevelan
dCavaliers_fsnrvat{color:#D3AF37FF}.SportsTeamBrandsNbaTextDallasMavericks_f1k6
mrra{color:#0062BAFF}.SportsTeamBrandsNbaTextDenverNuggets_f17ino8x{color:#FFFF
FFFF}.SportsTeamBrandsNbaTextDetroitPistons_f15l2ipx{color:#E4001DFF}.SportsTea
mBrandsNbaTextGoldenStateWarriors_fozrh0o{color:#F7B912FF}.SportsTeamBrandsNbaT
extHoustonRockets_f17ino8x{color:#FFFFFFFF}.SportsTeamBrandsNbaTextIndianaPacer
s_fdsynp0{color:#FCD703FF}.SportsTeamBrandsNbaTextLosAngelesClippers_f17ino8x{c
olor:#FFFFFFFF}.SportsTeamBrandsNbaTextLosAngelesLakers_f11ohazz{color:#491F6BF
F}.SportsTeamBrandsNbaTextMemphisGrizzlies_fe76rdw{color:#7FB4DFFF}.SportsTeamB
randsNbaTextMiamiHeat_f17ino8x{color:#FFFFFFFF}.SportsTeamBrandsNbaTextMilwauke
eBucks_f17ino8x{color:#FFFFFFFF}.SportsTeamBrandsNbaTextMinnesotaTimberwolves_f
17ino8x{color:#FFFFFFFF}.SportsTeamBrandsNbaTextNewOrleansPelicans_f5j7bky{colo
r:#0E233DFF}.SportsTeamBrandsNbaTextNewYorkKnicks_ftdx5rb{color:#FF7023FF}.Spor
tsTeamBrandsNbaTextOklahomaCityThunder_f17ino8x{color:#FFFFFFFF}.SportsTeamBran
dsNbaTextOrlandoMagic_f17ino8x{color:#FFFFFFFF}.SportsTeamBrandsNbaTextPhiladel
phia76ers_f17ino8x{color:#FFFFFFFF}.SportsTeamBrandsNbaTextPhoenixSuns_f17ino8x
{color:#FFFFFFFF}.SportsTeamBrandsNbaTextPortlandTrailBlazers_f17ino8x{color:#F
FFFFFFF}.SportsTeamBrandsNbaTextSacramentoKings_f17ino8x{color:#FFFFFFFF}.Sport
sTeamBrandsNbaTextSanAntonioSpurs_f17ino8x{color:#FFFFFFFF}.SportsTeamBrandsNba
TextTorontoRaptors_f17ino8x{color:#FFFFFFFF}.SportsTeamBrandsNbaTextUtahJazz_f1
7ino8x{color:#FFFFFFFF}.SportsTeamBrandsNbaTextWashingtonWizards_f17ino8x{color
:#FFFFFFFF}.ButtonOddsTextOnFlucsDown_fmmgb74{color:#a00303ff}.ButtonOddsTextOn
FlucsUp_f2010mj{color:#287227ff}.ButtonOddsMultiWarningTextOnFalse_f1dwzwsw{col
or:#640a02ff}.ButtonOddsStandardTextOnFalse_flbsmki{color:#0a375cff}.ButtonOdds
StandardTextOnTrue_fekwa69{color:#ffffffff}.ButtonOddsValueTextOnFalse_ft409m8{
color:#332c00ff}.ButtonOddsValueTextOnTrue_ft409m8{color:#332c00ff}.IconInterac
tiveOnBrandNormalDefault_fekwa69{color:#ffffffff}.IconInteractiveOnBrandNormalH
over_fekwa69{color:#ffffffff}.IconInteractiveOnBrandNormalInactive_fe4tuy2{colo
r:#709dc2ff}.IconInteractiveOnBrandNormalPress_fekwa69{color:#ffffffff}.IconInt
eractiveOnBrandSubduedDefault_f18l1a7h{color:#9bd1fdff}.IconInteractiveOnBrandS
ubduedHover_f18l1a7h{color:#9bd1fdff}.IconInteractiveOnBrandSubduedInactive_fe4
tuy2{color:#709dc2ff}.IconInteractiveOnBrandSubduedPress_f18l1a7h{color:#9bd1fd
ff}.IconInteractiveNormalDefault_f1qshwgp{color:#0470c8ff}.IconInteractiveNorma
lHover_f17jzybk{color:#035ca5ff}.IconInteractiveNormalInactive_fe4tuy2{color:#7
09dc2ff}.IconInteractiveNormalPress_f81o9jn{color:#37a3fbff}.IconInteractiveStr
ongDefault_f17jzybk{color:#035ca5ff}.IconInteractiveStrongHover_f1qshwgp{color:
#0470c8ff}.IconInteractiveStrongPress_f81o9jn{color:#37a3fbff}.IconInteractiveS
ubduedDefault_fqhixzh{color:#4d85b3ff}.IconInteractiveSubduedHover_fd8siv3{colo
r:#3d6a8fff}.IconInteractiveSubduedInactive_fe4tuy2{color:#709dc2ff}.IconIntera
ctiveSubduedPress_fnsq0tq{color:#94b5d1ff}.IconOnAccentLevel0Strong_ft409m8{col
or:#332c00ff}.IconOnBrandNormal_fekwa69{color:#ffffffff}.IconOnBrandSubdued_f1y
qvcte{color:#dbe6f0ff}.IconStatusInformationNormal_f17jzybk{color:#035ca5ff}.Ic
onStatusInformationStrong_fpt66xf{color:#011c32ff}.IconStatusSuccessNormal_f201
0mj{color:#287227ff}.IconStatusSuccessStrong_f1eo1c3p{color:#0d260dff}.IconStat
usUrgentNormal_fmmgb74{color:#a00303ff}.IconStatusUrgentStrong_frdx3fk{color:#3
20101ff}.IconStatusValueNormal_f1bo4q2r{color:#f9d801ff}.IconStatusValueStrong_
ft409m8{color:#332c00ff}.IconStatusWarningNormal_f1ba8sdb{color:#961c03ff}.Icon
StatusWarningStrong_frdx3fk{color:#320101ff}.IconStatusWarningSubdued_f1avg68o{
color:#c83504ff}.IconNormal_flbsmki{color:#0a375cff}.IconStrong_fpt66xf{color:#
011c32ff}.IconSubdued_fd8siv3{color:#3d6a8fff}.ButtonIconOnAccent_ft409m8{color
:#332c00ff}.ButtonIconOnAccentOnBrand_ft409m8{color:#332c00ff}.ButtonIconOnBran
dOnHighEmphasis_f1eo1c3p{color:#0d260dff}.ButtonIconOnHighEmphasis_f1eo1c3p{col
or:#0d260dff}.ButtonIconOnLowEmphasis_f17jzybk{color:#035ca5ff}.ButtonIconOnLow
EmphasisOnBrand_fekwa69{color:#ffffffff}.ButtonIconOnMediumEmphasis_fekwa69{col
or:#ffffffff}.ButtonIconOnMediumEmphasisOnBrand_f17jzybk{color:#035ca5ff}.Butto
nAlertIconOnInformation_f14yx5yi{color:#023864ff}.ButtonAlertIconOnSuccess_fai5
1ue{color:#1a4c1aff}.ButtonAlertIconOnUrgent_f49v477{color:#640202ff}.ButtonAle
rtIconOnWarning_f1dwzwsw{color:#640a02ff}.ButtonToggleOddsIconOff_f17jzybk{colo
r:#035ca5ff}.ButtonToggleOddsIconOn_fekwa69{color:#ffffffff}.ButtonToggleValueI
conOff_flbsmki{color:#0a375cff}.ButtonToggleValueIconOn_ft409m8{color:#332c00ff
}.Sky1_fixypom{color:#fa0505ff}.Sky2_f1uzhah1{color:#00bfffff}.BestBets_f6z655g
{color:#d60700ff}.SaferGambling_f1wq69tt{color:#000000ff}.Sen_f1wlo1c0{color:#1
02233ff}.Sen20_f5u5s2n{color:#18354eff}.Sportsbet_f17jzybk{color:#035ca5ff}.Spo
rtsbet42_f1jshmsx{color:#0475d2ff}.Bloke_f1jj8n6t{color:#373434ff}.Bloke28_fy2u
szw{color:#494646ff}.SenTrack_fipna7f{color:#008552ff}.SenTrack35_f297fb7{color
:#00b36eff}.MicksMulti_f17jzybk{color:#035ca5ff}.MicksMulti42_f1jshmsx{color:#0
475d2ff}.ChocsChat_f1gepi69{color:#0066ffff}.ChocsChat59_f1jtqo7w{color:#2e82ff
ff}.DanDoesFooty_f2qv2pd{color:#dc2e33ff}.DanDoesFooty61_f1ugg2hu{color:#e2555a
ff}.GetEmOnside_f17jzybk{color:#035ca5ff}.GetEmOnside42_f1jshmsx{color:#0475d2f
f}.InTheBackPocket_f17jzybk{color:#035ca5ff}.InTheBackPocket42_f1jshmsx{color:#
0475d2ff}.NrlRoast_f1wq69tt{color:#000000ff}.NrlRoast9_fxs2n6v{color:#171717ff}
.Watchdog_f1ufynxs{color:#002d70ff}.TheDogsComAu_f10zxerp{color:#031116ff}.Raci
ngAndSports_f1332sbz{color:#004794ff}.RacingSA_fjyqqhd{color:#0f5571ff}.RacingS
A35_f1wm4mex{color:#15779eff}.OlanTekkers_f4qah3o{color:#0c0c0eff}.OlanTekkers1
5_f3ptzey{color:#242429ff}.Punters_fptlpx5{color:#469c44ff}.Punters20_f6mygbq{c
olor:#323630ff}.Racenet_f1pytyls{color:#aa1d37ff}.SportsTeamBrandsAflTextAdelai
de_f17ino8x{color:#FFFFFFFF}.SportsTeamBrandsAflTextBrisbane_f485ufx{color:#F5B
A59FF}.SportsTeamBrandsAflTextCarlton_fekwa69{color:#ffffffff}.SportsTeamBrands
AflTextCollingwood_fekwa69{color:#ffffffff}.SportsTeamBrandsAflTextEssendon_fek
wa69{color:#ffffffff}.SportsTeamBrandsAflTextFremantle_fekwa69{color:#ffffffff}
.SportsTeamBrandsAflTextGeelong_fn65lvo{color:#002142ff}.SportsTeamBrandsAflTex
tGoldCoast_f1ow32c0{color:#FEDE5FFF}.SportsTeamBrandsAflTextGreaterWesternSydne
y_fy0a8g6{color:#283439FF}.SportsTeamBrandsAflTextHawthorn_f1owleer{color:#4324
0CFF}.SportsTeamBrandsAflTextMelbourne_fekwa69{color:#ffffffff}.SportsTeamBrand
sAflTextNorthMelbourne_f1wq69tt{color:#000000ff}.SportsTeamBrandsAflTextPortAde
laide_f1wq69tt{color:#000000ff}.SportsTeamBrandsAflTextRichmond_fekwa69{color:#
ffffffff}.SportsTeamBrandsAflTextStKilda_fekwa69{color:#ffffffff}.SportsTeamBra
ndsAflTextSydney_fekwa69{color:#ffffffff}.SportsTeamBrandsAflTextWestCoast_ftrj
gon{color:#f1ae27ff}.SportsTeamBrandsAflTextWesternBulldogs_fekwa69{color:#ffff
ffff}.SportsTeamBrandsEplFillArsenal_f1prflum{color:#C90225FF}.SportsTeamBrands
EplFillAstonVilla_f1vqsga5{color:#832D3BFF}.SportsTeamBrandsEplFillBournemouth_
f1r8gvv7{color:#1C1C1CFF}.SportsTeamBrandsEplFillBrentford_f17ino8x{color:#FFFF
FFFF}.SportsTeamBrandsEplFillBrighton_f17ino8x{color:#FFFFFFFF}.SportsTeamBrand
sEplFillBurnley_f1t3510q{color:#8C265AFF}.SportsTeamBrandsEplFillChelsea_fe287b
5{color:#2A46B3FF}.SportsTeamBrandsEplFillCrystalPalace_f1u6wmhj{color:#164DDEF
F}.SportsTeamBrandsEplFillEverton_fe287b5{color:#2A46B3FF}.SportsTeamBrandsEplF
illFulham_f17ino8x{color:#FFFFFFFF}.SportsTeamBrandsEplFillLeeds_f17ino8x{color
:#FFFFFFFF}.SportsTeamBrandsEplFillLiverpool_f193c2j4{color:#C20022FF}.SportsTe
amBrandsEplFillManCity_fm4626c{color:#55B7E5FF}.SportsTeamBrandsEplFillManUtd_f
17ino8x{color:#FFFFFFFF}.SportsTeamBrandsEplFillNewcastle_f17ino8x{color:#FFFFF
FFF}.SportsTeamBrandsEplFillNottingham_f193c2j4{color:#C20022FF}.SportsTeamBran
dsEplFillSunderland_f17ino8x{color:#FFFFFFFF}.SportsTeamBrandsEplFillTottenham_
f17ino8x{color:#FFFFFFFF}.SportsTeamBrandsEplFillWestHam_f18pcpcw{color:#6F162D
FF}.SportsTeamBrandsEplFillWolves_f1b8xa7w{color:#FEA539FF}.SportsTeamBrandsEpl
TextArsenal_f17ino8x{color:#FFFFFFFF}.SportsTeamBrandsEplTextAstonVilla_f17ino8
x{color:#FFFFFFFF}.SportsTeamBrandsEplTextBournemouth_f17ino8x{color:#FFFFFFFF}
.SportsTeamBrandsEplTextBrentford_fkcxrtt{color:#111111FF}.SportsTeamBrandsEplT
extBrighton_fkcxrtt{color:#111111FF}.SportsTeamBrandsEplTextBurnley_f17ino8x{co
lor:#FFFFFFFF}.SportsTeamBrandsEplTextChelsea_f17ino8x{color:#FFFFFFFF}.SportsT
eamBrandsEplTextCrystalPalace_f17ino8x{color:#FFFFFFFF}.SportsTeamBrandsEplText
Everton_f17ino8x{color:#FFFFFFFF}.SportsTeamBrandsEplTextFulham_fkcxrtt{color:#
111111FF}.SportsTeamBrandsEplTextLeeds_f1s0a7w3{color:#0047D5FF}.SportsTeamBran
dsEplTextLiverpool_f17ino8x{color:#FFFFFFFF}.SportsTeamBrandsEplTextManCity_f17
ino8x{color:#FFFFFFFF}.SportsTeamBrandsEplTextManUtd_f17ino8x{color:#FFFFFFFF}.
SportsTeamBrandsEplTextNewcastle_fkcxrtt{color:#111111FF}.SportsTeamBrandsEplTe
xtNottingham_f17ino8x{color:#FFFFFFFF}.SportsTeamBrandsEplTextSunderland_fkcxrt
t{color:#111111FF}.SportsTeamBrandsEplTextTottenham_f9s5yud{color:#132141FF}.Sp
ortsTeamBrandsEplTextWestHam_f17ino8x{color:#FFFFFFFF}.SportsTeamBrandsEplTextW
olves_fkcxrtt{color:#111111FF}.SportsTeamBrandsLaLigaFillAlaves_f1lj9m7u{color:
#0961D1FF}.SportsTeamBrandsLaLigaFillAthleticBilbao_f1prflum{color:#C90225FF}.S
portsTeamBrandsLaLigaFillAtleticoMadrid_f17ino8x{color:#FFFFFFFF}.SportsTeamBra
ndsLaLigaFillBarcelona_f7b3j2u{color:#26326DFF}.SportsTeamBrandsLaLigaFillBetis
_f1hhbei0{color:#339154FF}.SportsTeamBrandsLaLigaFillCeltaVigo_fovkg80{color:#B
4D3EEFF}.SportsTeamBrandsLaLigaFillElche_fkts135{color:#104B3DFF}.SportsTeamBra
ndsLaLigaFillEspanyol_f7b3j2u{color:#26326DFF}.SportsTeamBrandsLaLigaFillGetafe
_f16tamuk{color:#053487FF}.SportsTeamBrandsLaLigaFillGirona_f17ino8x{color:#FFF
FFFFF}.SportsTeamBrandsLaLigaFillLevante_f1lereu7{color:#AB1F39FF}.SportsTeamBr
andsLaLigaFillMallorca_f1s2cuz7{color:#DB142CFF}.SportsTeamBrandsLaLigaFillOsas
una_f4cpse{color:#BB0429FF}.SportsTeamBrandsLaLigaFillRayoVallecano_f17ino8x{co
lor:#FFFFFFFF}.SportsTeamBrandsLaLigaFillRealMadrid_f17ino8x{color:#FFFFFFFF}.S
portsTeamBrandsLaLigaFillRealOviedo_f1fbzzoh{color:#024BC7FF}.SportsTeamBrandsL
aLigaFillRealSociedad_f3ln609{color:#004EA8FF}.SportsTeamBrandsLaLigaFillSevill
a_f17ino8x{color:#FFFFFFFF}.SportsTeamBrandsLaLigaFillValencia_f17ino8x{color:#
FFFFFFFF}.SportsTeamBrandsLaLigaFillVillarreal_fjoq739{color:#FFEA00FF}.SportsT
eamBrandsLaLigaTextAlaves_f17ino8x{color:#FFFFFFFF}.SportsTeamBrandsLaLigaTextA
thleticBilbao_f17ino8x{color:#FFFFFFFF}.SportsTeamBrandsLaLigaTextAtleticoMadri
d_f1sxj5gn{color:#224FA5FF}.SportsTeamBrandsLaLigaTextBarcelona_f1uk8bo4{color:
#F1CD41FF}.SportsTeamBrandsLaLigaTextBetis_f17ino8x{color:#FFFFFFFF}.SportsTeam
BrandsLaLigaTextCeltaVigo_fzd3tsq{color:#29223CFF}.SportsTeamBrandsLaLigaTextEl
che_f17ino8x{color:#FFFFFFFF}.SportsTeamBrandsLaLigaTextEspanyol_f17ino8x{color
:#FFFFFFFF}.SportsTeamBrandsLaLigaTextGetafe_f17ino8x{color:#FFFFFFFF}.SportsTe
amBrandsLaLigaTextGirona_fhcj4oa{color:#CF0824FF}.SportsTeamBrandsLaLigaTextLev
ante_f17ino8x{color:#FFFFFFFF}.SportsTeamBrandsLaLigaTextMallorca_f17ino8x{colo
r:#FFFFFFFF}.SportsTeamBrandsLaLigaTextOsasuna_f17ino8x{color:#FFFFFFFF}.Sports
TeamBrandsLaLigaTextRayoVallecano_fkcxrtt{color:#111111FF}.SportsTeamBrandsLaLi
gaTextRealMadrid_fkcxrtt{color:#111111FF}.SportsTeamBrandsLaLigaTextRealOviedo_
f17ino8x{color:#FFFFFFFF}.SportsTeamBrandsLaLigaTextRealSociedad_f17ino8x{color
:#FFFFFFFF}.SportsTeamBrandsLaLigaTextSevilla_f1n8q524{color:#C22428FF}.SportsT
eamBrandsLaLigaTextValencia_fkcxrtt{color:#111111FF}.SportsTeamBrandsLaLigaText
Villarreal_f1rz5blj{color:#233E54FF}.SportsTeamBrandsBundesligaFillLeverkusen_f
kcxrtt{color:#111111FF}.SportsTeamBrandsBundesligaFillBayernMunich_f5y9fn9{colo
r:#DC052DFF}.SportsTeamBrandsBundesligaFillDortmund_fz6csos{color:#FFD900FF}.Sp
ortsTeamBrandsBundesligaFillBorussiaMonchengladbach_f17ino8x{color:#FFFFFFFF}.S
portsTeamBrandsBundesligaFillMgladbach_f17ino8x{color:#FFFFFFFF}.SportsTeamBran
dsBundesligaFillEintrachtFrankfurt_fkcxrtt{color:#111111FF}.SportsTeamBrandsBun
desligaFillAugsburg_f17ino8x{color:#FFFFFFFF}.SportsTeamBrandsBundesligaFillFcH
eidenheim_f1rzrwei{color:#AE1824FF}.SportsTeamBrandsBundesligaFillFcKoln_f17ino
8x{color:#FFFFFFFF}.SportsTeamBrandsBundesligaFillStPauli_f14k00f6{color:#5B3A3
5FF}.SportsTeamBrandsBundesligaFillUnionBerlin_f1hsk3ir{color:#F61120FF}.Sports
TeamBrandsBundesligaFillMainz_f1s5238z{color:#E30613FF}.SportsTeamBrandsBundesl
igaFillHamburgerSv_f17ino8x{color:#FFFFFFFF}.SportsTeamBrandsBundesligaFillRbLe
ipzig_f17ino8x{color:#FFFFFFFF}.SportsTeamBrandsBundesligaFillFreiburg_f17ino8x
{color:#FFFFFFFF}.SportsTeamBrandsBundesligaFillWerderBremen_f1bvbvmj{color:#1D
9053FF}.SportsTeamBrandsBundesligaFillHoffenheim_f1dro0w{color:#222838FF}.Sport
sTeamBrandsBundesligaFillStuttgart_f17ino8x{color:#FFFFFFFF}.SportsTeamBrandsBu
ndesligaFillWolfsburg_fws0jv6{color:#185D38FF}.SportsTeamBrandsBundesligaTextLe
verkusen_f17ino8x{color:#FFFFFFFF}.SportsTeamBrandsBundesligaTextBayernMunich_f
17ino8x{color:#FFFFFFFF}.SportsTeamBrandsBundesligaTextDortmund_fkcxrtt{color:#
111111FF}.SportsTeamBrandsBundesligaTextBorussiaMonchengladbach_fkcxrtt{color:#
111111FF}.SportsTeamBrandsBundesligaTextMgladbach_fkcxrtt{color:#111111FF}.Spor
tsTeamBrandsBundesligaTextEintrachtFrankfurt_f17ino8x{color:#FFFFFFFF}.SportsTe
amBrandsBundesligaTextAugsburg_fmsgrcf{color:#E8262EFF}.SportsTeamBrandsBundesl
igaTextFcHeidenheim_f17ino8x{color:#FFFFFFFF}.SportsTeamBrandsBundesligaTextFcK
oln_fso0zz7{color:#BD1D2CFF}.SportsTeamBrandsBundesligaTextStPauli_f17ino8x{col
or:#FFFFFFFF}.SportsTeamBrandsBundesligaTextUnionBerlin_f17ino8x{color:#FFFFFFF
F}.SportsTeamBrandsBundesligaTextMainz_f17ino8x{color:#FFFFFFFF}.SportsTeamBran
dsBundesligaTextHamburgerSv_f1723b8y{color:#1E5CB3FF}.SportsTeamBrandsBundeslig
aTextRbLeipzig_flrsu24{color:#EE3538FF}.SportsTeamBrandsBundesligaTextFreiburg_
fkcxrtt{color:#111111FF}.SportsTeamBrandsBundesligaTextWerderBremen_f17ino8x{co
lor:#FFFFFFFF}.SportsTeamBrandsBundesligaTextHoffenheim_f17ino8x{color:#FFFFFFF
F}.SportsTeamBrandsBundesligaTextStuttgart_fjvq5f7{color:#F50607FF}.SportsTeamB
randsBundesligaTextWolfsburg_f17ino8x{color:#FFFFFFFF}.SportsTeamBrandsSerieAFi
llAcMilan_fkcxrtt{color:#111111FF}.SportsTeamBrandsSerieAFillAtlanta_fkcxrtt{co
lor:#111111FF}.SportsTeamBrandsSerieAFillBologna_fv6imgz{color:#BE0027FF}.Sport
sTeamBrandsSerieAFillCagliari_f1tl0pqm{color:#273678FF}.SportsTeamBrandsSerieAF
illComo_f1egb56c{color:#003BAEFF}.SportsTeamBrandsSerieAFillEmpoli_fw3su7p{colo
r:#0393E8FF}.SportsTeamBrandsSerieAFillFiorentina_f5cuqq6{color:#502976FF}.Spor
tsTeamBrandsSerieAFillGenoa_f1tl0pqm{color:#273678FF}.SportsTeamBrandsSerieAFil
lInter_fkcxrtt{color:#111111FF}.SportsTeamBrandsSerieAFillJuventus_f17ino8x{col
or:#FFFFFFFF}.SportsTeamBrandsSerieAFillLazio_f13aoidj{color:#5DAFF6FF}.SportsT
eamBrandsSerieAFillLecce_f1tx71k5{color:#E4B700FF}.SportsTeamBrandsSerieAFillNa
poli_fy977vn{color:#00A6F3FF}.SportsTeamBrandsSerieAFillParma_f17ino8x{color:#F
FFFFFFF}.SportsTeamBrandsSerieAFillPisa_fkcxrtt{color:#111111FF}.SportsTeamBran
dsSerieAFillRoma_fjrh99p{color:#7B1B39FF}.SportsTeamBrandsSerieAFillSassuolo_f1
11m3eb{color:#339A28FF}.SportsTeamBrandsSerieAFillTorino_f4as7oj{color:#7F1A30F
F}.SportsTeamBrandsSerieAFillUdinese_fkcxrtt{color:#111111FF}.SportsTeamBrandsS
erieAFillUsCremonese_f1vw31ne{color:#C8C7C7FF}.SportsTeamBrandsSerieAFillVerona
_fxc13pp{color:#152974FF}.SportsTeamBrandsSerieATextAcMilan_f17ino8x{color:#FFF
FFFFF}.SportsTeamBrandsSerieATextAtlanta_f17ino8x{color:#FFFFFFFF}.SportsTeamBr
andsSerieATextBologna_f17ino8x{color:#FFFFFFFF}.SportsTeamBrandsSerieATextCagli
ari_f17ino8x{color:#FFFFFFFF}.SportsTeamBrandsSerieATextComo_f17ino8x{color:#FF
FFFFFF}.SportsTeamBrandsSerieATextEmpoli_f1agpnew{color:#E1E866FF}.SportsTeamBr
andsSerieATextFiorentina_f17ino8x{color:#FFFFFFFF}.SportsTeamBrandsSerieATextGe
noa_f17ino8x{color:#FFFFFFFF}.SportsTeamBrandsSerieATextInter_f17ino8x{color:#F
FFFFFFF}.SportsTeamBrandsSerieATextJuventus_fkcxrtt{color:#111111FF}.SportsTeam
BrandsSerieATextLazio_f5lyfj4{color:#102763FF}.SportsTeamBrandsSerieATextLecce_
f16vrs2b{color:#D00017FF}.SportsTeamBrandsSerieATextNapoli_f17ino8x{color:#FFFF
FFFF}.SportsTeamBrandsSerieATextParma_fkcxrtt{color:#111111FF}.SportsTeamBrands
SerieATextPisa_feibgis{color:#C3A073FF}.SportsTeamBrandsSerieATextRoma_f17ino8x
{color:#FFFFFFFF}.SportsTeamBrandsSerieATextSassuolo_f17ino8x{color:#FFFFFFFF}.
SportsTeamBrandsSerieATextTorino_f17ino8x{color:#FFFFFFFF}.SportsTeamBrandsSeri
eATextUdinese_f17ino8x{color:#FFFFFFFF}.SportsTeamBrandsSerieATextUsCremonese_f
kcxrtt{color:#111111FF}.SportsTeamBrandsSerieATextVerona_febr2v1{color:#FFD800F
F}.SportsTeamBrandsNflFillArizonaCardinals_f1hs6ik9{color:#BF1F38FF}.SportsTeam
BrandsNflFillAtlantaFalcons_faqdb9t{color:#38393BFF}.SportsTeamBrandsNflFillBal
timoreRavens_f122ylpy{color:#473C73FF}.SportsTeamBrandsNflFillBuffaloBills_f4nr
lgl{color:#194787FF}.SportsTeamBrandsNflFillCarolinaPanthers_faqdb9t{color:#383
93BFF}.SportsTeamBrandsNflFillChicagoBears_f1dxxrp6{color:#2B4168FF}.SportsTeam
BrandsNflFillCincinnatiBengals_faqdb9t{color:#38393BFF}.SportsTeamBrandsNflFill
ClevelandsBrowns_fmmggi8{color:#513E30FF}.SportsTeamBrandsNflFillDallasCowboys_
f1dxxrp6{color:#2B4168FF}.SportsTeamBrandsNflFillDenverBroncos_f11c2r7n{color:#
FF5E3AFF}.SportsTeamBrandsNflFillDetroitLions_f4tty6s{color:#0076B6FF}.SportsTe
amBrandsNflFillGreenBayPackers_frmcha{color:#486151FF}.SportsTeamBrandsNflFillH
oustonTexans_ffg3x0i{color:#364147FF}.SportsTeamBrandsNflFillIndianapolisColts_
f6olr52{color:#195497FF}.SportsTeamBrandsNflFillJacksonvilleJaguars_fwvxzfz{col
or:#006778FF}.SportsTeamBrandsNflFillKansasCityChiefs_f1avtyu2{color:#E31837FF}
.SportsTeamBrandsNflFillLasVegasRaiders_faqdb9t{color:#38393BFF}.SportsTeamBran
dsNflFillLosAngelesChargers_fx1u8ik{color:#0080C6FF}.SportsTeamBrandsNflFillLos
AngelesRams_f1i4gh7t{color:#084DA1FF}.SportsTeamBrandsNflFillMiamiDolphins_f1dt
afiq{color:#008E97FF}.SportsTeamBrandsNflFillMinnesotaVikings_f1psblpz{color:#6
6399EFF}.SportsTeamBrandsNflFillNewEnglandPatriots_fhk8x64{color:#223961FF}.Spo
rtsTeamBrandsNflFillNewOrleansSaints_faqdb9t{color:#38393BFF}.SportsTeamBrandsN
flFillNewYorkGiants_f1v7b1b2{color:#2E5683FF}.SportsTeamBrandsNflFillNewYorkJet
s_fs4ju9u{color:#1C6F54FF}.SportsTeamBrandsNflFillPhiladelphiaEagles_fk3gz2t{co
lor:#3C7074FF}.SportsTeamBrandsNflFillPittsburghSteelers_faqdb9t{color:#38393BF
F}.SportsTeamBrandsNflFillSanFrancisco49ers_f1tsc1en{color:#C81D3CFF}.SportsTea
mBrandsNflFillSeattleSeahawks_f1d901j5{color:#002244FF}.SportsTeamBrandsNflFill
TampaBayBuccaneers_f1d737rl{color:#A30D2DFF}.SportsTeamBrandsNflFillTennesseeTi
tans_f14gr1cq{color:#4B92DBFF}.SportsTeamBrandsNflFillWashingtonCommanders_faji
4mg{color:#8A314FFF}.SportsTeamBrandsNflTextArizonaCardinals_f17ino8x{color:#FF
FFFFFF}.SportsTeamBrandsNflTextAtlantaFalcons_f17ino8x{color:#FFFFFFFF}.SportsT
eamBrandsNflTextBaltimoreRavens_f17ino8x{color:#FFFFFFFF}.SportsTeamBrandsNflTe
xtBuffaloBills_f17ino8x{color:#FFFFFFFF}.SportsTeamBrandsNflTextCarolinaPanther
s_f17ino8x{color:#FFFFFFFF}.SportsTeamBrandsNflTextChicagoBears_f17ino8x{color:
#FFFFFFFF}.SportsTeamBrandsNflTextCincinnatiBengals_f17ino8x{color:#FFFFFFFF}.S
portsTeamBrandsNflTextClevelandsBrowns_f17ino8x{color:#FFFFFFFF}.SportsTeamBran
dsNflTextDallasCowboys_f17ino8x{color:#FFFFFFFF}.SportsTeamBrandsNflTextDenverB
roncos_f17ino8x{color:#FFFFFFFF}.SportsTeamBrandsNflTextDetroitLions_f17ino8x{c
olor:#FFFFFFFF}.SportsTeamBrandsNflTextGreenBayPackers_f17ino8x{color:#FFFFFFFF
}.SportsTeamBrandsNflTextHoustonTexans_f17ino8x{color:#FFFFFFFF}.SportsTeamBran
dsNflTextIndianapolisColts_f17ino8x{color:#FFFFFFFF}.SportsTeamBrandsNflTextJac
ksonvilleJaguars_f17ino8x{color:#FFFFFFFF}.SportsTeamBrandsNflTextKansasCityChi
efs_f17ino8x{color:#FFFFFFFF}.SportsTeamBrandsNflTextLasVegasRaiders_f3glech{co
lor:#CCCCCCFF}.SportsTeamBrandsNflTextLosAngelesChargers_f17ino8x{color:#FFFFFF
FF}.SportsTeamBrandsNflTextLosAngelesRams_f10z9mnm{color:#FFD722FF}.SportsTeamB
randsNflTextMiamiDolphins_f17ino8x{color:#FFFFFFFF}.SportsTeamBrandsNflTextMinn
esotaVikings_f17ino8x{color:#FFFFFFFF}.SportsTeamBrandsNflTextNewEnglandPatriot
s_f17ino8x{color:#FFFFFFFF}.SportsTeamBrandsNflTextNewOrleansSaints_fxfo58r{col
or:#D3BC8DFF}.SportsTeamBrandsNflTextNewYorkGiants_f17ino8x{color:#FFFFFFFF}.Sp
ortsTeamBrandsNflTextNewYorkJets_f17ino8x{color:#FFFFFFFF}.SportsTeamBrandsNflT
extPhiladelphiaEagles_f17ino8x{color:#FFFFFFFF}.SportsTeamBrandsNflTextPittsbur
ghSteelers_f17ino8x{color:#FFFFFFFF}.SportsTeamBrandsNflTextSanFrancisco49ers_f
17ino8x{color:#FFFFFFFF}.SportsTeamBrandsNflTextSeattleSeahawks_f1bbryvm{color:
#C5CCCFFF}.SportsTeamBrandsNflTextTampaBayBuccaneers_f17ino8x{color:#FFFFFFFF}.
SportsTeamBrandsNflTextTennesseeTitans_f1d901j5{color:#002244FF}.SportsTeamBran
dsNflTextWashingtonCommanders_f1pog0d2{color:#FFB612FF}.SportsTeamBrandsNblFill
Adelaide36ers_f1a4s9ti{color:#1E2652}.SportsTeamBrandsNblFillBrisbaneBullets_fj
g93el{color:#194CAB}.SportsTeamBrandsNblFillCairnsTaipans_f1r8fw9e{color:#FF724
B}.SportsTeamBrandsNblFillIllawarraHawks_f1tc10rl{color:#111111}.SportsTeamBran
dsNblFillMelbourneUnited_f16wphut{color:#102241}.SportsTeamBrandsNblFillNewZeal
andBreakers_fgkcls6{color:#FF89BD}.SportsTeamBrandsNblFillPerthWildcats_f1m0ib7
t{color:#D3292F}.SportsTeamBrandsNblFillSeMelbournePhoenix_fzpvtev{color:#89AA2
5}.SportsTeamBrandsNblFillSydneyKings_flk1idw{color:#8947E2}.SportsTeamBrandsNb
lFillTasmaniaJackjumpers_fi8dk1c{color:#154B30}.SportsTeamBrandsNblTextAdelaide
36ers_fhgmv7l{color:#FFFFFF}.SportsTeamBrandsNblTextBrisbaneBullets_fb79xhf{col
or:#020101ff}.SportsTeamBrandsNblTextCairnsTaipans_fhgmv7l{color:#FFFFFF}.Sport
sTeamBrandsNblTextIllawarraHawks_fhgmv7l{color:#FFFFFF}.SportsTeamBrandsNblText
MelbourneUnited_fhgmv7l{color:#FFFFFF}.SportsTeamBrandsNblTextNewZealandBreaker
s_fhgmv7l{color:#FFFFFF}.SportsTeamBrandsNblTextPerthWildcats_f1tc10rl{color:#1
11111}.SportsTeamBrandsNblTextSeMelbournePhoenix_fhgmv7l{color:#FFFFFF}.SportsT
eamBrandsNblTextSydneyKings_f1tc10rl{color:#111111}.SportsTeamBrandsNblTextTasm
aniaJackjumpers_fhgmv7l{color:#FFFFFF}.SportsTeamBrandsNbaTextAtlantaHawks_f17i
no8x{color:#FFFFFFFF}.SportsTeamBrandsNbaTextBostonCeltics_f17ino8x{color:#FFFF
FFFF}.SportsTeamBrandsNbaTextBrooklynNets_f17ino8x{color:#FFFFFFFF}.SportsTeamB
randsNbaTextCharlotteHornets_f17ino8x{color:#FFFFFFFF}.SportsTeamBrandsNbaTextC
hicagoBulls_fkcxrtt{color:#111111FF}.SportsTeamBrandsNbaTextClevelandCavaliers_
fsnrvat{color:#D3AF37FF}.SportsTeamBrandsNbaTextDallasMavericks_f1k6mrra{color:
#0062BAFF}.SportsTeamBrandsNbaTextDenverNuggets_f17ino8x{color:#FFFFFFFF}.Sport
sTeamBrandsNbaTextDetroitPistons_f15l2ipx{color:#E4001DFF}.SportsTeamBrandsNbaT
extGoldenStateWarriors_fozrh0o{color:#F7B912FF}.SportsTeamBrandsNbaTextHoustonR
ockets_f17ino8x{color:#FFFFFFFF}.SportsTeamBrandsNbaTextIndianaPacers_fdsynp0{c
olor:#FCD703FF}.SportsTeamBrandsNbaTextLosAngelesClippers_f17ino8x{color:#FFFFF
FFF}.SportsTeamBrandsNbaTextLosAngelesLakers_f11ohazz{color:#491F6BFF}.SportsTe
amBrandsNbaTextMemphisGrizzlies_fe76rdw{color:#7FB4DFFF}.SportsTeamBrandsNbaTex
tMiamiHeat_f17ino8x{color:#FFFFFFFF}.SportsTeamBrandsNbaTextMilwaukeeBucks_f17i
no8x{color:#FFFFFFFF}.SportsTeamBrandsNbaTextMinnesotaTimberwolves_f17ino8x{col
or:#FFFFFFFF}.SportsTeamBrandsNbaTextNewOrleansPelicans_f5j7bky{color:#0E233DFF
}.SportsTeamBrandsNbaTextNewYorkKnicks_ftdx5rb{color:#FF7023FF}.SportsTeamBrand
sNbaTextOklahomaCityThunder_f17ino8x{color:#FFFFFFFF}.SportsTeamBrandsNbaTextOr
landoMagic_f17ino8x{color:#FFFFFFFF}.SportsTeamBrandsNbaTextPhiladelphia76ers_f
17ino8x{color:#FFFFFFFF}.SportsTeamBrandsNbaTextPhoenixSuns_f17ino8x{color:#FFF
FFFFF}.SportsTeamBrandsNbaTextPortlandTrailBlazers_f17ino8x{color:#FFFFFFFF}.Sp
ortsTeamBrandsNbaTextSacramentoKings_f17ino8x{color:#FFFFFFFF}.SportsTeamBrands
NbaTextSanAntonioSpurs_f17ino8x{color:#FFFFFFFF}.SportsTeamBrandsNbaTextToronto
Raptors_f17ino8x{color:#FFFFFFFF}.SportsTeamBrandsNbaTextUtahJazz_f17ino8x{colo
r:#FFFFFFFF}.SportsTeamBrandsNbaTextWashingtonWizards_f17ino8x{color:#FFFFFFFF}
.ButtonOddsIconOnFlucsDown_fmmgb74{color:#a00303ff}.ButtonOddsIconOnFlucsUp_f20
10mj{color:#287227ff}.ButtonOddsMultiWarningIconOnFalse_f1dwzwsw{color:#640a02f
f}.ButtonOddsStandardIconOnFalse_flbsmki{color:#0a375cff}.ButtonOddsStandardIco
nOnTrue_fekwa69{color:#ffffffff}.FillInteractiveOnBrandInactive_fqaggwv{backgro
und-color:#0238647a}.FillInteractiveOnBrandOffDefault_f8gy5l{background-color:#
023864ff}.FillInteractiveOnBrandOffHover_fkmvcxm{background-color:#0470c8ff}.Fi
llInteractiveOnBrandOffPress_f8gy5l{background-color:#023864ff}.FillInteractive
OnBrandOnDefault_fkmvcxm{background-color:#0470c8ff}.FillInteractiveOnBrandOnHo
ver_f1nqbzg0{background-color:#37a3fbff}.FillInteractiveOnBrandOnPress_f1d3hxqb
{background-color:#035ca5ff}.FillInteractiveAccentOnDefault_furhalc{background-
color:#f9d801ff}.FillInteractiveAccentOnHover_fvp9uwg{background-color:#fee334f
f}.FillInteractiveAccentOnPress_furhalc{background-color:#f9d801ff}.FillInterac
tiveInactive_fyc3bql{background-color:#b8cde052}.FillInteractiveNormalOffDefaul
t_f1ojs4dj{background-color:#edf3f7ff}.FillInteractiveNormalOffHover_fqa7ns1{ba
ckground-color:#dbe6f0ff}.FillInteractiveNormalOffPress_f16g2ay2{background-col
or:#b8cde0ff}.FillInteractiveNormalOnDefault_fkmvcxm{background-color:#0470c8ff
}.FillInteractiveNormalOnDefaultFloating_f1f18izm{background-color:#ffffffff}.F
illInteractiveNormalOnHover_f1nqbzg0{background-color:#37a3fbff}.FillInteractiv
eNormalOnPress_f1d3hxqb{background-color:#035ca5ff}.FillInteractiveStrongOffDef
ault_f6rt99j{background-color:#e5f3ffff}.FillInteractiveStrongOffHover_f1f18izm
{background-color:#ffffffff}.FillInteractiveStrongOffPress_f6rt99j{background-c
olor:#e5f3ffff}.FillInteractiveSubduedOffDefault_f1f18izm{background-color:#fff
fffff}.FillInteractiveSubduedOffHover_f1f18izm{background-color:#ffffffff}.Fill
InteractiveSubduedOffPress_f1f18izm{background-color:#ffffffff}.FillShadowEleva
tionLevel1_f11iswdx{background-color:#011c3214}.FillShadowElevationLevel2_f1qx2
26z{background-color:#011c3229}.FillShadowElevationLevel3_f3sj0ts{background-co
lor:#011c3266}.FillShadowElevationLevel4_f123918w{background-color:#011c32cc}.F
illStatusOnBrandSuccessNormal_f1froin5{background-color:#369834ff}.FillStatusOn
BrandSuccessSubdued_foz7njq{background-color:#d9f2d9ff}.FillStatusOnBrandUrgent
Normal_fwhs9fp{background-color:#fa0505ff}.FillStatusOnBrandUrgentSubdued_fq2c0
n5{background-color:#fee6e6ff}.FillStatusOnBrandValueNormal_furhalc{background-
color:#f9d801ff}.FillStatusOnBrandValueSubdued_fkpfe8s{background-color:#fff8cc
ff}.FillStatusOnBrandWarningNormal_f1men7yz{background-color:#c83504ff}.FillSta
tusOnBrandWarningSubdued_f1naebhi{background-color:#feeecdff}.FillStatusInforma
tionNormal_fkmvcxm{background-color:#0470c8ff}.FillStatusInformationSubdued_f6r
t99j{background-color:#e5f3ffff}.FillStatusSuccessNormal_f1froin5{background-co
lor:#369834ff}.FillStatusSuccessStrong_flm7udk{background-color:#287227ff}.Fill
StatusSuccessSubdued_f1x3g458{background-color:#ecf8ecff}.FillStatusUrgentNorma
l_f1bz2dtl{background-color:#c80404ff}.FillStatusUrgentSubdued_fq2c0n5{backgrou
nd-color:#fee6e6ff}.FillStatusValueNormal_furhalc{background-color:#f9d801ff}.F
illStatusValueSubdued_f1hvp5ck{background-color:#fffce6ff}.FillStatusWarningNor
mal_f1men7yz{background-color:#c83504ff}.FillStatusWarningSubdued_f1bfcccs{back
ground-color:#fef8e6ff}.FillBrandNormal_f8gy5l{background-color:#023864ff}.Fill
BrandStrong_f1bntj74{background-color:#011c32ff}.FillBrandSubdued_f1d3hxqb{back
ground-color:#035ca5ff}.FillNormal_fqa7ns1{background-color:#dbe6f0ff}.FillStro
ng_f1f18izm{background-color:#ffffffff}.FillSubdued_f1ojs4dj{background-color:#
edf3f7ff}.ButtonFillAccentDefault_fz2p0jo{background-color:#feea67ff}.ButtonFil
lAccentHover_f16ipqtq{background-color:#fef19aff}.ButtonFillAccentPress_fz2p0jo
{background-color:#feea67ff}.ButtonFillAccentOnBrandDefault_furhalc{background-
color:#f9d801ff}.ButtonFillAccentOnBrandHover_fz2p0jo{background-color:#feea67f
f}.ButtonFillAccentOnBrandPress_furhalc{background-color:#f9d801ff}.ButtonFillH
ighEmphasisDefault_f12y7drf{background-color:#4bc149ff}.ButtonFillHighEmphasisH
over_fib6azj{background-color:#8ed88dff}.ButtonFillHighEmphasisPress_f12y7drf{b
ackground-color:#4bc149ff}.ButtonFillLowEmphasisDefault_f6rt99j{background-colo
r:#e5f3ffff}.ButtonFillLowEmphasisHover_f1f18izm{background-color:#ffffffff}.Bu
ttonFillLowEmphasisPress_f6rt99j{background-color:#e5f3ffff}.ButtonFillMediumEm
phasisDefault_f8gy5l{background-color:#023864ff}.ButtonFillMediumEmphasisHover_
fkmvcxm{background-color:#0470c8ff}.ButtonFillMediumEmphasisPress_f8gy5l{backgr
ound-color:#023864ff}.ButtonFillMediumEmphasisOnBrandHover_f1f18izm{background-
color:#ffffffff}.ButtonFillMediumEmphasisOnBrandPress_f1ojs4dj{background-color
:#edf3f7ff}.ButtonFillOnBrandHighEmphasisDefault_f12y7drf{background-color:#4bc
149ff}.ButtonFillOnBrandHighEmphasisHover_fib6azj{background-color:#8ed88dff}.B
uttonFillOnBrandHighEmphasisPress_f12y7drf{background-color:#4bc149ff}.ButtonFi
llOnBrandLowEmphasisDefault_f8gy5l{background-color:#023864ff}.ButtonFillOnBran
dLowEmphasisHover_fkmvcxm{background-color:#0470c8ff}.ButtonFillOnBrandLowEmpha
sisPress_f8gy5l{background-color:#023864ff}.ButtonFillOnBrandMediumEmphasisDefa
ult_f6rt99j{background-color:#e5f3ffff}.ButtonToggleOddsFillOffDefault_f6rt99j{
background-color:#e5f3ffff}.ButtonToggleOddsFillOffHover_f1f18izm{background-co
lor:#ffffffff}.ButtonToggleOddsFillOffPress_f6rt99j{background-color:#e5f3ffff}
.ButtonToggleOddsFillOnDefault_fkmvcxm{background-color:#0470c8ff}.ButtonToggle
OddsFillOnHover_f1nqbzg0{background-color:#37a3fbff}.ButtonToggleOddsFillOnPres
s_f1d3hxqb{background-color:#035ca5ff}.ButtonToggleValueFillOffDefault_f1ojs4dj
{background-color:#edf3f7ff}.ButtonToggleValueFillOffHover_f1f18izm{background-
color:#ffffffff}.ButtonToggleValueFillOffPress_f1ojs4dj{background-color:#edf3f
7ff}.ButtonToggleValueFillOnDefault_furhalc{background-color:#f9d801ff}.ButtonT
oggleValueFillOnHover_fvp9uwg{background-color:#fee334ff}.ButtonToggleValueFill
OnPress_f1g16djk{background-color:#cbb001ff}.ButtonAlertFillInformationDefault_
f1fhk8jy{background-color:#9bd1fdff}.ButtonAlertFillInformationHover_f1rnj6vv{b
ackground-color:#cde8feff}.ButtonAlertFillInformationPress_f1fhk8jy{background-
color:#9bd1fdff}.ButtonAlertFillSuccessDefault_fa2hyut{background-color:#b4e5b3
ff}.ButtonAlertFillSuccessHover_foz7njq{background-color:#d9f2d9ff}.ButtonAlert
FillSuccessPress_fa2hyut{background-color:#b4e5b3ff}.ButtonAlertFillUrgentDefau
lt_fuuv4dc{background-color:#fd9b9bff}.ButtonAlertFillUrgentHover_f1uvc9xd{back
ground-color:#fecdcdff}.ButtonAlertFillUrgentPress_fuuv4dc{background-color:#fd
9b9bff}.ButtonAlertFillWarningDefault_fnja7zf{background-color:#fdd49bff}.Butto
nAlertFillWarningHover_f1naebhi{background-color:#feeecdff}.ButtonAlertFillWarn
ingPress_fnja7zf{background-color:#fdd49bff}.ButtonHeaderBetSlipFillDefault_fur
halc{background-color:#f9d801ff}.ButtonHeaderBetSlipFillHover_fz2p0jo{backgroun
d-color:#feea67ff}.ButtonHeaderBetSlipFillPress_f1g16djk{background-color:#cbb0
01ff}.ButtonHeaderBetSlipText_f1jia0hf{background-color:#332c00ff}.ButtonHeader
MyBetsFillDefault_f8gy5l{background-color:#023864ff}.ButtonHeaderMyBetsFillHove
r_fkmvcxm{background-color:#0470c8ff}.ButtonHeaderMyBetsFillPress_f1bntj74{back
ground-color:#011c32ff}.ButtonHeaderMyBetsText_f1f18izm{background-color:#fffff
fff}.ButtonHeaderSearchFillDefault_fkmvcxm{background-color:#0470c8ff}.ButtonHe
aderSearchFillHover_f1nqbzg0{background-color:#37a3fbff}.ButtonHeaderSearchFill
Press_f8gy5l{background-color:#023864ff}.ButtonHeaderSearchIcon_f1f18izm{backgr
ound-color:#ffffffff}.ButtonOddsFillFlucsDownDefault_fq2c0n5{background-color:#
fee6e6ff}.ButtonOddsFillFlucsUpDefault_f1x3g458{background-color:#ecf8ecff}.But
tonOddsMultiWarningFillFalseDefault_f1naebhi{background-color:#feeecdff}.Button
OddsMultiWarningFillFalseHover_f1bfcccs{background-color:#fef8e6ff}.ButtonOddsM
ultiWarningFillFalsePress_fnja7zf{background-color:#fdd49bff}.ButtonOddsStandar
dFillFalseDefault_f1ojs4dj{background-color:#edf3f7ff}.ButtonOddsStandardFillFa
lseHover_f1f18izm{background-color:#ffffffff}.ButtonOddsStandardFillFalsePress_
fqa7ns1{background-color:#dbe6f0ff}.ButtonOddsStandardFillTrueDefault_fkmvcxm{b
ackground-color:#0470c8ff}.ButtonOddsStandardFillTrueHover_f1nqbzg0{background-
color:#37a3fbff}.ButtonOddsStandardFillTruePress_f1d3hxqb{background-color:#035
ca5ff}.ButtonOddsValueFillFalseDefault_fkpfe8s{background-color:#fff8ccff}.Butt
onOddsValueFillFalseHover_f1hvp5ck{background-color:#fffce6ff}.ButtonOddsValueF
illFalsePress_f16ipqtq{background-color:#fef19aff}.ButtonOddsValueFillTrueDefau
lt_furhalc{background-color:#f9d801ff}.ButtonOddsValueFillTrueHover_fvp9uwg{bac
kground-color:#fee334ff}.ButtonOddsValueFillTruePress_f1g16djk{background-color
:#cbb001ff}.SF_PRO_BLD_10_12_f1m4j3pj{display:block;font-family:Roboto, sans-se
rif;font-size:0.625rem;font-weight:bold;line-height:0.75rem}.SF_PRO_BLD_10_12_f
1m4j3pj span{font-family:Roboto, sans-serif;font-size:0.625rem;font-weight:bold
;line-height:0.75rem;white-space:nowrap}.SF_PRO_REG_10_12_fwpgav{display:block;
font-family:Roboto, 
sans-serif;font-size:0.625rem;line-height:0.75rem}.SF_PRO_REG_10_12_fwpgav 
span{font-family:Roboto, sans-serif;font-size:0.625rem;line-height:0.75rem;whit
e-space:nowrap}.SF_PRO_BLD_12_16_f19gvpxj{display:block;font-family:Roboto, san
s-serif;font-size:0.75rem;font-weight:bold;line-height:1rem}.SF_PRO_BLD_12_16_f
19gvpxj span{font-family:Roboto, sans-serif;font-size:0.75rem;font-weight:bold;
line-height:1rem;white-space:nowrap}.SF_PRO_BLD_12_16_TRACKING_WIDE_f1y2xevb{di
splay:block;font-family:Roboto, sans-serif;font-size:0.75rem;font-weight:bold;l
etter-spacing:0.08em;line-height:1rem}.SF_PRO_BLD_12_16_TRACKING_WIDE_f1y2xevb 
span{font-family:Roboto, sans-serif;font-size:0.75rem;font-weight:bold;letter-s
pacing:0.08em;line-height:1rem;white-space:nowrap}.SF_PRO_REG_12_16_f1wbeix3{di
splay:block;font-family:Roboto, 
sans-serif;font-size:0.75rem;line-height:1rem}.SF_PRO_REG_12_16_f1wbeix3 
span{font-family:Roboto, sans-serif;font-size:0.75rem;line-height:1rem;white-sp
ace:nowrap}.SF_PRO_REG_12_16_TRACKING_WIDE_fv4iobr{display:block;font-family:Ro
boto, sans-serif;font-size:0.75rem;letter-spacing:0.08em;line-height:1rem}.SF_P
RO_REG_12_16_TRACKING_WIDE_fv4iobr span{font-family:Roboto, sans-serif;font-siz
e:0.75rem;letter-spacing:0.08em;line-height:1rem;white-space:nowrap}.SF_PRO_BLD
_14_16_fpqs91j{display:block;font-family:Roboto, sans-serif;font-size:0.875rem;
font-weight:bold;line-height:1rem}.SF_PRO_BLD_14_16_fpqs91j 
span{font-family:Roboto, sans-serif;font-size:0.875rem;font-weight:bold;line-he
ight:1rem;white-space:nowrap}.SF_PRO_REG_14_16_f1ywtudj{display:block;font-fami
ly:Roboto, 
sans-serif;font-size:0.875rem;line-height:1rem}.SF_PRO_REG_14_16_f1ywtudj 
span{font-family:Roboto, sans-serif;font-size:0.875rem;line-height:1rem;white-s
pace:nowrap}.SF_PRO_BLD_18_24_f7vp613{display:block;font-family:Roboto, sans-se
rif;font-size:1.125rem;font-weight:bold;line-height:1.5rem}.SF_PRO_BLD_18_24_f7
vp613 span{font-family:Roboto, sans-serif;font-size:1.125rem;font-weight:bold;l
ine-height:1.5rem;white-space:nowrap}.SF_PRO_REG_18_24_fw7n4w7{display:block;fo
nt-family:Roboto, 
sans-serif;font-size:1.125rem;line-height:1.5rem}.SF_PRO_REG_18_24_fw7n4w7 
span{font-family:Roboto, sans-serif;font-size:1.125rem;line-height:1.5rem;white
-space:nowrap}.SF_PRO_BLK_18_24_f1h8trpj{display:block;font-family:Roboto, sans
-serif;font-size:1.125rem;font-weight:900;line-height:1.5rem}.SF_PRO_BLK_18_24_
f1h8trpj span{font-family:Roboto, sans-serif;font-size:1.125rem;font-weight:900
;line-height:1.5rem;white-space:nowrap}.SF_PRO_BLD_24_28_f1baambr{display:block
;font-family:Roboto, sans-serif;font-size:1.5rem;font-weight:bold;line-height:1
.75rem}.SF_PRO_BLD_24_28_f1baambr span{font-family:Roboto, sans-serif;font-size
:1.5rem;font-weight:bold;line-height:1.75rem;white-space:nowrap}.SF_PRO_BLK_24_
28_f85ifgn{display:block;font-family:Roboto, sans-serif;font-size:1.5rem;font-w
eight:900;line-height:1.75rem}.SF_PRO_BLK_24_28_f85ifgn 
span{font-family:Roboto, sans-serif;font-size:1.5rem;font-weight:900;line-heigh
t:1.75rem;white-space:nowrap}.SF_PRO_BLD_32_32_TRACKING_NARROW_f17ap153{display
:block;font-family:Roboto, sans-serif;font-size:2rem;font-weight:bold;letter-sp
acing:-0.04em;line-height:2rem}.SF_PRO_BLD_32_32_TRACKING_NARROW_f17ap153 
span{font-family:Roboto, sans-serif;font-size:2rem;font-weight:bold;letter-spac
ing:-0.04em;line-height:2rem;white-space:nowrap}.SF_PRO_BLD_10_12_f1oqauhj{font
-family:Roboto, sans-serif;font-size:0.625rem;font-weight:bold;line-height:0.75
rem}.SF_PRO_REG_10_12_fiiscct{font-family:Roboto, sans-serif;font-size:0.625rem
;line-height:0.75rem}.SF_PRO_BLD_12_16_f128vvux{font-family:Roboto, sans-serif;
font-size:0.75rem;font-weight:bold;line-height:1rem}.SF_PRO_BLD_12_16_TRACKING_
WIDE_feox9pg{font-family:Roboto, sans-serif;font-size:0.75rem;font-weight:bold;
letter-spacing:0.08em;line-height:1rem}.SF_PRO_REG_12_16_ftl08fn{font-family:Ro
boto, sans-serif;font-size:0.75rem;line-height:1rem}.SF_PRO_REG_12_16_TRACKING_
WIDE_f1gr7xfi{font-family:Roboto, sans-serif;font-size:0.75rem;letter-spacing:0
.08em;line-height:1rem}.SF_PRO_BLD_14_16_fyiaz5{font-family:Roboto, sans-serif;
font-size:0.875rem;font-weight:bold;line-height:1rem}.SF_PRO_REG_14_16_fopsgmj{
font-family:Roboto, sans-serif;font-size:0.875rem;line-height:1rem}.SF_PRO_BLD_
18_24_f150vuzr{font-family:Roboto, sans-serif;font-size:1.125rem;font-weight:bo
ld;line-height:1.5rem}.SF_PRO_REG_18_24_f1aj9gu5{font-family:Roboto, sans-serif
;font-size:1.125rem;line-height:1.5rem}.SF_PRO_BLK_18_24_fgonmm3{font-family:Ro
boto, sans-serif;font-size:1.125rem;font-weight:900;line-height:1.5rem}.SF_PRO_
BLD_24_28_fwpmsk3{font-family:Roboto, sans-serif;font-size:1.5rem;font-weight:b
old;line-height:1.75rem}.SF_PRO_BLK_24_28_fq1nj1r{font-family:Roboto, sans-seri
f;font-size:1.5rem;font-weight:900;line-height:1.75rem}.SF_PRO_BLD_32_32_TRACKI
NG_NARROW_f1ae0rqg{font-family:Roboto, sans-serif;font-size:2rem;font-weight:bo
ld;letter-spacing:-0.04em;line-height:2rem}.oneLine_f15ay66x{display:block;over
flow:hidden;text-overflow:ellipsis;white-space:nowrap}.reminderOff_fyimeg2::bef
ore{content:"\ue98b"}.trainer_fkuilyl::before{content:"\ue984"}.driver_f1t3bq5o
::before{content:"\ue985"}.clock_f192brqh::before{content:"\ue000"}.clock2_fia0
tyg::before{content:"\ue001"}.print_fjxnw6j::before{content:"\ue002"}.search_fp
sv31m::before{content:"\ue003"}.zoomIn_fdevfvx::before{content:"\ue004"}.zoomOu
t_f1lnok30::before{content:"\ue005"}.cog_f1nbbmb3::before{content:"\ue006"}.sta
r_f1t6it66::before{content:"\ue007"}.star2_f1acfx29::before{content:"\ue008"}.v
olumeHigh_fjk4za8::before{content:"\ue009"}.volumeMedium_fl7s1ib::before{conten
t:"\ue00a"}.volumeLow_fr2z8de::before{content:"\ue00b"}.volumeMute_feozl7p::bef
ore{content:"\ue00c"}.volumeMute2_f1mxspes::before{content:"\ue00d"}.volumeDecr
ease_f1olfrmv::before{content:"\ue00e"}.volumeIncrease_f1ugmyhy::before{content
:"\ue00f"}.play_fx8v0ah::before{content:"\ue010"}.pause_f6gk2ig::before{content
:"\ue011"}.stop_f8474qj::before{content:"\ue012"}.sun_fdzeblm::before{content:"
\ue013"}.sun2_f1leofx::before{content:"\ue014"}.rainy_f19u7sn0::before{content:
"\ue015"}.rainy2_f1bhuuv3::before{content:"\ue016"}.cloudy_f1hd21q6::before{con
tent:"\ue017"}.cloudy2_fyiz5m9::before{content:"\ue018"}.cloudy3_f7qo7u8::befor
e{content:"\ue019"}.cloudy4_f9eba2b::before{content:"\ue01a"}.bookmark_ff9igxe:
:before{content:"\ue01b"}.phone_f2vitrp::before{content:"\ue01c"}.bullhorn_f1b4
bxys::before{content:"\ue01d"}.attachment_f1crz06v::before{content:"\ue01e"}.th
umbsUp_f1in671y::before{content:"\ue01f"}.thumbsUp2_f1m82b61::before{content:"\
ue020"}.cursor_fqfat8o::before{content:"\ue021"}.playAlt_ffev9mz::before{conten
t:"\ue022"}.bars_f1in7toq::before{content:"\ue023"}.download_fqklzbh::before{co
ntent:"\ue024"}.music_f1tsyjd8::before{content:"\ue025"}.newspaper_f1isizrj::be
fore{content:"\ue026"}.addIsolated_fmzrhu6::before{content:"\ue027"}.add_f1ni6g
ht::before{content:"\ue028"}.alertIsolated_frpeykg::before{content:"\ue029"}.al
ert_fgozeyr::before{content:"\ue02a"}.arrowBottom_f1jxbz0i::before{content:"\ue
02b"}.arrowDouble_fruq4n9::before{content:"\ue02c"}.arrowLeft_f1v32op0::before{
content:"\ue02d"}.arrowRight_f1k2n53b::before{content:"\ue02e"}.arrowTop_fo9vn5
y::before{content:"\ue02f"}.blackbook_f1aeljq1::before{content:"\ue030"}.chevro
nBottom_felu1so::before{content:"\ue031"}.chevronLeft_f3lei6z::before{content:"
\ue032"}.chevronRight_f16tr28q::before{content:"\ue033"}.chevronTop_fer57vh::be
fore{content:"\ue034"}.closeIsolated_f1hzhrx8::before{content:"\ue035"}.close_f
16z28bj::before{content:"\ue036"}.correctIsolated_fb6aqe6::before{content:"\ue0
37"}.correct_f1bopp1t::before{content:"\ue038"}.delete2_ffvy74g::before{content
:"\ue039"}.withdraw_f4vinir::before{content:"\ue03a"}.email_f183v7ki::before{co
ntent:"\ue03b"}.flag_fg19d79::before{content:"\ue03c"}.hamburger_f1j9lx90::befo
re{content:"\ue03d"}.help_f1896dnb::before{content:"\ue03e"}.home_fcgevpy::befo
re{content:"\ue03f"}.info_f1246zxl::before{content:"\ue040"}.lightbulb_f18mnpwo
::before{content:"\ue041"}.liveChat_f19n190r::before{content:"\ue042"}.live_fjh
zucq::before{content:"\ue043"}.lock_f6gqo31::before{content:"\ue044"}.page_fcz7
e24::before{content:"\ue045"}.pencil_fdzkx67::before{content:"\ue046"}.radio_f1
mvnkha::before{content:"\ue047"}.refresh_f13eb59d::before{content:"\ue048"}.rem
inder_f19wrv8g::before{content:"\ue049"}.removeIsolated_f1ax5ecj::before{conten
t:"\ue04a"}.remove_fks3zoi::before{content:"\ue04b"}.results_f7qutet::before{co
ntent:"\ue04c"}.runner_fe9bjdw::before{content:"\ue04d"}.silkOutline_ff9p2hz::b
efore{content:"\ue04e"}.silk_f1o5rpt2::before{content:"\ue04f"}.specials_fqaq8h
l::before{content:"\ue050"}.sports_fwt6ygo::before{content:"\ue051"}.tipping_fx
tkhkr::before{content:"\ue052"}.userAdd_f7oj2wq::before{content:"\ue053"}.userM
ultiple_f1todym5::before{content:"\ue054"}.user_f15qmm4::before{content:"\ue055
"}.greyhound_f2645q7::before{content:"\ue056"}.harness_f1b26t1a::before{content
:"\ue057"}.horse_frkudtd::before{content:"\ue058"}.horses_fy3b3sg::before{conte
nt:"\ue059"}.americanFootball_fz3omwj::before{content:"\ue05a"}.athletics_f8yn8
8i::before{content:"\ue05b"}.australianRules_f1uyi3xx::before{content:"\ue05c"}
.badminton_f2furxw::before{content:"\ue05d"}.baseball_f3g8b1z::before{content:"
\ue05e"}.basketball_f1ccayd2::before{content:"\ue05f"}.biathlon_fy8nwi1::before
{content:"\ue060"}.boules_f1smvgo::before{content:"\ue061"}.bowls_f1ng1bkb::bef
ore{content:"\ue062"}.boxing_fr00aiy::before{content:"\ue063"}.bullFighting_f2l
7knh::before{content:"\ue064"}.chess_f156all8::before{content:"\ue065"}.cricket
_frskzpr::before{content:"\ue066"}.curling_f1udo0ni::before{content:"\ue067"}.c
ycling_fzis1tt::before{content:"\ue068"}.darts_f32r0sg::before{content:"\ue069"
}.diving_f1oq5gw3::before{content:"\ue06a"}.equestrian_fsa4fuq::before{content:
"\ue06b"}.fencing_f3vbpz9::before{content:"\ue06c"}.gaelicFootball_f16geqx0::be
fore{content:"\ue06d"}.golf_ft2p51j::before{content:"\ue06e"}.gymnastics_f1vns5
za::before{content:"\ue06f"}.handball_fmf7521::before{content:"\ue070"}.hockey_
f1p0a5zs::before{content:"\ue071"}.hurling_f1bmkk4b::before{content:"\ue072"}.i
ceHockey_ff6jj2y::before{content:"\ue073"}.ironman_f1psuv6l::before{content:"\u
e074"}.motorRacing_ftctu58::before{content:"\ue075"}.pool_ffz489r::before{conte
nt:"\ue076"}.rowing_f1ik797i::before{content:"\ue077"}.rugbyUnion_fnpbadt::befo
re{content:"\ue078"}.sailing_f1qaebbk::before{content:"\ue079"}.skiing_f1cwopg3
::before{content:"\ue07a"}.snooker_fggnoeq::before{content:"\ue07b"}.soccer_f1r
2z0id::before{content:"\ue07c"}.squash_fumxzh0::before{content:"\ue07d"}.surfin
g_fh98dlj::before{content:"\ue07e"}.swimming_f1jubeja::before{content:"\ue07f"}
.tableTennis_f4bz9ux::before{content:"\ue080"}.taekwondo_f1ckse20::before{conte
nt:"\ue081"}.tenPinBowling_f1e8fga3::before{content:"\ue082"}.tennis_f1k3mn56::
before{content:"\ue083"}.ufc_f17pmzzh::before{content:"\ue084"}.volleyball_fgxc
27g::before{content:"\ue085"}.waterpolo_fikz4fj::before{content:"\ue086"}.enter
tainment_fog6bam::before{content:"\ue087"}.financial_f5m3f6p::before{content:"\
ue088"}.novelty_f1duwjds::before{content:"\ue089"}.pageant_f1fijllv::before{con
tent:"\ue08a"}.poker_f1ldqsgy::before{content:"\ue08b"}.politics_f18zr5b9::befo
re{content:"\ue08c"}.archery_fi7g7j8::before{content:"\ue08d"}.fishing_fjv39rb:
:before{content:"\ue08e"}.medal_fpqagme::before{content:"\ue08f"}.trampoline_f1
rjmke1::before{content:"\ue090"}.weightlifting_f10rbmm0::before{content:"\ue091
"}.wrestling_f12eyou3::before{content:"\ue092"}.youtube_f18a5vp6::before{conten
t:"\ue093"}.rugby_fvw68jh::before{content:"\ue094"}.facebook_f53varg::before{co
ntent:"\ue095"}.twitter_f6riczj::before{content:"\ue096"}.betting_fcmpjum::befo
re{content:"\ue097"}.badge1_f1stqppt::before{content:"\ue098"}.badge2_f121frxs:
:before{content:"\ue099"}.badge3_f13p2u5v::before{content:"\ue09a"}.ladder_f19k
a10y::before{content:"\ue09b"}.unlocked_fx6adv9::before{content:"\ue09c"}.runne
rSolid_f10mpcfd::before{content:"\ue600"}.cashout_f9ueenc::before{content:"\ue6
01"}.switch_fbi1gvf::before{content:"\ue602"}.blog_fhd8nqi::before{content:"\ue
603"}.instagram_f4z90kt::before{content:"\ue604"}.cricketBat_f1d824rw::before{c
ontent:"\ue605"}.playOutline_f1evp6zz::before{content:"\ue606"}.new_f1kqwdv2::b
efore{content:"\ue607"}.blackbookOutline_f11wthr5::before{content:"\ue608"}.bla
ckbookBook_fb4ijz4::before{content:"\ue609"}.share_fcs5m77::before{content:"\ue
60a"}.speech_f69d5wl::before{content:"\ue60c"}.dollarOutline_f1g5tcbr::before{c
ontent:"\ue60e"}.fastPhone_fm77dpl::before{content:"\ue900"}.alertWarning_f1ug0
hwo::before{content:"\ue901"}.blackbookAdd_f1w3nk4r::before{content:"\ue902"}.e
sports_f2xqp0q::before{content:"\ue903"}.betWinPlace_f1pkv3u5::before{content:"
\ue904"}.betExotics_fysk624::before{content:"\ue905"}.betQuaddies_f10g78a7::bef
ore{content:"\ue906"}.moreHorizontal_f16bef5a::before{content:"\ue907"}.multis_
fnhbj1d::before{content:"\ue908"}.creditCard_f1vq4n8g::before{content:"\ue909"}
.bonusBet_f1xdrpgj::before{content:"\ue90a"}.moreVertical_f47uuci::before{conte
nt:"\ue90b"}.arrowDropDown_f1quz95x::before{content:"\ue90c"}.arrowDropUp_f102o
bdw::before{content:"\ue90d"}.arrowBack_f11qbdlz::before{content:"\ue90e"}.arro
wForward_f17likh2::before{content:"\ue90f"}.visibility_fadqm9l::before{content:
"\ue910"}.visibilityOff_f1imjqgo::before{content:"\ue911"}.arrowDoubleAlt_f1ka6
sor::before{content:"\ue912"}.chevronBottomAlt_f1q5dzju::before{content:"\ue913
"}.chevronLeftAlt_f1drece5::before{content:"\ue914"}.chevronRightAlt_fmz3em4::b
efore{content:"\ue915"}.chevronTopAlt_fomqgu7::before{content:"\ue916"}.closeIs
olatedAlt_fuhxnpa::before{content:"\ue917"}.correctIsolatedAlt_fbnurld::before{
content:"\ue918"}.eighteenPlus_f1jwnvsg::before{content:"\ue919"}.exitApp_f1lka
y0j::before{content:"\ue91a"}.powerPlay_f1rfi4vm::before{content:"\ue91b"}.best
bets_f1f1ihpx::before{content:"\ue91c"}.racingandsports_fm4mrad::before{content
:"\ue98c"}.reminderEmpty_fo97jxw::before{content:"\ue91d"}.enterManually_fpwum5
z::before{content:"\ue91e"}.camera_fvs1t12::before{content:"\ue91f"}.androidSha
re_fzcxx55::before{content:"\ue920"}.pinOutline_f3k6f7s::before{content:"\ue921
"}.raceReplay_f1rkuxl7::before{content:"\ue922"}.moon_fvs3fnu::before{content:"
\ue923"}.cloudy5_f3phlal::before{content:"\ue924"}.rainy4_f16xu5cc::before{cont
ent:"\ue925"}.rainy3_fvxelqn::before{content:"\ue926"}.bachelor_f4n3ta::before{
content:"\ue927"}.trump_f10n22gx::before{content:"\ue928"}.speedometer_f4uakjk:
:before{content:"\ue929"}.topRated_f1suz2wz::before{content:"\ue92a"}.pinFill_f
x27kzm::before{content:"\ue92b"}.getOn_f4zlqmd::before{content:"\ue92c"}.copy_f
187yao4::before{content:"\ue92d"}.chevronDoubleBottom_fx7ir2f::before{content:"
\ue92e"}.chevronDoubleTop_f1er952::before{content:"\ue92f"}.sbFeed_fnjh5p5::bef
ore{content:"\ue930"}.delete_f1qrtpqw::before{content:"\ue931"}.pictureInPictur
e_f1fre657::before{content:"\ue932"}.fullScreen_fjymo7u::before{content:"\ue933
"}.exitFullScreen_f1qx4vtp::before{content:"\ue934"}.flame_fv4ddwc::before{cont
ent:"\ue935"}.filter_fk3xuan::before{content:"\ue936"}.transfer_f1ncaece::befor
e{content:"\ue937"}.sameGameMulti_fotlb0x::before{content:"\ue938"}.track_f1s1x
v2o::before{content:"\ue939"}.nbl_f1h1ibgz::before{content:"\ue93a"}.epl_fl8qtj
m::before{content:"\ue93b"}.aLeague_f1s7915h::before{content:"\ue93c"}.champion
sLeague_fwehj84::before{content:"\ue93d"}.laLiga_fle1zmf::before{content:"\ue93
e"}.serieA_f1omejo6::before{content:"\ue93f"}.mls_ff92lwp::before{content:"\ue9
40"}.uefaEuropa_flrjbvs::before{content:"\ue941"}.bundesliga_fmrwuzv::before{co
ntent:"\ue942"}.ligue1_f1vnziay::before{content:"\ue943"}.faCup_f1imqc19::befor
e{content:"\ue944"}.targetedPricing_f1p5720c::before{content:"\ue945"}.fixedodd
s_f1q5kl4f::before{content:"\ue946"}.sky1_f100j6ge::before{content:"\ue947"}.sk
y2_fgj6r8h::before{content:"\ue948"}.betReturn_fn1nh7k::before{content:"\ue949"
}.expandPicInPic_fo210bn::before{content:"\ue94a"}.fbMessenger_f1wy3nmq::before
{content:"\ue94b"}.link_f1jwuhd1::before{content:"\ue94c"}.whatsapp_f1qfb7c4::b
efore{content:"\ue94d"}.betwithmates_f1rfoqg7::before{content:"\ue94e"}.arrowDo
wn_f11anbs6::before{content:"\ue94f"}.arrowUp_f3flugp::before{content:"\ue950"}
.sbLogo_f9y2kfs::before{content:"\ue951"}.globe_fayg3jv::before{content:"\ue952
"}.powerPrice_f1juiquy::before{content:"\ue953"}.figureskating_f16t9kl9::before
{content:"\ue954"}.bobsleigh_f1dbqakc::before{content:"\ue955"}.speedskating_f1
ec3tof::before{content:"\ue956"}.snowboarding_fo72f0e::before{content:"\ue957"}
.skeleton_f4ppzsh::before{content:"\ue958"}.luge_fb86prk::before{content:"\ue95
9"}.personal_fc8k8vn::before{content:"\ue95a"}.location_f1l4mw6q::before{conten
t:"\ue95b"}.nfc_f183dpx1::before{content:"\ue95c"}.depositMatch_f1elufw4::befor
e{content:"\ue95d"}.inForm_f1fm7z07::before{content:"\ue95e"}.likesTheDistance_
fph6kc6::before{content:"\ue95f"}.likesTheTrack_fbdjih5::before{content:"\ue960
"}.likesTheWet_f1dymjew::before{content:"\ue961"}.placePerformer_f10kwxjf::befo
re{content:"\ue962"}.readyToFire_f44vwi2::before{content:"\ue963"}.starPerforme
r_f1er78lp::before{content:"\ue964"}.addReaction_fib67kc::before{content:"\ue96
5"}.medalTop_f4xglov::before{content:"\ue966"}.medalBottom_f17ijmmm::before{con
tent:"\ue967"}.fastFormLogo_fcnnnsx::before{content:"\ue968"}.blinkersOn_f1f8qo
qo::before{content:"\ue969"}.skyLogo_f11v12v7::before{content:"\ue96a"}.deposit
_f5f01tu::before{content:"\ue96b"}.paperPlane_f1g1bdxh::before{content:"\ue96c"
}.shield_fjlacw4::before{content:"\ue96d"}.sameRaceMulti_f67kr0n::before{conten
t:"\ue96e"}.morePlaces_f18snrye::before{content:"\ue96f"}.olympics_f1yl6t09::be
fore{content:"\ue970"}.croquet_f1255ryw::before{content:"\ue971"}.artisticSwimm
ing_forg63f::before{content:"\ue972"}.breaking_f1rcj716::before{content:"\ue973
"}.canoe_f12xqh5p::before{content:"\ue974"}.dodgeball_f6hpg4c::before{content:"
\ue975"}.judo_f1s53w7z::before{content:"\ue976"}.recentWin_fvp2v6m::before{cont
ent:"\ue977"}.winStreak_fu6wcx::before{content:"\ue978"}.shooting_f13f9xao::bef
ore{content:"\ue979"}.skateboarding_fq1kbf7::before{content:"\ue97a"}.sportClim
bing_f1smnccy::before{content:"\ue97b"}.apolloStar_f147umhh::before{content:"\u
e97c"}.fixedOddExotics_f7rtlg4::before{content:"\ue97d"}.invertedPowerPlay_f1tf
81jr::before{content:"\ue97e"}.invertedBetReturn_fwz70ie::before{content:"\ue97
f"}.invertedBonusBet_f1ghyxt5::before{content:"\ue980"}.rugbyLeague_fppo014::be
fore{content:"\ue981"}.searchStar_frdb297::before{content:"\ue982"}.specials2nd
_fx8i94a::before{content:"\ue983"}.invertedSpecials2nd_f1uqysdr::before{content
:"\ue986"}.doubleStakeBack_f1l1x9q::before{content:"\ue987"}.invertedDoubleStak
eBack_f1hs334x::before{content:"\ue988"}.bench_fqzs5cw::before{content:"\ue989"
}.bandage_fsnf7kz::before{content:"\ue98a"}.iconSmall_fmenoa3{-moz-user-select:
none;-ms-user-select:none;-webkit-touch-callout:none;-webkit-user-select:none;f
ont-family:Sportsbet-Icons;font-size:1rem;font-style:normal;user-select:none}.i
conMedium_fkc5bo0{-moz-user-select:none;-ms-user-select:none;-webkit-touch-call
out:none;-webkit-user-select:none;font-family:Sportsbet-Icons;font-size:1.5rem;
font-style:normal;user-select:none}.iconLarge_fuhn2fc{-moz-user-select:none;-ms
-user-select:none;-webkit-touch-callout:none;-webkit-user-select:none;font-fami
ly:Sportsbet-Icons;font-size:2rem;font-style:normal;user-select:none}.iconExtra
Large_f1wuaa95{-moz-user-select:none;-ms-user-select:none;-webkit-touch-callout
:none;-webkit-user-select:none;font-family:Sportsbet-Icons;font-size:3rem;font-
style:normal;user-select:none}.spacer_f1ksywg8{width:0.5rem}.FillInteractiveIna
ctive_fyc3bql{background-color:#b8cde052}.FillInteractiveOnBrandInactive_fqaggw
v{background-color:#0238647a}.FillInteractiveSubduedOffDefault_f1f18izm{backgro
und-color:#ffffffff}.FillInteractiveOnBrandOffDefault_f8gy5l{background-color:#
023864ff}.FillInteractiveOnBrandOnDefault_fkmvcxm{background-color:#0470c8ff}.F
illInteractiveNormalOnDefault_fkmvcxm{background-color:#0470c8ff}.FillInteracti
veNormalOnDefaultFloating_f1f18izm{background-color:#ffffffff}.FillInteractiveN
ormalOffDefault_f1ojs4dj{background-color:#edf3f7ff}.ButtonFillAccentDefault_fz
2p0jo{background-color:#feea67ff}.ButtonFillAccentOnBrandDefault_furhalc{backgr
ound-color:#f9d801ff}.ButtonFillHighEmphasisDefault_f12y7drf{background-color:#
4bc149ff}.ButtonFillLowEmphasisDefault_f6rt99j{background-color:#e5f3ffff}.Butt
onFillMediumEmphasisDefault_f8gy5l{background-color:#023864ff}.ButtonFillOnBran
dHighEmphasisDefault_f12y7drf{background-color:#4bc149ff}.ButtonFillOnBrandLowE
mphasisDefault_f8gy5l{background-color:#023864ff}.ButtonFillOnBrandMediumEmphas
isDefault_f6rt99j{background-color:#e5f3ffff}.ButtonToggleOddsFillOnDefault_fkm
vcxm{background-color:#0470c8ff}.ButtonToggleOddsFillOffDefault_f6rt99j{backgro
und-color:#e5f3ffff}.ButtonToggleValueFillOnDefault_furhalc{background-color:#f
9d801ff}.ButtonToggleValueFillOffDefault_f1ojs4dj{background-color:#edf3f7ff}.B
uttonAlertFillSuccessDefault_fa2hyut{background-color:#b4e5b3ff}.ButtonAlertFil
lUrgentDefault_fuuv4dc{background-color:#fd9b9bff}.ButtonAlertFillWarningDefaul
t_fnja7zf{background-color:#fdd49bff}.ButtonAlertFillInformationDefault_f1fhk8j
y{background-color:#9bd1fdff}.ButtonHeaderSearchFillDefault_fkmvcxm{background-
color:#0470c8ff}.ButtonOddsFillFlucsDownDefault_fq2c0n5{background-color:#fee6e
6ff}.ButtonOddsFillFlucsUpDefault_f1x3g458{background-color:#ecf8ecff}.ButtonOd
dsMultiWarningFillFalseDefault_f1naebhi{background-color:#feeecdff}.ButtonOddsS
tandardFillFalseDefault_f1ojs4dj{background-color:#edf3f7ff}.ButtonOddsStandard
FillTrueDefault_fkmvcxm{background-color:#0470c8ff}.ButtonOddsValueFillFalseDef
ault_fkpfe8s{background-color:#fff8ccff}.ButtonOddsValueFillTrueDefault_furhalc
{background-color:#f9d801ff}.FillInteractiveNormalOffPress_f6vok8q:active, .Fil
lInteractiveNormalOffPress_f6vok8q:active:hover{background-color:#b8cde0ff}.Fil
lInteractiveOnBrandOffPress_f1qe9rll:active, .FillInteractiveOnBrandOffPress_f1
qe9rll:active:hover{background-color:#023864ff}.FillInteractiveSubduedOffPress_
fuyjdiq:active, .FillInteractiveSubduedOffPress_fuyjdiq:active:hover{background
-color:#ffffffff}.FillInteractiveNormalOnPress_f5vxr4j:active, .FillInteractive
NormalOnPress_f5vxr4j:active:hover{background-color:#035ca5ff}.FillInteractiveO
nBrandOnPress_f5vxr4j:active, .FillInteractiveOnBrandOnPress_f5vxr4j:active:hov
er{background-color:#035ca5ff}.ButtonFillAccentPress_f11simc4:active, .ButtonFi
llAccentPress_f11simc4:active:hover{background-color:#feea67ff}.ButtonFillAccen
tOnBrandPress_f277c34:active, .ButtonFillAccentOnBrandPress_f277c34:active:hove
r{background-color:#f9d801ff}.ButtonFillHighEmphasisPress_f6ojgu3:active, .Butt
onFillHighEmphasisPress_f6ojgu3:active:hover{background-color:#4bc149ff}.Button
FillLowEmphasisPress_f1solyv:active, .ButtonFillLowEmphasisPress_f1solyv:active
:hover{background-color:#e5f3ffff}.ButtonFillMediumEmphasisPress_f1qe9rll:activ
e, .ButtonFillMediumEmphasisPress_f1qe9rll:active:hover{background-color:#02386
4ff}.ButtonFillMediumEmphasisOnBrandPress_f13n1id3:active, .ButtonFillMediumEmp
hasisOnBrandPress_f13n1id3:active:hover{background-color:#edf3f7ff}.ButtonFillO
nBrandHighEmphasisPress_f6ojgu3:active, .ButtonFillOnBrandHighEmphasisPress_f6o
jgu3:active:hover{background-color:#4bc149ff}.ButtonFillOnBrandLowEmphasisPress
_f1qe9rll:active, .ButtonFillOnBrandLowEmphasisPress_f1qe9rll:active:hover{back
ground-color:#023864ff}.ButtonToggleOddsFillOnPress_f5vxr4j:active, .ButtonTogg
leOddsFillOnPress_f5vxr4j:active:hover{background-color:#035ca5ff}.ButtonToggle
OddsFillOffPress_f1solyv:active, .ButtonToggleOddsFillOffPress_f1solyv:active:h
over{background-color:#e5f3ffff}.ButtonToggleValueFillOnPress_f1veyr9c:active, 
.ButtonToggleValueFillOnPress_f1veyr9c:active:hover{background-color:#cbb001ff}
.ButtonToggleValueFillOffPress_f13n1id3:active, .ButtonToggleValueFillOffPress_
f13n1id3:active:hover{background-color:#edf3f7ff}.ButtonAlertFillSuccessPress_f
eeolr9:active, .ButtonAlertFillSuccessPress_feeolr9:active:hover{background-col
or:#b4e5b3ff}.ButtonAlertFillUrgentPress_f1cizwts:active, .ButtonAlertFillUrgen
tPress_f1cizwts:active:hover{background-color:#fd9b9bff}.ButtonAlertFillWarning
Press_fmeisfv:active, .ButtonAlertFillWarningPress_fmeisfv:active:hover{backgro
und-color:#fdd49bff}.ButtonAlertFillInformationPress_fmvdwbi:active, .ButtonAle
rtFillInformationPress_fmvdwbi:active:hover{background-color:#9bd1fdff}.ButtonH
eaderSearchFillPress_f1qe9rll:active, .ButtonHeaderSearchFillPress_f1qe9rll:act
ive:hover{background-color:#023864ff}.ButtonOddsMultiWarningFillFalsePress_fmei
sfv:active, .ButtonOddsMultiWarningFillFalsePress_fmeisfv:active:hover{backgrou
nd-color:#fdd49bff}.ButtonOddsStandardFillFalsePress_f1pffjqp:active, .ButtonOd
dsStandardFillFalsePress_f1pffjqp:active:hover{background-color:#dbe6f0ff}.Butt
onOddsStandardFillTruePress_f5vxr4j:active, .ButtonOddsStandardFillTruePress_f5
vxr4j:active:hover{background-color:#035ca5ff}.ButtonOddsValueFillFalsePress_f1
vm2k2m:active, .ButtonOddsValueFillFalsePress_f1vm2k2m:active:hover{background-
color:#fef19aff}.ButtonOddsValueFillTruePress_f1veyr9c:active, .ButtonOddsValue
FillTruePress_f1veyr9c:active:hover{background-color:#cbb001ff}.TextInteractive
OnBrandNormalDefault_f1j7j3pp>span{color:#0470c8ff}.TextInteractiveOnBrandNorma
lInactive_f1y6l2m6>span{color:#709dc2ff}.TextInteractiveOnBrandSubduedDefault_f
v4u7w9>span{color:#9bd1fdff}.TextInteractiveOnBrandSubduedInactive_f1y6l2m6>spa
n{color:#709dc2ff}.TextInteractiveNormalDefault_f1j7j3pp>span{color:#0470c8ff}.
TextInteractiveNormalInactive_f1y6l2m6>span{color:#709dc2ff}.TextInteractiveStr
ongDefault_f1ti5ims>span{color:#035ca5ff}.TextInteractiveSubduedDefault_fe8qx7d
>span{color:#4d85b3ff}.TextInteractiveSubduedInactive_f1y6l2m6>span{color:#709d
c2ff}.TextOnAccentLevel0Strong_f1tkw4v8>span{color:#332c00ff}.TextOnBrandNormal
_f174ee8l>span{color:#ffffffff}.TextOnBrandSubdued_f14hb9yu>span{color:#dbe6f0f
f}.TextStatusOnBrandValueNormal_f1bi2107>span{color:#f9d801ff}.TextStatusInform
ationNormal_f1ti5ims>span{color:#035ca5ff}.TextStatusInformationStrong_f1thul8n
>span{color:#011c32ff}.TextStatusSuccessNormal_f1r63ekf>span{color:#287227ff}.T
extStatusSuccessStrong_favj5ox>span{color:#0d260dff}.TextStatusUrgentNormal_f1n
oxns4>span{color:#a00303ff}.TextStatusUrgentStrong_f1xegyic>span{color:#320101f
f}.TextStatusValueNormal_f1ydppmf>span{color:#665700ff}.TextStatusValueStrong_f
1tkw4v8>span{color:#332c00ff}.TextStatusWarningNormal_fqrl3bf>span{color:#961c0
3ff}.TextStatusWarningStrong_f1xegyic>span{color:#320101ff}.TextNormal_fesqrpy>
span{color:#0a375cff}.TextSubdued_f1gyhv8r>span{color:#3d6a8fff}.ButtonTextOnAc
cent_f1tkw4v8>span{color:#332c00ff}.ButtonTextOnAccentOnBrand_f1tkw4v8>span{col
or:#332c00ff}.ButtonTextOnBrandOnHighEmphasis_favj5ox>span{color:#0d260dff}.But
tonTextOnHighEmphasis_favj5ox>span{color:#0d260dff}.ButtonTextOnLowEmphasis_f1t
i5ims>span{color:#035ca5ff}.ButtonTextOnLowEmphasisOnBrand_f174ee8l>span{color:
#ffffffff}.ButtonTextOnMediumEmphasis_f174ee8l>span{color:#ffffffff}.ButtonText
OnMediumEmphasisOnBrand_f1ti5ims>span{color:#035ca5ff}.ButtonToggleOddsTextOff_
f1ti5ims>span{color:#035ca5ff}.ButtonToggleOddsTextOn_f174ee8l>span{color:#ffff
ffff}.ButtonToggleValueTextOff_fesqrpy>span{color:#0a375cff}.ButtonToggleValueT
extOn_f1tkw4v8>span{color:#332c00ff}.ButtonAlertTextOnInformation_fgz6h32>span{
color:#023864ff}.ButtonAlertTextOnSuccess_f1p4kjk2>span{color:#1a4c1aff}.Button
AlertTextOnUrgent_f1f13p1z>span{color:#640202ff}.ButtonAlertTextOnWarning_f1bsq
nr8>span{color:#640a02ff}.ButtonOddsTextOnFlucsDown_f1noxns4>span{color:#a00303
ff}.ButtonOddsTextOnFlucsUp_f1r63ekf>span{color:#287227ff}.ButtonOddsMultiWarni
ngTextOnFalse_f1bsqnr8>span{color:#640a02ff}.ButtonOddsStandardTextOnFalse_fesq
rpy>span{color:#0a375cff}.ButtonOddsStandardTextOnTrue_f174ee8l>span{color:#fff
fffff}.ButtonOddsValueTextOnFalse_f1tkw4v8>span{color:#332c00ff}.ButtonOddsValu
eTextOnTrue_f1tkw4v8>span{color:#332c00ff}.TextInteractiveOnBrandNormalHover_fv
z4cax:hover>span{color:#ffffffff}.TextInteractiveOnBrandSubduedHover_f5rwgqf:ho
ver>span{color:#3d6a8fff}.TextInteractiveNormalHover_f2xstoo:hover>span{color:#
035ca5ff}.TextInteractiveStrongHover_ft4x2n6:hover>span{color:#023864ff}.TextIn
teractiveSubduedHover_f5rwgqf:hover>span{color:#3d6a8fff}.IconInteractiveOnBran
dNormalDefault_f1i7c13k>i{color:#ffffffff}.IconInteractiveOnBrandNormalInactive
_f1w013bv>i{color:#709dc2ff}.IconInteractiveOnBrandSubduedDefault_f1hpr2yk>i{co
lor:#9bd1fdff}.IconInteractiveOnBrandSubduedInactive_f1w013bv>i{color:#709dc2ff
}.IconInteractiveNormalDefault_fvk9doo>i{color:#0470c8ff}.IconInteractiveNormal
Inactive_f1w013bv>i{color:#709dc2ff}.IconInteractiveStrongDefault_fhnhaup>i{col
or:#035ca5ff}.IconInteractiveSubduedDefault_f17el6os>i{color:#4d85b3ff}.IconInt
eractiveSubduedInactive_f1w013bv>i{color:#709dc2ff}.IconOnAccentLevel0Strong_fu
7t94x>i{color:#332c00ff}.IconOnBrandNormal_f1i7c13k>i{color:#ffffffff}.IconOnBr
andSubdued_f4qixjn>i{color:#dbe6f0ff}.IconStatusInformationNormal_fhnhaup>i{col
or:#035ca5ff}.IconStatusInformationStrong_fodrk1u>i{color:#011c32ff}.IconStatus
SuccessNormal_fixl6re>i{color:#287227ff}.IconStatusSuccessStrong_f12skums>i{col
or:#0d260dff}.IconStatusUrgentNormal_f81atfl>i{color:#a00303ff}.IconStatusUrgen
tStrong_f1oqvte9>i{color:#320101ff}.IconStatusValueNormal_f4lhcya>i{color:#f9d8
01ff}.IconStatusValueStrong_fu7t94x>i{color:#332c00ff}.IconStatusWarningNormal_
f1ru4x5a>i{color:#961c03ff}.IconStatusWarningStrong_f1oqvte9>i{color:#320101ff}
.IconNormal_fs2kdv7>i{color:#0a375cff}.IconSubdued_f1evdsry>i{color:#3d6a8fff}.
ButtonIconOnAccent_fu7t94x>i{color:#332c00ff}.ButtonIconOnAccentOnBrand_fu7t94x
>i{color:#332c00ff}.ButtonIconOnBrandOnHighEmphasis_f12skums>i{color:#0d260dff}
.ButtonIconOnHighEmphasis_f12skums>i{color:#0d260dff}.ButtonIconOnLowEmphasis_f
hnhaup>i{color:#035ca5ff}.ButtonIconOnLowEmphasisOnBrand_f1i7c13k>i{color:#ffff
ffff}.ButtonIconOnMediumEmphasis_f1i7c13k>i{color:#ffffffff}.ButtonIconOnMedium
EmphasisOnBrand_fhnhaup>i{color:#035ca5ff}.ButtonToggleOddsIconOff_fhnhaup>i{co
lor:#035ca5ff}.ButtonToggleOddsIconOn_f1i7c13k>i{color:#ffffffff}.ButtonToggleV
alueIconOff_fs2kdv7>i{color:#0a375cff}.ButtonToggleValueIconOn_fu7t94x>i{color:
#332c00ff}.ButtonAlertIconOnInformation_fbis597>i{color:#023864ff}.ButtonAlertI
conOnSuccess_fkbtso7>i{color:#1a4c1aff}.ButtonAlertIconOnUrgent_fq9mthu>i{color
:#640202ff}.ButtonAlertIconOnWarning_f129tuxt>i{color:#640a02ff}.IconInteractiv
eOnBrandNormalHover_f1ig2afg:hover>i{color:#ffffffff}.IconInteractiveOnBrandSub
duedHover_f1k79sv4:hover>i{color:#9bd1fdff}.IconInteractiveNormalHover_fl9iq99:
hover>i{color:#035ca5ff}.IconInteractiveStrongHover_fbnfec4:hover>i{color:#0470
c8ff}.IconInteractiveSubduedHover_f1supn02:hover>i{color:#3d6a8fff}.IconInterac
tiveOnBrandNormalPress_f1wxjn4h:active>i, .IconInteractiveOnBrandNormalPress_f1
wxjn4h:active:hover>i{color:#ffffffff}.IconInteractiveOnBrandSubduedPress_fhh23
zx:active>i, .IconInteractiveOnBrandSubduedPress_fhh23zx:active:hover>i{color:#
9bd1fdff}.IconInteractiveNormalPress_fm444ub:active>i, .IconInteractiveNormalPr
ess_fm444ub:active:hover>i{color:#37a3fbff}.IconInteractiveStrongPress_fm444ub:
active>i, .IconInteractiveStrongPress_fm444ub:active:hover>i{color:#37a3fbff}.I
conInteractiveSubduedPress_f15b7jb2:active>i, .IconInteractiveSubduedPress_f15b
7jb2:active:hover>i{color:#94b5d1ff}.transition_f1pmu3ui{transition:all 100ms 
cubic-bezier(0.4, 0.0, 0.2, 1)}.transparentFill_f1xn5s0y{background-color:#0000
0000}.activeScaleTransform_f1nkqvr1:active{transform:scale(0.9)}.pointerCursor_
f1hykqr2{cursor:pointer}.disabledCursor_fmtetat{cursor:not-allowed}.dividerOver
lap_fr5o0sw:active{margin-top:-0.0625rem;padding-top:0.0625rem}.ButtonOddsBorde
rFlucsDownDefault_f1q6wvch{border-color:#fd9b9bff;border-style:solid;border-wid
th:1px}.ButtonOddsBorderFlucsUpDefault_fvf3kec{border-color:#b4e5b3ff;border-st
yle:solid;border-width:1px}.ButtonOddsMultiWarningBorderFalseDefault_fvhgqqw{bo
rder-color:#fcb369ff;border-style:solid;border-width:1px}.ButtonOddsStandardBor
derFalseDefault_f1lq6q2j{border-color:#b8cde0ff;border-style:solid;border-width
:1px}.ButtonOddsValueBorderFalseDefault_f1c5lb1t{border-color:#f9d801ff;border-
style:solid;border-width:1px}.ButtonOddsMultiWarningBorderFalseHover_f1wyemkm:h
over{border-color:#fdd49bff;border-style:solid;border-width:1px}.ButtonOddsStan
dardBorderFalseHover_fz16ymk:hover{border-color:#dbe6f0ff;border-style:solid;bo
rder-width:1px}.ButtonOddsValueBorderFalseHover_f1v0tdnx:hover{border-color:#f9
d801ff;border-style:solid;border-width:1px}.ButtonOddsMultiWarningBorderFalsePr
ess_fczd0ro:active, .ButtonOddsMultiWarningBorderFalsePress_fczd0ro:active:hove
r{border-color:#fb8937ff;border-style:solid;border-width:1px}.ButtonOddsStandar
dBorderFalsePress_f11cvlnu:active, .ButtonOddsStandardBorderFalsePress_f11cvlnu
:active:hover{border-color:#94b5d1ff;border-style:solid;border-width:1px}.Butto
nOddsValueBorderFalsePress_f1oi2npz:active, .ButtonOddsValueBorderFalsePress_f1
oi2npz:active:hover{border-color:#cbb001ff;border-style:solid;border-width:1px}
.container_fzm6pau{align-items:center;border-radius:0.5rem;display:flex;justify
-content:center;padding:0.5rem}@keyframes f19rjf1c{from{opacity:0;transform:rot
ate(180deg)}to{opacity:1;transform:rotate(0deg)}}.allowVerticalFill_f10krlro{he
ight:100%}.confirmedTick_f1v4od1k{align-items:center;animation-duration:300ms;a
nimation-name:f19rjf1c;display:flex;justify-content:center}.container_f1iqh8r2{
align-items:center;display:flex;flex:1 0 auto;flex-direction:column;justify-con
tent:center}.ctaWrapper_fbz00o4{align-items:center;display:flex;flex-direction:
column;margin-top:1rem}.buttonContainer_f1w06sxr{margin-bottom:1rem;text-align:
center}.linksContainer_f1q45owx{align-items:center;column-gap:1.5rem;display:fl
ex;flex-direction:row;justify-content:center;text-align:center}.marginTopMobile
_f1u9r23t{margin-top:4rem}.marginTopDesktop_f13v9b49{margin-top:8.75rem}.single
LineContent_f1mvcd80{align-items:center;display:flex;flex-direction:row;white-s
pace:nowrap}.multiLineContent_f11wsrxy{align-items:center;display:flex;flex-dir
ection:column;justify-content:center}.emptyStateMessageFillStyle_fmcz5ux{margin
-top:0.5rem;max-width:15.625rem}.emptyStateMessageStyle_fvu3qrq{margin-top:0.5r
em;width:15.25rem}.imageStyles_fl9a4co{margin-bottom:1rem}.refreshLinkContainer
_fddsvlq{align-items:center;display:flex}.linkContainer_f1c7x5pa{align-items:ce
nter;display:flex;justify-content:center}.refreshIcon_f1e8wst5{margin-right:0.3
75rem}.alternateLinkLeftMargin_f1spz9g1{margin-left:0.75rem}.pointer_f1hykqr2{c
ursor:pointer}.sidebarSectionDesktop_f581a01{background:#ffffffff;border-radius
:0.5rem;overflow:hidden;padding:1rem;width:18.6875rem}.sidebarSectionMobile_fg7
i4on{background:#ffffffff;border-radius:0.5rem;overflow:hidden;padding:1rem}.he
ader_f2s1awa{align-items:center;display:flex;flex-direction:row}.container_fmjs
f01{background-color:#dbe6f0ff;display:flex;flex:1;height:0.0625rem}.containerI
nverse_f1cjmpx5{background-color:#023864ff;display:flex;flex:1;height:0.0625rem
}.iconInfo_fxhbtls{align-items:center;display:flex;flex:1;flex-direction:row;ga
p:0.5rem;margin-bottom:1rem;margin-top:1rem}.iconInfo_fxhbtls:first-child{margi
n-top:1rem}.iconInfo_fxhbtls:last-child{margin-bottom:0}.iconInfoContent_f1jisj
qt{display:flex;flex:1;flex-direction:column;justify-content:space-between}.pho
neNumberInfoRow_fxz1go1{display:flex;flex:1;gap:0.25rem}.basicText_f1gxjvra{fon
t-size:0.875rem;letter-spacing:-0.0125rem}.linkText_fo675vt{color:#0470c8ff;cur
sor:pointer}.linkItem_fi3vtzc{padding:1rem 
0rem}.linkItem_fi3vtzc:not(:last-child){border-bottom:1px solid #dbe6f0ff}.link
Item_fi3vtzc:last-child{padding-bottom:0}.url_fwu8am6{display:block;font-size:0
.875rem;letter-spacing:-0.0125rem;word-wrap:break-word}.links_f1nsxf1j{color:#0
077CC;list-style-type:none}.pageContainer_fvmx046{align-items:flex-start;backgr
ound:#F0F1F2;display:flex}.sidebarWrapper_f1vqiabg{margin-left:1rem}.invisibleS
ideBar_f1wt0yvj{display:none}.links_f10k27fe{flex:0 0 auto;padding-top:1rem}.us
efulLinkStyleModifier_ffcusrq{width:16.6875rem}.loadingSpinnerWrapper_f1dw8gm7{
display:flex;flex:1;flex-direction:column;width:calc(100% - 19.6875rem)}.loadin
gSpinnerWrapperWithHiddenOverflow_fzh91t4{display:flex;flex:1;flex-direction:co
lumn;overflow:hidden;width:calc(100% - 19.6875rem)}.loadingSpinnerWrapperFullWi
dth_fyp2j7b{display:flex;flex:1;flex-direction:column;max-width:100%}.loadingSp
innerWrapperWithHiddenOverflowFullWidth_foefkrd{display:flex;flex:1;flex-direct
ion:column;overflow:hidden;width:100%}.spinnerStyleModifier_f8gn2rx{display:fle
x;flex-direction:column;height:calc(100% - 1rem);justify-content:flex-start;mar
gin-top:1rem;padding-top:8rem}.stickySidebar_fzvbner{position:sticky;top:5.375r
em}.stickyLinks_fqhutog{position:sticky;top:6.375rem}.container_fyo5ptv{align-i
tems:center;background-color:#FAD701;border-radius:8px;display:flex;height:16px
;margin:0rem 0.25rem;padding:0rem 0.3125rem}.containerWithoutHorizontalMargin_f
12eckph{align-items:center;background-color:#FAD701;border-radius:8px;display:f
lex;height:16px;padding:0rem 0.3125rem}.exit_fcz4vg9{transform:rotate(-180deg)}
.exitActive_f1cuxfi5{transform:rotate(0deg)}.enter_f1cuxfi5{transform:rotate(0d
eg)}.enterActive_fcz4vg9{transform:rotate(-180deg)}.arrow_f1l484zz{transition:t
ransform 200ms cubic-bezier(0.4, 0.0, 0.2, 1);}.icon_fq5j3k2{font-size:0.75rem}
.default_f1f1ygnm{display:flex}.exited_f1ln79gx{display:flex;transform:rotate(0
deg)}.entered_fmsjoad{display:flex;transform:rotate(-180deg)}.tooltipWrapper_f1
fibaq7{cursor:pointer;display:inline-block;height:1px;margin:-1px;position:fixe
d;width:1px;z-index:12}.tooltipWrapperWithinModal_f1b3jr6z{cursor:pointer;displ
ay:inline-block;height:1px;margin:-1px;position:fixed;width:1px;z-index:25}.too
ltipTextWrapperStyleWithCodGrayColourScheme_f1qjzqzl{align-items:center;backgro
und-color:#111111;color:#FFFFFF;display:flex;left:50%;padding:0.5rem;position:a
bsolute;transform:translate(-50%);z-index:16}.tooltipTextWrapperStyleWithSchool
BusColourScheme_f111zfmc{align-items:center;background-color:#FAD701;color:#111
111;display:flex;left:50%;padding:0.5rem;position:absolute;transform:translate(
-50%);z-index:16}.tooltipTextWrapperStyleWithBigStoneColourScheme_f144l5rf{alig
n-items:center;background-color:#142841;color:#FFFFFF;display:flex;left:50%;pad
ding:0.5rem;position:absolute;transform:translate(-50%);z-index:16}.tooltipText
WrapperStyleWithDenimColourScheme_f15kugg{align-items:center;background-color:#
1C75BC;color:#FFFFFF;display:flex;left:50%;padding:0.5rem;position:absolute;tra
nsform:translate(-50%);z-index:16}.tooltipTextTransformY_fvv78r0{transform:tran
slate(-50%,-100%)}.caretDownCodGray_f1wnonkw{border-left:0.5625rem solid 
transparent;border-right:0.5625rem solid transparent;border-top:0.5625rem 
solid #111111;position:absolute;transform:translateX(-50%)}.caretUpCodGray_f1oo
f8x0{border-bottom:0.5625rem solid #111111;border-left:0.5625rem solid 
transparent;border-right:0.5625rem solid transparent;position:absolute;transfor
m:translateX(-50%)}.caretLeftCodGray_f1r9ane3{border-bottom:0.5625rem solid 
transparent;border-right:0.5625rem solid #111111;border-top:0.5625rem solid tra
nsparent;position:absolute}.caretRightCodGray_f13ra99s{border-bottom:0.5625rem 
solid transparent;border-left:0.5625rem solid #111111;border-top:0.5625rem 
solid transparent;position:absolute}.caretDownSchoolBus_f1qk2mnp{border-left:0.
5625rem solid transparent;border-right:0.5625rem solid 
transparent;border-top:0.5625rem solid #FAD701;position:absolute;transform:tran
slateX(-50%)}.caretUpSchoolBus_f17356gh{border-bottom:0.5625rem solid 
#FAD701;border-left:0.5625rem solid transparent;border-right:0.5625rem solid tr
ansparent;position:absolute;transform:translateX(-50%)}.caretLeftSchoolBus_frdn
jtq{border-bottom:0.5625rem solid transparent;border-right:0.5625rem solid 
#FAD701;border-top:0.5625rem solid transparent;position:absolute}.caretRightSch
oolBus_fqw6nad{border-bottom:0.5625rem solid transparent;border-left:0.5625rem 
solid #FAD701;border-top:0.5625rem solid 
transparent;position:absolute}.caretDownBigStone_fort6y2{border-left:0.5625rem 
solid transparent;border-right:0.5625rem solid 
transparent;border-top:0.5625rem solid #142841;position:absolute;transform:tran
slateX(-50%)}.caretUpBigStone_f1su5zzi{border-bottom:0.5625rem solid 
#142841;border-left:0.5625rem solid transparent;border-right:0.5625rem solid tr
ansparent;position:absolute;transform:translateX(-50%)}.caretLeftBigStone_f1bsi
dgh{border-bottom:0.5625rem solid transparent;border-right:0.5625rem solid 
#142841;border-top:0.5625rem solid transparent;position:absolute}.caretRightBig
Stone_f1qmxmre{border-bottom:0.5625rem solid transparent;border-left:0.5625rem 
solid #142841;border-top:0.5625rem solid 
transparent;position:absolute}.caretDownDenim_f45fuep{border-left:0.5625rem 
solid transparent;border-right:0.5625rem solid 
transparent;border-top:0.5625rem solid #1C75BC;position:absolute;transform:tran
slateX(-50%)}.caretUpDenim_f1jg10ol{border-bottom:0.5625rem solid 
#1C75BC;border-left:0.5625rem solid transparent;border-right:0.5625rem solid tr
ansparent;position:absolute;transform:translateX(-50%)}.caretLeftDenim_fzqkva2{
border-bottom:0.5625rem solid transparent;border-right:0.5625rem solid 
#1C75BC;border-top:0.5625rem solid transparent;position:absolute}.caretRightDen
im_f1a6a6ch{border-bottom:0.5625rem solid transparent;border-left:0.5625rem 
solid #1C75BC;border-top:0.5625rem solid transparent;position:absolute}.enter_f
nu5k6u{opacity:0}.enterActive_f1dqxjpt{opacity:0.7;transition:opacity 300ms 
cubic-bezier(0.4, 0.0, 0.2, 
1)}.exit_f11mwepb{opacity:0.7}.exitActive_ffva8aw{opacity:0;transition:opacity 
300ms cubic-bezier(0.4, 0.0, 0.2, 1)}.icon_fdyey2i{font-weight:normal;padding-b
ottom:0.125rem;padding-right:0.375rem}.tooltipTextNoWrapStyle_fheif50{white-spa
ce:nowrap}.tooltipTextPreLineStyle_f1ozhb91{white-space:pre-line}.verticalFlexD
irectionText_f1x5sbbq{flex-direction:column}.centerAlignedText_fsuivmx{text-ali
gn:center}.headerContentTitle_feyu4ij{align-items:center;display:flex;flex-dire
ction:row;justify-content:flex-start}.centeredHeaderContentTitle_fdqrhnd{flex:1
;justify-content:center}.headerContent_feb23nm{align-items:center;display:flex;
flex-direction:row;justify-content:space-between}.indicatorLeft_f1u1rtfy{paddin
g-left:0.375rem;padding-right:0.875rem}.indicatorRight_f1lkq7ji{padding-left:0.
875rem;padding-right:0.375rem}.touchArea_fgteabt{background-color:#FFFFFF;curso
r:pointer;overflow:hidden;position:relative}.newLabel_f1q9ufae{margin-left:0.5r
em}.headerShadow_f1syjsil{box-shadow:0rem 0.125rem 0.25rem rgba(0, 0, 0, 0.2)}.
accordion_faowcuh{overflow:hidden}.sticky_fe9ebm9{position:sticky;top:6.375rem;
z-index:9}.stickyNarrow_f9ksub4{position:sticky;top:3.5rem;z-index:9}.defaultHe
ader_f1r3ow8m{background-color:#F0F1F2;border-top:0.0625rem solid #DEE1E3;color
:#111111;display:flex;flex-direction:column;font-size:0.6875rem;justify-content
:center;padding:1rem}.whiteHeader_f1ag4yw3{background-color:#FFFFFF;border-top:
0.0625rem solid #DEE1E3;color:#111111;display:flex;flex-direction:column;font-s
ize:0.6875rem;justify-content:center;padding:1rem}.tipBadgeStandalone_f16867cm{
align-items:center;align-self:flex-start;border-radius:0.25rem 
0rem;display:flex;height:1rem;justify-content:center;padding:0rem 
0.5rem}.tipBadgeAttached_fcpodeb{align-items:center;border-radius:0.25rem 
0.25rem 0rem 0rem;display:flex;height:1rem;justify-content:center}.bestTipBadge
ColourStyle_f1amdemr{background-color:#073965;color:#FFFFFF}.valueTipBadgeColou
rStyle_f2qxr5d{background-color:#F68D00;color:#000000}.topTipBadgeColourStyle_f
1i2d9ef{background-color:#142841;color:#FFFFFF}.indicator_f1op6hsi{padding-righ
t:0.5rem}.accordionContainer_f1cz1cum{background-color:#FFFFFF;margin-bottom:0.
5rem}.accordionHeaderMobile_fj6z9d9{align-items:center;display:flex;flex:1;just
ify-content:space-between;padding:0.75rem 0rem 0.75rem 0.75rem}.accordionHeader
Desktop_f1b1hu2t{align-items:center;display:flex;flex:1;padding:0.75rem 0rem 
0.75rem 0.75rem}.recentStartsBody_f1ekbn1r{display:flex;flex-direction:row;flex
-flow:wrap;padding:0.5rem 1.25rem 0.5rem 
0.75rem}.recentStartBodyStat_f1nfqrn5{display:flex;flex:0 1 50%;flex-direction:
row;padding-bottom:0.125rem}.recentStartReplayButtonsContainer_f14howqz{display
:flex;height:3.25rem;padding:0.5rem 0.75rem 0.75rem 0.75rem}.recentStartPartial
ReplayButton_f1fugh1c{flex:1;margin-right:1rem}.recentStartFullReplayButton_f1q
o33y1{flex:1}.recentStartBodyStatDesktop_f1rczli{display:flex;flex:0 1 20%;flex
-direction:row;padding-bottom:0.125rem}.recentStartHeaderStatDesktop_f1x6y4qe{d
isplay:flex;flex:0 1 
20%;flex-direction:row}.recentStartHeaderStatMobile_fyfwyel{flex:0 1 10%}.recen
tStartLabelText_f1a6hw1{padding-right:0.125rem}.dividerLine_fv6bwtm{border-bott
om-color:#C3C5C7;border-bottom-style:solid;border-bottom-width:0.0625rem;width:
100%}.container_fk87jrb{height:100%;width:100%}.shimmerAbsolutelyPositioned_fvm
alpw{animation-duration:3.5s;animation-timing-function:ease-out;background:line
ar-gradient(45deg, rgba(255, 255, 255, 0) 15%, #FFFFFF 50%, rgba(255, 255, 
255, 0) 85%);background-repeat:no-repeat;height:100%;position:absolute;width:10
0%}.shimmerLooping_f1avv5rn{animation-duration:3.5s;animation-iteration-count:i
nfinite;animation-timing-function:ease-out;background:linear-gradient(45deg, 
rgba(255, 255, 255, 0) 35%, #FFFFFF 50%, rgba(255, 255, 255, 0) 65%);background
-repeat:no-repeat}.shimmerLoopingThin_f1knnrtj{animation-duration:3.5s;animatio
n-iteration-count:infinite;animation-timing-function:ease-out;background:linear
-gradient(45deg, rgba(255, 255, 255, 0) 45%, #FFFFFF 50%, rgba(255, 255, 255, 
0) 55%);background-repeat:no-repeat}.absoluteChild_f1p7n30{align-items:center;d
isplay:flex;flex-direction:row;height:100%;position:absolute;width:100%}.relati
veContainer_f1mgyl9u{position:relative}@keyframes f16e3uht{from{transform:trans
lateY(-100%)}to{transform:translateY(0)}}@keyframes f1my9vqk{from{transform:tra
nslateY(0)}to{transform:translateY(100%)}}@keyframes f1xv63kc{from{transform:tr
anslateY(100%)}to{transform:translateY(0)}}@keyframes f1x17pq9{from{transform:t
ranslateY(0)}to{transform:translateY(-100%)}}.textContainer_fc39scl{overflow:hi
dden;position:relative}.rollUpNext_f1rzpj48{animation-duration:600ms;animation-
fill-mode:forwards;animation-name:f1xv63kc}.rollUpPrev_f1f1kmi5{animation-durat
ion:600ms;animation-fill-mode:forwards;animation-name:f1x17pq9}.rollDownPrev_fr
gf2tm{animation-duration:600ms;animation-fill-mode:forwards;animation-name:f1my
9vqk}.rollDownNext_f19v45mq{animation-duration:600ms;animation-fill-mode:forwar
ds;animation-name:f16e3uht}.containerPrevNumber_fhwmucx{position:absolute}.cont
entWrapper_f1f1ygnm{display:flex}.badgeCommon_fd5a2bb{align-items:center;border
-radius:2rem;display:flex;justify-content:center;min-width:1rem;text-align:cent
er;user-select:none;white-space:nowrap}.spacer_f111jy4a{width:0.25rem}.shimmerW
rapper_f1f1ygnm{display:flex}.medium_f1t89vpn{height:1rem}.large_fit0rry{height
:2rem;max-width:2rem}.extraLarge_f1lvsqav{height:3rem;width:3rem}.subdued_f15uh
qcs{background-color:#edf3f7ff;padding:0rem 
0.5rem}.normal_fm6rui9{background-color:#0470c8ff;padding:0rem 
0.5rem}.urgent_f1ebuphm{background-color:#fee6e6ff;padding:0rem 
0.5rem}.warning_f1pi7zgn{background-color:#fef8e6ff;padding:0rem 
0.5rem}.betslip_ff9254o{background-color:#332c00ff;padding:0rem 
0.5rem}.strong_f16yw47e{background-color:#0a375cff;padding:0rem 
0.5rem}.notification_flmyj3w{background-color:#fa0505ff;padding:0rem 
0.25rem}.counterValue_f1hrh37{background-color:#0470c8ff;padding:0rem 
0.25rem}.new_ferpt5s{background-color:#4bc149ff;padding:0rem 
0.5rem}.accent_f1ehy8rv{background-color:#f9d801ff;padding:0rem 
0.5rem}.valueBet_f1j6mdig{background-color:#fb8937ff;padding:0rem 
0.5rem}.podium1st_f1ehy8rv{background-color:#f9d801ff;padding:0rem 
0.5rem}.podium2nd_f19xt9ia{background-color:#709dc2ff;padding:0rem 
0.5rem}.podium3rd_f1gne9o7{background-color:#961c03ff;padding:0rem 0.5rem}.outl
ine_fqvw0p6{border-color:#ffffffff;border-style:solid;border-width:1px;height:1
8px}.fixedWidth_f1vvb9mg{width:2.25rem}.iconSmallWrapper_f173lt33{align-items:c
enter;display:flex;height:1rem;position:relative;z-index:0}.iconMediumWrapper_f
6dnmpw{align-items:center;display:flex;height:1.5rem;position:relative;z-index:
0}.iconLargeWrapper_f1g9p7rw{align-items:center;display:flex;height:2rem;positi
on:relative;z-index:0}.depositMatchIconBackground_f15pazb1{background-color:#33
2c00ff;border-radius:1rem;bottom:15%;height:55%;margin:auto;position:absolute;r
ight:15%;width:55%;z-index:-1}.depositMatchIconBackgroundUnavailable_f1p6hsnj{b
ackground-color:#0a375cff;border-radius:1rem;bottom:15%;height:55%;margin:auto;
position:absolute;right:15%;width:55%;z-index:-1}.specialsIconBackground_fm285h
p{background-color:#332c00ff;border-radius:1rem;bottom:0;height:55%;left:0;marg
in:auto;position:absolute;right:0;top:0;width:55%;z-index:-1}.invertedIconBackg
round_fujx219{background-color:#332c00ff;border-radius:1rem;bottom:0;height:75%
;left:0;margin:auto;position:absolute;right:0;top:0;width:75%;z-index:-1}.inver
tedIconBackgroundUnavailable_f1jo420v{background-color:#0a375cff;border-radius:
1rem;bottom:0;height:75%;left:0;margin:auto;position:absolute;right:0;top:0;wid
th:75%;z-index:-1}.container_f6fk5dj{align-items:center;background-color:#fffff
fff;border-radius:0.25rem;display:flex;flex-direction:row;height:1.75rem;justif
y-content:center;width:2.75rem}.exit_fcz4vg9{transform:rotate(-180deg)}.exitAct
ive_f1cuxfi5{transform:rotate(0deg)}.enter_f1cuxfi5{transform:rotate(0deg)}.ent
erActive_fcz4vg9{transform:rotate(-180deg)}.default_f1f1ygnm{display:flex}.exit
ed_f1ln79gx{display:flex;transform:rotate(0deg)}.entered_fmsjoad{display:flex;t
ransform:rotate(-180deg)}.switcherWrapper_f122atcs{align-items:center;border-ra
dius:1.5rem;display:flex;justify-content:flex-end;overflow:hidden;padding:0.5re
m;transition:all 300ms}.collapsedContainer_f1bntj74{background-color:#011c32ff}
.expandedContainer_fkmvcxm{background-color:#0470c8ff}.switcherIcon_f168man9{he
ight:1rem;transition:all 300ms;width:1rem}.switcherLabel_f6yz1c4{margin-left:0.
5rem;max-width:3.25rem;opacity:1;overflow:hidden;transition:all 
300ms}.noLabel_f4p0dxr{height:1rem;max-width:0;opacity:0;transition:all 300ms}.
roundedTopCornersOnly_f1owe2f9{border-top-left-radius:1rem;border-top-right-rad
ius:1rem}.roundedBottomCornersOnly_f17mp38l{border-bottom-left-radius:1rem;bord
er-bottom-right-radius:1rem}.roundedCorners_fcafei5{border-radius:1rem}.rounded
CornersSmall_f1kdlabb{border-radius:0.5rem}.container_fy03k7o{align-items:cente
r;display:flex;flex-direction:row;height:3rem;justify-content:space-between;pad
ding:0.5rem;transition:all 300ms}.container_fy03k7o:active:hover{box-shadow:non
e}.pointerCursor_f1hykqr2{cursor:pointer}.leftContent_f1h0o37u{align-items:cent
er;display:flex;flex-direction:row;justify-content:center}.rightContent_f2s1awa
{align-items:center;display:flex;flex-direction:row}.rightPadding_fexn3ni{displ
ay:flex;padding-right:0.5rem}.icon_f4ae4hw{align-self:center;display:flex}.chev
ron_f1rjrg2n{border-radius:1rem;display:flex;height:2rem;justify-content:center
;padding-top:0.5rem;width:2rem}.arrow_f18smq44{transition:transform 200ms 
cubic-bezier(0.4, 0.0, 0.2, 1)}.roundedBorders_f1owe2f9{border-top-left-radius:
1rem;border-top-right-radius:1rem}.roundedBordersSmall_f1kdlabb{border-radius:0
.5rem}.noShrink_f16j9z5c{flex-shrink:0}.minWidth0_f1a8rywe{min-width:0}.rightMa
rgin_f1ryt8d{margin-right:0.5rem}.childContainer_f1y3zid6{overflow:hidden;width
:100%}.overflowHidden_faowcuh{overflow:hidden}.background_f1ojs4dj{background-c
olor:#edf3f7ff}.borders_fei1wbs{border-bottom-color:#dbe6f0ff;border-bottom-sty
le:solid;border-bottom-width:0.0625rem}.collapsed_f1f18izm{background-color:#ff
ffffff}.expanded_fkmvcxm{background-color:#0470c8ff}.background_f1f18izm{backgr
ound-color:#ffffffff}.borders_fei1wbs{border-bottom-color:#dbe6f0ff;border-bott
om-style:solid;border-bottom-width:0.0625rem}.expanded_fkmvcxm{background-color
:#0470c8ff}.collapsed_f1ojs4dj{background-color:#edf3f7ff}.background_f1f18izm{
background-color:#ffffffff}.borders_fei1wbs{border-bottom-color:#dbe6f0ff;borde
r-bottom-style:solid;border-bottom-width:0.0625rem}.expanded_fkmvcxm{background
-color:#0470c8ff}.collapsed_f1ojs4dj{background-color:#edf3f7ff}.background_fur
halc{background-color:#f9d801ff}.expanded_fkmvcxm{background-color:#0470c8ff}.c
ollapsed_f1ojs4dj{background-color:#edf3f7ff}.background_f8gy5l{background-colo
r:#023864ff}.expanded_fkmvcxm{background-color:#0470c8ff}.collapsed_f1bntj74{ba
ckground-color:#011c32ff}.background_fso6rhz{background-color:#F0F1F2}.collapse
d_f1f18izm{background-color:#ffffffff}.expanded_fkmvcxm{background-color:#0470c
8ff}.blackbookContainer_fdiou0u{display:flex;flex-direction:column;margin:0rem 
0.5rem 0.5rem 0.5rem}.blackbookInnerContainer_f1v3wf95{align-items:center;displ
ay:flex;flex-direction:row;height:2rem;margin-top:-0.5rem;padding:0}.blackbookC
ommentContainer_f1pi17at{display:flex;flex:1}.itemSeparator_f1fthzpk{border-col
or:#F0F1F2;border-top-width:1px;display:flex;margin-top:0.5rem}.blackbookHeader
_f1ub3z1i{align-items:center;align-self:flex-start;display:flex;flex-direction:
row;gap:4px}.blackbookedEntities_f12j9neu{display:flex;flex-direction:column;ga
p:0.25rem;margin-top:0.5rem}.entityHeader_ffywytu{display:flex;flex-direction:r
ow;gap:0.25rem}.editEntriesButton_fh134vc{align-self:center;display:flex;margin
-bottom:0.5rem}.shortformContainerMobile_f1sd6w8{background:#F0F1F2;border-bott
om:0.0625rem solid #DEE1E3;color:#111111;display:flex;flex-direction:column;fon
t-size:0.6875rem;padding-top:1rem;position:relative}.shortformContainerDesktop_
f1uv2zxy{background:#F0F1F2;border-bottom:0.0625rem solid #DEE1E3;color:#111111
;display:flex;flex-direction:column;font-size:0.6875rem;margin:0rem 1rem;paddin
g-top:1rem;position:relative}.shortformButtonsContainer_f1qedk8y{flex:1;margin-
bottom:0.75rem}.shortformButtonsContainerDesktop_f1xpkn18{flex:1;margin-bottom:
0.75rem;max-width:50%}.shortFormArrow_f1eqyy5h{border-left:0.5625rem solid 
transparent;border-right:0.5625rem solid transparent;border-top:0.5625rem 
solid #FFFFFF;color:#FFFFFF;left:50%;position:absolute;top:0rem;transform:trans
lateX(-50%)}.divider_f160vofx{border-top:0.0625rem solid #DEE1E3;padding-top:0.
75rem}.breedTrainerContainer_fg7llc8{display:flex;flex-direction:row;flex-flow:
wrap;margin:0rem 0.5rem 0.75rem 0.5rem}.breedTrainerContainerPhone_f8zq96d{disp
lay:flex;flex-direction:row;margin:0rem 0.5rem 0.75rem 
0.5rem}.breedContainer_f12xdne1{flex:0 1 
50%}.breedInfoContainer_f6ncol1{display:flex;flex-wrap:wrap;margin:0rem 1rem 
0rem 1rem;padding-bottom:0.5rem}.breedInfoContainer960_fqkur1x>*:nth-child(2n){
flex:0 1 66.667%}.breedInfoItem_f284850{display:flex;flex:0 1 
50%;padding-bottom:0.25rem}.breedInfoItemDesktop_fib2252{display:flex;flex:0 1 
25%;padding-bottom:0.25rem}.breedInfoItemDesktop960_fl8d0r0{display:flex;flex:0
 1 33.333%;padding-bottom:0.25rem}.breedInfoCommon_f1n31fhl{padding-left:0.5rem
}.keyStatItem_f1ubk0hm{display:flex;justify-content:space-between}.keyStatItemC
ommon_f21c4gp{margin:0.125rem 0rem 0rem 0rem}.keyStatItemHighlight_f1u22vww{bac
kground-color:#FFFFFF;border-radius:0.0625rem;border-width:0.0625rem;position:r
elative}.innerContainer_fklduey{display:flex;flex-direction:column;padding:0.31
25rem 0rem 0rem 0.5rem}.innerContainerHighlight_f18ck9j7{border-radius:0.0625re
m;border-style:solid;border-top-color:#0077CC;border-top-width:0.125rem;width:c
alc(100% - 0.125rem)}.innerContainerNotHighlighted_f1er5tj2{padding:0.4375rem 
0rem 0rem 0.5rem}.separator_f6o02e4{background:#F0F1F2;height:100%;position:abs
olute;right:0;top:0;width:0.125rem}.logo_fmlznd{margin-right:0.625rem}.statResu
ltInfoItem_f40mii{display:flex;flex:0 1 25%;flex-direction:column;margin-top:0.
125rem;padding-bottom:0.375rem}.statResultInfoItem_f40mii>span:first-child{padd
ing-bottom:0.25rem}.statResultInfoItemDesktop_f1cb18md{display:flex;flex:0 1 12
.5%;flex-direction:column;margin-top:0.125rem;padding-bottom:0.375rem}.statResu
ltInfoItemDesktop_f1cb18md>span:first-child{padding-bottom:0.25rem}.statResultI
nfoItemDesktop960_f1cnum03{display:flex;flex:0 1 16.667%;flex-direction:column;
margin-top:0.125rem;padding-bottom:0.375rem}.statResultInfoItemDesktop960_f1cnu
m03>span:first-child{padding-bottom:0.25rem}.outcomeStatsContainer_f1fdh3sx{dis
play:flex;flex-wrap:wrap;margin:0.75rem 0.5rem 0.5rem 0.5rem}.settlingPositionC
ontainer_f10af8oj{display:flex;flex-direction:column;padding:0.75rem 1rem 
0.75rem 1rem}.settlingPositionContainer_f10af8oj>span:first-child{padding-botto
m:0.25rem}.recentStatsHeader_f1vqiabg{margin-left:1rem}.statLabel_f15rk4ci{padd
ing-right:0.3125rem}.runnerCommentsContainer_f14arr6{display:flex;flex-directio
n:column;margin-bottom:1rem;margin-left:1rem;margin-top:0.125rem;padding-bottom
:0.375rem}.runnerComments_fz07x3j{font-size:0.6875rem;padding-top:0.375rem}.run
nerCommentsHeader_fddsvlq{align-items:center;display:flex}.runnerCommentsTitle_
f1op6hsi{padding-right:0.5rem}.tipTypeBadgeAdditionalStyle_f1juivl4{align-self:
center}.recentStartValue_fwbhfoe{display:block;line-height:0.6875rem;padding-to
p:0.5rem}.viewMore_fbv44ne{align-items:center;cursor:pointer;display:flex;justi
fy-content:center;margin:0.5rem 
0rem}.viewMoreIcon_f16b6j4u{margin-left:0.25rem;transition:transform 200ms 
cubic-bezier(0.4, 0.0, 0.2, 1)}.viewMoreIconRotate_f18a0vkk{transform:rotate(18
0deg)}.formUnavailable_fsuivmx{text-align:center}.recentStarts_fn8ai8t{padding-
bottom:0.5rem}.extraButtonsContainer_f1meecst{display:flex;margin:0rem 1rem 
0rem 1rem}.longFormButton_f1ha887j{margin-right:0.25rem}.shortFormButton_f1n0dv
v8{margin-left:0.25rem}.accordionTitle_f1vqiabg{margin-left:1rem}.accordionCont
ainer_fp3sahc{margin:0rem 1rem;padding-top:0.75rem}@keyframes f1ishwnt{0%,100%{
border-color:#00000000}50%{border-color:#0470c8ff}}.customInput_f1hf8rho{displa
y:flex;justify-content:flex-end}.cursorStandard_f1cmfdx6{animation-duration:1s;
animation-iteration-count:infinite;animation-name:f1ishwnt;animation-timing-fun
ction:step-end;border-right:1px solid #0470c8ff}.cursorInverted_f1cmfdx6{animat
ion-duration:1s;animation-iteration-count:infinite;animation-name:f1ishwnt;anim
ation-timing-function:step-end;border-right:1px solid #0470c8ff}.container_fgyd
ppl{display:flex;flex-direction:column;width:100%}.textAreaInputContainer_f1nfs
001{display:flex;width:100%}.inputContainer_f1mgyl9u{position:relative}.commonI
nput_fsgoho3{border:0.0625rem solid #b8cde0ff;border-radius:1rem;border-width:0
.0625rem;outline:0;padding:0.5rem;width:100%}.inputText_fwosbfs{height:2rem}.in
putTextArea_fna0iep{field-sizing:content;font-family:Roboto, sans-serif;max-hei
ght:7.5rem;min-height:0.875rem;resize:none}.inputNumeric_fh114pg{height:2rem;te
xt-align:right}.textAlignment_f7ra6ol{padding:0rem 0.5rem}.inputStandard_f13byu
ko{background-color:#ffffffff;border-color:#b8cde0ff;color:#0a375cff}.inputInve
rse_f1p1ww3s{background-color:#023864ff;border-color:#00000000;color:#ffffffff}
.standardInputError_f1ltu67e{background-color:#fee6e6ff;border-color:#c80404ff;
color:#a00303ff}.inverseInputError_f1ltu67e{background-color:#fee6e6ff;border-c
olor:#c80404ff;color:#a00303ff}.inputInactive_f13pt72t{background-color:#b8cde0
52;border-color:#00000000;color:#709dc2ff}.inputInactive_f13pt72t::-webkit-inpu
t-placeholder{color:#709dc2ff}.inputInactive_f13pt72t::-moz-placeholder{color:#
709dc2ff}.inputInactive_f13pt72t:-ms-input-placeholder{color:#709dc2ff}.inputIn
active_f13pt72t:-moz-placeholder{color:#709dc2ff}.inputInactive_f13pt72t::place
holder{color:#709dc2ff}.inputInverseInactive_fjpa4pz{background-color:#0238647a
;border-color:#00000000;color:#709dc2ff}.inputInverseInactive_fjpa4pz::-webkit-
input-placeholder{color:#709dc2ff}.inputInverseInactive_fjpa4pz::-moz-placehold
er{color:#709dc2ff}.inputInverseInactive_fjpa4pz:-ms-input-placeholder{color:#7
09dc2ff}.inputInverseInactive_fjpa4pz:-moz-placeholder{color:#709dc2ff}.inputIn
verseInactive_fjpa4pz::placeholder{color:#709dc2ff}.inputWithCloseIcon_f1eodpcb
{padding-right:2rem}.focusedInput_f1vqbku0{border-color:#0470c8ff}.focusedInver
seInput_f1vqbku0{border-color:#0470c8ff}.clearButtonContainer_f16bp2vg{height:3
2px;padding:0.5rem;position:absolute;right:0;top:0}.clearButtonTextAreaContaine
r_f25tpwi{height:32px;padding:0.5rem;position:absolute;right:0;top:50%;transfor
m:translateY(-50%)}.icon_ftmnqif{height:32px;left:0;padding:0.5rem;position:abs
olute;top:0}.inputWithIcon_fsrv7j3{padding-left:1.75rem}.placeholderTextSubdued
_f1qbf2ki::-webkit-input-placeholder{color:#3d6a8fff}.placeholderTextSubdued_f1
qbf2ki::-moz-placeholder{color:#3d6a8fff}.placeholderTextSubdued_f1qbf2ki:-ms-i
nput-placeholder{color:#3d6a8fff}.placeholderTextSubdued_f1qbf2ki:-moz-placehol
der{color:#3d6a8fff}.placeholderTextSubdued_f1qbf2ki::placeholder{color:#3d6a8f
ff}.placeholderTextOnBrandSubdued_f3g4f5r::-webkit-input-placeholder{color:#dbe
6f0ff}.placeholderTextOnBrandSubdued_f3g4f5r::-moz-placeholder{color:#dbe6f0ff}
.placeholderTextOnBrandSubdued_f3g4f5r:-ms-input-placeholder{color:#dbe6f0ff}.p
laceholderTextOnBrandSubdued_f3g4f5r:-moz-placeholder{color:#dbe6f0ff}.placehol
derTextOnBrandSubdued_f3g4f5r::placeholder{color:#dbe6f0ff}.placeholderTextStat
usUrgent_f1azcmwd::-webkit-input-placeholder{color:#a00303ff}.placeholderTextSt
atusUrgent_f1azcmwd::-moz-placeholder{color:#a00303ff}.placeholderTextStatusUrg
ent_f1azcmwd:-ms-input-placeholder{color:#a00303ff}.placeholderTextStatusUrgent
_f1azcmwd:-moz-placeholder{color:#a00303ff}.placeholderTextStatusUrgent_f1azcmw
d::placeholder{color:#a00303ff}.placeholderTextInteractiveNormalInactive_fu6b65
z::-webkit-input-placeholder{color:#709dc2ff}.placeholderTextInteractiveNormalI
nactive_fu6b65z::-moz-placeholder{color:#709dc2ff}.placeholderTextInteractiveNo
rmalInactive_fu6b65z:-ms-input-placeholder{color:#709dc2ff}.placeholderTextInte
ractiveNormalInactive_fu6b65z:-moz-placeholder{color:#709dc2ff}.placeholderText
InteractiveNormalInactive_fu6b65z::placeholder{color:#709dc2ff}.commentContaine
rComment_f90pc9g{background-color:#edf3f7ff;border-radius:0.5rem;display:flex;f
lex-direction:column;gap:0.5rem;margin-bottom:0.5rem;padding:0.5rem;padding-top
:0.25rem}.commentText_f6uey4{display:flex;flex-direction:column;overflow-wrap:b
reak-word;word-break:break-all}.commentContainerNoComment_fdycs8v{align-items:e
nd;display:flex;flex-direction:column;margin-bottom:0.25rem;width:100%}.comment
Title_feb23nm{align-items:center;display:flex;flex-direction:row;justify-conten
t:space-between}.commentTimestamp_firtlqk{align-items:center;display:flex;flex-
direction:row;gap:0.5rem}.editButton_f1xzgvpa{background-color:#edf3f7ff;height
:2rem;width:2rem}.commentAccessories_forlmnb{display:flex;flex-direction:row;ju
stify-content:space-between;margin-top:0.25rem;width:100%}.commentButtons_ffywy
tu{display:flex;flex-direction:row;gap:0.25rem}.textArea_f1u4068p{align-items:f
lex-start;display:flex;flex-direction:row;justify-content:flex-start;width:100%
}.racingSilk_f1631z5t{height:2rem;margin-right:0.75rem;object-fit:contain;width
:2rem}.defaultSilk_f1fe5bmp{height:1.75rem;margin-right:0.75rem;object-fit:cont
ain;width:1.75rem}.extraSmallSilk_f1eayu4q{width:1.125rem}.extraLargeSilk_f1a1t
e33{height:3rem;width:2.25rem}@keyframes f1b5c5cm{0%{opacity:0;transform:transl
ateY(0.625rem)}100%{opacity:0;transform:translateY(0rem)}17%,83%{opacity:1;tran
sform:translateY(0rem)}}@keyframes f1suje57{0%{opacity:0;transform:translateY(-
0.625rem)}100%{opacity:0;transform:translateY(0rem)}17%,83%{opacity:1;transform
:translateY(0rem)}}@keyframes fgccq0e{0%{opacity:0;transform:translateY(-0.625r
em)}100%{opacity:0;transform:translateY(-0.125rem)}17%,83%{opacity:1;transform:
translateY(-0.125rem)}}.container_f59ot57{align-items:center;display:flex;heigh
t:100%;position:relative;width:100%}.flexColumn_f1x5sbbq{flex-direction:column}
.justifyCenter_f1d5jrmm{justify-content:center}.runnerContainer_fcjv8n2{align-i
tems:center;display:flex;flex-direction:row;gap:0.25rem}.topElementContainer_fd
dsvlq{align-items:center;display:flex}.flucsArrowTopContainer_fxe1asg{bottom:0;
display:flex;justify-content:center;left:0;position:absolute;top:0;width:100%}.
flucsArrowBottomContainer_f1rwf8qi{bottom:0;display:flex;justify-content:center
;left:0;position:absolute;width:100%}.arrowSlideUpAnimation_fbwnjil{animation-d
uration:3000ms;animation-name:f1b5c5cm;position:absolute}.arrowSlideDownAnimati
on_f1q1wwp5{animation-duration:3000ms;animation-name:f1suje57;position:absolute
}.arrowSlideDownWithBadgeAnimation_f1qbeds{animation-duration:3000ms;animation-
name:fgccq0e;position:absolute}.inactiveSilkWrapper_f1d63tv1{opacity:0.5}.tipsP
adding_f1d7umd6{padding-bottom:0.5rem;padding-top:0.5rem}.tipsValuePadding_f10e
w9eo{padding-bottom:1rem;padding-top:0.5rem}.horizontalBoostedOddsMargin_f1wk29
48{margin:0rem 0rem 0rem 0.25rem}.tipsOddsMargin_f1uw7qmg{margin:0.25rem 
0rem}.defaultOddsMargin_f1kcyemd{margin:-0.25rem 0rem}.longOddsTextPadding_fwt2
0qt{padding-left:4px;padding-right:4px}.handicapLabel_f467h7i{align-items:cente
r;display:flex;flex-direction:row;gap:0.25rem;justify-content:center}.overlayOp
aqueLight_fyeu9jk{background-color:rgba(255, 255, 255, 0.7);bottom:0;left:0;pos
ition:fixed;right:0;top:0}.overlayOpaqueDark_f932cfm{background-color:rgba(0, 
0, 0, 0.7);bottom:0;left:0;position:fixed;right:0;top:0}.overlayTransparent_fh3
omgm{background-color:transparent;bottom:0;left:0;position:fixed;right:0;top:0}
.overlayEnter_fnu5k6u{opacity:0}.overlayEnterActive_f7y6q4z{opacity:0.7;transit
ion:opacity 100ms cubic-bezier(0.4, 0.0, 0.2, 1)}.overlayExit_f11mwepb{opacity:
0.7}.overlayExitActive_fvwyq8a{opacity:0;transition:opacity 100ms 
cubic-bezier(0.4, 0.0, 0.2, 1)}.panelEnter_fyvtar9{transform:translateX(-100%)}
.panelEnterActive_f11evml2{transform:translateX(0%);transition:transform 300ms 
cubic-bezier(0.0, 0.0, 0.2, 
1)}.panelExit_f1hl7bru{transform:translateX(-100%);transition:transform 300ms 
cubic-bezier(0.4, 0.0, 0.6, 1)}.panelExitActive_fyvtar9{transform:translateX(-1
00%)}.panelEnter_flyut3o{transform:translateY(-100%)}.panelEnterActive_filrz7b{
transform:translateY(0%);transition:transform 300ms cubic-bezier(0.0, 0.0, 
0.2, 1)}.panelExit_f1nrjygr{transform:translateY(-100%);transition:transform 
300ms cubic-bezier(0.4, 0.0, 0.6, 1)}.panelExitActive_flyut3o{transform:transla
teY(-100%)}.panelEnter_fmacpko{transform:translateX(100%)}.panelEnterActive_f11
evml2{transform:translateX(0%);transition:transform 300ms cubic-bezier(0.0, 
0.0, 0.2, 
1)}.panelExit_f10kkmev{transform:translateX(100%);transition:transform 300ms 
cubic-bezier(0.4, 0.0, 0.6, 1)}.panelExitActive_fmacpko{transform:translateX(10
0%)}.panelEnter_f3ostax{transform:translateY(100%)}.panelEnterActive_filrz7b{tr
ansform:translateY(0%);transition:transform 300ms cubic-bezier(0.0, 0.0, 0.2, 
1)}.panelExit_f1jdo9sm{transform:translateY(100%);transition:transform 300ms 
cubic-bezier(0.4, 0.0, 0.6, 1)}.panelExitActive_f3ostax{transform:translateY(10
0%)}.panelContainerFitScreenHeight_ffznojh{-webkit-overflow-scrolling:touch;bac
kground-color:#F0F1F2;bottom:0;overflow-y:auto;position:fixed;top:0;will-change
:transform}.panelContainerFitPanelHeight_ftasskw{-webkit-overflow-scrolling:tou
ch;overflow-y:auto;position:fixed;will-change:transform}.topPanelContainer_f1vp
ftw{top:0}.bottomPanelContainer_fkpofwg{bottom:0}.googlePlayModalContainer_f12w
1j83{background-color:#FFFFFF;display:flex;flex-direction:column;left:0;padding
:1.5rem 1rem 1.25rem 1rem;width:100%;z-index:17}.playStoreBodyContainer_f1f1ygn
m{display:flex}.googlePlayButtonContainer_f1sq2i4s{display:flex;flex:1;justify-
content:space-between;margin-top:1rem}.googlePlayButtonContainer_f1sq2i4s>*{fle
x:1}.googlePlayButtonContainer_f1sq2i4s>*:first-child{margin-right:0.5rem}.down
loadTextContainer_f8koj77{display:flex;flex-direction:column;min-height:5.375re
m}.bannerHeader_f1m0pc2a{margin-bottom:0.5rem}.playStoreContainer_f1t54spz{marg
in-left:1.5rem}.fastAndEasy_f1dvgy13{line-height:1rem;margin-bottom:0.125rem}.l
istItemContainer_f1g1j7ym{align-items:center;display:flex;flex-direction:row;he
ight:3rem;justify-content:space-between;margin-left:0.75rem;margin-right:0.75re
m}.itemSeparator_fx0z039{background-color:#E5E8ED;height:0.0625rem}.reaction_f1
4n1azn{align-items:center;cursor:pointer;display:flex;flex:1;height:100%;justif
y-content:center}.reactionSelected_fn7a444{border:0.125rem solid #0077CC;border
-radius:2.5rem}.reactionsRow_f14lvxgy{display:flex;flex-direction:row;flex-wrap
:wrap;justify-content:space-evenly}.reactionContainer_f1d7up3f{align-items:cent
er;height:3.75rem;justify-content:center;width:3.75rem}.reactionContainerBuffer
_f1c55h0t{align-items:center;display:flex;justify-content:center;width:16.66666
6666666668%}.title_f1jsdz8r{padding-top:0.25rem}.skinTone_ff1cwt7{margin:0.25re
m;padding:0rem 0.25rem}.container_fcksbfh{align-items:center;background:#FAFAFA
;display:flex;flex-direction:column;justify-content:center}.selectedSkinTone_ft
hhxn7{background-color:rgba(28, 117, 188, 0.2);border-radius:0.5rem}.skinTonesC
ontainer_f16oq6wm{cursor:pointer;display:flex;flex-direction:row;justify-conten
t:center}.removeScrollContainer_f1cxqf3e{display:flex;flex:1;flex-direction:col
umn;justify-content:center;overflow:hidden}.modalContainerMobile_fjju6ui{backgr
ound-color:#FFFFFF;border-radius:0.25rem;flex-direction:column;overflow-y:hidde
n;width:100%;z-index:21}.modalContainerDesktop_fq3t5zl{background-color:#FFFFFF
;border-radius:0.25rem;bottom:0rem;flex-direction:column;left:0rem;margin:auto;
overflow-y:hidden;right:0rem;top:0rem;width:23.5rem;z-index:21}.modalHeader_fur
p4u0{display:flex;flex-direction:row;justify-content:space-between;padding:0.75
rem}.closeIcon_f1kiagxp{background-color:#111111;border-radius:0.875rem;height:
1.75rem;width:1.75rem}.modalHeaderContainer_f12mjkc2{background-color:#FFFFFF;h
eight:3.25rem;position:sticky;width:100%;z-index:2}.modalBodyContainer_flpj5hm{
max-height:90%;overflow-y:auto;z-index:1}.modalBodyContainerWithFooter_f5y1zi9{
max-height:75%;overflow-y:auto;z-index:1}.modalFooterContainer_f10t85m2{positio
n:sticky;width:100%}.buttonContent_fddsvlq{align-items:center;display:flex}.but
tonIcon_f1f1ygnm{display:flex}.textNextToIcon_fi9oxr9{margin-left:0.3125rem;mar
gin-right:0.3125rem}.fullWidthWrapper_ffc8rcx{position:relative;width:100%}.con
tainer_f1qo33y1{flex:1}.containerRewardsDesktop_fx6ucc6{flex:1;margin-left:0.75
rem}.containerRewardsMobile_f1qo33y1{flex:1}.buttonContainer_fh1jitl{height:3re
m}.buttonContainerRewards_fwosbfs{height:2rem}.textContainer_f1p7nh5t{margin:au
to;max-width:22.375rem;padding-bottom:0.5rem;text-align:center}.phoneLink_fhudr
b0{color:#00549E}.phoneText_f1tc10rl{color:#111111}.icon_f1ryt8d{margin-right:0
.5rem}.title_f1puxvw9{align-items:flex-start;display:flex;line-height:1rem}.tex
tBody_f1qo33y1{flex:1}.retryLink_f9fxmxj{cursor:pointer;padding:0rem 0rem 0rem 
0.25rem}.red_f127x0fu{background-color:#FBEAE5;border-style:solid;border-width:
0.1875rem 0rem 0rem 0rem;color:#B92722}.orange_f1i29sum{background-color:#FFF1D
E;border-style:solid;border-width:0.1875rem 0rem 0rem 0rem;color:#F68D00}.blue_
f1ml45as{background-color:#E7F4FF;border-style:solid;border-width:0.1875rem 
0rem 0rem 0rem;color:#0077CC}.green_f11w681v{background-color:#EFFAE3;border-st
yle:solid;border-width:0.1875rem 0rem 0rem 0rem;color:#4AA331}.yellow_f75ulcv{b
ackground-color:#FFF9D2;border-style:solid;border-width:0.1875rem 0rem 0rem 
0rem;color:#F7C514}.large_f1vo5hk3{padding:0.75rem 1rem 1rem 
1rem}.small_fb8jotk{padding:0.75rem}.medium_fn9lait{padding:0.75rem 1rem 0.75re
m}.messageWrapper_felw2j3{border-style:solid;border-top-width:3px}.rounded_f1lh
i1uu{border-radius:0rem 0rem 0.125rem 0.125rem;border-width:0;box-shadow:0rem 
0.0625rem 0.0625rem 0rem rgba(0, 0, 0, 
0.25);margin-bottom:0.75rem}.wrapperPaddingMobile_fk8n2y{margin:0rem 0.5rem}.fa
stCodeLink_f1c7x5pa{align-items:center;display:flex;justify-content:center}.inf
oIcon_f1ha887j{margin-right:0.25rem}.innerContent_f1jw5ha4{background:linear-gr
adient(to bottom, #00549E, #1C75BC);padding:0.5rem 1.125rem 1.5rem 
1.125rem;width:100%}.innerContentDesktop_ftzszaf{background:linear-gradient(to 
bottom, #00549E, #1C75BC);padding:0.5rem 1rem 1rem 1rem;width:100%}.header_f1s9
262{align-items:center;display:flex;justify-content:space-between;margin-bottom
:0.5rem}.closeIcon_fuvtvbu{background-color:rgba(0, 0, 0, 0)}.betInfoBody_fq2p2
0a{background-color:#FFFFFF;border-radius:0.125rem;display:flex;flex-direction:
column;margin-bottom:0.75rem;padding:0.75rem 1rem 1rem 1rem}.buttonContainer_fd
dsvlq{align-items:center;display:flex}.outcomeNameRow_fxdlc20{align-items:cente
r;display:flex;justify-content:space-between;margin-bottom:0.25rem}.betInfoText
_f1s707a2{display:block;line-height:1rem}.betInfoTextEllipsis_fvg5aq7{display:b
lock;line-height:1rem;overflow:hidden;text-overflow:ellipsis;white-space:nowrap
}.fastCode_ffmq97{align-items:center;border-top:1px solid #DEE1E3;display:flex;
flex-direction:column;margin-top:0.5rem;padding-top:0.9375rem}.fastCodeDesktop_
fgzij6a{align-items:center;border-top:1px solid 
#DEE1E3;display:flex;flex-direction:column;padding:0.5rem 0rem}.fastCodeTitle_f
1m0pc2a{margin-bottom:0.5rem}.fastCodeHelp_fvhs28d{display:flex;justify-content
:center;margin-top:0.75rem}.fastCodeHelpDesktop_fuoyp4w{display:flex;justify-co
ntent:center;margin-top:1rem}.myBetsButton_fpsulcm{margin-top:0.5rem}.fastCodeP
laceholder_fo7354s{align-items:center;display:flex;height:2.875rem;justify-cont
ent:center}.accountNumberDesktop_fs9jk0x{border-top:1px solid #DEE1E3;padding-t
op:0.75rem}.fastCodeCallTitleDesktop_f1p51cf9{margin-bottom:0.75rem}.errorMessa
ge_fu9spp7{margin:0.125rem 0rem -0.0625rem 0rem}.createLiveMultiButtonWrapper_f
1dys2nd{flex:1;height:3rem;margin-right:0.375rem}.callButtonWrapper_fzc73am{fle
x:1;height:3rem}.createLiveMultiButtonDesktop_fzc73am{flex:1;height:3rem}.modal
Container_fzrvxca{background-color:#00549E;display:flex;left:0;width:100%;z-ind
ex:19}.iconContainer_feo4y00{align-items:center;background:none;border-radius:i
nherit;display:flex;height:2rem;justify-content:center;position:relative;width:
2rem}.iconContainer_feo4y00:focus{background-color:#F0F1F2;outline:0}.iconConta
inerLarge_f173fdwg{align-items:center;background:none;border-radius:inherit;dis
play:flex;height:2.5rem;justify-content:center;position:relative;width:2.5rem}.
iconContainerLarge_f173fdwg:focus{background-color:#F0F1F2;outline:0}.iconConta
inerTransparentBackground_f1gn68sp{align-items:center;background:none;border-ra
dius:inherit;display:flex;height:2rem;justify-content:center;position:relative;
width:2rem}.iconContainerTransparentBackground_f1gn68sp:focus{outline:0}.iconCo
ntainerWithBigStoneTransparentBackground_fktjbv0{align-items:center;background:
rgba(20, 40, 65, 0.5);border-radius:inherit;display:flex;height:2rem;justify-co
ntent:center;position:relative;width:2rem}.enteredIcon_fcz4vg9{transform:rotate
(-180deg)}.iconEnterActive_fupsy0l{transform:rotate(-180deg);transition:transfo
rm 400ms cubic-bezier(0.4, 0.0, 0.2, 1)}.iconExit_fcz4vg9{transform:rotate(-180
deg)}.iconExitActive_f13wvbqu{transform:rotate(0deg);transition:transform 
300ms cubic-bezier(0.4, 0.0, 0.2, 1)}.lighter_fhgmv7l{color:#FFFFFF}.whiteWithT
ransparentBackground_fhgmv7l{color:#FFFFFF}.whiteWithBigStoneTransparentBackgro
und_fhgmv7l{color:#FFFFFF}.darker_f1tc10rl{color:#111111}.lighter_f1x0i9ns{bord
er-radius:50%;position:relative}.lighter_f1x0i9ns:active{background-color:rgba(
0, 0, 0, 0.1)}.darker_fom4ynh{border-radius:50%;position:relative}.darker_fom4y
nh:active{background-color:rgba(0, 0, 0, 0.1)}.whiteWithTransparentBackground_f
1t66qx6{border-radius:50%;position:relative}.whiteWithBigStoneTransparentBackgr
ound_f1t66qx6{border-radius:50%;position:relative}.headerContainerMobile_f1298k
te{align-items:center;display:flex;flex:0 0 
auto;height:4.125rem;justify-content:space-between;margin:0rem 0.75rem;position
:relative;z-index:2}.headerContainerCollapsed_fdifr50{align-items:center;displa
y:flex;flex:0 0 auto;justify-content:space-between;margin:0;padding:0.5rem;posi
tion:fixed;right:0;z-index:2}.headerContainerDesktop_f1x1dz6w{align-items:cente
r;display:flex;flex:0 0 
auto;height:6.25rem;justify-content:space-between;margin:0rem 1.875rem;position
:relative;z-index:2}.headerContainerDesktopNoMargin_f1y5r3t7{align-items:center
;display:flex;flex:0 0 auto;height:6.25rem;justify-content:space-between;min-wi
dth:22rem;position:relative;width:100%;z-index:2}.closeButtonContainer_fvuszcz{
align-items:center;display:flex;margin-left:auto;z-index:3}.backToLogin_fq1nj9h
{align-items:center;display:flex;z-index:3}.centerLogo_f1glt2c2{left:0;margin:0
 auto;position:absolute;right:0}.centerLogo_f1glt2c2>div{margin:0 auto}.backgro
und_f1d984p0{bottom:0;left:0;position:fixed}.container_f50khge{display:flex;hei
ght:3.5rem}.defaultHeaderBackground_f1d3hxqb{background-color:#035ca5ff}.blackb
ookHeaderBackground_f1f18izm{background-color:#ffffffff}.backButtonWrapper_f1ry
t8d{margin-right:0.5rem}.plain_fmhaj67{background-color:#FFFFFF;bottom:0;left:0
;overflow:auto;position:fixed;right:0;top:0;z-index:24}.plainGrey_f16gcxiq{back
ground-color:#686B70;bottom:0;left:0;overflow:auto;position:fixed;right:0;top:0
;z-index:24}.branded_f69rhgd{background:#0067AB;bottom:0;left:0;overflow:auto;p
osition:fixed;right:0;top:0;z-index:24}.alternativeBranded_f14vq5yk{background:
linear-gradient(to bottom, #00549E, #073965);bottom:0;left:0;overflow:auto;posi
tion:fixed;right:0;top:0;z-index:24}.brandedWithBigStoneTransparentDismissButto
n_f69rhgd{background:#0067AB;bottom:0;left:0;overflow:auto;position:fixed;right
:0;top:0;z-index:24}.modalContent_fhdrs6o{display:flex;flex-direction:column;mi
n-height:100%;outline:none;position:relative}.childrenWrapper_fp5tyk{align-self
:center;display:flex;flex-direction:column}.modalContentFixed_f1072ck7{display:
flex;flex-direction:column;height:100%;outline:none;position:relative}.bodyCont
ainer_f10qdn8i{display:flex;flex:1;flex-direction:column;height:100%;position:r
elative;z-index:1}.bodyContainerFixedMobile_fi9sw7j{display:flex;flex:1;flex-di
rection:column;margin:0 auto 1.5rem auto;width:18rem;z-index:1}.bodyContainerFi
xedDesktop_fdefsah{display:flex;flex:1;flex-direction:column;margin:0 auto 
1.5rem auto;width:22.625rem;z-index:1}.assumeFullParentHeight_f1qo33y1{flex:1}.
assumeFullParentWidth_f96or0t{width:100%}.tooltipWrapper_f1f1ygnm{display:flex}
.infoIcon_fhgmv7l{color:#FFFFFF}.infoTooltipButton_fuvtvbu{background-color:rgb
a(0, 0, 0, 0)}.pointer_fdrb6nv{cursor:pointer;text-decoration:underline}.phoneN
umberLinkInContext_f1lmdnl0{color:#111111;cursor:pointer;text-decoration:underl
ine}.phoneNumberLink_f7122re{color:#B92722;cursor:pointer;text-decoration:under
line}.phoneNumberTextInContext_f1tc10rl{color:#111111}.phoneNumberText_f1mykxhb
{color:#B92722}.shareContainer_fkhz08q{display:flex;flex-direction:column}.shar
eContainerHeader_f1w98fo6{align-items:center;display:flex;flex-direction:column
}.shareOptionsContainer_fkhz08q{display:flex;flex-direction:column}.shareOption
Container_f1vnk4za{background-color:#FFFFFF;flex-direction:row}.shareOption_f2s
1awa{align-items:center;display:flex;flex-direction:row}.shareOptionSeparatorLi
ne_farybxn{background-color:rgba(17, 17, 17, 
0.2);height:0.0625rem;margin:0.625rem 0rem}.inviteCodeText_f1o2048k{line-height
:1.75rem;padding-top:0.75rem}.shareText_fl9a4co{margin-bottom:1rem}.messageCopy
Container_fx5ljov{align-items:center;background-color:#FFFFFF;bottom:11rem;disp
lay:flex;height:3rem;justify-content:center;left:0rem;margin:auto;position:abso
lute;right:0rem;width:21.875rem}.messageCopyContainerPhone_f16q4uax{align-items
:center;background-color:#FFFFFF;bottom:1.25rem;display:flex;height:3rem;justif
y-content:center;left:0rem;margin:auto;position:absolute;right:0rem;width:18rem
}.messageCopySuccessText_fsuivmx{text-align:center}.shareOptionIcon_f5eymqt{col
or:#00549E;margin-right:1rem}.closeIcon_f1r086p7{align-self:flex-end;color:#686
B70;cursor:pointer;position:absolute}.separatorLine_flewb67{background-color:rg
ba(17, 17, 17, 0.2);height:0.0625rem;margin:0.75rem -1.5rem}.enter_f11mwepb{opa
city:0.7}.enterActive_f2g61gb{opacity:1;transition:opacity 225ms 
cubic-bezier(0, 0, .2, 
1)}.exit_f1wemlvb{opacity:1}.exitActive_f1v3mehn{opacity:0;transition:opacity 
175ms cubic-bezier(.4, 0, 1, 1)}.container_f2s1awa{align-items:center;display:f
lex;flex-direction:row}.icon_f1c6f0gw{padding-right:0.25rem}.modalHeader_f1jh3s
m9{display:flex;flex:1;flex-direction:row}.modalHeaderText_f1gggnxr{align-self:
center;flex:1}.contentContainer_f1bwtfkz{display:flex;flex-direction:column;hei
ght:100%;width:100%}.errorText_fj13a2b{margin:0.5rem 0rem 0.25rem 0rem}.buttonC
ontainer_fsb6gj2{align-items:flex-start;display:flex;justify-content:flex-end;m
argin-top:0.75rem}.startBettingButton_f14yb8vi{height:3rem;margin-left:1.875rem
;width:7.5rem}.cancelButton_fqf8f1b{height:3rem;width:4.375rem}.memberListConta
iner_f15xc0c0{display:flex;flex-direction:column;height:100%}.verticalScroll_fk
bojnc{overflow-y:auto}.seeAllText_f1phmezm{align-self:flex-end;cursor:pointer;m
argin:0.5rem 0rem}.underline_fsccqbv{background-color:#00549E;height:0.0625rem;
margin-top:0.0625rem;width:100%}.modalLabel_f1l5d3zn{align-items:center;border-
bottom:0.0625rem solid rgba(17, 17, 17, 0.2);display:flex;justify-content:space
-between;padding-bottom:0.5rem}.modalItem_f1v8hna0{align-items:center;border-bo
ttom:0.0625rem solid rgba(17, 17, 17, 
0.2);display:flex;height:46px;justify-content:space-between;padding:0.75rem 0re
m}.container_fkhz08q{display:flex;flex-direction:column}.lineFeed_f1sh63gs{marg
in-top:1rem}.linkText_fqh7k30{color:#00549E;cursor:pointer}.buttonsContainer_f1
1mep1z{display:flex;justify-content:flex-end;margin-top:1.25rem}.settingsButton
_fwal40n{height:3rem;margin-left:1.875rem;width:5rem}.partialMessageWrapper_fl9
a4co{margin-bottom:1rem}.horizontalDashSeparator_fhvd36z{border-bottom:0.0625re
m dashed #DEE1E3}.rowContainer_f1wiyiei{display:flex;flex-direction:row;justify
-content:space-between;margin:0.5rem 0rem}.columnContainer_fvd9sid{align-items:
flex-end;display:flex;flex:1;flex-direction:column;max-height:13.3125rem;overfl
ow-y:auto;padding-right:0.75rem;text-align:end}.columnContainerMobile_f1vm4qdr{
align-items:flex-end;display:flex;flex:1;flex-direction:column;max-height:8.312
5rem;overflow-y:auto;padding-right:0.75rem;text-align:end}.errorWrapper_f1hpamp
t{margin-top:0.75rem}.listMembersTextWrapper_f1ozhb91{white-space:pre-line}.red
Text_f1mykxhb{color:#B92722}.retryLink_fjc8j3f{cursor:pointer;padding-left:0.25
rem}.amountTransferContainer_f8vsdye{border-color:#C3C5C7;border-style:dashed;b
order-width:0.0625rem 0rem 0rem;display:flex;flex:1;flex-direction:row}.amountT
ransferCell_f1v7yyfg{display:flex;flex:0.5;flex-direction:column;padding:0.5rem
 0rem}.arrowIconContainer_f15ex85r{margin:0rem 0.75rem;position:relative;width:
1.5rem}.arrowIconContainer_f15ex85r::after{border-color:#C3C5C7;border-style:da
shed;border-width:0rem 0.0625rem 0rem 
0rem;content:'';display:inline-block;height:calc(50% - 0.75rem);left:calc(50% 
- 0.03125rem);position:absolute;top:0;width:0}.arrowIconContainer_f15ex85r::bef
ore{border-color:#C3C5C7;border-style:dashed;border-width:0rem 0.0625rem 0rem 
0rem;bottom:0;content:'';display:inline-block;height:calc(50% - 
0.75rem);left:calc(50% - 0.03125rem);position:absolute;width:0}.arrowIcon_f1jeg
3wu{align-items:center;background-color:#111111;border-radius:0.75rem;box-sizin
g:border-box;color:#FFFFFF;display:flex;height:1.5rem;justify-content:center;le
ft:50%;position:absolute;top:50%;transform:translate(-50%, -50%);width:1.5rem}.
textSpacing_f1m0pc2a{margin-bottom:0.5rem}.messageContainer_f1kn9q6h{align-item
s:center;flex:1;flex-direction:row;justify-content:space-between}.textWithSpinn
er_f17pv5ie{display:flex;flex-direction:row;height:0.875rem}.spinnerContainer_f
p417vr{font-size:inherit;margin-left:0.25rem;position:relative}.spinnerStyleMod
ifier_f1cilt3d{width:1.5rem}.errorWrapper_f1hpampt{margin-top:0.75rem}.modalCon
tent_fkhz08q{display:flex;flex-direction:column}.modalMessage_f79tx5u{border-bo
ttom-color:rgba(17, 17, 17, 0.2);border-bottom-style:dotted;border-bottom-width
:0.0625rem;display:flex;flex:1;flex-direction:column;margin-bottom:0.75rem;padd
ing-bottom:0.75rem}.paragraph_fkytzx6{line-height:1rem}.paragraph_fkytzx6:not(:
last-child){margin-bottom:1rem}.modalBuyInInfo_f1ddtyyy{border-bottom-color:rgb
a(17, 17, 17, 0.2);border-bottom-style:dotted;border-bottom-width:0.0625rem;dis
play:flex;flex:1;margin-bottom:0.75rem;padding-bottom:0.75rem}.buyInLabel_f1qo3
3y1{flex:1}.errorWrapper_fdtxlc2{flex-direction:row;margin-top:0.5rem}.errorIco
n_f1mykxhb{color:#B92722}.errorLink_ffdu66g{color:#00549E;cursor:pointer;font-s
ize:0.875rem}.stepsContainer_f1p51cf9{margin-bottom:0.75rem}.textLineWrapper_fu
v9bac{display:flex;margin-bottom:1rem}.stepIndex_f1fc2dx1{flex:none;width:1.5re
m}.whiteSpacePreLine_fcatsu1{display:flex;white-space:pre-line}.whiteSpacePreLi
neWithMargin_f1x6944g{display:flex;padding-bottom:1rem;white-space:pre-line}.se
parator_f7yr9st{background-color:#C3C5C7;height:0.0625rem;margin:1.25rem 0rem 
1rem 0rem}.fundsTransferColumn_f1d6t259{display:flex;flex-direction:column;widt
h:50%}.fundsTransferInfoContainer_f1id6t0w{display:flex;flex-direction:row;marg
in-bottom:1rem}.closeGroupMessage_f6ebnu7{padding-bottom:0.25rem}.closeGroupCon
tainer_fkhz08q{display:flex;flex-direction:column}.leaveMessage_f1ozhb91{white-
space:pre-line}.membersContentContainer_f1q7x221{align-items:center;align-self:
center;display:flex;flex:1;flex-direction:row;justify-content:center;margin-top
:1rem}.membersContentTextWrapper_f1egkbug{cursor:pointer;text-decoration-line:u
nderline}.memberNamesWrapper_fsuivmx{text-align:center}.joinClubInfoContainer_f
1w06sxr{margin-bottom:1rem;text-align:center}.joinClubInfoContainerDesktop_f1ug
yoh0{margin-bottom:1.5rem;text-align:center}.logoContainer_f1rfjxg1{display:fle
x;justify-content:center;padding-bottom:0.5rem}.logoContainerDesktop_f1vca2ki{d
isplay:flex;justify-content:center;padding-bottom:1.25rem}.joinClubGreeting_f1t
gjws2{display:flex;justify-content:center}.greetingText_f1jso0ly{max-width:15.6
25rem;text-align:center}.buyInInfo_fyzy286{display:flex;justify-content:center;
margin:0.25rem 0rem 1.25rem}.infoIcon_fgff814{margin:0.125rem 0.5rem 0rem}.memb
ersCountContainer_f1l8jkug{display:inline-block}.size64_fj2v347{display:block;f
ont-size:4rem}.size64_fj2v347 span{font-size:4rem;white-space:nowrap}.size44_f1
tiri3r{display:block;font-size:2.75rem}.size44_f1tiri3r span{font-size:2.75rem;
white-space:nowrap}.size40_f1yrh3d3{display:block;font-size:2.5rem}.size40_f1yr
h3d3 span{font-size:2.5rem;white-space:nowrap}.size36_f11t30ef{display:block;fo
nt-size:2.25rem}.size36_f11t30ef span{font-size:2.25rem;white-space:nowrap}.siz
e30_fay2c1z{display:block;font-size:1.875rem}.size30_fay2c1z span{font-size:1.8
75rem;white-space:nowrap}.size28_f12pnhfr{display:block;font-size:1.75rem}.size
28_f12pnhfr span{font-size:1.75rem;white-space:nowrap}.size26_f120io7{display:b
lock;font-size:1.625rem}.size26_f120io7 span{font-size:1.625rem;white-space:now
rap}.size25_f1kq929z{display:block;font-size:1.5625rem}.size25_f1kq929z span{fo
nt-size:1.5625rem;white-space:nowrap}.size24_f1776qo7{display:block;font-size:1
.5rem}.size24_f1776qo7 span{font-size:1.5rem;white-space:nowrap}.size22_fj7f47b
{display:block;font-size:1.375rem}.size22_fj7f47b span{font-size:1.375rem;white
-space:nowrap}.size20_fv2p8o7{display:block;font-size:1.25rem}.size20_fv2p8o7 s
pan{font-size:1.25rem;white-space:nowrap}.size19_fckhnl3{display:block;font-siz
e:1.1875rem}.size19_fckhnl3 span{font-size:1.1875rem;white-space:nowrap}.size18
_fgfrvev{display:block;font-size:1.125rem}.size18_fgfrvev span{font-size:1.125r
em;white-space:nowrap}.size17_f8vf8tj{display:block;font-size:1.0625rem}.size17
_f8vf8tj span{font-size:1.0625rem;white-space:nowrap}.size16_f190zwav{display:b
lock;font-size:1rem}.size16_f190zwav span{font-size:1rem;white-space:nowrap}.si
ze15_fbzu07{display:block;font-size:0.9375rem}.size15_fbzu07 span{font-size:0.9
375rem;white-space:nowrap}.size14_f1kgn11j{display:block;font-size:0.875rem}.si
ze14_f1kgn11j span{font-size:0.875rem;white-space:nowrap}.size13_f5iz7mv{displa
y:block;font-size:0.8125rem}.size13_f5iz7mv span{font-size:0.8125rem;white-spac
e:nowrap}.size12_f1oorh9j{display:block;font-size:0.75rem}.size12_f1oorh9j span
{font-size:0.75rem;white-space:nowrap}.size11_f1b99ftz{display:block;font-size:
0.6875rem}.size11_f1b99ftz span{font-size:0.6875rem;white-space:nowrap}.size10_
fgbroef{display:block;font-size:0.625rem}.size10_fgbroef span{font-size:0.625re
m;white-space:nowrap}.size9_fzmelif{display:block;font-size:0.5625rem}.size9_fz
melif span{font-size:0.5625rem;white-space:nowrap}.normal_fq4ii6f{display:block
;font-weight:normal}.normal_fq4ii6f span{font-weight:normal;white-space:nowrap}
.bold_fkg2r53{display:block;font-weight:700}.bold_fkg2r53 span{font-weight:700;
white-space:nowrap}.heavy_f2lztt3{display:block;font-weight:900}.heavy_f2lztt3 
span{font-weight:900;white-space:nowrap}.medium_fjtmjon{display:block;font-weig
ht:500}.medium_fjtmjon span{font-weight:500;white-space:nowrap}.light_fxrlqav{d
isplay:block;font-weight:300}.light_fxrlqav span{font-weight:300;white-space:no
wrap}.lighter_faxshlz{display:block;font-weight:lighter}.lighter_faxshlz span{f
ont-weight:lighter;white-space:nowrap}.roboto_f164683r{display:block;font-famil
y:Roboto, sans-serif}.roboto_f164683r span{font-family:Roboto, sans-serif;white
-space:nowrap}.titillium_fz0anlz{display:block;font-family:Titillium Web, 
sans-serif}.titillium_fz0anlz span{font-family:Titillium Web, sans-serif;white-
space:nowrap}.alignCenter_fo7d4xz{display:block;text-align:center}.alignCenter_
fo7d4xz span{text-align:center;white-space:nowrap}.whiteSpace_fyrz0kd{display:b
lock;white-space:nowrap}.whiteSpace_fyrz0kd span{white-space:nowrap}.wordWrap_f
753iyv{display:block;word-wrap:break-word}.wordWrap_f753iyv span{white-space:no
wrap;word-wrap:break-word}.Endeavour_f1eumpyf{color:#00549E;display:block}.Ende
avour_f1eumpyf span{color:#00549E;white-space:nowrap}.SchoolBus_f1dqthpj{color:
#FAD701;display:block}.SchoolBus_f1dqthpj span{color:#FAD701;white-space:nowrap
}.White_f1vj3ccn{color:#FFFFFF;display:block}.White_f1vj3ccn span{color:#FFFFFF
;white-space:nowrap}.CodGray_f1giq0uf{color:#111111;display:block}.CodGray_f1gi
q0uf span{color:#111111;white-space:nowrap}.BigStone_f1sqhjbb{color:#142841;dis
play:block}.BigStone_f1sqhjbb span{color:#142841;white-space:nowrap}.DeepSapphi
re_fv3perr{color:#073965;display:block}.DeepSapphire_fv3perr span{color:#073965
;white-space:nowrap}.Nevada_fh5kqnb{color:#686B70;display:block}.Nevada_fh5kqnb
 span{color:#686B70;white-space:nowrap}.SilverSand_f1yhmyrr{color:#C3C5C7;displ
ay:block}.SilverSand_f1yhmyrr span{color:#C3C5C7;white-space:nowrap}.Iron_f17p0
i93{color:#DEE1E3;display:block}.Iron_f17p0i93 span{color:#DEE1E3;white-space:n
owrap}.Solitude_fi4gybr{color:#E7F4FF;display:block}.Solitude_fi4gybr span{colo
r:#E7F4FF;white-space:nowrap}.HawkesBlue_fs6e1if{color:#DFEBFD;display:block}.H
awkesBlue_fs6e1if span{color:#DFEBFD;white-space:nowrap}.Porcelain_f2nk78n{colo
r:#F0F1F2;display:block}.Porcelain_f2nk78n span{color:#F0F1F2;white-space:nowra
p}.Alabaster_f1pxh9t3{color:#FAFAFA;display:block}.Alabaster_f1pxh9t3 span{colo
r:#FAFAFA;white-space:nowrap}.Lochmara_f1pbikw7{color:#0077CC;display:block}.Lo
chmara_f1pbikw7 span{color:#0077CC;white-space:nowrap}.AwardBlue_f1rpa5uv{color
:#0C5CD4;display:block}.AwardBlue_f1rpa5uv span{color:#0C5CD4;white-space:nowra
p}.Apple_f1hm9kpz{color:#4AA331;display:block}.Apple_f1hm9kpz span{color:#4AA33
1;white-space:nowrap}.Feta_fkbiw93{color:#EFFAE3;display:block}.Feta_fkbiw93 sp
an{color:#EFFAE3;white-space:nowrap}.TallPoppy_f2dl0lj{color:#B92722;display:bl
ock}.TallPoppy_f2dl0lj span{color:#B92722;white-space:nowrap}.SunsetOrange_fq9l
ah3{color:#FF4C4C;display:block}.SunsetOrange_fq9lah3 span{color:#FF4C4C;white-
space:nowrap}.Linen_fukbd6v{color:#FBEAE5;display:block}.Linen_fukbd6v span{col
or:#FBEAE5;white-space:nowrap}.CuriousBlue_f1vvxif{color:#2EA5DD;display:block}
.CuriousBlue_f1vvxif span{color:#2EA5DD;white-space:nowrap}.Sun_fi8ua3r{color:#
FAA71C;display:block}.Sun_fi8ua3r span{color:#FAA71C;white-space:nowrap}.Tanger
ine_fmpjlqf{color:#F68D00;display:block}.Tangerine_fmpjlqf span{color:#F68D00;w
hite-space:nowrap}.PeachCream_f1bloypz{color:#FFF1DE;display:block}.PeachCream_
f1bloypz span{color:#FFF1DE;white-space:nowrap}.Rhino_fbmx8x3{color:#263B55;dis
play:block}.Rhino_fbmx8x3 span{color:#263B55;white-space:nowrap}.Mirage_fnu0ckn
{color:#172333;display:block}.Mirage_fnu0ckn span{color:#172333;white-space:now
rap}.RegentGray_f1abp9hj{color:#818F9B;display:block}.RegentGray_f1abp9hj span{
color:#818F9B;white-space:nowrap}.BajaWhite_f16l5ev{color:#FFF9D2;display:block
}.BajaWhite_f16l5ev span{color:#FFF9D2;white-space:nowrap}.FloralWhite_f1sz5gqv
{color:#FFFAED;display:block}.FloralWhite_f1sz5gqv span{color:#FFFAED;white-spa
ce:nowrap}.MaiTai_f152dj3b{color:#B75D05;display:block}.MaiTai_f152dj3b span{co
lor:#B75D05;white-space:nowrap}.AthensGray_f2pjirr{color:#E5E8ED;display:block}
.AthensGray_f2pjirr span{color:#E5E8ED;white-space:nowrap}.Denim_f1tyn76v{color
:#1C75BC;display:block}.Denim_f1tyn76v span{color:#1C75BC;white-space:nowrap}.C
hathamsBlue_fy1l753{color:#134D7D;display:block}.ChathamsBlue_fy1l753 span{colo
r:#134D7D;white-space:nowrap}.MonteCarlo_faw5g6f{color:#7ED2CD;display:block}.M
onteCarlo_faw5g6f span{color:#7ED2CD;white-space:nowrap}.Seagull_f15jim93{color
:#6FAEE6;display:block}.Seagull_f15jim93 span{color:#6FAEE6;white-space:nowrap}
.BestBetsRed_f1m0d1bb{color:#D70800;display:block}.BestBetsRed_f1m0d1bb span{co
lor:#D70800;white-space:nowrap}.BeteasyPurple_f1ojhg1z{color:#8935C0;display:bl
ock}.BeteasyPurple_f1ojhg1z span{color:#8935C0;white-space:nowrap}.SkyRed_f5ccr
mv{color:#E90142;display:block}.SkyRed_f5ccrmv span{color:#E90142;white-space:n
owrap}.SkyBlue_fn79u9z{color:#01BEFF;display:block}.SkyBlue_fn79u9z span{color:
#01BEFF;white-space:nowrap}.oneLine_f15ay66x{display:block;overflow:hidden;text
-overflow:ellipsis;white-space:nowrap}.transferYourBuyInWrapper_f1b69zye{flex:1
;margin-bottom:1.25rem}.transferYourBuyInHeader_f4kk892{display:flex;flex-direc
tion:row}.transferYourBuyInContainer_f1pvpbf9{border-color:rgba(255, 255, 255, 
0.4);border-style:solid;border-width:0.0625rem;color:#FFFFFF;display:flex;flex:
1;flex-direction:column}.transferYourBuyInContainerNoError_f1kdlabb{border-radi
us:0.5rem}.transferYourBuyInContainerWithError_fhaaobq{border-radius:0.5rem 
0.5rem 0rem 0rem}.amountInfoContainer_f17882mu{border-color:rgba(255, 255, 
255, 0.4);border-style:dashed;border-width:0rem 0rem 0.0625rem 0rem;display:fle
x;flex-direction:row;justify-content:space-between;padding:0.5rem 0.75rem}.tran
sferInfoContainer_f1sqn6mv{display:flex;flex-direction:row;justify-content:flex
-start}.transferInfoCell_f1pvvd2i{display:flex;flex:0.45;flex-direction:column;
max-width:50%;padding:0.5rem 0.75rem}.textBottomMargin8_f1m0pc2a{margin-bottom:
0.5rem}.infoIcon_fbynecf{margin-left:0.625rem;margin-right:0.625rem;margin-top:
0.25rem}.arrowIconContainer_f473sdu{flex:0.1;justify-content:center;position:re
lative}.arrowIconContainer_f473sdu::after{border-color:rgba(255, 255, 255, 
0.4);border-style:dashed;border-width:0rem 0.0625rem 0rem 
0rem;content:'';display:inline-block;height:calc(50% - 0.75rem);left:calc(50% 
- 0.03125rem);position:absolute;top:0;width:0}.arrowIconContainer_f473sdu::befo
re{border-color:rgba(255, 255, 255, 0.4);border-style:dashed;border-width:0rem 
0.0625rem 0rem 0rem;bottom:0;content:'';display:inline-block;height:calc(50% - 
0.75rem);left:calc(50% - 0.03125rem);position:absolute;width:0}.arrowIcon_f1740
fj9{align-items:center;border-color:rgba(255, 255, 255, 0.4);border-radius:0.75
rem;border-style:solid;border-width:0.0625rem;box-sizing:border-box;color:#FFFF
FF;display:flex;height:1.5rem;justify-content:center;left:50%;position:absolute
;top:50%;transform:translate(-50%, -50%);width:1.5rem}.textWithSpinner_f17pv5ie
{display:flex;flex-direction:row;height:0.875rem}.spinnerContainer_fp417vr{font
-size:inherit;margin-left:0.25rem;position:relative}.spinnerStyleModifier_f1cil
t3d{width:1.5rem}.clubAccountName_fybjayh{align-items:center;display:flex;flex:
1}.inputContainer_f9yzs44{min-height:2rem;padding-top:0.3125rem;position:relati
ve}.editableContent_fr8yjm3{color:#111111;font-size:0.875rem;line-height:1rem;m
ax-height:10rem;min-height:2rem;outline:none;overflow:auto;overflow-wrap:break-
word;padding:0.5rem 0rem 0.25rem 0rem;word-wrap:break-word}.editableContent_fr8
yjm3>div{font-size:0.875rem}.grey_fxjpoyk{color:#686B70}.white_fhgmv7l{color:#F
FFFFF}.blue_f1vtmsht{color:#0077CC}.sunsetOrange_fnib37l{color:#FF4C4C}.silverS
and_f16kimxf{color:#C3C5C7}.codGray_f1tc10rl{color:#111111}.label_f50hp5n{curso
r:input;font-size:0.875rem;line-height:1rem;position:absolute;top:21px;transfor
m-origin:left 
top}.error_f1mykxhb{color:#B92722}.entering_f1xkc9ba{transform:scale(0.785) 
translate(0, -24px);transition:transform 450ms cubic-bezier(0.23, 1, 0.32, 
1)}.entered_ft8n41i{transform:scale(0.785) translate(0, 
-24px)}.exiting_ftxp01a{transition:transform 450ms cubic-bezier(0.23, 1, 0.32, 
1)}.entered_ft8n41i{transform:scale(0.785) translate(0, 
-24px)}.exiting_ftxp01a{transition:transform 450ms cubic-bezier(0.23, 1, 0.32, 
1)}.lightGrey_f11fdx0w{border-bottom-color:#C3C5C7}.white_f63jso2{border-bottom
-color:#FFFFFF}.blue_fvbfmsi{border-bottom-color:#0077CC}.bottomUnderline_f1yfp
oiz{border-bottom-style:solid;border-bottom-width:0.0625rem;position:absolute;w
idth:100%}.staticUnderlineHover_f1ftpnzc{border-bottom-width:0.125rem}.animated
Underline_f14b3qt{border-bottom-width:0.125rem;transition:all 450ms 
cubic-bezier(0.23, 1, 0.32, 1)}.error_f1mc5k9o{border-bottom-color:#B92722}.dis
abled_f1d63tv1{opacity:0.5}.entering_f1osc8o3{transform:scaleX(1)}.entered_f1os
c8o3{transform:scaleX(1)}.exiting_fe2yki2{opacity:0;transform:scaleX(0)}.exited
_fe2yki2{opacity:0;transform:scaleX(0)}@keyframes 
f1cvr601{0%,100%{border-color:rgba(0, 0, 0, 
0)}50%{border-color:#FFFFFF}}@keyframes fwr9y69{0%,100%{border-color:rgba(0, 
0, 0, 0)}50%{border-color:#111111}}.inputContainer_fvis39b{padding:0rem 
0.325rem 0.65rem;position:relative}.inputControl_fu237v2{-webkit-appearance:non
e;border:1px solid 
#C3C5C7;border-radius:0.0625rem;height:1.5625rem;padding:0rem 0.325rem;width:10
0%}.customInputContainer_fio6g9r:before{content:attr(data-placeholder)}.customI
nput_f16488rz{bottom:0.5rem;display:block;line-height:1rem;max-width:100%;overf
low:hidden;padding-right:0.0625rem;position:absolute}.cursorWhite_f1rdqgr1{anim
ation-duration:1s;animation-iteration-count:infinite;animation-name:f1cvr601;an
imation-timing-function:step-end;border-right:1px solid #FFFFFF}.cursorBlack_f1
gve546{animation-duration:1s;animation-iteration-count:infinite;animation-name:
fwr9y69;animation-timing-function:step-end;border-right:1px solid #111111}.disa
bled_f16kimxf{color:#C3C5C7}.container_f1k6cc71{padding-top:0.8125rem;position:
relative;width:100%}.containerNoLabel_ffc8rcx{position:relative;width:100%}.inp
utContainer_fyzoiny{padding:0}.input_f70z3jl{background-color:rgba(0, 0, 0, 0);
border:0;font-family:Roboto;font-size:0.875rem;height:2rem;line-height:2rem;out
line:none;padding-left:0}.input_f70z3jl::-webkit-input-placeholder{opacity:0}.i
nput_f70z3jl::-moz-placeholder{opacity:0}.input_f70z3jl:-ms-input-placeholder{o
pacity:0}.input_f70z3jl:-moz-placeholder{opacity:0}.input_f70z3jl::placeholder{
opacity:0}.inputRightIconPadding_fpvvxxk{padding-right:1.8125rem}.inputLeftIcon
Padding_f1y7kgab{padding-left:1.8125rem}.descriptionContainer_f1ubk0hm{display:
flex;justify-content:space-between}.descriptionContainerRightAligned_f1hf8rho{d
isplay:flex;justify-content:flex-end}.descriptionText_f10b60f9{display:flex;fle
x-direction:column;font-size:0.6875rem;height:0.8125rem;justify-content:flex-st
art;margin-top:0.5rem}.maxLengthInfo_fq6c6rb{align-self:flex-end;margin-left:2r
em}.inputWithClearWrapper_f1g9kmyc{align-items:flex-end;display:flex;flex-direc
tion:row}.clearWrapper_f1frwfxb{cursor:pointer;padding-bottom:0.25rem}.inputWit
hValueBold_f13vslg{font-weight:bold}.autoCapitaliseInput_feugcrb{text-transform
:capitalize}.passwordInput_f129d7rp{padding-right:3.625rem}.CodGray_fk09mu0{col
or:#111111}.CodGray_fk09mu0::-webkit-input-placeholder{color:#111111}.CodGray_f
k09mu0::-moz-placeholder{color:#111111}.CodGray_fk09mu0:-ms-input-placeholder{c
olor:#111111}.CodGray_fk09mu0:-moz-placeholder{color:#111111}.CodGray_fk09mu0::
placeholder{color:#111111}.White_fi7qmc8{color:#FFFFFF}.White_fi7qmc8::-webkit-
input-placeholder{color:#FFFFFF}.White_fi7qmc8::-moz-placeholder{color:#FFFFFF}
.White_fi7qmc8:-ms-input-placeholder{color:#FFFFFF}.White_fi7qmc8:-moz-placehol
der{color:#FFFFFF}.White_fi7qmc8::placeholder{color:#FFFFFF}.Endeavour_f600r2w{
color:#00549E}.Endeavour_f600r2w::-webkit-input-placeholder{color:#00549E}.Ende
avour_f600r2w::-moz-placeholder{color:#00549E}.Endeavour_f600r2w:-ms-input-plac
eholder{color:#00549E}.Endeavour_f600r2w:-moz-placeholder{color:#00549E}.Endeav
our_f600r2w::placeholder{color:#00549E}.AthensGray_fya29p4{color:#E5E8ED}.Athen
sGray_fya29p4::-webkit-input-placeholder{color:#E5E8ED}.AthensGray_fya29p4::-mo
z-placeholder{color:#E5E8ED}.AthensGray_fya29p4:-ms-input-placeholder{color:#E5
E8ED}.AthensGray_fya29p4:-moz-placeholder{color:#E5E8ED}.AthensGray_fya29p4::pl
aceholder{color:#E5E8ED}.CodGray_f1sjsmq6{transition:opacity 450ms 
cubic-bezier(0.23, 1, 0.32, 1)}.CodGray_f1sjsmq6::-webkit-input-placeholder{opa
city:0.5}.CodGray_f1sjsmq6::-moz-placeholder{opacity:0.5}.CodGray_f1sjsmq6:-ms-
input-placeholder{opacity:0.5}.CodGray_f1sjsmq6:-moz-placeholder{opacity:0.5}.C
odGray_f1sjsmq6::placeholder{opacity:0.5}.White_fgxepjo{transition:opacity 
450ms cubic-bezier(0.23, 1, 0.32, 1)}.White_fgxepjo::-webkit-input-placeholder{
opacity:1}.White_fgxepjo::-moz-placeholder{opacity:1}.White_fgxepjo:-ms-input-p
laceholder{opacity:1}.White_fgxepjo:-moz-placeholder{opacity:1}.White_fgxepjo::
placeholder{opacity:1}.Endeavour_fgxepjo{transition:opacity 450ms 
cubic-bezier(0.23, 1, 0.32, 1)}.Endeavour_fgxepjo::-webkit-input-placeholder{op
acity:1}.Endeavour_fgxepjo::-moz-placeholder{opacity:1}.Endeavour_fgxepjo:-ms-i
nput-placeholder{opacity:1}.Endeavour_fgxepjo:-moz-placeholder{opacity:1}.Endea
vour_fgxepjo::placeholder{opacity:1}.AthensGray_fgxepjo{transition:opacity 
450ms cubic-bezier(0.23, 1, 0.32, 1)}.AthensGray_fgxepjo::-webkit-input-placeho
lder{opacity:1}.AthensGray_fgxepjo::-moz-placeholder{opacity:1}.AthensGray_fgxe
pjo:-ms-input-placeholder{opacity:1}.AthensGray_fgxepjo:-moz-placeholder{opacit
y:1}.AthensGray_fgxepjo::placeholder{opacity:1}.CodGray_f1prplw0::-webkit-input
-placeholder{opacity:0.5}.CodGray_f1prplw0::-moz-placeholder{opacity:0.5}.CodGr
ay_f1prplw0:-ms-input-placeholder{opacity:0.5}.CodGray_f1prplw0:-moz-placeholde
r{opacity:0.5}.CodGray_f1prplw0::placeholder{opacity:0.5}.White_f1u1c96y::-webk
it-input-placeholder{opacity:1}.White_f1u1c96y::-moz-placeholder{opacity:1}.Whi
te_f1u1c96y:-ms-input-placeholder{opacity:1}.White_f1u1c96y:-moz-placeholder{op
acity:1}.White_f1u1c96y::placeholder{opacity:1}.Endeavour_f1u1c96y::-webkit-inp
ut-placeholder{opacity:1}.Endeavour_f1u1c96y::-moz-placeholder{opacity:1}.Endea
vour_f1u1c96y:-ms-input-placeholder{opacity:1}.Endeavour_f1u1c96y:-moz-placehol
der{opacity:1}.Endeavour_f1u1c96y::placeholder{opacity:1}.AthensGray_f1u1c96y::
-webkit-input-placeholder{opacity:1}.AthensGray_f1u1c96y::-moz-placeholder{opac
ity:1}.AthensGray_f1u1c96y:-ms-input-placeholder{opacity:1}.AthensGray_f1u1c96y
:-moz-placeholder{opacity:1}.AthensGray_f1u1c96y::placeholder{opacity:1}.WhiteT
ransparent50pc_f1shg1qt{color:rgba(255, 255, 255, 0.5)}.WhiteTransparent50pc_f1
shg1qt::-webkit-input-placeholder{opacity:0.5}.WhiteTransparent50pc_f1shg1qt::-
moz-placeholder{opacity:0.5}.WhiteTransparent50pc_f1shg1qt:-ms-input-placeholde
r{opacity:0.5}.WhiteTransparent50pc_f1shg1qt:-moz-placeholder{opacity:0.5}.Whit
eTransparent50pc_f1shg1qt::placeholder{opacity:0.5}.SilverSand_f16kimxf{color:#
C3C5C7}.messageContainer_fpsulcm{margin-top:0.5rem}.inputStyle_f180iuur{color:#
FFFFFF;font-size:1.125rem;font-weight:bold}.inputStyle_f180iuur::placeholder{co
lor:#FFFFFF}.inputsDisclaimer_f1ommv74{color:#FFFFFF;display:inline-block;paddi
ng-top:0.5rem}.textFieldContainer_f1mgyl9u{position:relative}.fieldEndLabel_f1t
4jaz8{position:absolute;right:0;top:50%;transform:translateY(-50%)}.fadeOutAnim
ation_ff2hmq{animation-duration:800ms;animation-name:f1tr11ft}.joinClubContentD
esktop_f1t8vpwx{align-self:center;display:flex;flex-direction:column;width:22re
m}.joinClubContentMobile_f1wq96xt{display:flex;flex:1;flex-direction:column;pad
ding:0rem 0.75rem}.notLoggedButtonArea_f1y5c6o3{margin-top:7.25rem}.joinNowText
Container_f1wg0ufj{display:flex;flex-direction:row;justify-content:center;margi
n-top:1.5rem}.joinNowLink_f15nn4hr{background:rgba(0, 0, 0, 0);color:#FAD701;ma
rgin-left:0.25rem;text-decoration:underline}.transferBuyInButtonWrapper_fl9a4co
{margin-bottom:1rem}.transferBuyInButtonInErrorContextWrapper_f1sh63gs{margin-t
op:1rem}.transferBuyInButtonContainerMobile_f2w6jq2{margin-bottom:1.25rem;margi
n-top:1.25rem}.nicknameLabel_f1xs2j9k{color:#C3C5C7;margin-bottom:0.75rem}.nick
nameForm_f16mpt77{margin-bottom:1.5rem}@keyframes f1gwuh0p{from{opacity:0}to{op
acity:1}}.contentWrapper_f4vqqs6{align-items:center;animation-duration:800ms;an
imation-name:f1gwuh0p;display:flex;flex-direction:column;margin-top:20vh}.image
Wrapper_f1vsh4p{animation-fill-mode:forwards;height:10vh;margin-bottom:1.5rem;w
idth:10vh}.textWrapper_f16mpt77{margin-bottom:1.5rem}.contentWrapperDesktop_f14
zfc27{align-items:center;align-self:center;display:flex;flex-direction:column;m
argin-top:5vh;width:22rem}.contentWrapperMobile_fs1qcz2{align-items:center;alig
n-self:center;display:flex;flex-direction:column;margin-top:5vh;padding:0rem 0.
75rem}.imageWrapper_f1pqfw0y{margin-bottom:2.25rem}.centeredTextWrapper_f6i6gmd
{margin-bottom:0.5rem;text-align:center}.startGroupButtonWrapper_f15vg435{margi
n:8.5rem 0rem 
1.5rem;width:100%}.joinAGroupButton_fnb630w{background-color:rgba(0, 0, 0, 0);c
olor:#FAD701;text-decoration:Underline;text-decoration-color:#FAD701}.alreadyHa
veAGroupCodeTextWrapper_f1ha887j{margin-right:0.25rem}.spinnerContainer_fq5ncjf
{background:transparent;position:relative}.spinner_f1jz3sys{top:5.375rem}.formC
ard_fhkf525{background-color:#FFFFFF;border-radius:0.25rem;box-shadow:0rem 
0.125rem 0.25rem 0rem rgba(0, 0, 0, 0.2);margin-bottom:1rem;padding:1rem}.hasMa
rginBottom_fl9a4co{margin-bottom:1rem}.hasReducedMarginBottom_f1m0pc2a{margin-b
ottom:0.5rem}.lineBreak_f1ozhb91{white-space:pre-line}.alignCenter_fsuivmx{text
-align:center}.passwordContainer_f1mgyl9u{position:relative}.iconContainer_fl3p
ote{display:flex;position:absolute;right:0rem;top:0.875rem}.iconReveal_fsukhj5{
cursor:pointer;padding:0.375rem 0rem 0.375rem 0.375rem}.iconClose_fnro0wt{curso
r:pointer;margin-left:0.375rem;padding:0.375rem 0rem 0.375rem 0.375rem}.passwor
dHintContainer_f1wonmib{align-items:center;display:flex;flex:1;flex-direction:r
ow;margin-bottom:0.5rem;min-height:1rem}.hintsContainer_fyx7klt{flex:1;margin-t
op:0.5rem}.hintIndicatorContainer_f11g31h6{line-height:1rem;min-height:1rem}.hi
nt_f1wp9mf7{color:#686B70;flex:1;margin-left:0.5rem}.hintDefault_f1tc10rl{color
:#111111}.hintError_f1mykxhb{color:#B92722}.hintMatch_fdm6ais{color:#4AA331}.do
t_f5zko5y{background-color:#686B70;border-radius:0.25rem;height:0.25rem;margin:
0rem 0.4375rem 0rem 0.375rem;width:0.25rem}.passwordContainer_f1hpampt{margin-t
op:0.75rem}.usernameContainer_fsuivmx{text-align:center}.pingButtonContainer_f1
hpampt{margin-top:0.75rem}.errorContainer_f1vvya0q{margin-bottom:0.5rem;margin-
top:0.5rem}.phoneNumberLink_f3kmpfd{color:#00549E;cursor:pointer;text-decoratio
n:underline}.phoneNumberText_f1tc10rl{color:#111111}.modalErrorMessage_f1g32z8v
{white-space:pre-wrap}.title_f1q8zgf2{font-family:Titillium Web, sans-serif;lin
e-height:1.75rem;text-align:center}.marginBottom_f1p51cf9{margin-bottom:0.75rem
}.lineBreak_f1ozhb91{white-space:pre-line}.robotoFont_fjl6133{font-family:Robot
o, sans-serif;font-weight:900}.buttonContainer_fdhhify{align-items:center;displ
ay:flex;flex:0 0 auto;height:1.5rem;width:1.5rem}.checkRippleContainer_f8xvfqn{
height:2.5rem;left:-0.7rem;position:relative;width:2.5rem}.plainCheckRippleCont
ainer_fsae94r{height:2.5625rem;left:-0.5125rem;position:relative;width:2.5625re
m}.radioRippleContainer_fkamn25{height:2.5rem;left:-0.4375rem;position:relative
;width:2.5rem}.button_f1qfakw5{margin-left:-2.5rem;position:relative}.buttonDis
abled_f1fopwy8{-webkit-filter:grayscale();filter:grayscale();margin-left:-2.5re
m;opacity:0.5;position:relative}.plainSelected_f1f8aai0{background:#00549E;bord
er:2px solid #00549E;border-radius:0.125rem;height:1.4375rem;width:1.4375rem}.p
lainUnselected_f1uuzyje{background:#FFFFFF;border:2px solid #C3C5C7;border-radi
us:0.125rem;height:1.4375rem;width:1.4375rem}.radioButtonContainer_fddsvlq{alig
n-items:center;display:flex}.radioButtonLabel_f1n0dvv8{margin-left:0.25rem}.rad
ioButtonSubLabel_f1iuer42{display:block;margin-left:1.75rem}.hiddenCheckboxButt
on_fdtiosv{height:0;margin:0;opacity:0;position:absolute;width:0}.loginButtonCo
ntainer_fbfyp96{margin-bottom:0.75rem;margin-top:0.75rem}.errorContainer_fl54ih
r{align-items:flex-start;background-color:#FBEAE5;border-radius:0.25rem;display
:flex;line-height:1rem;margin-top:1rem;padding:0.5rem 1.25rem 0.5rem 0.5rem}.wa
rningContainer_f16b8yjd{align-items:flex-start;background-color:#FFF1DE;border-
radius:0.25rem;display:flex;line-height:1rem;margin-top:1rem;padding:0.5rem 
1.25rem 0.5rem 0.5rem}.icon_f1op6hsi{padding-right:0.5rem}.buttonContainer_f11h
nyvs{padding-top:1.5rem}.contactOption_ffsnpxv{margin-top:0.5rem}.contactOption
_ffsnpxv:first-of-type{margin-top:0}.phoneNumberLink_f1ik9xtz{color:#FFFFFF;cur
sor:pointer;text-decoration-line:underline}.infoBoxContainer_fn8ai8t{padding-bo
ttom:0.5rem}.errorContainer_f1vvya0q{margin-bottom:0.5rem;margin-top:0.5rem}.fo
oterText_fo35h4k{font-size:0.75rem;line-height:1rem}.container_f1mgyl9u{positio
n:relative}.default_f1yf3189{align-items:center;display:flex;font-size:1.0625re
m;height:2rem;position:absolute;top:0.8125rem}.defaultNoLabel_f1ino8lf{align-it
ems:center;display:flex;font-size:1.0625rem;height:2rem;position:absolute;top:0
}.leftIconPlacement_f1e49rwc{left:0;padding-right:0.375rem}.rightIconPlacement_
f799yne{padding-left:0.25rem;right:0}.proceedNoLabel_f1ino8lf{align-items:cente
r;display:flex;font-size:1.0625rem;height:2rem;position:absolute;top:0}.further
HelpLinkContainer_fr14spx{display:flex;justify-content:center;margin-top:-0.25r
em}.furtherHelpLink_f1u6nrr0{color:#FFFFFF;display:inline-block;font-size:0.75r
em;padding:0.25rem 0rem 0.5rem 0rem;text-decoration:underline}.errorContainer_f
1vvya0q{margin-bottom:0.5rem;margin-top:0.5rem}.dobContainer_f1m4z987{margin-to
p:1.5rem}.buttonContainer_f6kt7ej{display:flex;margin-top:1.5rem}.buttonContain
er_f1m4z987{margin-top:1.5rem}.remainLoggedInText_f1hpampt{margin-top:0.75rem}.
marginTop_f1hpampt{margin-top:0.75rem}.phoneNumberLinkGray_fdpn607{color:#11111
1;cursor:pointer;text-decoration-line:underline}.phoneNumberLink_f1ik9xtz{color
:#FFFFFF;cursor:pointer;text-decoration-line:underline}.phoneNumberText_f4d0iyf
{color:#111111;text-decoration-line:underline}.securityCodeDescription_f1adow81
{line-height:1.25rem}.footerText_fq5j3k2{font-size:0.75rem}.liveChatText_fdrb6n
v{cursor:pointer;text-decoration:underline}.radioButtonContainer_fl9a4co{margin
-bottom:1rem}.buttonContainer_f1sh63gs{margin-top:1rem}.forgottenLoginLink_f1h2
8lb8:active{color:#003E75}.keepLoggedIn_f1j74psn{color:#111111;display:inline-b
lock}.titleContainer_f1pv5ew6{align-items:center;backface-visibility:hidden;dis
play:flex;justify-content:center;min-height:5rem;text-rendering:geometricPrecis
ion}.titleTextContainer_f18exr0a{align-items:center;display:flex;flex-direction
:column;max-width:18.125rem;padding:1rem 0.5rem 1.25rem 
0.5rem}.subTitle_f17pmwsu{font-family:Titillium Web, sans-serif;line-height:0.9
375rem;margin-bottom:0.5rem}.container_fhvihfl{align-items:center;display:flex;
flex-direction:column;text-align:center}.youCantLogInText_f1r5gl17{margin-botto
m:1.5rem;margin-top:0.5rem}.link_fqld5st{size:0.875rem;text-decoration:none}.bu
tton_flyl5s{display:flex;flex-direction:column;margin-bottom:2rem;width:18.5rem
}.infoMarginBottom_fl9a4co{margin-bottom:1rem}.loginContainer_f16mpt77{margin-b
ottom:1.5rem}.keepLoggedIn_fhm3roh{margin-bottom:1rem;margin-top:1.5rem}.errorC
ontainer_f1uh335m{display:flex;margin-top:0.5rem}.forgottenLogin_f1ueplmp{backg
round-color:rgba(0, 0, 0, 0);color:#0077CC;margin-bottom:0.25rem;margin-top:1.5
rem;width:100%}.passwordContainer_f1165bet{margin-top:1.25rem}.loginLinkText_f3
1qfve{display:block;margin-bottom:1rem}.errorMessage_f1vvya0q{margin-bottom:0.5
rem;margin-top:0.5rem}.body_fn3yncg{line-height:normal}.base_f6x02eb{background
-color:#0077CC;color:#FFFFFF;font-family:Roboto, 
sans-serif;height:100%;padding:0;width:100%}.base_f6x02eb div, .base_f6x02eb 
article, .base_f6x02eb section, .base_f6x02eb header, .base_f6x02eb h1, 
.base_f6x02eb h2, .base_f6x02eb h3, .base_f6x02eb h4, .base_f6x02eb h5, 
.base_f6x02eb h6, .base_f6x02eb nav, .base_f6x02eb input, .base_f6x02eb 
button{box-sizing:border-box}.base_f6x02eb button{font-family:Roboto, 
sans-serif}.base_f6x02eb *{-moz-osx-font-smoothing:grayscale;-webkit-font-smoot
hing:antialiased}.scrollContainer_fjit8of{justify-content:flex-start}.modalHead
er_fqbeeft{background:linear-gradient(to bottom, #00549E, #1C75BC);position:sti
cky;top:0;z-index:2}.modalContent_f1o4q2bt{background-color:#F0F1F2;display:fle
x;flex:1;position:relative;z-index:1}.loadingContent_fhe8h9c{min-height:41.125r
em}.filterCell_f106k6ac{-moz-user-select:none;-webkit-user-select:none;cursor:d
efault;display:flex;margin-right:0.625rem;user-select:none}.hiddenCheckboxButto
n_fdtiosv{height:0;margin:0;opacity:0;position:absolute;width:0}.iconSelected_f
127pd49{color:#FFFFFF;margin-top:0.5rem}.iconUnselected_f1tc10rl{color:#111111}
.backgroundSelected_f13yfpfg{align-items:center;background-color:#142841;border
-color:#142841;border-radius:50%;border-style:solid;border-width:0.0625rem;disp
lay:flex;flex-direction:column;height:2.5rem;width:2.5rem}.backgroundUnselected
_fhgmq20{align-items:center;background-color:#FFFFFF;border-color:rgba(17, 17, 
17, 0.4);border-radius:50%;border-style:solid;border-width:0.0625rem;display:fl
ex;flex-direction:column;height:2.5rem;justify-content:center;width:2.5rem}.sel
ectedIconContainer_f3bi8of{background-color:#00549E;border-color:#FFFFFF;border
-radius:50%;border-style:solid;border-width:1px;display:flex;flex-direction:col
umn;height:15px;justify-content:center;left:0.9375rem;position:relative;top:-0.
25rem;width:15px}.selectedIcon_fhgmv7l{color:#FFFFFF}.filterLabelStyle_f30eu6o{
align-items:center;cursor:pointer;display:flex;justify-content:center}.filterLa
belStyle_f30eu6o >div{margin-right:0.125rem}.pageTitle_f1lqhw31{margin:0rem 0.7
5rem}.modalContainer_fnlhwnt{display:flex;flex-direction:column;justify-content
:center;overflow-y:hidden}.contentContainer_fogyl3g{background-color:#FFFFFF;di
splay:flex;flex-direction:column;justify-content:flex-start;max-height:44.6875r
em;overflow-y:hidden;padding:0.625rem 0rem;position:sticky;top:6.375rem;width:1
8.6875rem}.labelContainer_f6gfvzf{display:flex;flex:0 0 
auto;justify-content:space-between;margin:0rem 0.75rem;margin-top:1.25rem}.filt
erButtonsContainer_f1v8qb4l{display:flex;flex:0 0 
auto;justify-content:flex-start;margin:0rem 0.75rem;margin-bottom:0.875rem;marg
in-top:0.75rem}.listContainer_fmi3hju{overflow-x:hidden;overflow-y:auto}.sectio
nHeader_f1d0nn8m{align-items:center;display:flex;flex-direction:row;justify-con
tent:flex-start;margin:0rem 0.75rem;margin-bottom:1.125rem}.sectionIcon_f1hpxo8
6{color:#111111;margin-right:0.625rem}.sectionTitle_f1ryt8d{margin-right:0.5rem
}.selection_fza4cdl{flex:1;margin:0rem 
0.75rem;margin-bottom:0.875rem}.dayContainer_f1dx04qe{margin:0rem 0.75rem;margi
n-bottom:0.75rem}.selectAll_f17luuyt{cursor:pointer;margin-top:0.125rem}.link_f
1hykqr2{cursor:pointer}.applyButtonContainer_f7vsale{flex:1;margin:0rem 
0.75rem;margin-top:0.5rem}.applyButtonNarrowContainer_f1a96h0o{margin:0rem 0.75
rem;margin-bottom:1.5rem;margin-top:0.5rem}.spinner_fqa53j6{background-color:#F
FFFFF}.spacer_f19aj8b6{margin-top:0.625rem}.bodyOpenModal_faowcuh{overflow:hidd
en}.nativeSelect_f1av0ps2{-moz-appearance:none;-webkit-appearance:none;backgrou
nd-color:rgba(0, 0, 0, 0);border:0;color:rgba(0, 0, 0, 0);cursor:pointer;height
:100%;left:0;outline:none;position:absolute;top:0;width:100%}.nativeSelect_f1av
0ps2 option{color:#111111}.select_fw5fghz{z-index:1}.selectedOptionLabel_fuwgs1
4{align-items:center;display:flex;height:2rem}.selectedOptionLabelTruncated_fxy
tysm{overflow:hidden;padding-right:1.5rem;text-overflow:ellipsis;white-space:no
wrap}.rightPadding_f1gyajmp{padding-right:1.25rem}.iconFieldClassName_fxjpoyk{c
olor:#686B70}.filterCell_f143y3ar{-moz-user-select:none;-webkit-user-select:non
e;cursor:default;display:flex;padding-right:0.5rem;position:relative;user-selec
t:none}.hiddenCheckboxButton_fdtiosv{height:0;margin:0;opacity:0;position:absol
ute;width:0}.on_f1tc10rl{color:#111111}.off_fxjpoyk{color:#686B70}.filterLabel_
f30eu6o{align-items:center;cursor:pointer;display:flex;justify-content:center}.
filterLabel_f30eu6o >div{margin-right:0.125rem}.on_fhgmv7l{color:#FFFFFF}.off_f
xjpoyk{color:#686B70}.filterLabel_fyj9ycq{align-items:center;cursor:pointer;dis
play:flex;justify-content:flex-start;padding-left:1.0625rem;width:100%}.filterL
abel_fyj9ycq >div{height:1rem;margin-right:0.5rem;width:1rem}.on_fhgmv7l{color:
#FFFFFF}.off_fhgmv7l{color:#FFFFFF}.filterLabel_f1p0wdro{align-items:center;cur
sor:pointer;display:flex;justify-content:center;padding-right:0.5rem}.filterLab
el_f1p0wdro >div{height:1.25rem;margin-right:0.25rem;width:1.25rem}.buttonConta
iner_f1f1ygnm{display:flex}.buttonWrapper_faif9gh{height:1.8125rem;margin-left:
0.25rem}.filtersStyle_fks52re{align-items:center;color:#FFFFFF;display:flex;fle
x:none;top:3.5rem;z-index:7}.filterStickyStyle_f18gh55l{position:sticky}.filter
NtjBgStyle_f6cguvc{background-color:#142841}.filterStylesMobile_f1phhzay{backgr
ound-color:#F0F1F2;flex-wrap:wrap;padding:0.75rem}.filtersWrapper_f1f1ygnm{disp
lay:flex}.filtersWhenNextRacesRibbonShown_f1k13kpz{top:6.375rem}.filtersWhenNex
tRacesRibbonHidden_f11s5zye{top:3.5rem}.filterStyleBackgroundAndSpacing_f1dw3d2
k{background-color:#F0F1F2;padding:1rem}.filtersStyleDesktop_fya3sqt{margin-lef
t:-1rem;margin-right:-1rem}.divider_fckcqj6{background-color:#C3C5C7;flex:none;
height:1.125rem;margin-left:-0.125rem;margin-right:0.375rem;width:0.0625rem}.nt
jDivider_f1elh4qd{height:1.25rem;margin:0.25rem 1rem 0rem 0rem}.poolFilters_fiv
xfnv{display:flex;flex:1;justify-content:flex-end}.sortFilterContainer_f18ahph9
{display:flex;flex:1;justify-content:flex-end;margin-left:1.875rem}.sortFilterF
ield_f116mdjq{height:1.5625rem;width:5.375rem}.sortFilterIconField_fa0byzl{heig
ht:1.5625rem}.dateFilterField_fxsbn2j{font-size:0.875rem;height:1.625rem;max-wi
dth:8.75rem;min-width:7.9375rem}.dateFilterDesktopWrapper_f1o03wlh{align-items:
center;display:flex;flex:1;justify-content:flex-end;margin-left:1rem}.dateFilte
rMobileWrapper_f1b4edua{align-items:center;display:flex;flex:1 0 100%;justify-c
ontent:space-between;margin-top:0.875rem}.circle_fowl564{background:linear-grad
ient(to bottom, #FAD701, #FAA71C);border-radius:1rem;display:flex;overflow:hidd
en}.circleWithAdditionalPadding_fydkzcv{background:linear-gradient(to bottom, 
#FAD701, #FAA71C);border-radius:1rem;display:flex;overflow:hidden;padding:0.25r
em}.iconDefault_fddsvlq{align-items:center;display:flex}.iconSmall_f1bsnnez{ali
gn-items:center;display:flex;height:1rem}.iconMedium_f7ea8mo{align-items:center
;display:flex;height:1.5rem}.iconLarge_fuwgs14{align-items:center;display:flex;
height:2rem}.specialsIconBackgroundDark_f1ded9k8{background-color:#111111;borde
r-radius:1rem;bottom:0;height:60%;left:0;margin:auto;position:absolute;right:0;
top:0;width:60%}.specialsIconBackgroundLight_fwz3poo{background-color:#FFFFFF;b
order-radius:1rem;bottom:0;height:60%;left:0;margin:auto;position:absolute;righ
t:0;top:0;width:60%}.specialsIconWrapper_f1mgyl9u{position:relative}.specialsIc
on_f12bhlup{-webkit-background-clip:text;background-clip:text;color:rgba(0, 0, 
0, 0);display:block;position:relative}.arrowLeftContainer_fgdhmqy{color:#111111
;cursor:pointer;display:flex;height:2.75rem;left:0;line-height:2.75rem;margin:0
;padding:0;position:absolute;text-align:center;top:0;white-space:nowrap;width:1
.375rem;z-index:2}.arrowRightContainer_fju1ma9{color:#111111;cursor:pointer;dis
play:flex;height:2.75rem;line-height:2.75rem;margin:0;padding:0;position:absolu
te;right:0;text-align:center;top:0;white-space:nowrap;width:1.375rem;z-index:2}
.Porcelain_f4frky7{background-color:#F0F1F2;color:#111111;width:100%}.Porcelain
_f4frky7:active{background-color:rgba(0, 0, 0, 0.1)}.Endeavour_flspusn{backgrou
nd-color:#00549E;color:#FFFFFF;width:100%}.Endeavour_flspusn:active{background-
color:rgba(0, 0, 0, 0.1)}.Gradient_fbpg38m{color:#FFFFFF;width:100%}.Gradient_f
bpg38m:active{background-color:rgba(0, 0, 0, 0.1)}.White_f19o3aca{background-co
lor:#FFFFFF;color:#111111;width:100%}.White_f19o3aca:active{background-color:rg
ba(0, 0, 0, 0.1)}.hideScrollBar_f1w25j47{-ms-overflow-style:none;scrollbar-widt
h:none}.hideScrollBar_f1w25j47::-webkit-scrollbar{display:none}.tabsOuterContai
ner_f1g8ijfj{height:2.75rem;overflow:hidden;position:relative}.tabsOuterContain
erMargin_f1iiasat{margin-left:1rem;margin-right:1rem}.tabsOuterContainerMarginC
rossTrackNav_f1ylmon1{margin-left:0rem}.tabsOuterContainerMarginSkyNavigation_f
14lgquh{margin-left:0rem;margin-right:0.75rem}.tabsCircleOuterContainer_ff1coul
{height:2.375rem;margin:0.25rem 0rem;position:relative}.tabIconPadding_f1c6f0gw
{padding-right:0.25rem}.tabIconPaddingSkyNavigation_f1op6hsi{padding-right:0.5r
em}.tabsPillArrowContainerHeightCrossTrackNav_f12r1d25{height:2rem;line-height:
2rem}.tabsPillArrowContainerHeight_fv6z2yl{height:1.75rem;line-height:1.75rem}.
tabsCircleArrowContainerHeight_f1p8y67x{height:2.375rem;line-height:2.375rem}.t
absInnerContainer_f1gz63mu{color:#FFFFFF;display:flex;height:44px;justify-conte
nt:flex-start;list-style:none;position:relative;width:100%}.tabsInnerContainerS
croll_f721kz{color:#FFFFFF;display:flex;height:44px;justify-content:flex-start;
list-style:none;overflow-x:scroll;position:relative;width:100%}.tabsInnerContai
nerResults_f1ubk0hm{display:flex;justify-content:space-between}.tab_f1mcgecf{di
splay:flex;height:2rem;line-height:2rem;margin:0;margin-top:0.375rem;padding:0;
text-align:center;white-space:nowrap}.tabSkyNavigation_fie99e8{display:flex;hei
ght:2rem;line-height:2rem;margin:0;margin-left:0.75rem;margin-top:0.375rem;padd
ing:0;text-align:center;white-space:nowrap}.tabLink_fybjayh{align-items:center;
display:flex;flex:1}.tabLinkNonCircle_f1u9sxiu{border-radius:1rem;display:block
;height:2rem;position:relative;width:100%}.tabPill_f15xwuxl{align-items:center;
height:1.75rem;justify-content:center;margin-right:0.25rem;width:2.75rem}.tabCr
ossTrackNav_fmx8svv{align-items:center;height:2rem;justify-content:center;margi
n-right:0.25rem;width:3rem}.tabCircle_fnobcp6{align-items:center;display:flex;h
eight:2rem;line-height:2rem;outline:0;padding:0.1875rem 0.75rem 0.1875rem 0rem;
text-align:center;white-space:nowrap}.tabCircle_fnobcp6:first-child{padding-lef
t:1rem}.tabLinkPill_f1vdzm9b{background-color:#FFFFFF;border:0.0625rem solid #C
3C5C7;border-radius:1.5rem;color:#111111;display:block;font-weight:bold;height:
1.75rem;position:relative;width:2.75rem}.tabLinkPillActive_f1h5xd1u{background-
color:#00549E;border:0.0625rem solid #C3C5C7;border-radius:1.5rem;color:#FFFFFF
;display:block;font-weight:bold;height:1.75rem;position:relative;width:2.75rem}
.tabLinkPillDisabled_f5oup25{background-color:#C3C5C7;border:0.0625rem solid #C
3C5C7;border-radius:1.5rem;color:#FFFFFF;display:block;font-weight:bold;height:
1.75rem;position:relative;width:2.75rem}.tabLinkPillCrossTrackNav_fiomuhe{backg
round-color:#FFFFFF;border:0.125rem solid #F0F1F2;border-radius:1rem;color:#005
49E;display:block;font-weight:bold;height:2rem;position:relative;width:3.25rem}
.tabLinkPillResultedCrossTrackNav_f1573i06{background-color:#FFFFFF;border-radi
us:1rem;color:#686B70;display:block;font-weight:bold;height:2rem;position:relat
ive;width:3.25rem}.tabLinkPillActiveCrossTrackNav_f16f7fp6{background-color:#00
549E;border:0.125rem solid #00549E;border-radius:1rem;color:#FFFFFF;display:blo
ck;font-weight:bold;height:2rem;position:relative;width:3.25rem}.tabLinkPillDis
abledCrossTrackNav_fmjqt93{border-radius:0;color:#686B70;display:block;font-wei
ght:normal;height:2rem;position:relative;width:3.25rem}.tabLinkCircleGray_fyzk2
gn{background-color:rgba(17, 17, 17, 0.4);border-radius:50%;color:#FFFFFF;displ
ay:block;height:2rem;line-height:2rem;position:relative;width:2rem}.tabLinkCirc
leGrayHighlight_fwg142f{background-color:rgba(17, 17, 17, 0.4);border:0.125rem 
solid #FAD701;border-radius:50%;color:#FFFFFF;display:block;height:2rem;line-he
ight:2rem;position:relative;width:2rem}.tabLinkCircleWhite_f1wj2f2r{background-
color:#FFFFFF;border-bottom:0.125rem solid rgba(0, 0, 0, 0.3);border-radius:50%
;color:#111111;display:block;height:2rem;line-height:2rem;position:relative;wid
th:2rem}.tabLinkCircleDeepSapphire_f16yk9sw{background-color:#073965;border-rad
ius:50%;color:#FFFFFF;display:block;height:2rem;line-height:2rem;position:relat
ive;width:2rem}.activeTabCircleDeepSapphire_fmd17dr{background-color:#FAD701;co
lor:#111111}.tabLinkCircleDeepSapphireHighlight_fwg142f{background-color:rgba(1
7, 17, 17, 0.4);border:0.125rem solid #FAD701;border-radius:50%;color:#FFFFFF;d
isplay:block;height:2rem;line-height:2rem;position:relative;width:2rem}.tabLink
CircleWhiteHighlight_f1y9svwf{background-color:rgba(17, 17, 17, 
0.4);border:0.125rem solid #00549E;border-radius:50%;color:#111111;display:bloc
k;height:2rem;line-height:2rem;position:relative;width:2rem}.activeTabCircleGra
y_fmd17dr{background-color:#FAD701;color:#111111}.activeTabCircleWhite_fioyprt{
background-color:#00549E;border-bottom:0.125rem solid rgba(0, 0, 0, 0.3);color:
#FFFFFF}.toteCalloutMobile_fobfblw{background-color:#FAD701;border:0.125rem 
solid #0B62AB;border-radius:50%;color:#111111;height:1rem;line-height:0.5625rem
;position:absolute;right:-0.375rem;top:-0.375rem;width:1rem}.toteCalloutDesktop
_feeg7cc{background-color:#FAD701;border:0.125rem solid #00549E;border-radius:5
0%;color:#111111;height:1rem;line-height:0.5625rem;position:absolute;right:-0.3
75rem;top:-0.375rem;width:1rem}.specialsCalloutMobile_fhtnnyx{align-items:cente
r;background-color:#1068B0;border:0.125rem solid #1068B0;border-radius:50%;bott
om:-0.375rem;display:flex;height:1rem;justify-content:center;line-height:0.75re
m;position:absolute;right:-0.375rem;width:1rem}.specialsCalloutDesktop_fx7txg9{
align-items:center;background-color:#00549E;border:0.125rem solid #00549E;borde
r-radius:50%;bottom:-0.375rem;display:flex;height:1rem;justify-content:center;l
ine-height:0.75rem;position:absolute;right:-0.375rem;width:1rem}.tabTouchable_f
14y21fs{background-color:rgba(0, 0, 0, 0);color:inherit;display:block;height:10
0%;width:100%}.tabPaddedLabel_fy9ag39{align-items:center;display:flex;justify-c
ontent:center;padding:0rem 1rem;z-index:2}.tabPaddedLabelForSkyNavigation_fw74z
vz{align-items:center;display:flex;justify-content:center;padding:0rem 
0.5rem;z-index:2}.lightThemeActiveTab_fb6juxg{background:rgba(255, 255, 255, 
0.2)}.lightThemeInactiveTab_f1sx6iw1:active{background-color:rgba(0, 0, 0, 0.1)
}.hideIndicator_f1wt0yvj{display:none}.indicatorPrimary_f1y4tjhn{border-radius:
1rem;height:2rem;position:absolute;top:0.375rem}.indicatorPrimaryDefaultBackgro
und_f1eblksv{background-color:rgba(7, 18, 32, 
0.4)}.indicatorSecondary_f194awya{border:0.125rem solid #838994;border-radius:1
.25rem;height:2rem;position:absolute;top:0.25rem}.indicatorTertiary_f1y4tjhn{bo
rder-radius:1rem;height:2rem;position:absolute;top:0.375rem}.newTagImage_f1q9uf
ae{margin-left:0.5rem}.moreButtonListItem_f1mcgecf{display:flex;height:2rem;lin
e-height:2rem;margin:0;margin-top:0.375rem;padding:0;text-align:center;white-sp
ace:nowrap}.moreButtonContainer_fig6yd{height:2rem;margin-left:0.25rem;width:5.
625rem}.moreButtonSpinner_f14q0b7i{display:flex;justify-content:center;margin-t
op:0.375rem}.nameAndSpecialsIconWrapper_f1kev59j{align-items:center;display:fle
x;padding:0rem 0.25rem}.fill_f96or0t{width:100%}.CodGrayTransparent20pc_fkmjdhs
{background-color:rgba(17, 17, 17, 0.2)}.live_fst4f0d{background:#FAD701;border
-radius:0.125rem;color:#111111;display:block;height:1.0625rem;line-height:0.937
5rem;min-width:2.75rem;text-align:center;user-select:none;white-space:nowrap}.r
ed_f1yh7iuu{background:#B92722;border-radius:0.125rem;color:#FFFFFF;display:blo
ck;height:1.0625rem;line-height:0.9375rem;min-width:2.75rem;text-align:center;u
ser-select:none;white-space:nowrap}.black_fbsaqw8{background:#111111;border-rad
ius:0.125rem;color:#FFFFFF;display:block;height:1.0625rem;line-height:0.9375rem
;min-width:2.75rem;text-align:center;user-select:none;white-space:nowrap}.blue_
f1enyajq{background:#073965;border-radius:0.125rem;color:#FFFFFF;display:block;
height:1.0625rem;line-height:0.9375rem;min-width:2.75rem;text-align:center;user
-select:none;white-space:nowrap}.grey_f1pi41ok{background:#E5E8ED;border-radius
:0.125rem;color:#111111;display:block;height:1.0625rem;line-height:0.9375rem;mi
n-width:2.75rem;text-align:center;user-select:none;white-space:nowrap}.badgeTex
t_f1idx9va{padding:0rem 0.125rem}.defaultTimer_f17adqu9{display:block;text-alig
n:center;white-space:nowrap}.container_f1eu40ku{align-items:center;background:#
142841;border-radius:0.25rem;display:flex;height:1.5rem;justify-content:center;
margin-right:0.5rem;overflow:hidden;width:1.5rem}.containerWithChannelLogo_f14d
0iaz{align-items:center;background:#142841;border-radius:0.25rem;display:flex;h
eight:1.75rem;justify-content:center;margin-right:0.5rem;overflow:visible;paddi
ng:0.5rem}.touchableArea_fuvtvbu{background-color:rgba(0, 0, 0, 0)}.playIcon_fh
gmv7l{color:#FFFFFF}.channelLogo_fng8om9{color:#FFFFFF;margin-right:0.125rem}.b
utton_fhtexnr{margin-right:1rem}.raceInfoMobileContainer_f1tkw1pv{display:block
;flex:1 1 auto;overflow:hidden;padding:0rem 
1rem}.raceInfoDesktopContainer_f1tecm2r{display:flex;padding:0rem 1rem}.raceNam
eMobileContainer_f1t3f12{align-items:center;display:flex;justify-content:space-
between}.raceTitleStreamingContainer_f1nvegwb{align-items:center;display:flex;o
verflow:hidden;text-overflow:ellipsis;white-space:nowrap}.raceNameDesktopContai
ner_fddsvlq{align-items:center;display:flex}.raceNameContainerSticky_fjghbu3{al
ign-items:center;background-color:#00549E;display:flex;height:2.125rem;left:0re
m;padding:0rem;position:fixed;right:0rem;top:3.5rem;z-index:14}.raceNameDesktop
_f1y35iig{font-size:0.875rem;margin-right:1.5rem}.raceNameMobile_f1ygj5x5{font-
size:0.6875rem;overflow:hidden;text-overflow:ellipsis;white-space:nowrap}.harne
ssInfoContainerMobile_f1v0nr5p{align-items:center;display:flex;padding-top:0.37
5rem}.harnessInfoContainerDesktop_fddsvlq{align-items:center;display:flex}.harn
essInfoTextMobile_fwt0xu4{font-size:0.6875rem}.harnessTextContainerMobile_fhtex
nr{margin-right:1rem}.harnessTextContainerDesktop_f1ha887j{margin-right:0.25rem
}.harnessInfoTitleTextMobile_fti8esn{font-size:0.6875rem;font-weight:bold;margi
n-right:0.25rem}.harnessInfoTitleTextDesktop_f1ut9gr5{font-size:0.875rem;font-w
eight:bold;margin-right:0.25rem}.harnessInfoTextDesktop_f80nhbl{font-size:0.875
rem;margin-right:1.5rem;text-transform:capitalize}.eventClockMobile_fddsvlq{ali
gn-items:center;display:flex}.eventClockDesktop_f112czvg{align-items:center;dis
play:flex;margin-right:1.5rem}.eventClosedMobile_fwt0xu4{font-size:0.6875rem}.e
ventClosedDesktop_f7opyze{font-size:0.875rem}.pipeMobile_f1wt0yvj{display:none}
.pipeDesktop_f1y35iig{font-size:0.875rem;margin-right:1.5rem}.statusContainer_f
fn8az9{height:100%;margin:auto 0.25rem auto 
0.5rem;overflow:hidden}.statusContainer_ffn8az9 >div{align-items:center;display
:flex;justify-content:center;min-width:3.25rem}.statusContainer_ffn8az9 >span{d
isplay:flex;min-width:3.25rem}.separator_f1m5dn2u{background:linear-gradient(to
 left, #FAA71C, #FAD701);border-top-left-radius:inherit;border-top-right-radius
:inherit;height:0.25rem}.container_f141n7cy{background-color:#FFFFFF;border-rad
ius:0.1875rem;box-shadow:0rem 0.0625rem 0rem 0rem rgba(0, 0, 0, 0.2)}.titleIcon
Container_f10763hb{align-items:center;display:flex;padding:0.5rem}.title_f1vge5
9m{flex:1 1 auto;margin-left:0.5rem;overflow:hidden;text-overflow:ellipsis;whit
e-space:nowrap}.readMoreContainer_fuvtvbu{background-color:rgba(0, 0, 0, 
0)}.readMore_f1shn3c5{flex:0 0 auto;margin-left:0.5rem;white-space:nowrap}.desc
ription_f1b49yd5{display:flex;padding:0rem 0.5rem 0.5rem 0.5rem}.snackbarExit_f
1wemlvb{opacity:1}.snackbarExitActive_f1v3mehn{opacity:0;transition:opacity 
175ms cubic-bezier(.4, 0, 1, 1)}.snackBarEnter_fnu5k6u{opacity:0}.snackBarEnter
Active_f2g61gb{opacity:1;transition:opacity 225ms cubic-bezier(0, 0, .2, 1)}.sn
ackBarFixed_fyectsh{bottom:0;position:fixed;transform:translateX(-50%)}.snackBa
rFixedWithRacingSkyStreamingPill_ffzh5re{bottom:4.1875rem;position:fixed;transf
orm:translateX(-50%)}.snackBarRelative_fdsdumg{position:absolute;top:0;transfor
m:translate(-50%, calc(-100% - 8px))}.snackBarMessageMobile_f1fw7cph{align-item
s:center;background-color:#111111;border-radius:0.125rem;box-shadow:0 1px 1px 
0 rgba(17, 17, 17, 0.25);display:flex;justify-content:center;left:50%;line-heig
ht:1rem;margin:0rem 0rem 0.5rem 
0rem;max-width:21.5rem;padding:1rem;white-space:pre-line;width:calc(100% - 16px
);z-index:7}.snackBarMessageDesktop_fmvxxr5{align-items:center;background-color
:#111111;border-radius:0.125rem;box-shadow:0 1px 1px 0 rgba(17, 17, 17, 0.25);d
isplay:flex;justify-content:center;left:50%;line-height:1rem;margin:0rem 
0.5rem 0.5rem 0.5rem;max-width:29.375rem;min-width:20rem;padding:1rem;white-spa
ce:pre-line;z-index:28}.snackBarMessageReimagineMobile_f1trhafz{align-items:cen
ter;background-color:#011c32ff;border-radius:1rem;box-shadow:0rem 0.125rem 
1.5rem 
#011c3229;display:flex;height:3rem;justify-content:center;left:50%;margin:0rem 
0rem 0.5rem 0rem;padding:0.5rem;width:22.5rem;z-index:7}.snackBarMessageReimagi
neDesktop_f1fmgmv6{align-items:center;background-color:#011c32ff;border-radius:
1rem;box-shadow:0rem 0.125rem 1.5rem 
#011c3229;display:flex;height:3rem;justify-content:center;left:50%;margin:0rem 
0.5rem 0.5rem 0.5rem;padding:0.5rem;width:22.5rem;z-index:28}.reimagineSnackBar
Wrapper_f1ii9z4j{display:flex;flex:1;gap:0.5rem}.snackBarWrapper_f1pi17at{displ
ay:flex;flex:1}.plainSnackBarWrapper_fnad151{align-items:center;display:flex;fl
ex:1;flex-direction:row;justify-content:space-between}.snackBarText_f1qo33y1{fl
ex:1}.snackBarButton_f1w14tcn{cursor:pointer;margin-left:1.5rem}.successIcon_f1
ryt8d{margin-right:0.5rem}.footerContainerMobile_f18pyezp{background-color:#142
841;bottom:0;position:fixed;width:100%;z-index:17}.footerSkyStickyMobile_flyo5b
g{background-color:#142841;bottom:0;position:sticky;width:100%;z-index:17}.foot
erContainerDesktop_fyy9q1r{background-color:#142841;bottom:0;position:sticky;z-
index:17}.footerEnter_f3ostax{transform:translateY(100%)}.footerEnterActive_fuj
7ilu{transform:translateY(0);transition:transform 300ms cubic-bezier(0.0, 0.0, 
0.2, 1)}.footerExit_f1w4fzq5{transform:translateY(0)}.footerExitActive_f1jdo9sm
{transform:translateY(100%);transition:transform 300ms cubic-bezier(0.4, 0.0, 
0.6, 1)}.container_f1ivwbz6{align-items:center;display:flex;height:3.25rem;just
ify-content:space-between;padding:0.5rem 0.5rem 0.5rem 1rem}.legCountAndOddsCon
tainerMobile_f1pi17at{display:flex;flex:1}.legCountAndOddsContainerDesktop_f1f1
ygnm{display:flex}.labelValueColumn_fc9cz6v{align-self:stretch;display:flex;fle
x:1;flex-direction:column;justify-content:space-between}.labelValueRow_f1d4nims
{align-items:center;align-self:stretch;display:flex;flex-direction:row;justify-
content:space-between;margin-left:4rem}.labelValueRow_f1d4nims:first-child{marg
in-left:0}.valueMargin_f1vqiabg{margin-left:1rem}.accordionContainer_f1rpt9x{ba
ckground-color:#142841;box-shadow:inset 0rem -0.125rem 0.25rem rgba(0, 0, 0, 0.
2);position:relative;z-index:2}.accordionHeader_f12zw9z8{align-items:center;bac
kground-color:#263B55;display:flex;height:2.5625rem;padding:0rem 0.75rem;width:
100%}.selectionsClear_f5b6ac6{background:none;color:#FFFFFF;display:flex;paddin
g:0.25rem 1rem 0.75rem}.selectionsClearLabel_fgi1fya{align-self:center;margin-l
eft:0.25rem}.selectionsContainer_fwiciph{color:#FFFFFF;list-style-type:none;max
-height:11.875rem;overflow-y:auto;padding:0.75rem 1rem}.selection_f1i7z2su{disp
lay:flex;margin-bottom:0.4375rem}.selectionValue_f1qo33y1{flex:1}.selectionLabe
l_fav2cwl{display:inline-block;flex:1;max-width:11.6875rem;min-width:9.375rem}.
medium_fku55ja{margin-bottom:calc(3.25rem + 
2.5625rem)}.large_f1mcw4cj{margin-bottom:calc(3.25rem + 2.5625rem + 
11.875rem)}.panelMobile_fo5xr9h{box-shadow:0 0.0625rem 0.0625rem 0 rgba(0, 0, 
0, 0.1)}.panelDesktop_f1c7wtv3{border-radius:0.125rem;box-shadow:0 0.0625rem 
0.0625rem 0 rgba(0, 0, 0, 0.1)}.panelDesktopSquareTop_fug6bi{border-bottom-left
-radius:0.125rem;border-bottom-right-radius:0.125rem;box-shadow:0 0.0625rem 
0.0625rem 0 rgba(0, 0, 0, 0.1)}.headerDesktop_ft0eijx{background-color:#00549E;
border-radius:0.125rem;display:flex;flex-direction:column;font-size:0.6875rem;j
ustify-content:center;padding:0.875rem}.headerDesktopExpanded_f1embnks{backgrou
nd-color:#00549E;border-top-left-radius:0.125rem;border-top-right-radius:0.125r
em;display:flex;flex-direction:column;font-size:0.6875rem;justify-content:cente
r;padding:0.875rem}.headerMobile_f1g8ui74{background-color:#00549E;display:flex
;flex-direction:column;font-size:0.6875rem;justify-content:center;padding:0.687
5rem 0.5rem}.group_f1m0pc2a{margin-bottom:0.5rem}.groupBoxShadow_fo5xr9h{box-sh
adow:0 0.0625rem 0.0625rem 0 rgba(0, 0, 0, 0.1)}.mysteryBetContainer_fkhz08q{di
splay:flex;flex-direction:column}.marginTop_f4yeect{margin-top:0.8125rem}.paddi
ngMobile_f1a35xl1{padding:1rem}.racecardPaddingDesktop_f1ov7vpy{padding:1rem 
2rem 1.5rem 1rem}.homePaddingDesktop_f12045mn{padding:1rem 1rem 0.5rem}.rowCont
ainer_f1sydv6d{display:flex;flex-direction:row;flex-wrap:wrap;justify-content:s
pace-between}.rowContainerMarginRight_fhtexnr{margin-right:1rem}.columnContaine
r_fkhz08q{display:flex;flex-direction:column}.columnContainerMarginBottom_f1gr0
6l3{margin-bottom:1.625rem}.stakeContainer_fc81965{height:3rem;width:9rem}.betT
ypeContainer_f5rip3e{height:3rem;width:10.625rem}.betTypeContainerTablet_f1xjkl
jt{height:3rem;width:16.5625rem}.checkboxContainer_fc2e3ka{line-height:3rem}.be
tslipButtonContainer_f1d0zh13{height:3rem;width:8.5rem}.mobileInputWidth_f4jdmm
8{width:8.5rem}.homeRowContainer_fbuimvk{display:flex;flex-direction:row;flex-w
rap:wrap;margin:0rem -0.5rem}.homeRowContainer_fbuimvk > *{padding:0rem 0.5rem}
.homeFormElement_f16hyn6k{height:3rem;margin-bottom:1rem;width:calc(100% / 3)}.
homeFormElementMobile_f1fxg1ug{height:3rem;margin-bottom:1rem;width:50%}.homeFo
rmElementButton_f16hyn6k{height:3rem;margin-bottom:1rem;width:calc(100% / 3)}.h
omeFormElementButtonMobile_f1cwu069{height:3rem;order:4;width:100%}.homeCheckbo
xContainerMobile_fnmjbo{margin-bottom:1rem;order:3}.arrowEnter_fnu5k6u{opacity:
0}.arrowEnterActive_f1fb54g9{opacity:1;transition:opacity 300ms 
cubic-bezier(0.4, 0.0, 0.2, 1)}.arrowExit_f1wemlvb{opacity:1}.arrowExitActive_f
fva8aw{opacity:0;transition:opacity 300ms cubic-bezier(0.4, 0.0, 0.2, 1)}.arrow
IconUp_fx02nzf{color:#4AA331;font-size:0.875rem;margin-right:0.3125rem;top:0.12
5rem}.arrowIconDown_fv0eat0{bottom:0.125rem;color:#B92722;font-size:0.875rem;ma
rgin-right:0.3125rem}.arrowIconUpCentered_f87ec8g{bottom:0.625rem;color:#4AA331
;font-size:0.875rem;position:absolute;right:22%}.arrowIconDownCentered_f19lrlf3
{color:#B92722;font-size:0.875rem;position:absolute;right:22%;top:0.625rem}.arr
owIconRight_f1csxpen{margin-right:-0.875rem}.priceLabelContent_f1c1vytv{color:#
111111;display:flex;flex:1;flex-direction:row;justify-content:flex-end;line-hei
ght:1rem;text-align:right}.priceLabelContent_f1c1vytv span{width:auto}.priceLab
elContentRight_f3okfil{color:#111111;display:flex;flex:1;flex-direction:row;jus
tify-content:center;line-height:1rem;text-align:right}.priceLabelContentRight_f
3okfil span{width:auto}.priceLabelWrapper_f18m2cag{height:100%;position:relativ
e}.caption_fdljns0{overflow:hidden;padding:0rem 0.5rem;text-overflow:ellipsis;w
hite-space:nowrap}.disabled_f16kimxf{color:#C3C5C7}.selectionContainer_f1hf8rho
{display:flex;justify-content:flex-end}.checkbox_f1ih5r2b{cursor:pointer;height
:1.5rem;margin-left:0.5rem;position:relative;width:1.5rem}.unselectedUnboxed_ft
i6c7f{color:#686B70;text-align:center}.selectedUnboxed_f1uwc4pi{color:#FFFFFF;t
ext-align:center}.boxedSelectInput_f3llvvk{vertical-align:middle}.selectionButt
on_f1h1im35{height:2.75rem;width:3.5rem}.selectionButtonRacecardTips_f1h9sje1{h
eight:1.6875rem}.selectionButtonRacecardOutCome_fqo752b{height:2.25rem;width:3.
75rem}.childrenWrapper_f96or0t{width:100%}.size64_fnmkoa2{font-size:4rem}.size4
4_fv529fk{font-size:2.75rem}.size40_f4jsdh3{font-size:2.5rem}.size36_f1pz0405{f
ont-size:2.25rem}.size30_fvetrvf{font-size:1.875rem}.size28_f1dvmwg3{font-size:
1.75rem}.size26_f181jy40{font-size:1.625rem}.size25_f190vdad{font-size:1.5625re
m}.size24_fawm0c4{font-size:1.5rem}.size22_fgx74r4{font-size:1.375rem}.size20_f
x9d58m{font-size:1.25rem}.size19_fkpnqa2{font-size:1.1875rem}.size18_fm56xh3{fo
nt-size:1.125rem}.size17_f6vpce8{font-size:1.0625rem}.size16_f6irgbz{font-size:
1rem}.size15_fk8dg6g{font-size:0.9375rem}.size14_f7opyze{font-size:0.875rem}.si
ze13_f1qrg7fy{font-size:0.8125rem}.size12_fq5j3k2{font-size:0.75rem}.size11_fwt
0xu4{font-size:0.6875rem}.size10_f1p3h33l{font-size:0.625rem}.size9_flallac{fon
t-size:0.5625rem}.normal_fgzdi7m{font-weight:normal}.bold_f1au7gae{font-weight:
700}.heavy_fhz5lx4{font-weight:900}.medium_f1wf24vo{font-weight:500}.light_f2no
ysy{font-weight:300}.lighter_f15586js{font-weight:lighter}.roboto_ft7zx15{font-
family:Roboto, sans-serif}.titillium_fpntqz7{font-family:Titillium Web, sans-se
rif}.alignCenter_fsuivmx{text-align:center}.whiteSpace_fheif50{white-space:nowr
ap}.wordWrap_f1lzwwyc{word-wrap:break-word}.Endeavour_fhudrb0{color:#00549E}.Sc
hoolBus_fplwlpw{color:#FAD701}.White_fhgmv7l{color:#FFFFFF}.CodGray_f1tc10rl{co
lor:#111111}.BigStone_fldk36z{color:#142841}.DeepSapphire_fnb878v{color:#073965
}.Nevada_fxjpoyk{color:#686B70}.SilverSand_f16kimxf{color:#C3C5C7}.Iron_f8iygaq
{color:#DEE1E3}.Solitude_f1xjvi75{color:#E7F4FF}.HawkesBlue_fq64yjq{color:#DFEB
FD}.Porcelain_f16phib8{color:#F0F1F2}.Alabaster_fdruoli{color:#FAFAFA}.Lochmara
_f1vtmsht{color:#0077CC}.AwardBlue_fign7x0{color:#0C5CD4}.Apple_fdm6ais{color:#
4AA331}.Feta_ftmcflf{color:#EFFAE3}.TallPoppy_f1mykxhb{color:#B92722}.SunsetOra
nge_fnib37l{color:#FF4C4C}.Linen_f1cst19t{color:#FBEAE5}.CuriousBlue_f1wn6tgi{c
olor:#2EA5DD}.Sun_fg8u2pu{color:#FAA71C}.Tangerine_f1n073f1{color:#F68D00}.Peac
hCream_f1ma3jef{color:#FFF1DE}.Rhino_f1lnsvg4{color:#263B55}.Mirage_f16of0ue{co
lor:#172333}.RegentGray_f1r8uigd{color:#818F9B}.BajaWhite_fi4x4g8{color:#FFF9D2
}.FloralWhite_f1d5i0dj{color:#FFFAED}.MaiTai_f1k38rmo{color:#B75D05}.AthensGray
_fxu7zvx{color:#E5E8ED}.Denim_f15xp1tc{color:#1C75BC}.ChathamsBlue_fx60if4{colo
r:#134D7D}.MonteCarlo_fqxrdhe{color:#7ED2CD}.Seagull_ffa924m{color:#6FAEE6}.Bes
tBetsRed_f1jwmliy{color:#D70800}.BeteasyPurple_f1r3l20l{color:#8935C0}.SkyRed_f
1ai3u56{color:#E90142}.SkyBlue_fuv4gqv{color:#01BEFF}.lineHeight64_f126skb9{lin
e-height:4.125rem}.lineHeight44_fdvfj5r{line-height:2.875rem}.lineHeight40_f1dn
3mok{line-height:2.625rem}.lineHeight36_f1o9l0tw{line-height:2.375rem}.lineHeig
ht30_fswap1n{line-height:2rem}.lineHeight28_f13z1y7w{line-height:1.875rem}.line
Height26_fumd52c{line-height:1.75rem}.lineHeight25_f1xvoo2y{line-height:1.6875r
em}.lineHeight24_f1v738ev{line-height:1.625rem}.lineHeight22_fqpnp5f{line-heigh
t:1.5rem}.lineHeight20_fy5ylrr{line-height:1.375rem}.lineHeight19_fo8u1z7{line-
height:1.3125rem}.lineHeight18_f1adow81{line-height:1.25rem}.lineHeight17_fgfo8
bx{line-height:1.1875rem}.lineHeight16_fgz7qq8{line-height:1.125rem}.lineHeight
15_f1s5ib53{line-height:1.0625rem}.lineHeight14_fbcb3bc{line-height:1rem}.lineH
eight13_f1sjk0sv{line-height:0.9375rem}.lineHeight12_f1u2cybh{line-height:0.875
rem}.lineHeight11_f1bnjhft{line-height:0.8125rem}.lineHeight10_f1kpo55x{line-he
ight:0.75rem}.lineHeight9_foxvm7f{line-height:0.6875rem}.ellipsisWrapper_fdny11
i{line-height:0;overflow:hidden;text-overflow:ellipsis;white-space:nowrap}.earl
ySpeedArrow_fja27lk{margin-right:0.25rem;top:5px}.earlySpeedArrowMinimalSpacing
_f1tmlbb2{margin-right:0.0625rem;top:5px}.outcomeName_f18x6kvm{display:block;ma
rgin-bottom:0.25rem}.outcomeName_f18x6kvm>*:last-child{vertical-align:middle}.o
utcomeNameScratched_fjpr6di{color:#111111;display:block;margin-bottom:0.25rem;t
ext-decoration:line-through}.outcomeNameScratched_fjpr6di>*:last-child{vertical
-align:middle}.blackbooked_fljt0w1{align-items:center;color:#111111;display:fle
x}.blackbookIcon_f1e8wst5{margin-right:0.375rem}.outcomeScratched_fb8z3tj{color
:#00549E;text-decoration:line-through}.outcomeScratchedRacing_f18clyb8{margin-l
eft:2.4375rem}.outcomeScratchedGreyhound_f1wopel2{margin-left:2.25rem}.runnerIn
foOuter_f1rhfno9{cursor:pointer;min-width:0;text-align:left}.runnerJockeyCont_f
6dhogc{display:flex;margin-bottom:0.25rem}.runnerJockeyInfo_f1n4s149{flex:1;min
-width:0}.runnerJockeyInfoDesktop_fmumgvr{flex:1;max-width:6.75rem;min-width:0}
.runnerInfo_f61y1ps{color:#686B70;display:flex}.organicGrowthEngineRunnerInfo_f
vcssq5{color:#FFFFFF;display:flex}.runnerInfoCont_f1op6hsi{padding-right:0.5rem
}.harnessInfo_f1rcgbt0{color:#686B70;margin-bottom:0.0625rem}.harnessInfoDeskto
p_f1lixnpp{color:#686B70;margin-bottom:0.0625rem;max-width:10.75rem}.greyhoundI
nfo_f1fi6gwo{color:#686B70;display:flex;flex-direction:column}.trainerInfoMobil
e_f16874ra{max-width:7.5rem}.harnessForm_f1prijio{display:flex}.harnessForm_f1p
rijio>*:first-child{padding-right:0.5rem}.runnerInfoDetails_f5rbj1u{display:blo
ck;margin-bottom:0.25rem}.runnerInfoDetailsEllipsis_f6qpmtj{display:block;margi
n-bottom:0.25rem;overflow:hidden;text-overflow:ellipsis;white-space:nowrap}.gre
yhoundInfoColumn_fdoc1b1{display:flex;flex:1;flex-direction:column}.greyhoundIn
foRow_f1jh3sm9{display:flex;flex:1;flex-direction:row}.greyhoundInfoDetailsElli
psis_f1jul6ni{height:0.8125rem;margin:0rem 0.3125rem 0.1875rem 0rem;overflow:hi
dden;text-overflow:ellipsis;white-space:nowrap}.greyhoundSpeedInfo_fejt1t8{flex
:1;height:1rem;margin-bottom:0.25rem}.greyhoundSpeedInfo_fejt1t8 > span{margin-
right:0.25rem}.horseRunnerInfoWeightedWidth_fo6d427{max-width:5rem}.horseRunner
InfoUnweightedWidth_f6mqpa0{max-width:6.875rem}.timestamp_f1u3mb0h{line-height:
1rem;text-transform:capitalize}.scratchedRunnerContainer_fqh9cmc{display:flex;f
lex-direction:column;margin-bottom:0.25rem}.noWrap_fheif50{white-space:nowrap}.
winningMargin_fgw963o{margin-top:0.25rem}.outcomeRow_ff9pzer{align-items:center
;border-bottom:1px solid 
#DEE1E3;display:flex;justify-content:space-between;padding:0.5rem 0rem}.outcome
Row_ff9pzer:last-child{border-bottom:0}.outcomeRowPowerPriceModel_fftiz27{align
-items:center;border-bottom:1px solid 
#DEE1E3;display:flex;justify-content:space-between;padding:0.75rem 0rem 1rem}.o
utcomeRowPowerPriceModel_fftiz27:last-child{border-bottom:0}.priceButtonContain
er_ftpd0ek{height:2.5rem;margin-left:0.25rem;width:3.5rem}.priceButtonContainer
WithPowerPrice_f3uzldj{height:2rem;margin-left:0.25rem;width:3.5rem}.outcomeInf
o_fddsvlq{align-items:center;display:flex}.outcomeText_f1ksu6ef{align-items:fle
x-start;display:flex;flex-direction:column}.scratchedText_fy251jm{color:#C3C5C7
;margin-left:0.25rem;text-transform:uppercase}.exoticsOutcomeContainer_fddsvlq{
align-items:center;display:flex}.priceLabelWrapper_f1iqzhv7{margin:0rem 0.5rem 
0rem 0.25rem}.containerMobile_fn8ai8t{padding-bottom:0.5rem}.containerDesktop_f
1pa6f05{padding:0.5rem 0.5rem 0rem 0.5rem}.accordionContainer_fqa53j6{backgroun
d-color:#FFFFFF}.accordionBody_fterado{padding:0rem 1rem 0.25rem}.header_f1ezlc
im{align-items:center;color:#111111;display:flex;padding:0.875rem 0.5rem}.conta
inerMobile_f13vqy2r>*:last-child{padding-bottom:0rem}.containerDesktop_f192zpx4
>*:last-child{padding-bottom:0.5rem}.selectionsContainer_f1v4htq2{color:#FFFFFF
;list-style-type:none;padding:0.75rem 1rem}.selectionsLabel_f1uygoyq{display:in
line-block;margin-right:0.9375rem;min-width:1.375rem}.keypadButton_fhojq4a{back
ground-color:#263B55;border-radius:0.125rem;color:#FFFFFF;flex:1;height:2.25rem
;margin:0.09375rem;touch-action:manipulation}.keypadButton_fhojq4a:first-child{
margin-left:0rem}.keypadButton_fhojq4a:last-child{margin-right:0rem}.keypadText
_fddsvlq{align-items:center;display:flex}.disabled_fxjpoyk{color:#686B70}.keypa
dContainer_fncywyf{padding:0rem;width:100%}.keypadRow_f1f1ygnm{display:flex}.st
akeFlexiContainer_f1cz0uyc{align-items:center;background-color:#142841;display:
flex;height:4rem;justify-content:space-between;padding:0rem 1rem;position:relat
ive;z-index:1}.footerButton_f14yxprv{height:100%;max-width:8.4375rem;padding:0.
5rem 0rem;width:100%}.footerInputContainer_f1fvv7w1{display:flex;flex:1;margin:
0.5rem 0rem}.footerInput_fuas73h{align-items:center;display:flex;flex:1;margin-
right:0.75rem}.footerInputDesktop_f1al07tf{align-items:center;display:flex;marg
in-right:1.875rem}.sideLabel_f1d3btn6{flex:0 0 
auto;font-size:0.875rem;margin-right:0.25rem}.keypad_f18r82ph{padding:0rem 
1rem 0.5rem 1rem}.stakeFlexiEnter_fpqsoig{height:0;opacity:0}.stakeFlexiEnterAc
tive_f1jetukj{height:4rem;opacity:1;transition:height 300ms cubic-bezier(0.0, 
0.0, 0.2, 1), opacity 300ms cubic-bezier(0.0, 0.0, 0.2, 1)}.stakeFlexiExit_f15w
1zl3{height:4rem;opacity:1}.stakeFlexiExitActive_f1smnyws{height:0;opacity:0;tr
ansition:height 300ms cubic-bezier(0.4, 0.0, 0.6, 1), opacity 300ms 
cubic-bezier(0.4, 0.0, 0.6, 1)}.selectionsContainer_fjxt6jq{color:#FFFFFF;list-
style-type:none;padding:0.5rem}.selectionsLabel_f1uygoyq{display:inline-block;m
argin-right:0.9375rem;min-width:1.375rem}.wrapper_fwz8szh{padding:0 
0.25rem}.radioButtonUnselected_f1hxt5tc{align-items:center;border:0.0625rem 
solid #94b5d1ff;border-radius:1rem;display:flex;height:1.5rem;justify-content:c
enter;width:1.5rem}.radioButtonUnselected_f1hxt5tc:active:hover{background:#b8c
de0ff;border:none}.radioButtonSelected_f1puwhul{align-items:center;background:#
0470c8ff;border:none;border-radius:1rem;display:flex;height:1.5rem;justify-cont
ent:center;width:1.5rem}.radioButtonSelected_f1puwhul:active:hover{background:#
035ca5ff}.radioButtonDisabled_f1cegits{align-items:center;background:#b8cde052;
border:none;border-radius:1rem;display:flex;height:1.5rem;justify-content:cente
r;width:1.5rem}.radioButtonDot_f1fu2f00{align-items:center;background:#ffffffff
;border-radius:0.25rem;display:flex;height:0.5rem;justify-content:center;width:
0.5rem}.hiddenCheckboxButton_fdtiosv{height:0;margin:0;opacity:0;position:absol
ute;width:0}.toggleContainer_f4kk892{display:flex;flex-direction:row}.toteToggl
eButtonAndTextContainer_fgk5rd2{align-items:center;display:flex;flex-direction:
row;padding-right:0.5rem}.srmExoticToggleButtonAndTextContainer_f2s1awa{align-i
tems:center;display:flex;flex-direction:row}.newLabelContainer_f1x59c69{align-i
tems:center;display:flex;flex-direction:row;padding:0rem 0.5rem}.stakeFlexiCont
ainer_f1viln9d{align-items:center;background-color:#142841;display:flex;justify
-content:space-between;margin-bottom:0.5rem;padding:0rem 0.5rem;position:relati
ve;width:100%;z-index:1}.footerInput_fuas73h{align-items:center;display:flex;fl
ex:1;margin-right:0.75rem}.footerInputDesktop_fpo5rk0{align-items:center;displa
y:flex;flex:1;margin-right:1rem}.sideLabel_f1d3btn6{flex:0 0 
auto;font-size:0.875rem;margin-right:0.25rem}.keypad_f18r82ph{padding:0rem 
1rem 0.5rem 1rem}.selectionsClear_f1jykmcg{align-items:center;background:none;c
olor:#FFFFFF;display:flex;justify-content:center;margin:0.5rem 0rem}.selections
ClearLabel_fgi1fya{align-self:center;margin-left:0.25rem}.guaranteeBadgeContain
er_f1kbtys5{align-items:center;background-color:#f9d801ff;border-radius:2rem;di
splay:flex;height:1rem;padding:0rem 0.5rem 0rem 0.5rem}.guaranteeBadgeIcon_f1px
jpwn{align-self:center;display:flex;margin-right:0.5rem}.guaranteeBadgeTextCont
ainer_f1f1ygnm{display:flex}.badgeContainer_f1g3cwnp{padding:0.5rem 0.5rem 
0.5rem 0rem}.linkStyle_fsiihhi{color:#0470c8ff;cursor:pointer;text-decoration:u
nderline;text-decoration-color:#0470c8ff}.linkStyle_fsiihhi:visited{color:#0470
c8ff;text-decoration-color:#0470c8ff}.linkStyle_fsiihhi:hover{color:#035ca5ff;t
ext-decoration-color:#035ca5ff}.linkStyle_fsiihhi:active{color:#37a3fbff;text-d
ecoration-color:#37a3fbff}.alertContainer_f16prppd{border-radius:0.5rem;display
:flex;flex-direction:column;justify-content:center;padding:0.5rem;width:100%}.i
nlineAlertContainer_f1c81g6h{border-radius:0.5rem;display:flex;flex-direction:r
ow;gap:1rem;justify-content:space-between;padding:0.5rem;width:100%}.headerCont
ainer_f4kk892{display:flex;flex-direction:row}.inlineHeaderContainer_f1jalc9c{a
lign-self:center;display:flex;flex-direction:row}.iconContainer_f1ae0ig7{height
:1rem;padding-right:0.5rem}.headerContent_fkhz08q{display:flex;flex-direction:c
olumn}.headerBody_f192y5oj{align-content:flex-start;align-items:center;display:
flex;flex-direction:row;flex-wrap:wrap}.buttonContainer_fkfzwnn{align-content:f
lex-start;display:flex;flex-direction:row;padding-top:0.5rem}.inlineButtonConta
iner_f1xm6yy0{align-content:flex-start;display:flex;flex-direction:row;gap:1rem
}.buttonItem_fdoc1b1{display:flex;flex:1;flex-direction:column}.guaranteeMessag
eContainer_fjpgt7m{border-color:#023864ff;border-radius:0.5rem;border-style:sol
id;border-width:0.0625rem;display:flex;margin:0.5rem 0.5rem 0rem 0.5rem;padding
:0.5rem}.switchToToteMessageContainer_f1fly9lc{align-items:center;background-co
lor:#e5f3ffff;border-color:#9bd1fdff;border-radius:0.5rem;border-style:solid;bo
rder-width:0.0625rem;display:flex;margin:0.5rem 0.5rem 0rem 0.5rem;padding:0.5r
em}.guaranteeMessageIcon_fj8jyep{display:flex;margin-right:0.5rem}.guaranteeTex
tContainer_fkhz08q{display:flex;flex-direction:column}.errorContainer_f1pa6f05{
padding:0.5rem 0.5rem 0rem 
0.5rem}.comboLimitAlertContainer_f6ep7ms{padding:0.5rem 0.5rem 0rem}.oddsInform
ationRow_f2s1awa{align-items:center;display:flex;flex-direction:row}.oddsInform
ationContainer_fsobrdb{display:flex;flex-direction:row;gap:0.125rem;padding-rig
ht:0.5rem}.lastOddsInformationContainer_f11g04wz{display:flex;flex-direction:ro
w;gap:0.125rem}.totalCombinations_f1vqob53{align-items:center;flex-direction:ro
w;justify-content:center;padding:0.5rem}.dividerContainer_ff9z8db{padding:0.5re
m}.combinationsAndOddsRowWrapper_f1t3f12{align-items:center;display:flex;justif
y-content:space-between}.seeAllOddsWrapper_f13fjctw{display:flex;margin-left:au
to}.toggleAndOddsOrReturnsInformationContainer_f7tew74{display:flex;flex-direct
ion:row;flex-wrap:wrap;gap:0.5rem;padding:1rem 0.5rem 
0.5rem}.oddsInformation_f13cxtj3{padding:1rem 0.5rem 1rem}.buttonsRowWrapper_f1
87zin{background-color:#142841;display:flex;flex:1;gap:0.25rem;padding:0.5rem;z
-index:1}.buttonsRow_f1pi17at{display:flex;flex:1}.addToBetslipButtonWrapper_f1
mzb6aq{display:flex;flex:0.7;height:2rem;padding:0rem 0rem 0rem 0.25rem}.addToB
etslipButtonWrapperFullFlex_ffq3qux{flex:1;padding:0}.calculateRefreshButtonWra
pper_f63fcc3{flex:0.3;height:2rem}.trayBottomRowEnter_f12niyfl{opacity:0;transf
orm:translateY(100%)}.trayBottomRowEnterActive_f1qqjrz7{opacity:1;transform:tra
nslateY(0);transition:transform 300ms cubic-bezier(0.0, 0.0, 0.2, 1), opacity 
300ms cubic-bezier(0.0, 0.0, 0.2, 1)}.trayBottomRowExit_f14je8no{opacity:1;tran
sform:translateY(0)}.trayBottomRowExitActive_f1c8tlqe{opacity:0;transform:trans
lateY(100%);transition:transform 300ms cubic-bezier(0.4, 0.0, 0.6, 1), opacity 
300ms cubic-bezier(0.4, 0.0, 0.6, 1)}.toggleOuter_fljt0w1{align-items:center;co
lor:#111111;display:flex}.toggleOuterLeftAligned_f1fwtl1j{flex-direction:row-re
verse}.toggleContOn_feb862q{background-color:#00549E;border-radius:0.5625rem;he
ight:1rem;margin:0rem 0.25rem;position:relative;width:2.1875rem}.toggleContOff_
f15hqiyb{background-color:#818F9B;border-radius:0.5625rem;height:1rem;margin:0r
em 0.25rem;position:relative;width:2.1875rem}.toggleContDisabled_f1nphz00{backg
round-color:#C3C5C7}.toggleOff_f1swylcm{background-color:#FFFFFF;border-radius:
50%;height:0.875rem;left:0;margin:0.0625rem;position:absolute;top:0;transform:t
ranslateX(0);transition:transform 150ms cubic-bezier(0.4, 0, 0.2, 1);width:0.87
5rem}.toggleOn_f64p33a{background-color:#FFFFFF;border-radius:50%;height:0.875r
em;left:0;margin:0.0625rem;position:absolute;top:0;transform:translateX(19px);t
ransition:transform 150ms cubic-bezier(0.4, 0, 0.2, 1);width:0.875rem}.toggleDi
sabled_fz2sl35{background-color:#DEE1E3}.icon_fww7x5k{color:#FFFFFF;font-size:0
.625rem;left:0.25rem;position:absolute}.headerContainerMobile_fc8f0p3{align-ite
ms:center;display:flex;flex:1;justify-content:space-between;margin:0rem 1rem 
0rem 1rem;min-height:2.125rem}.headerContainerDesktop_f1wpas00{align-items:cent
er;display:flex;justify-content:flex-end}.selectFieldText_f1ryt8d{margin-right:
0.5rem}.selectFieldContainer_f1bog0xa{align-items:center;display:flex;justify-c
ontent:flex-end;min-width:11.875rem}.toggleContainer_fkrwqli{color:#686B70;marg
in-right:2rem}.container_f6107av{align-items:center;background-color:#686B70;bo
rder-radius:1.25rem;display:flex;flex-direction:column;height:32px;width:20px}.
speedMapBarIcon_fgw963o{margin-top:0.25rem}.speedMapDrawNumber_f2wyvpn{margin-t
op:-0.3125rem}.container_f14s4cp1{align-items:center;display:flex;flex:1;flex-d
irection:row;margin-top:0.5rem}.speedMapsContainer_fgtsh1u{align-items:center;d
isplay:flex;flex:1;flex-direction:row;position:relative;width:100%}.speedMapBar
_f1pnnnef{background:linear-gradient(to right, #F0F1F2, #686B70);border-bottom-
left-radius:0.1875rem;border-top-left-radius:0.1875rem;height:0.25rem;position:
relative;transition:width 1s;transition-timing-function:ease-in;z-index:1}.spee
dBarMapTransitionDelay_f1kmybiw{-webkit-transition-delay:0.4s;transition-delay:
0.4s}.speedMapBarIcon_f88e795{left:-0.0625rem;position:relative;z-index:1}.sett
lingPosition_fgksh8m{display:flex;justify-content:flex-end;margin-left:1rem;whi
te-space:nowrap;width:4.5rem}.remainingBar_fuljeno{background:#C3C5C7;border-bo
ttom-right-radius:0.1875rem;border-top-right-radius:0.1875rem;height:0.125rem;p
osition:absolute;width:100%}.noDataBar_f1pjy5gm{background:#C3C5C7;height:0.125
rem;width:100%;z-index:1}.dot_f1gqd7dq{background-color:#686B70;border-radius:5
0%;height:0.25rem;width:0.25rem}.drawNumberContainer_f1kbkkn6{position:absolute
;width:100%}.drawNumber_fgtsh1u{align-items:center;display:flex;flex:1;flex-dir
ection:row;position:relative;width:100%}.speedBarMapTransitionDelay_f1kmybiw{-w
ebkit-transition-delay:0.4s;transition-delay:0.4s}.speedMapRowContainer_f4jyqbz
{padding:0rem 1rem}.speedMapRow_fyoub66{align-items:center;display:flex;flex:1;
flex-direction:row;height:3.125rem;position:relative}.speedMapRowWithBorder_f10
70awf{align-items:center;border-bottom:solid 0.0625rem #F0F1F2;display:flex;fle
x:1;flex-direction:row;height:3.125rem;position:relative}.speedMapBar_f1ifox0t{
background:linear-gradient(to right, #F0F1F2, #686B70);border-bottom-left-radiu
s:0.1875rem;border-top-left-radius:0.1875rem;height:0.25rem;position:absolute;t
ransition:width 1s;transition-timing-function:ease-in}.runnerBarrier_ff4yqa4{he
ight:1.25rem;transition:width 
1s;transition-timing-function:ease-in}.infoBar_f171qlox{border-bottom:solid 
0.0625rem #F0F1F2;display:flex;justify-content:space-between;padding:0.5rem 1re
m}.info_f17wtpwi{align-items:center;background-color:#FFFFFF;display:flex}.refr
esh_f17wtpwi{align-items:center;background-color:#FFFFFF;display:flex}.infoBarI
con_f1ha887j{margin-right:0.25rem}.railContainer_few3qjt{align-items:center;dis
play:flex;flex-direction:row;justify-content:space-between;margin-top:0.25rem;p
adding:0rem 1rem}.railVerticalBar_fvykoma{background-color:#DEE1E3;height:0.5re
m;padding-top:0.125rem;width:0.1875rem}.railLeftHorizontalBar_feqyex6{backgroun
d-color:#DEE1E3;height:0.0625rem;margin-right:0.5rem;width:100%}.railRightHoriz
ontalBar_f1ct5jap{background-color:#DEE1E3;height:0.0625rem;margin-left:0.5rem;
width:100%}.modalParagraph_f1vh59pf{display:inline-block;margin:0.875rem 0rem}.
suspended_fkhz08q{display:flex;flex-direction:column}.container_fwma4l6{margin:
0.5rem 0.75rem 0rem 0.75rem}.actionButton_ft2ls94{background-color:rgba(0, 0, 
0, 0);cursor:pointer;margin:-0.75rem 0rem;padding:0.75rem 0rem}.container_f1x87
deb{align-items:center;display:flex;justify-content:space-between;margin:0.5rem
 1rem}.errorIcon_f1c6f0gw{padding-right:0.25rem}.rightContainer_fq96r3o{align-i
tems:center;align-self:flex-start;display:flex;flex-direction:column;margin-lef
t:0.9375rem}.outcomeInfo_fddsvlq{align-items:center;display:flex}.priceButtonMo
bile_fvgl15w{height:3rem;margin-top:0.25rem;width:5.375rem}.errorMessage_fddsvl
q{align-items:center;display:flex}.warningStyle_f1n073f1{color:#F68D00}.outcome
Details_fkhz08q{display:flex;flex-direction:column}.potentialReturns_fgw963o{ma
rgin-top:0.25rem}.priceButtonDesktop_f3mv9xe{height:3rem;margin-top:0.25rem;wid
th:7.5rem}.keypad_fz8par2{background-color:#142841;bottom:0;left:0;padding:0.5r
em;position:fixed;width:100%;z-index:17}.separator_f63jeiy{border-bottom:1px 
solid #DEE1E3;margin-left:3.4375rem;margin-right:0.75rem}.container_fukphv{back
ground-color:#FFFFFF;padding:1rem 0rem}.header_f1oi2e6p{border-bottom:1px 
solid #DEE1E3;display:flex;justify-content:space-between;padding:0rem 1rem 0.5r
em}.oddsHeaderMobile_f2ye9ku{text-align:center;width:5.375rem}.oddsHeaderDeskto
p_f1hftx08{text-align:center;width:7.5rem}.racecardTitle_f1l90ok{background-col
or:#F0F1F2;color:#686B70;padding:1rem 1rem 0.5rem}.iFrameContent_folkrwa{border
:0;height:100%;width:100%}.scrollWrapper_frrqgk{-webkit-overflow-scrolling:touc
h;bottom:0;left:0;overflow-y:scroll;position:absolute;right:0;top:0}.parentCont
ainer_faowcuh{overflow:hidden}.scrollableContainer_fo5m9tb{display:flex;overflo
w-x:auto;overflow-y:hidden;will-change:transform}.scrollableContainer_fo5m9tb::
-webkit-scrollbar{display:none;width:0}.childrenContainer_f1pi17at{display:flex
;flex:1}.viewPagesStyle_fufjedn{-ms-overflow-style:none;overflow:scroll;scroll-
snap-type:x mandatory;scrollbar-width:none}.viewPagesStyle_fufjedn::after{conte
nt:'';display:table;height:100%;margin-right:0.625rem;width:0.625rem}.viewPages
Style_fufjedn::-webkit-scrollbar{display:none}.nonSelectable_fvac9zp span{-moz-
user-select:none;-webkit-user-select:none;user-select:none}.setAutoAdjustHeight
_f1j0fe1v{align-items:flex-start}.iconBgClip_fzdcw19{-webkit-background-clip:te
xt;background-clip:text;color:rgba(0, 0, 0, 0);display:block}.rippleContainer_f
1w37t63{border-radius:0.25rem;height:1.8125rem;overflow:hidden;position:relativ
e}.flameIcon_faqc6lu{margin-bottom:0.125rem;margin-right:0.5rem}.innerContainer
_f1c7x5pa{align-items:center;display:flex;justify-content:center}.fastFormIconS
tyle_f3ee3v{margin-top:0.25rem;padding-right:0.125rem}.button_fv0qi9v{align-ite
ms:center;background-color:#DEE1E3;border-radius:inherit;box-shadow:inset 0 
-2px 0 0 rgba(0, 0, 0, 0.1);cursor:pointer;flex:1;height:100%;justify-content:c
enter;padding:0rem;transition:opacity 300ms cubic-bezier(0.4, 0.0, 0.2, 1);widt
h:100%}.button_f1gs3q90{align-items:center;background-color:#00549E;border-radi
us:inherit;cursor:pointer;flex:1;height:100%;justify-content:center;padding:0re
m;transition:opacity 300ms cubic-bezier(0.4, 0.0, 0.2, 1);width:100%}.text_f1ob
a3st{-moz-user-select:none;-webkit-user-select:none;color:#FFFFFF;font-weight:5
00;transition:color 0.3s cubic-bezier(0.4, 0, 0.2, 1);user-select:none}.iconBes
tBets_f17dgm39{font-size:1.4375rem;margin-right:0.25rem}.toggleContainer_f8nxiu
i{color:#686B70;display:flex;margin-left:1.125rem}.awards_f1slruow{margin-right
:0.5rem;width:4.875rem}.modesContainer_f8wdduq{display:flex;justify-content:fle
x-start;margin-bottom:0.5rem;padding-left:1rem}.racecardModesFlucsButtonWithFla
me_fvnxk9b{margin-right:0.5rem;width:4.5rem}.racecardModesFlucsButtonWithoutFla
me_fi8khxv{margin-right:0.5rem;width:3.8125rem}.tipsBestBetsButton_f1slruow{mar
gin-right:0.5rem;width:4.875rem}.tipsButton_f1xqnmwg{margin-right:0.5rem;width:
5.1875rem}.keyStatsButton_f1slruow{margin-right:0.5rem;width:4.875rem}.speedMap
s_f1slruow{margin-right:0.5rem;width:4.875rem}.multiNav_flv5brf{align-items:cen
ter;background-color:#00549E;display:flex;height:2.5625rem;justify-content:spac
e-between}.currentLeg_fabgbnw{border-left:1px solid rgba(255, 255, 255, 
0.5);border-right:1px solid rgba(255, 255, 255, 0.5);text-align:center;width:8.
5rem}.previousLeg_f1u6ndpr{align-items:center;display:flex;justify-content:flex
-start}.previousLegDesktop_f1mra9ya{align-items:center;display:flex;justify-con
tent:flex-end;margin-right:1.5rem}.legNavLink_f1qo33y1{flex:1}.nextLeg_f1wpas00
{align-items:center;display:flex;justify-content:flex-end}.nextLegDesktop_fzt6e
ae{align-items:center;display:flex;justify-content:flex-start;margin-left:1.5re
m}.chevrons_f7ra6ol{padding:0rem 0.5rem}.betHeaderAndBodyContainer_fkhz08q{disp
lay:flex;flex-direction:column}.headerBadgeWrapper_fbihtxv{align-self:flex-star
t;margin-left:1rem;margin-top:0.5rem}.betRow_f1dyehx{align-items:center;display
:flex;justify-content:space-between;padding:0.5rem 2rem 0.5rem 1rem}.betInfoCon
tainer_fddsvlq{align-items:center;display:flex}.betReturnNarrowestContainer_f1s
kmnj8{align-items:center;display:flex;margin-top:0.25rem}.betReturnContainerDes
ktop_f1gusjg5{align-items:center;display:flex;margin-top:0.125rem}.betReturnTex
t_f16ylbj9{margin-left:0.125rem}.betInfoColumn_f1ksu6ef{align-items:flex-start;
display:flex;flex-direction:column}.headingContainer_fddsvlq{align-items:center
;display:flex}.srmHeadingContainer_fddsvlq{align-items:center;display:flex}.bet
InfoColumnNoSilk_f18clyb8{margin-left:2.4375rem}.betInfoColumnNoSilkGreyhound_f
1wopel2{margin-left:2.25rem}.stakeInfoContainer_f1kb8nc{align-items:flex-end;di
splay:flex;flex-direction:column}.textBlock_f5rbj1u{display:block;margin-bottom
:0.25rem}.originalOdds_f1hzeoet{text-decoration:line-through}.originalOddsSRMAn
dExotic_fe715hn{margin-bottom:0.25rem;text-decoration:line-through}.generosityI
con_f1lx2j7l{margin:0rem 0rem 0.25rem 
0.25rem}.powerPlayIcon_f1lx2j7l{margin:0rem 0rem 0.25rem 0.25rem}.silkIcon_f14f
4xwg{align-self:flex-start;margin-right:1rem}.background_f1qjdras{background-co
lor:#F0F1F2;padding-bottom:0.5rem}.myBetsCard_fk80xpx{background-color:#FFFFFF;
box-shadow:0 0.0625rem 0.0625rem 0 rgba(0, 0, 0, 0.1);position:relative}.myBets
InnerCard_f1xu8pql{padding-bottom:0.3125rem}.header_f1se6wyj{align-items:center
;background-color:rgba(0, 0, 0, 
0);display:flex;outline:none;padding:0.75rem;width:100%}.header_f1se6wyj >div{j
ustify-content:flex-start}.indicator_f1ryt8d{margin-right:0.5rem}.betContainer_
fj9s51k{border-bottom:0.0625rem solid #DEE1E3;padding-bottom:0.75rem}.betContai
ner_fj9s51k:last-child{border-bottom:0}.betContainerDesktop_f1mtz0dg{align-item
s:center;border-bottom:0.0625rem solid #DEE1E3;display:flex;justify-content:spa
ce-between}.betContainerDesktop_f1mtz0dg>:last-child{flex:1;max-width:26.25rem}
.betContainerDesktop_f1mtz0dg:last-child{border-bottom:0}.betContainerDesktop_f
1mtz0dg>:first-child{flex:1;max-width:26.25rem}.settlingPosition_fs2voto{displa
y:flex;justify-content:flex-start;margin:0.25rem 0.5rem 0rem;white-space:nowrap
;width:4.5rem}.awardContainer_f12979v8{flex-direction:row;margin-right:0.25rem;
margin-top:0.25rem;position:relative;text-align:center;width:3rem}.awardIconSel
ectedContainer_f1rt7aiu{align-items:center;background-color:#0C5CD4;border-colo
r:#FFFFFF;border-radius:1.75rem;border-style:solid;border-width:0.0625rem;displ
ay:flex;height:1.75rem;justify-content:center;width:1.75rem}.awardIconOuterCont
ainerSelected_f4rz5ph{align-items:center;background-color:#B92722;border-radius
:2rem;display:flex;height:2rem;justify-content:center;margin:auto;width:2rem}.a
wardIconOuterContainer_f1d28nzz{align-items:center;border-radius:2.125rem;displ
ay:flex;height:2rem;justify-content:center;margin:auto;width:2rem}.awardIconCon
tainer_f1d8p3td{align-items:center;background-color:#0C5CD4;border-radius:1.75r
em;display:flex;height:1.75rem;justify-content:center;width:1.75rem}.awardIcon_
f1uwc4pi{color:#FFFFFF;text-align:center}.awardsText_f4wjxwy{color:#000000;disp
lay:inline-block;font-weight:normal;margin-bottom:0.5rem;margin-top:0.25rem;tex
t-align:center;white-space:pre}.awardTextSelected_fqb8nqm{color:#0C5CD4;font-we
ight:bold}.trendingBadge_f1g9m7b0{align-items:center;align-self:center;backgrou
nd-color:#B92722;border-color:#FFFFFF;border-radius:1rem;border-style:solid;bor
der-width:0.125rem;display:flex;height:1rem;justify-content:center;position:abs
olute;right:0.125rem;width:1rem}.awardDetailsContainer_flg0jus{display:flex;fle
x-direction:column;margin-left:2.375rem}.awardDetailsContainerMobile_f1ylmon1{m
argin-left:0rem}.fastformAwardTipContainer_f18vo5ey{cursor:pointer;display:flex
;flex-direction:column}.noAwardsText_f9wghzu{color:#000000;margin-bottom:0.75re
m}.allAwardsContainer_f4kk892{display:flex;flex-direction:row}.tipBubbleContain
er_fxmp3cz{display:flex;justify-content:center;margin-right:0.25rem}.tipBubbleA
rrow_f1vy6f7e{background-color:transparent;border-bottom-color:#DFEBFD;border-b
ottom-width:0.5rem;border-left-color:transparent;border-left-width:0.375rem;bor
der-right-color:transparent;border-right-width:0.375rem;border-style:solid;heig
ht:0.375rem;width:0.625rem}.awardDescriptionContainer_f1mw6rzd{align-items:cent
er;display:flex;flex:1;min-width:0}.tipsBubble_fts19he{background-color:#DFEBFD
;border-radius:0.75rem;display:flex;flex-direction:row;height:1.5rem;margin-bot
tom:0.75rem;margin-right:0.75rem}.tipsBubbleTextFirst_f2yyuij{color:#0C5CD4;mar
gin-left:0.75rem}.tipsBubbleText_fhtqjtj{color:#0C5CD4;margin-right:0.25rem;ove
rflow:hidden;text-align:left;text-overflow:ellipsis;white-space:nowrap}.statTex
tContainer_fgyjor6{display:flex;flex-direction:row;margin-right:0.75rem}.bubble
InfoContainer_fddsvlq{align-items:center;display:flex}.tipsStatText_f1mallla{al
ign-items:center;color:#0C5CD4;display:flex;font-weight:bold;margin-right:0.125
rem}.medalContainer_fddsvlq{align-items:center;display:flex}.ribbon_fldk36z{col
or:#142841}.goldMedal_f1pplo2v{color:#FAA71C;margin-top:-0.5rem}.medalIcon_fp5t
yk{align-self:center;display:flex;flex-direction:column}.silverMedal_f1i2ce88{c
olor:#818F9B;margin-top:-0.5rem}.bronzeMedal_f1tnd8zp{color:#B75D05;margin-top:
-0.5rem}.containerColumn_f12jx27c{display:flex;flex-flow:column;flex-wrap:wrap;
margin-top:0.25rem;padding-bottom:0.25rem;padding-top:0.25rem}.containerRowDesk
top_f7xzw94{display:flex;flex-flow:row;flex-wrap:wrap;margin-top:0.25rem;paddin
g-bottom:0.25rem;padding-top:0.25rem}.containerRowDesktop_f7xzw94 > div:first-c
hild{margin-right:0.5rem}.containerRowDesktopNotFutures_flckaih{display:flex;fl
ex-flow:row;flex-wrap:wrap;margin-top:0.25rem;padding-bottom:0.25rem;padding-le
ft:2.375rem;padding-top:0.25rem}.containerRowDesktopNotFutures_flckaih > div:fi
rst-child{margin-right:0.5rem}.containerRowModesMobile_f13pl9ku{display:flex;fl
ex-flow:row;flex-wrap:wrap;margin-top:0.25rem;min-width:17.5625rem;padding-bott
om:0.25rem;padding-top:0.25rem}.containerRowModesMobile_f13pl9ku > div:first-ch
ild{margin-right:0.5rem}.priceContainerWrapper_fbi5sb0{align-items:center;color
:#111111;display:flex;line-height:0.8125rem;padding:0.125rem 0rem 0.125rem}.flu
xContainerWrapper_f13m13mh{align-items:center;color:#111111;display:flex;flex:1
;line-height:0.8125rem;padding:0.125rem 0rem}.openPriceContainer_fsporwi{color:
#686B70;display:flex;padding-right:0.625rem;transition:color 300ms 
cubic-bezier(0.4, 0.0, 0.2, 1)}.priceLabelText_f1op6hsi{padding-right:0.5rem}.p
riceFlucArrow_f16o4l65{transform:scale(.35) translateX(-5px)}.flamesWrapper_f1h
f8rho{display:flex;justify-content:flex-end}.maxPriceFlucs_f13lyhan{align-items
:center;color:#111111;display:flex;justify-content:flex-end;line-height:0.8125r
em;margin-right:0.625rem}.maxPriceFlucsMobile_fzcptsb{align-items:center;color:
#111111;display:flex;justify-content:flex-end;line-height:1.0625rem;order:1;wid
th:100%}.maxPriceArrow_fn5ubl7{color:#C3C5C7;font-size:1.25rem}.up_f95o83h{colo
r:#4AA331;display:flex;padding-right:0.125rem;transition:color 300ms 
cubic-bezier(0.4, 0.0, 0.2, 1)}.down_f7br1hi{color:#B92722;display:flex;padding
-right:0.125rem;transition:color 300ms cubic-bezier(0.4, 0.0, 0.2, 1)}.neutral_
f54clid{color:#686B70;display:flex;padding-right:0.125rem;transition:color 
300ms cubic-bezier(0.4, 0.0, 0.2, 1)}.commentsContainer_f120n0zu{display:flex;f
lex-flow:column;padding-top:0.5rem}.runnerComments_f1yhd91b{color:#111111;font-
size:0.6875rem;margin-bottom:0.5rem}.scratchedText_f1akw7o6{line-height:0.8125r
em;text-align:right;width:7.25rem}.uppercase_fnujpat{text-transform:uppercase}.
deductionsAppliedContainer_fkhz08q{display:flex;flex-direction:column}.deductio
nsContainer_f1hf8rho{display:flex;justify-content:flex-end}.deductionsText_f17c
6sqc{line-height:1rem;text-align:right}.deductionsPrice_f1576aqp{margin-left:0.
25rem;width:3.5rem}.outcomeDetails_fgw55bl{align-items:center;cursor:pointer;di
splay:flex;flex:1;justify-content:space-between;min-width:0}.priceContainer_f1f
1ygnm{display:flex}.outcomeCard_f7jc198{display:flex;flex-flow:column;margin:0r
em 1rem;padding:0.125rem 
0rem;position:relative}.outcomeCard_f7jc198::after{border-bottom:0.0625rem 
solid #DEE1E3;bottom:0;content:'';left:2.375rem;position:absolute;right:0}.outc
omeCardExpandedDivider_f7jc198{display:flex;flex-flow:column;margin:0rem 
1rem;padding:0.125rem 0rem;position:relative}.outcomeCardExpandedDivider_f7jc19
8::after{border-bottom:0.0625rem solid #DEE1E3;bottom:0;content:'';left:2.375re
m;position:absolute;right:0}.outcomeCardFullWidthDivider_fs1xq81{display:flex;f
lex-flow:column;margin:0rem 1rem;padding:0.125rem 0rem;position:relative}.outco
meCardFullWidthDivider_fs1xq81::after{border-bottom:0.0625rem solid #DEE1E3;bot
tom:0;content:'';left:0rem;position:absolute;right:0}.outcomeDetailsContainer_f
13tqi60{align-items:center;background:#FFFFFF;display:flex;width:100%;z-index:1
}.organicGrowthEngineOutcomeDetailsContainer_f9a7fk4{align-items:center;backgro
und:rgba(0, 0, 0, 0);display:flex;margin:0.5rem 0rem;width:100%;z-index:1}.outc
omeDetailsContainerForPowerPrice_fvbosp9{align-items:center;background:#FFFFFF;
display:flex;padding-top:0.25rem;width:100%;z-index:1}.outcomeDetails_fgw55bl{a
lign-items:center;cursor:pointer;display:flex;flex:1;justify-content:space-betw
een;min-width:0}.outcomeDetailsNoPointer_f30srwh{align-items:center;display:fle
x;flex:1;justify-content:space-between;min-width:0}.outcomeDetailsSrm_f1h6e3zx{
cursor:pointer;display:flex;flex:1;flex-direction:column;min-width:0}.outcomeDe
tailsNoPointerSrm_fbeazrh{display:flex;flex:1;flex-direction:column;min-width:0
}.noDivider_fe60pxo{display:flex;flex-flow:column;margin:0rem 
1rem;padding:0.125rem 0rem;position:relative}.noDivider_fe60pxo::after{content:
none}.priceContainer_f1dkiixb{column-gap:0.5rem;display:flex}.priceContainerWit
hFavouriteFlag_f813r6z{margin:0.3125rem 0rem 1rem 
0rem}.priceContainerSrm_fpo5ra3{flex-wrap:wrap;margin:0.375rem 0rem 1.75rem 0re
m;row-gap:1.5rem;width:100%}.priceContainerSrmAndFavouriteFlag_f1sj8s8b{margin:
0.375rem 0rem 1.75rem 0rem;row-gap:2rem}.priceContainerSrmAndFavouriteFlagSingl
eRow_f1gqx5mr{margin:0.375rem 0rem 2.375rem 0rem}.priceButtonSrm_fir91v7{height
:2.75rem;padding-left:0.25rem;transition:width 0.3s cubic-bezier(0.4, 0.0, 
0.2, 1)}.organicGrowthEnginePriceButton_f1f1ygnm{display:flex}.exoticsButtons_f
1xns33v{min-width:3.75rem}.exoticsButtonsBoxed_fgv65oh{align-items:center;displ
ay:flex;flex-direction:column;height:4.6875rem;justify-content:center;min-width
:3.75rem}.exoticsButtonContainer_fvt9h4k{height:1rem;padding-top:0.3125rem;widt
h:auto}.exoticsButtonContainerBoxed_f19n6flg{align-items:center;display:flex;he
ight:1rem;justify-content:center;padding-top:0.3125rem;width:auto}.tipTypeBadge
AdditionalStyle_f1600a2u{margin-top:0.3125rem}.priceFlucsContainer_f1qh6j2w{dis
play:flex;left:50%;position:absolute;transform:translateX(-50%)}.enhancedPriceF
lucsContainer_f1jemh4h{align-items:center;column-gap:0.25rem;display:flex}.pric
eFlucsContainerFlex_fdme8cn{display:flex;left:50%;position:absolute}.priceFlucs
Text_fi9o2a8{width:3rem}.priceFlucsTextDesktop_fiml4cj{width:3rem}.priceFlucsTe
xtDesktop_fiml4cj:last-child{margin-right:1rem}.enhancedPriceFlucsTextDesktop_f
1q3vm4x{align-items:center;display:flex;justify-content:center;width:2rem}.shor
tFormContainer_fu6ilsa{background-color:rgba(229, 232, 237, 0.5);border-radius:
0.25rem;color:#111111;column-count:2;column-gap:1.5rem;margin-bottom:0.625rem;m
argin-top:0.5rem;padding:0.5rem 0.625rem}.speedMaps_f1v6taly{align-items:center
;display:flex;flex:1;flex-direction:row;margin-bottom:0.75rem}.speedMapsNoDataT
ext_f1t41tjp{line-height:1.75rem;padding-left:2.375rem}.srmOutcomeDetailsHeader
_f2s1awa{align-items:center;display:flex;flex-direction:row}.fixedRunnerInfoNam
eWidth_f1f56v7m{width:10rem}.racecardRunnerInfoContainer_f17bv8f{display:conten
ts}.select_f1r4rh3e{display:block;overflow:hidden;padding-right:1.25rem;positio
n:relative;text-overflow:ellipsis;white-space:nowrap}.control_f1nvazir{-moz-app
earance:none;-webkit-appearance:none;background-color:transparent;border:0;bord
er-radius:0;color:rgba(0, 0, 0, 0);cursor:pointer;height:100%;left:0;outline:no
ne;overflow:hidden;position:absolute;text-overflow:ellipsis;top:0;width:100%}.c
ontrol_f1nvazir optgroup{color:initial}.control_f1nvazir 
option{color:#111111}.bottomBorder_fokgqro{border-bottom:1px solid #C3C5C7}.dro
pdownArrow_fxi0hwe{bottom:0rem;position:absolute;right:0rem}.centerContent_fdds
vlq{align-items:center;display:flex}.clickable_f1hykqr2{cursor:pointer}.codGray
_f1tc10rl{color:#111111}.nevada_fxjpoyk{color:#686B70}.white_fhgmv7l{color:#FFF
FFF}.size14_f1berkjd{font-size:0.875rem;height:2.0625rem;line-height:2.0625rem}
.size20_f6a7ied{font-size:1.25rem;height:1.5rem;line-height:1.5rem}.size24_f4rv
dnb{font-size:1.5rem;height:1.75rem;line-height:1.75rem}.roboto_ft7zx15{font-fa
mily:Roboto, sans-serif}.titilliumWebBlack_fowl7b1{backface-visibility:hidden;f
ont-family:Titillium Web, sans-serif;text-rendering:geometricPrecision}.racecar
dBodyFilterMobile_fye5aem{display:flex;justify-content:flex-end;margin-left:1re
m}.racecardBodyFilter_fveu53k{margin-left:2.0625rem}.priceTypeRowMobile_f1tc10r
l{color:#111111}.priceTypeRow_f16jz585{align-items:center;color:#111111;display
:flex;height:100%;justify-content:flex-end}.priceTypeDropdown_fddsvlq{align-ite
ms:center;display:flex}.iconWrapper_f1nj33th{margin-right:0.25rem;margin-top:0.
25rem}.selectWrapper_fxdad31{width:7.25rem}.container_f1ezamzi{color:#686B70;di
splay:flex;flex:1;margin-left:1.4375rem}.flameIcon_fgi1fya{align-self:center;ma
rgin-left:0.25rem}.replayControlContainer_f14rptqq{align-items:center;border-bo
ttom:0.0625rem solid #DEE1E3;display:flex;padding:1rem}.replayControlTouchable_
f9mpe{align-items:center;background-color:#FFFFFF;cursor:pointer;display:flex}.
replayControlIcon_f1ha887j{margin-right:0.25rem}.deductionsContainer_fso6rhz{ba
ckground-color:#F0F1F2}.deductionInformationContainer_f8nx0qb{background-color:
#FFFFFF;display:flex;flex-flow:column;margin-top:1rem;padding:1rem 1rem 1rem 1r
em}.deductions_f1l0ck2h{background-color:#FFFFFF;color:#111111;display:flex;fle
x-direction:column}.winPlaceHeader_f1f1ygnm{display:flex}.deductionsHeader_f1pu
vm5j{align-items:center;border-bottom:1px solid #DEE1E3;border-top:1px solid 
#DEE1E3;display:flex;justify-content:space-between;margin:0rem 1rem 0rem 
1rem;padding:1rem 0rem 0.5rem 0rem}.scratchedRunner_f1g7yzk1{border-bottom:1px 
solid #DEE1E3;display:flex;justify-content:space-between;padding:0.625rem 0rem 
0.625rem 0rem}.scratchedRunners_fz954ku{padding:0rem 1rem 0rem 1rem}.win_f14o5a
xo{margin-right:1.5rem}.scratchedRunnerName_fqiq58s{display:flex;flex-direction
:column;line-height:1rem}.deductionsFootNote_f1ro5qm9{margin:1rem 0rem 1rem 0re
m}.deductionsWhyText_fl9a4co{margin-bottom:1rem}.deductionsInformationText_f1kp
m666{line-height:1rem;margin-bottom:1rem}.exampleText_f1kpm666{line-height:1rem
;margin-bottom:1rem}.buttonContainer_f18nwnjf{background-color:#DEE1E3;height:3
rem;margin-top:1rem;overflow:hidden;position:relative;width:14.75rem}.deduction
Amount_f1f1ygnm{display:flex}.deductionWin_fhtexnr{margin-right:1rem}.calculati
onText_fbcb3bc{line-height:1rem}.exampleHeader_f1ha887j{margin-right:0.25rem}.m
obileDividendCell_fkh2j44{align-items:flex-start;align-self:stretch;background-
color:#FAFAFA;border-right:1px solid #DEE1E3;display:flex;flex:1;flex-direction
:column;min-height:5rem;padding:0.625rem}.mobileDividendCell_fkh2j44:last-child
{border-right:0}.runnerVisual_f1uddsaw{align-items:center;display:flex;flex-dir
ection:column;height:100%;justify-content:center;width:2.5rem}.ordinalWrapper_f
1waoihs{align-items:center;background-color:#686B70;border-radius:0.25rem;displ
ay:flex;justify-content:center;margin-right:0.75rem;margin-top:0.25rem;padding-
vertical:0.25rem;width:2.25rem}.addToBlackbookContainer_f1mhwb9i{display:flex;j
ustify-content:center;padding-bottom:0.75rem}.addToBlackbook_f14u8zc{flex:2;max
-width:24rem}.shortFormArrow_f1eqyy5h{border-left:0.5625rem solid 
transparent;border-right:0.5625rem solid transparent;border-top:0.5625rem 
solid #FFFFFF;color:#FFFFFF;left:50%;position:absolute;top:0rem;transform:trans
lateX(-50%)}.resultRow_f1ssoeog{align-items:center;color:#111111;display:flex;m
argin:0rem 1rem;padding:0.625rem 0rem}.blackbookContainer_fvd14th{background-co
lor:#F0F1F2;display:flex;flex-direction:column;padding:1rem 1rem 0rem;position:
relative}.resultContainerRowWithBottomMargin_fd50t5k{border-bottom:0.0625rem 
solid #DEE1E3;display:flex;flex-direction:column}.resultContainerRowWithBottomM
argin_fd50t5k:last-child{margin-bottom:1.25rem}.resultContainerFirstRow_f1tcb8q
5{border-top:0.0625rem solid #DEE1E3}.infoContainer_f11xjbzd{display:flex;justi
fy-content:space-between;width:100%}.pendingResult_ftv1qug{align-items:center;d
isplay:flex;justify-content:center;min-height:3.5625rem;padding-right:1.25rem;w
idth:100%}.runnerInfo_fddsvlq{align-items:center;display:flex}.prices_fthinbh{c
olor:#111111;display:flex}.price_f1w98fo6{align-items:center;display:flex;flex-
direction:column}.priceLeft_fdvuytt{align-items:center;display:flex;flex-direct
ion:column;margin-right:0.625rem}.noThirdDividend_fhi64wg{display:block;text-al
ign:right}.fullFieldAccordionHeader_fa9ckon{background-color:#FFFFFF;color:#111
111;padding:1rem 0.5rem}.fullFieldAccordionHeaderMobile_fg979zu{background-colo
r:#FFFFFF;color:#111111;padding:0.75rem 0.5rem}.fullFieldAccordion_fp96tye{back
ground-color:#FFFFFF;display:flex;flex-direction:column}.resultContainerRow_f1i
ssel{border-bottom:0.0625rem solid #DEE1E3;display:flex;flex-direction:column}.
dividendHeader_f1y6pki7{align-items:center;background-color:#FAFAFA;border-bott
om:1px solid #DEE1E3;border-top:1px solid #DEE1E3;color:#686B70;display:flex;he
ight:2.375rem;justify-content:space-between;padding-left:1rem}.dividendRow_f1kb
kec2{align-items:center;border-bottom:0.0625rem solid 
#DEE1E3;color:#111111;display:flex;padding:0.625rem 0rem 0.625rem 1rem}.dividen
dRow_f1kbkec2:last-child{margin-bottom:1.25rem}.dividendFirstRow_f1t0v7ox{borde
r-top:1px solid #DEE1E3}.desktopDividendCell_fi121ee{align-items:center;align-s
elf:stretch;border-left:1px solid 
#DEE1E3;display:flex;flex-direction:column;margin:-0.625rem 0rem}.desktopToteDi
videndCell_fzpxrec{align-items:center;align-self:stretch;border-left:1px solid 
#DEE1E3;color:#686B70;display:flex;flex-direction:column;margin:-0.625rem 
0rem}.mobileDividendRow_f18jfyub{align-items:center;border-bottom:0.0625rem 
solid #DEE1E3;color:#111111;display:flex}.mobileDividendRow_f18jfyub:last-child
{margin-bottom:1.25rem}.mobileToteDividendRow_fggc4ou{align-items:center;border
-bottom:0.0625rem solid #DEE1E3;color:#686B70;display:flex}.mobileToteDividendR
ow_fggc4ou:last-child{margin-bottom:1.25rem}.mobileDividendCell_fkh2j44{align-i
tems:flex-start;align-self:stretch;background-color:#FAFAFA;border-right:1px 
solid #DEE1E3;display:flex;flex:1;flex-direction:column;min-height:5rem;padding
:0.625rem}.mobileDividendCell_fkh2j44:last-child{border-right:0}.mobileNoThirdD
ividendCell_f1c0ko0z{align-items:center;align-self:stretch;display:flex;flex:1;
flex-direction:column;justify-content:center}.dividendRunnerColumnMobile_fddsvl
q{align-items:center;display:flex}.dividendRunnerColumnDesktop_f10htmw6{align-i
tems:center;display:flex;width:18.75rem}.dividendAmountColumn_f1xo5e6e{display:
flex;flex:1;justify-content:center;width:100%}.dividendAmount_f1ib0cw2{height:1
.25rem}.exoticRow_fa0jmz1{color:#111111;display:flex;margin-bottom:0.5rem;margi
n-top:0.75rem;width:100%}.exoticNameWithCaptions_f9bydsk{align-items:flex-end;d
isplay:flex;height:2.4375rem;width:4rem}.exoticNameWithoutCaptions_f11t1hb7{ali
gn-items:flex-end;display:flex;height:1.375rem;width:4rem}.exoticDetailsStack_f
96or0t{width:100%}.exoticDetails_fk6o5c1{display:flex;flex:1;flex-wrap:wrap;mar
gin-left:0.75rem}.exoticRunner_f1wxk5t{background-color:#F0F1F2;padding:0.375re
m 0.25rem}.exoticPosition_fi8cpbg{display:flex;flex-direction:column;margin-bot
tom:0.25rem;margin-right:0.5rem;min-width:1.5rem;position:relative;text-align:c
enter}.exoticPlace_f17895gg{margin-bottom:0.25rem}.exoticRowContainer_focp963{b
order-bottom:1px solid #DEE1E3;margin:0rem 
1rem}.exoticRowContainerLast_f12ps8e8{margin:0rem 1rem}.exoticDividend_f440al3{
-webkit-text-size-adjust:none;align-self:flex-end;flex-grow:1;margin-bottom:0.6
25rem;margin-top:0.25rem;text-align:right}.exoticHeader_f3uktaa{align-items:cen
ter;background-color:#FAFAFA;border-bottom:1px solid #DEE1E3;border-top:1px 
solid #DEE1E3;color:#686B70;display:flex;height:2.375rem;justify-content:space-
between}.exoticHeaderLabel_f12ps8e8{margin:0rem 1rem}.legend_f1ntujsh{-webkit-t
ext-size-adjust:none;background-color:#F0F1F2;color:#686B70;display:flex;paddin
g:0.5rem 1rem 0rem}.legendLabel_f1f1ygnm{display:flex}.legendItems_f16i3ua9{dis
play:flex;flex-wrap:wrap;margin-left:0.5rem}.legendItem_f1ryt8d{margin-right:0.
5rem}.container_fqa53j6{background-color:#FFFFFF}.header_f2q5nhs{border-bottom:
1px solid #DEE1E3;display:flex;justify-content:space-between;padding:1rem 1rem 
0.5rem}.headerCell_f1lkzql5{align-items:center;background:transparent;color:#68
6B70}.racecardTitle_f1l90ok{background-color:#F0F1F2;color:#686B70;padding:1rem
 1rem 0.5rem}.container_fkhz08q{display:flex;flex-direction:column}.sortIcon_fe
bybib{font-size:0.5625rem;margin:-0.125rem 0rem -0.125rem 
0.125rem}.sortHeader_f17uhqdv{align-items:center;border-bottom:1px solid 
#DEE1E3;color:#686B70;display:flex;padding:0.125rem 
0rem;position:relative}.challengePadding_f1l159kk{padding:1rem 0rem 0.5rem 0rem
}.sortButton_f6l5nlg{align-items:center;background:transparent;display:flex;mar
gin-right:0.5rem}.marketSortContainer_fivxfnv{display:flex;flex:1;justify-conte
nt:flex-end}.marketSortButton_f1iado50{background:transparent;display:flex;just
ify-content:center;margin-left:0.25rem;min-width:3.5rem;text-align:center}.mark
etSortButtonDesktop_f1wgz5wz{background:transparent;display:flex;justify-conten
t:center;margin-left:0.25rem;text-align:center;width:3.5rem}.marketMoversSortBu
tton_f1cxvnwd{background:transparent;display:flex;justify-content:center;margin
-right:0.5rem;min-width:3.5rem;text-align:center}.rightAligned_f1f2j4le{justify
-content:flex-end;width:inherit}.extraHeaderPadding_f1deo1hc{padding-top:2rem}.
marketMoversSortButtonWrapper_f1hy9zu7{left:50%;padding-bottom:3rem;position:ab
solute;transform:translateX(-50%)}.priceFlucsLabelsContainer_f1qh6j2w{display:f
lex;left:50%;position:absolute;transform:translateX(-50%)}.priceFlucsLabelText_
fi9o2a8{width:3rem}.priceFlucsLabelTextDesktop_fiml4cj{width:3rem}.priceFlucsLa
belTextDesktop_fiml4cj:last-child{margin-right:1rem}.iconWrapper_fco4mpn{color:
#111111;margin-top:0.25rem}.earlySpeedContainer_fmp6lwx{border-bottom:solid 
0.0625rem #F0F1F2;padding:0.375rem 
1rem}.earlySpeedContainerWithOdds_f1tcywyl{border-bottom:solid 0.0625rem 
#F0F1F2;display:flex;padding:0.375rem 1rem}.earlySpeedLeftContainer_f1e6kg9{fle
x-grow:1;margin-right:1.25rem}.earlySpeedRightContainer_fddsvlq{align-items:cen
ter;display:flex}.earlySpeedUpper_f1t3f12{align-items:center;display:flex;justi
fy-content:space-between}.earlySpeedOutcomeNameAndPosition_fkf6o42{display:flex
;flex-direction:column;justify-content:space-between}.earlySpeedOutcome_fddsvlq
{align-items:center;display:flex}.earlySpeedSettlingPosition_f12kt43x{display:f
lex;margin-left:0.5rem}.earlySpeedSettlingPosition_f12kt43x 
img{height:0.75rem;margin:0rem 0.125rem}.earlySpeedName_f1q9ufae{margin-left:0.
5rem}.earlySpeedScratchedName_fpks58p{margin-left:0.375rem;text-decoration:line
-through}.earlySpeedIndicators_f1f1ygnm{display:flex}.earlySpeedLower_fddsvlq{a
lign-items:center;display:flex}.earlySpeedDrawNumber_fgxvkqj{width:1.25rem}.ear
lySpeedMap_f1qo33y1{flex:1}.earlySpeedArrows_f1o2cv0t{display:flex;flex-directi
on:row;margin:0.0625rem 0.5rem}.earlySpeedScratchedDraw_f1eayu4q{width:1.125rem
}.scratchedText_fnujpat{text-transform:uppercase}.priceButtonContainer_f1dkiixb
{column-gap:0.5rem;display:flex}.infoBar_f1vukbym{border-bottom:solid 
0.0625rem #F0F1F2;color:#111111;display:flex;justify-content:space-between;padd
ing:0.5rem 1rem}.infoBarDetails_f1ubk0hm{display:flex;justify-content:space-bet
ween}.infoBarDetailsItem_fg7odwn{align-items:center;display:flex;justify-conten
t:center;margin-right:1rem}.infoBarDetailsIcon_fzb3emo{color:#111111;margin-rig
ht:0.25rem}.infoBarIcon_fqa53j6{background-color:#FFFFFF}.infoPace_f1n0dvv8{mar
gin-left:0.25rem}.tableHeader_fn5yjlv{border-bottom:solid 0.0625rem 
#F0F1F2;display:flex;justify-content:space-between;padding:0.25rem 1rem}.priceL
abelsSection_fu1qevs{align-items:center;display:flex;gap:0.5rem}.winAndPlaceTex
ts_f1ren8ln{align-items:center;display:flex;justify-content:center;width:3.5rem
}.modalParagraph_fgzeaym{display:inline-block;margin:0.25rem 
0rem}.termsContainer_f57xa1h{border-bottom:1px solid 
#DEE1E3}.termContainer_f1mxucun{padding:0.5rem 0rem 0.5rem 
1rem}.termContainerBorder_f1hormqo{border-top:1px solid #DEE1E3;padding:0.5rem 
0rem 0.5rem 
1rem}.term_f1n0dvv8{margin-left:0.25rem}.sideMargins_f12ps8e8{margin:0rem 1rem}
.container_f1wpas00{align-items:center;display:flex;justify-content:flex-end}.p
romoLinkText_fyvjig2{align-items:center;display:flex;margin-top:0.0625rem}.tips
Card_fyapsjk{background-color:#FFFFFF;box-shadow:0 0.0625rem 0.0625rem 0 
rgba(0, 0, 0, 0.1);margin-bottom:0.5rem;padding:0.75rem 1rem 0.25rem 
1rem}.modesTipsCard_f1is5lkt{background-color:#F0F1F2;border-bottom:1px solid 
#DEE1E3;border-top:1px solid #DEE1E3;margin:0.5rem 1rem 1rem 1rem;margin-bottom
:0.5rem;padding-top:0.5rem}.tipsCardWithSubTabs_f1bjg6cd{background-color:#FFFF
FF;box-shadow:0 0.0625rem 0.0625rem 0 rgba(0, 0, 0, 
0.1);margin-bottom:0.5rem;margin-top:2.75rem;padding:0.75rem 1rem 0.25rem 1rem}
.modesTipsCardWithSubTabs_fzuchb4{background-color:#F0F1F2;border-bottom:1px 
solid #DEE1E3;border-top:1px solid #DEE1E3;margin:0.5rem 1rem 1rem 1rem;margin-
bottom:0.5rem;margin-top:2.75rem;padding-top:0.5rem}.mobileTipsCard_f4i4pf0{bor
der:0;margin-top:0;padding-top:0}.auxPanel_fqhutog{position:sticky;top:6.375rem
}.tipsProvider_f1lb7s7h{align-items:center;background-color:rgba(0, 0, 0, 0);di
splay:flex;justify-content:space-between;margin-bottom:0.5rem;width:100%}.provi
derInfoSection_fybjayh{align-items:center;display:flex;flex:1}.providerLogo_f1r
yt8d{margin-right:0.5rem}.silkContainer_fjjhh7f{column-gap:0.5rem;display:flex;
flex-direction:row}.silkContainerExotics_fv6e6f0{align-items:flex-start;display
:flex;flex-direction:row;justify-content:center;margin-left:-0.25rem}.selection
s_f1i85edc{display:block;margin-bottom:0.5rem}.sortHeader_f5cfsdw{align-items:c
enter;border-bottom:1px solid #DEE1E3;color:#686B70;display:flex;justify-conten
t:space-between;padding:0.5rem 0rem}.winHeader_fsoe34s{text-align:center;width:
3.5rem}.overview_f1i85edc{display:block;margin-bottom:0.5rem}.overviewModes_f15
ikojv{display:block;padding-top:0.5rem}.indicator_f1op6hsi{padding-right:0.5rem
}.emptyPanel_f1rtzu86{height:0;width:18.6875rem}.seoFriendlyHidden_f1wt0yvj{dis
play:none}.expertTipsSilksContainer_f1pwyz6y{align-items:center;background-colo
r:#FFFFFF;border-left:1px solid #DEE1E3;border-right:1px solid 
#DEE1E3;border-top:1px solid #DEE1E3;border-top-left-radius:0.25rem;border-top-
right-radius:0.25rem;display:flex;flex-direction:row;justify-content:center;pad
ding-left:0.75rem;width:100%}.expertTipsSilksContainerWithBadge_f1swopbl{align-
items:center;background-color:#FFFFFF;border-left:1px solid 
#DEE1E3;border-right:1px solid #DEE1E3;border-top:1px solid #DEE1E3;display:fle
x;flex-direction:row;justify-content:center;padding-left:0.75rem;width:100%}.ex
pertTipsSilksContainerScratched_f1t93gzi{align-items:center;background-color:#F
FFFFF;border-top-left-radius:0.25rem;border-top-right-radius:0.25rem;display:fl
ex;flex-direction:row;justify-content:center;padding-left:0.75rem;width:100%}.e
xpertTipsSilksContainerScratchedWithBadge_f1lshhet{align-items:center;backgroun
d-color:#FFFFFF;display:flex;flex-direction:row;justify-content:center;padding-
left:0.75rem;width:100%}.priceButtonExotics_f11sfmgc{transition:width 0.3s 
cubic-bezier(0.4, 0.0, 0.2, 1)}.priceButtonExotics_f11sfmgc > button{width:100%
}.expertTipsContainer_fqa53j6{background-color:#FFFFFF}.spacer_f1t89vpn{height:
1rem}.scratchedRunnerNumber_f1hzeoet{text-decoration:line-through}.selectionCon
tainer_f1qo33y1{flex:1}.silkImage_f18t0zfa{align-items:center;display:flex;heig
ht:3.125rem;justify-content:center;padding-left:0.3125rem}.overviewAccordionHea
der_fcglp2j{background-color:#FFFFFF;height:2.75rem;width:100%}.overviewAccordi
onIndicator_fvt1rqa{color:#00549E;padding-right:0.25rem}.priceLabelWrapper_fgw9
63o{margin-top:0.25rem}.buttonAddSRMFromTipsMobile_f1wi7ml6{height:2rem;margin-
top:1rem}.buttonAddSRMFromTipsNotMobile_f17ydn70{height:2rem;margin-bottom:1rem
;margin-top:1rem}.overviewAccordionHeaderMobile_f13y7d5g{background-color:#FFFF
FF;height:2rem;width:100%}.overviewAccordionHeaderMobile_f13y7d5g > div{font-we
ight:bold;justify-content:flex-start}.accordionHeaderMobile_f1mgyl9u{position:r
elative}.tipHubLink_fwv1s63{position:absolute;right:0;top:0.5rem}.trackInfoCont
ainer_ffka022{align-items:center;background-color:#0067AB;display:flex;justify-
content:center;padding:0.5rem 1rem}.weatherIcon_f1ha887j{margin-right:0.25rem}.
trackStatus_fit23hv{flex-shrink:0;margin-right:0.5rem}.skyChannelContainer_fayg
007{align-items:center;display:flex;flex:1;justify-content:flex-end}.raceTitleE
llipsis_fekjw7k{overflow:hidden;padding-right:0.75rem;text-overflow:ellipsis;wh
ite-space:nowrap}.skyLogoPill_fzimw9b{align-items:center;background-color:#FFFF
FF;border-radius:4px;display:flex;flex-direction:column;height:1rem;width:2.5re
m}.skyLogo_f1ht2y1a{flex:1;margin-top:-0.25rem}.subTabs_fcjg6fh{background-colo
r:#F0F1F2;border-bottom-color:rgba(17, 17, 17, 0.15);border-bottom-style:solid;
border-bottom-width:0.0625rem;flex:1;margin-bottom:1rem;margin-top:0.25rem;padd
ing-bottom:0.125rem}.subTabsWithAuxPanel_f1d0yt91{background-color:#F0F1F2;bord
er-bottom-color:rgba(17, 17, 17, 0.15);border-bottom-style:solid;border-bottom-
width:0.0625rem;margin-bottom:0.5rem;margin-top:-1rem;padding-bottom:0.125rem}.
cardMobile_f1jhyhch{background-color:#FFFFFF;box-shadow:0rem 0.0625rem 
0.0625rem 0rem rgba(0, 0, 0, 
0.1);color:#111111;margin-bottom:0.5rem;padding:0rem 0.75rem 0.75rem 0.75rem}.c
ardMobile_f1jhyhch:last-child{margin-bottom:0}.cardDesktop_f1nd7zyi{background-
color:#FFFFFF;border-radius:0.25rem;box-shadow:0rem 0.0625rem 0.0625rem 0rem 
rgba(0, 0, 0, 0.1);color:#111111;margin-bottom:0.5rem;padding:0rem 0.75rem 
0.75rem 0.75rem}.cardDesktop_f1nd7zyi:last-child{margin-bottom:0}.header_fibh7q
8{align-items:center;border-bottom:1px solid #C3C5C7;display:flex;padding-botto
m:0.75rem;padding-top:0.75rem}.legNumber_f3iza6r{flex:1;margin-left:0.25rem}.be
tsPlaced_f1isrycl{align-items:center;background-color:#E5E8ED;border-radius:0.7
5rem;display:flex;height:1.5rem;padding-left:0.5rem;padding-right:0.5rem}.betsP
lacedNumber_f2rdjxw{margin-left:0.125rem;margin-right:0.25rem}.content_fz2d4nr{
padding-bottom:0.75rem;padding-top:1rem}.rowContainerMobile_fwvpx1v{align-items
:center;display:flex;flex-direction:row;height:2rem;justify-content:flex-start;
margin-bottom:0.25rem}.rowContainerDesktop_f1czgbp5{align-items:center;display:
flex;flex-direction:row;height:1.5rem;justify-content:flex-start;margin-bottom:
0.5rem}.runnerIcon_fexn3ni{display:flex;padding-right:0.5rem}.buttonsContainer_
f1o3cmdq{display:flex;flex-direction:row;height:2rem;margin-bottom:0.25rem}.but
tonDesktop_f13c4u1y{width:18.75rem}.buttonMobile_f1qo33y1{flex:1}.editButton_f1
cv92f6{margin-right:0.75rem;width:5rem}.marketDesktop_f1vqiabg{margin-left:1rem
}.outcomeDetailsColumn_fkhz08q{display:flex;flex-direction:column}.popSrmPageMo
bile_f14tqb39{display:flex;flex-direction:column;margin-top:0.75rem}.popSrmPage
Desktop_fkhz08q{display:flex;flex-direction:column}.footer_f1oe3kr{align-items:
center;display:flex;flex-direction:column;margin-bottom:8rem;margin-top:1rem}.f
ooterText_fpsulcm{margin-top:0.5rem}.footerLink_f1o5cp1i{cursor:pointer;margin-
top:0.5rem}.container_ffwej9i{align-items:center;background-color:#00549E;botto
m:0;display:flex;flex-direction:column;left:0;position:fixed;right:0;top:0}.con
tentContainer_f1tdnqni{align-items:center;display:flex;flex-direction:column;po
sition:relative;width:18rem}.content_fia0yz3{margin-top:2.5rem;position:relativ
e;text-align:center}.registrationOutageTitle_f6k0ift{font-family:Titillium 
Web, sans-serif;line-height:1.6875rem;margin-top:5.625rem;text-align:center}.li
ghtsImage_fhwmucx{position:absolute}.buttonContainer_f1dv8dzi{display:flex}.but
tonContainer_f1dv8dzi>div{margin:0rem 0.5rem}.container_f1w98fo6{align-items:ce
nter;display:flex;flex-direction:column}.textWrapper_f4phzp5{margin-top:1rem;wi
dth:15.75rem}.titleWrapper_f6i6gmd{margin-bottom:0.5rem;text-align:center}.mess
ageWrapper_f7gq936{display:flex;justify-content:center;margin-bottom:0.5rem;tex
t-align:center;white-space:pre-line}.topButtonWrapper_f1qx6dum{display:flex;jus
tify-content:center;margin-bottom:0.5rem}.linksContainer_fqiyaj7{display:flex;j
ustify-content:center;padding:0.5rem}.secondaryButtonWrapper_f1nkvfzz{margin-le
ft:2rem}.StateExcludedErrorContainer_fy8ys10{align-items:center;background-colo
r:#edf3f7ff;flex:1;height:100%;justify-content:center;padding-top:4.25rem;width
:100%}.timer_f1g3xk4d{align-items:center;border-radius:0.5rem;display:flex;flex
-direction:row;height:1rem;padding:0rem 0.5rem}.liveTimer_fxiimt7{padding:0rem 
0.5rem 0rem 0.25rem;width:3.25rem}.liveDot_fcu4v5z{background-color:#287227ff;b
order-radius:0.125rem;height:0.25rem;margin:0.25rem;width:0.25rem}.timerFixedSh
ort_f1rorrw8{align-items:center;border-radius:0.5rem;display:flex;flex-directio
n:row;height:1rem;justify-content:center;width:3rem}.timerFixedMedium_f6a7qan{a
lign-items:center;border-radius:0.5rem;display:flex;flex-direction:row;height:1
rem;justify-content:center;width:4rem}.timerFixedLong_f1jy2sj7{align-items:cent
er;border-radius:0.5rem;display:flex;flex-direction:row;height:1rem;justify-con
tent:center;width:4.75rem}.container_f10763hb{align-items:center;display:flex;p
adding:0.5rem}.leftContainer_fv6zn2{align-items:center;display:flex;flex:1;over
flow:hidden}.accessoryGroup_f1s5o90m{align-items:center;display:flex;gap:0.5rem
;justify-content:flex-end}.iconClassContainer_f1rsnxl0{height:2rem;margin-right
:0.5rem;width:2rem}.inactiveIconClassContainer_fcqqnup{height:2rem;margin-right
:0.5rem;opacity:0.65;width:2rem}.labelContainer_fnez7kg{display:block;overflow:
hidden;padding-right:0.5rem;text-align:left}.labelPartContainer_f3kb895{display
:flex;flex-direction:row;flex-wrap:nowrap;height:1rem}.timerPartContainer_f4kk8
92{display:flex;flex-direction:row}.separatorWrapper_f1rpjebs{align-content:cen
ter;display:flex;justify-content:center;margin:0rem 0.25rem;max-width:0.5rem}.s
uspendedIcon_fxfm3hg{align-items:center;display:flex;height:2rem;justify-conten
t:center;margin-right:0.5rem;width:2rem}.checkboxUnselectedStyle_fj2f909{align-
items:center;border:0.0625rem solid #94b5d1ff;border-radius:0.5rem;display:flex
;height:1.5rem;justify-content:center;padding:0.25rem;width:1.5rem}.checkboxUns
electedStyle_fj2f909:active:hover{background:#b8cde0ff;border:none}.checkboxSel
ectedStyle_fyb501g{align-items:center;background:#0470c8ff;border:none;border-r
adius:0.5rem;display:flex;height:1.5rem;justify-content:center;padding:0.25rem;
width:1.5rem}.checkboxSelectedStyle_fyb501g:active:hover{background:#035ca5ff}.
checkboxDisabledStyle_f68yx89{align-items:center;background:#b8cde052;border:no
ne;border-radius:0.5rem;display:flex;height:1.5rem;justify-content:center;paddi
ng:0.25rem;width:1.5rem}.checkboxContainer_f1mgyl9u{position:relative}.hiddenCh
eckboxButton_fdtiosv{height:0;margin:0;opacity:0;position:absolute;width:0}.bas
e_fllshiw{background-color:#0077CC;color:#FFFFFF;font-family:Roboto, 
sans-serif;height:auto;padding:0;width:100%}.base_fllshiw div, .base_fllshiw 
article, .base_fllshiw section, .base_fllshiw header, .base_fllshiw h1, 
.base_fllshiw h2, .base_fllshiw h3, .base_fllshiw h4, .base_fllshiw h5, 
.base_fllshiw h6, .base_fllshiw nav, .base_fllshiw input, .base_fllshiw 
button{box-sizing:border-box}.base_fllshiw button{font-family:Roboto, 
sans-serif}.base_fllshiw *{-moz-osx-font-smoothing:grayscale;-webkit-font-smoot
hing:antialiased}.restrictWidth_f1mzuwi5{max-width:21.875rem}.modalContainer_f1
c6m3h1{display:flex;flex-direction:column;padding:1rem;width:18rem}.modalContai
nerReimagine_f115lmpz{display:flex;flex-direction:column;padding:1rem;width:26.
375rem}.spacing_f1m0pc2a{margin-bottom:0.5rem}.buttonRow_fdljrn8{display:flex;g
ap:0.5rem;justify-content:space-between;margin-top:0.5rem}.buttonColumn_f1wg6ig
a{display:flex;flex-direction:column-reverse;gap:0.5rem;margin-top:0.5rem;width
:100%}.buttonContainer_fdoc1b1{display:flex;flex:1;flex-direction:column}.check
box_f6zhh70{align-items:center;flex-direction:row;gap:8px;margin-bottom:8px}.mo
dalContainer_f1avgzf0{display:flex;flex-direction:column;flex-shrink:1;padding-
bottom:1rem}.headerContainer_f1l1ix4x{align-items:flex-start;border-bottom:1px 
solid #dbe6f0ff;display:flex;flex-direction:row;flex-shrink:1;gap:0.5rem;justif
y-content:flex-start;padding-bottom:1rem;padding-left:1rem;padding-top:1rem}.co
mmentContainer_fhpcniw{flex-direction:column;gap:0.5rem;margin:1rem;margin-bott
om:0rem;margin-top:0.5rem;padding-bottom:0.5rem}.commentContainerWithBorder_flf
90pf{border-bottom:1px solid #dbe6f0ff;flex-direction:column;gap:0.5rem;margin:
1rem;margin-bottom:0rem;margin-top:0.5rem;padding-bottom:0.5rem}.buttonsContain
er_f5diqh4{border-top:1px solid #dbe6f0ff;display:flex;gap:0.5rem;height:2.5rem
;margin-bottom:1rem;padding:1rem;width:100%}.buttons_fzho7lc{display:flex;flex:
1;flex-direction:column;height:2.5rem}.characterCount_f1q9ufae{margin-left:0.5r
em}.alertContainer_f11datct{padding:1rem;padding-bottom:0rem}.racecardBodyCommo
n_fdyf6gp{background-color:#FFFFFF;box-shadow:0 0.0625rem 0.0625rem 0 rgba(0, 
0, 0, 0.1)}.racecardBodyContainerTablet_fz4w0v4{margin-bottom:0.5rem;margin-top
:1rem}.racecardBodyContainer_f1m0pc2a{margin-bottom:0.5rem}.racecardBodyContain
erMobile_fql4h4k{border-radius:0.125rem}.nextToJumpRaceCardContainer_f1q34h3n{b
ackground-color:#142841;flex:1;padding:0rem 0.75rem}.racecardBody_fuj30vh{backg
round-color:#FFFFFF;margin-bottom:1rem;padding-bottom:1rem}.racecardBodyHeader_
fbkjg1h{padding:0.5rem 1rem 0rem 1rem}.racecardFrameHeader_f1wpas00{align-items
:center;display:flex;justify-content:flex-end}.racecardHeaderMobile_fai2qt9{dis
play:flex;flex-direction:column;padding-top:0.5rem}.racecardHeaderDesktop_f1cc9
aik{background-color:#FFFFFF;display:flex;justify-content:space-between;padding
:1rem 1rem 0rem}.racecardHeaderToggleItemsDesktop_f1pi17at{display:flex;flex:1}
.racecardFlucsContainer_f1f1ygnm{display:flex}.racecardHeaderPadding_fz954ku{pa
dding:0rem 1rem 0rem 1rem}.expandAllShortform_f9c2z16{background-color:rgba(0, 
0, 0, 0);min-width:5rem}.expandAllShortform_f9c2z16 
>div{justify-content:flex-start}.expandFormIcon_f1pm4v6d{transition:transform 
300ms cubic-bezier(0.4, 0.0, 0.2, 1)}.expandFormIconRotated_f18a0vkk{transform:
rotate(180deg)}.specialsCardContainerMobile_f1ryc1p2{margin:0.75rem 0.5rem}.nex
tToJumpSpecialsCardContainerMobile_f1m0pc2a{margin-bottom:0.5rem}.specialsCardC
ontainerTablet_ftksniq{margin-bottom:-0.25rem;margin-top:0.75rem}.specialsCardC
ontainerDesktop_fl9a4co{margin-bottom:1rem}.nextToJumpRacecardBetTypesContainer
_f1l74bsw{background-color:#0067AB}.smallest_fuj0nvx{margin-bottom:calc(4rem + 
2.5625rem - 2rem)}.small_f1x3c2xg{margin-bottom:calc(4rem + 10.8125rem - 
2rem)}.medium_fub5lro{margin-bottom:calc(10.25rem + 4rem + 2.5625rem - 
2rem)}.large_f12gjxyl{margin-bottom:calc(10.25rem + 4rem + 10.8125rem - 
2rem)}.racecardBodyCommon_fdyf6gp{background-color:#FFFFFF;box-shadow:0 
0.0625rem 0.0625rem 0 rgba(0, 0, 0, 0.1)}.racecardBodyContainerTablet_fz4w0v4{m
argin-bottom:0.5rem;margin-top:1rem}.racecardBodyContainer_f1m0pc2a{margin-bott
om:0.5rem}.racecardBodyContainerMobile_fql4h4k{border-radius:0.125rem}.nextToJu
mpRaceCardContainer_f1q34h3n{background-color:#142841;flex:1;padding:0rem 0.75r
em}.racecardBody_fuj30vh{background-color:#FFFFFF;margin-bottom:1rem;padding-bo
ttom:1rem}.racecardBodyHeader_fbkjg1h{padding:0.5rem 1rem 0rem 1rem}.racecardFr
ameHeader_f1wpas00{align-items:center;display:flex;justify-content:flex-end}.ra
cecardHeaderMobile_fai2qt9{display:flex;flex-direction:column;padding-top:0.5re
m}.racecardHeaderDesktop_f1cc9aik{background-color:#FFFFFF;display:flex;justify
-content:space-between;padding:1rem 1rem 0rem}.racecardHeaderToggleItemsDesktop
_f1pi17at{display:flex;flex:1}.racecardFlucsContainer_f1f1ygnm{display:flex}.ra
cecardHeaderPadding_fz954ku{padding:0rem 1rem 0rem 
1rem}.expandAllShortform_f9c2z16{background-color:rgba(0, 0, 0, 
0);min-width:5rem}.expandAllShortform_f9c2z16 
>div{justify-content:flex-start}.expandFormIcon_f1pm4v6d{transition:transform 
300ms cubic-bezier(0.4, 0.0, 0.2, 1)}.expandFormIconRotated_f18a0vkk{transform:
rotate(180deg)}.specialsCardContainerMobile_f1ryc1p2{margin:0.75rem 0.5rem}.nex
tToJumpSpecialsCardContainerMobile_f1m0pc2a{margin-bottom:0.5rem}.specialsCardC
ontainerTablet_ftksniq{margin-bottom:-0.25rem;margin-top:0.75rem}.specialsCardC
ontainerDesktop_fl9a4co{margin-bottom:1rem}.nextToJumpRacecardBetTypesContainer
_f1l74bsw{background-color:#0067AB}.eventInformationMessage_f1t4ieck{border-rad
ius:1px;height:32px;margin-bottom:0.5rem}.nextToJumpEventInformationMessage_f1c
xllfh{border-radius:1px;height:32px;margin:0rem 0.5rem 
0.5rem}.smallest_fuj0nvx{margin-bottom:calc(4rem + 2.5625rem - 
2rem)}.small_f1x3c2xg{margin-bottom:calc(4rem + 10.8125rem - 
2rem)}.medium_fub5lro{margin-bottom:calc(10.25rem + 4rem + 2.5625rem - 
2rem)}.large_f12gjxyl{margin-bottom:calc(10.25rem + 4rem + 10.8125rem - 2rem)}.
headerContainer_fl91oep{background-color:#142841;position:sticky;top:0rem;z-ind
ex:6}.emptyContainer_f6cguvc{background-color:#142841}.miniPlayerWrapperDraggab
le_f1o366b{background-color:#142841;box-shadow:0rem 0.625rem 0.625rem 0rem 
rgba(0, 0, 0, 0.1);overflow:hidden;position:fixed;z-index:10}.miniPlayerWrapper
Fixed_f8unwyf{background-color:#142841;bottom:0.9375rem;box-shadow:0rem 
0.625rem 0.625rem 0rem rgba(0, 0, 0, 0.1);left:0.9375rem;overflow:hidden;positi
on:fixed;z-index:10}.animateRepositioning_f112lia4{transition:all .2s ease}.rnd
Bounds_f4iti7v{bottom:0;left:0;position:fixed;right:0;top:0;z-index:-1}.streami
ngFixedForInlineMobile_fkpc6ot{background-color:#142841;height:calc(100vw * (9 
/ 16));position:fixed;z-index:29}.streamingFixedForInlineMobileLandscape_fgg9ja
4{background-color:#142841;height:calc(100vw * (9 / 16));position:absolute;z-in
dex:29}.streamingFullWidth_f96or0t{width:100%}.streamingFixed_f1y2bx6c{height:i
nherit;min-height:100%;min-width:100%;width:inherit;z-index:100003}.streamingFi
xedPadding_f1s0hhn2{padding-top:calc(100vw * (9 / 16))}.streamingRelativeForInl
ineMobile_fvvlae4{background-color:#142841;height:calc(100vw * (9 / 16));positi
on:relative}.inheritSize_fdhq5ny{bottom:0;height:100%;left:0;min-height:100%;mi
n-width:100%;position:absolute;right:0;top:0;width:100%}.rippleContainer_f1w37t
63{border-radius:0.25rem;height:1.8125rem;overflow:hidden;position:relative}.ri
ppleContainerExtraBorderRadius_faihbw7{border-radius:1.875rem;height:1.8125rem;
overflow:hidden;position:relative}.innerContainer_f9wqsuo{align-items:center;di
splay:flex;justify-content:center}.innerContainer_f9wqsuo:active{background-col
or:rgba(0, 0, 0, 0.1)}.innerContainer_f9wqsuo>div{flex:0}.button_f1s80x8g{align
-items:center;background-color:#DEE1E3;border-radius:inherit;cursor:pointer;fle
x:1;height:100%;justify-content:center;transition:opacity 300ms 
cubic-bezier(0.4, 0.0, 0.2, 1);width:100%}.text_fi7fl1x{-moz-user-select:none;-
webkit-user-select:none;font-weight:500;user-select:none}.button_fgb4qke{align-
items:center;background-color:#00549E;border-radius:inherit;cursor:pointer;flex
:1;height:100%;justify-content:center;transition:opacity 300ms 
cubic-bezier(0.4, 0.0, 0.2, 1);width:100%}.text_f1oba3st{-moz-user-select:none;
-webkit-user-select:none;color:#FFFFFF;font-weight:500;transition:color 0.3s 
cubic-bezier(0.4, 0, 0.2, 1);user-select:none}.button_f1ltf0k0{align-items:cent
er;background-color:#DEE1E3;border-radius:inherit;flex:1;height:100%;justify-co
ntent:center;transition:opacity 300ms cubic-bezier(0.4, 0.0, 0.2, 1);width:100%
}.text_f8cn1pi{-moz-user-select:none;-webkit-user-select:none;font-weight:500;o
pacity:0.5;user-select:none}.switchButtonsContainerMobile_f51gt5a{border-radius
:inherit;display:flex;height:2.9375rem;justify-content:space-evenly;position:fi
xed;width:100%;z-index:29}.switchButtonsContainerMobileEmbeddedLandscape_f9pqar
3{border-radius:inherit;display:flex;height:2.9375rem;justify-content:space-eve
nly;position:absolute;width:100%;z-index:29}.switchButtonsContainerMobileFullsc
reenLandscape_f9xd1qa{box-sizing:content-box;display:flex;justify-content:space
-evenly;margin:auto;width:50%}.switchButtonsContainerDesktop_f15g6r0d{display:f
lex;height:2.9375rem;justify-content:space-evenly;width:100%;z-index:29}.button
ContainerFixedWidth_f16xsisg{margin-top:0.75rem;width:5.25rem}.buttonContainerF
ixedWidthWithBorder_f16xsisg{margin-top:0.75rem;width:5.25rem}.buttonContainerA
utoWidth_f16xsisg{margin-top:0.75rem;width:5.25rem}.buttonContainerAutoWidthWit
hBorder_fvcqdvl{border:0.125rem solid #FFFFFF;margin-top:0.75rem;width:5.25rem}
.buttonOn_ftb059{align-items:center;background-color:#FFFFFF;border-radius:inhe
rit;cursor:pointer;flex:1;height:100%;justify-content:center;width:100%}.button
Off_fqlbhrw{align-items:center;background-color:rgba(0, 0, 0, 0.7);border-radiu
s:inherit;cursor:pointer;flex:1;height:100%;justify-content:center;width:100%}.
closeButton_f5glnb{background-color:rgba(0, 0, 0, 0.7);border-radius:0.375rem;h
eight:1.8125rem;margin-top:0.75rem;position:absolute;right:0.5rem;width:1.8125r
em}.switchChannelButtonParent_fbienfr{display:flex;flex:1;flex-direction:row;ju
stify-content:center}.switchChannelButtonParent_fbienfr >div:first-child{margin
-right:1rem}.controlsWrapper_f1elkh1l{display:flex;height:inherit;justify-conte
nt:flex-end;overflow:hidden;width:inherit;z-index:100002}.videoControlsControlW
rapper_f1mfypfy{background-color:rgba(0, 0, 0, 
0.6);display:flex;height:100%;opacity:0;position:absolute;transition:opacity 1s
;width:100%;z-index:100002}.videoControlsControlWrapperInnerTop_fh3ltff{display
:flex;position:absolute;top:1.875rem;width:100%}.videoControlsControlWrapperInn
erBottom_f7w0y7s{bottom:0;display:flex;justify-content:space-between;position:a
bsolute;width:100%}.bottomVideoControlsWrapperForMobilePIP_fwbuizz{bottom:2.281
25rem;box-sizing:content-box;display:flex;justify-content:center;opacity:0;posi
tion:absolute;transition:opacity 1s;width:100%}.bottomVideoControlsWrapper_f1uu
kebx{bottom:0;box-sizing:content-box;display:flex;justify-content:space-between
;opacity:0;position:absolute;transition:opacity 1s;width:100%}.bottomRightVideo
ControlsWrapper_f1yarczn{display:flex;justify-content:space-between;margin-righ
t:1rem}.videoControlsVolumeAndFullScreenWrapper_f3ry6xv{bottom:0;box-sizing:con
tent-box;color:#FFFFFF;display:flex;justify-content:flex-end;opacity:0;padding-
left:1rem;position:absolute;right:1rem;transition:opacity 
1s;width:100%}.bottomVideoControlButton_f1g72xul{background-color:rgba(0, 0, 
0, 0.7);border-radius:0.375rem;margin:0.75rem 0rem 0.75rem 1rem;padding:0.5rem;
position:relative}.videoScrubberWrapper_f16kw5ia{padding:1.25rem 0rem 0.5rem 0.
75rem;width:100%}.videoScrubber_fd08wk5{-webkit-appearance:none;appearance:none
;background:transparent;cursor:pointer;width:100%}.videoScrubber_fd08wk5::-webk
it-slider-thumb{-webkit-appearance:none;appearance:none;background-color:#FFFFF
F;border-radius:50%;height:0.875rem;margin-top:-0.375rem;width:0.875rem}.videoS
crubber_fd08wk5::-webkit-slider-runnable-track{-webkit-appearance:none;appearan
ce:none;background-color:#E5E8ED;height:0.09375rem}.videoScrubber_fd08wk5::-moz
-range-thumb{-webkit-appearance:none;appearance:none;background-color:#FFFFFF;b
order-radius:50%;height:0.875rem;margin-top:-0.375rem;width:0.875rem}.videoScru
bber_fd08wk5::-moz-range-track{-webkit-appearance:none;appearance:none;backgrou
nd-color:#E5E8ED;height:0.09375rem}.videoScrubber_fd08wk5::-ms-thumb{-webkit-ap
pearance:none;appearance:none;background-color:#FFFFFF;border-radius:50%;height
:0.875rem;margin-top:-0.375rem;width:0.875rem}.videoScrubber_fd08wk5::-ms-track
{-webkit-appearance:none;appearance:none;background-color:#E5E8ED;height:0.0937
5rem}.playPauseButtonWrapper_fvccjmz{background-color:rgba(0, 0, 0, 0);border-r
adius:0.375rem;bottom:0;color:#FFFFFF;display:flex;height:2.5rem;left:0;margin:
auto;opacity:0;position:absolute;right:0;top:0;transition:opacity 1s;width:2.5r
em;z-index:100002}.playPauseButton_f15m4mvj{background-color:rgba(0, 0, 0, 0.7)
;border-radius:0.375rem;padding:0.5rem}.bottomVideoControlButtonForMobilePIP_f1
ls6ymd{background-color:rgba(0, 0, 0, 0.7);border-radius:0.375rem;margin:0.375r
em;padding:0.5rem}.topVideoControlsAutoFadeWrapper_fajxp3t{display:flex;justify
-content:center;opacity:0;position:absolute;transition:opacity 1s;width:100%;z-
index:100003}.topVideoControlsWrapper_fu49cgq{display:flex;justify-content:flex
-end;position:absolute;width:100%;z-index:100003}.closeButton_f122zl8q{backgrou
nd-color:rgba(0, 0, 0, 
0.7);border-radius:0.375rem;height:1.8125rem;margin:0.75rem 0rem 0rem 0rem;padd
ing:0.5rem;position:absolute;right:1rem;width:1.8125rem;z-index:100003}.playWra
pper_f1d8v0wq{background-color:rgba(0, 0, 0, 0);border-radius:0.375rem;bottom:0
;color:#FFFFFF;height:2.5rem;left:0;margin:auto;position:absolute;right:0;top:0
;width:2.5rem;z-index:100002}.play_f15m4mvj{background-color:rgba(0, 0, 0, 0.7)
;border-radius:0.375rem;padding:0.5rem}.controlsEnterActive_f1wemlvb{opacity:1}
.controlsEnter_f1wemlvb{opacity:1}.controlsExitActive_fnu5k6u{opacity:0}.viewpo
rtSize_fin3r9b{height:inherit;object-fit:fill;width:100vw}.inheritSize_f5mthwn{
height:inherit;width:inherit}.previewImage_f1hs5noe{bottom:0;height:2.5rem;left
:0;margin:auto;min-height:100%;min-width:100%;position:absolute;right:0;top:0;w
idth:2.5rem}.draggableComponent_f18cf1i3{background-color:#142841;box-shadow:0r
em 0.625rem 0.625rem 0rem rgba(0, 0, 0, 0.1);z-index:22}.streamingContainerMobi
le_f1i7i3gv{background-color:#142841;display:flex;height:calc(100vw * (9 / 16))
;justify-content:center;width:100%}.streamingContainerWithButtonsMobile_f1i7i3g
v{background-color:#142841;display:flex;height:calc(100vw * (9 / 16));justify-c
ontent:center;width:100%}.streamingMessageBodyMobile_f1sbx9sa{align-items:cente
r;display:flex;flex-direction:column;height:100%;justify-content:space-between;
max-height:14.375rem;padding:1rem 1rem 1.25rem 1rem}.streamingMessageBodyMobile
WithChannelButtons_f7beake{align-items:center;display:flex;flex-direction:colum
n;height:calc(90%);justify-content:space-between;max-height:14.375rem;padding:1
rem 1rem 1.25rem 1rem}.streamingMessageBodyAutoMarginMobile_f1kpgpci{align-item
s:center;display:flex;flex-direction:column;height:100%;justify-content:center;
margin:auto;max-height:14.375rem;padding:1rem 1rem 1.25rem 1rem}.streamingMessa
geBodyAutoMarginMobileWithChannelButtons_f1kpgpci{align-items:center;display:fl
ex;flex-direction:column;height:100%;justify-content:center;margin:auto;max-hei
ght:14.375rem;padding:1rem 1rem 1.25rem 1rem}.streamingMessageBodyDesktop_f1v7i
lzh{align-items:center;display:flex;flex-direction:column;height:11.25rem;justi
fy-content:space-between;max-height:14.375rem;padding:1rem 1rem 1.25rem 1rem}.s
treamingMessageBodyAutoMarginDesktop_f17fhufp{align-items:center;display:flex;f
lex-direction:column;height:11.25rem;justify-content:center;margin:auto;max-hei
ght:14.375rem;padding:1rem 1rem 1.25rem 1rem}.streamingText_fsuivmx{text-align:
center}.streamingTitleError_f9ioe3w{margin:0.5rem 0rem 1rem 
0rem;text-align:center}.streamingTitleErrorMobile_f178rzxq{margin:1.5rem 0rem 
2rem 0rem;text-align:center}.reminderCheckbox_f1sh63gs{margin-top:1rem}.streami
ngActionButtons_f15mgtv8{z-index:100003}.rndBounds_f4iti7v{bottom:0;left:0;posi
tion:fixed;right:0;top:0;z-index:-1}.replayOverlayContainer_f16d2xrw{display:fl
ex;height:2.9375rem;justify-content:center;position:fixed;width:100%;z-index:29
}.topInfoOverlay_f30d9rt{align-items:center;background-color:rgba(0, 0, 0, 0.7)
;border-radius:0.9375rem;display:flex;height:1.8125rem;justify-content:flex-sta
rt;margin-right:1.75rem;margin-top:0.75rem}.overlaySilk_f1kjbwrc{height:1.5rem;
margin:0rem 0.25rem 0rem 
0.5rem;width:1.25rem}.overlayNoSilk_f1wk2948{margin:0rem 0rem 0rem 0.25rem}.ove
rlayRunnerNameAndNumber_f1ha887j{margin-right:0.25rem}.runnerInfoOverlayContain
er_fqp92el{align-items:center;display:flex;justify-content:center;padding:0.25r
em}.marginOverlayContainer_f1iaj9b5{margin:0rem 0.25rem 0rem 
0.25rem}.badgeOverlayContainer_f1iqzhv7{margin:0rem 0.5rem 0rem 
0.25rem}.draggableComponent_f18cf1i3{background-color:#142841;box-shadow:0rem 
0.625rem 0.625rem 0rem rgba(0, 0, 0, 0.1);z-index:22}.streamingContainerWithBut
tonsMobile_f1to2nzg{background-color:#142841;display:flex;height:calc(100vw * 0
.5625);justify-content:center;position:absolute;top:3.5rem;width:100%;z-index:6
}.streamingContainerWithButtonsMobileLandscape_f19rajmj{background-color:#14284
1;display:flex;height:calc(100vw * 0.5625);justify-content:center;width:100%;z-
index:6}.handle_f10krlro{height:100%}.rndBounds_f4iti7v{bottom:0;left:0;positio
n:fixed;right:0;top:0;z-index:-1}.base_f6x02eb{background-color:#0077CC;color:#
FFFFFF;font-family:Roboto, 
sans-serif;height:100%;padding:0;width:100%}.base_f6x02eb div, .base_f6x02eb 
article, .base_f6x02eb section, .base_f6x02eb header, .base_f6x02eb h1, 
.base_f6x02eb h2, .base_f6x02eb h3, .base_f6x02eb h4, .base_f6x02eb h5, 
.base_f6x02eb h6, .base_f6x02eb nav, .base_f6x02eb input, .base_f6x02eb 
button{box-sizing:border-box}.base_f6x02eb button{font-family:Roboto, 
sans-serif}.base_f6x02eb *{-moz-osx-font-smoothing:grayscale;-webkit-font-smoot
hing:antialiased}.loading_fzah2jo{display:flex;justify-content:center;padding:0
.9375rem 0rem}.spinner_f1m16hkg{margin-left:1rem;position:relative}.container_f
1k1m9me{display:flex;flex-direction:column;position:relative}.divider_f1rk2do{b
ackground-color:#dbe6f0ff;bottom:0;height:1px;left:8px;position:absolute;right:
8px}.iconContainer_f1iqcxc7{align-items:center;display:flex;height:1.5rem;justi
fy-content:center;width:1.5rem}.container_f1ergsr9{display:flex;padding:0.5rem 
0rem 0.5rem 0.5rem;position:relative}.tabContainer_f1iqhxgc{border-radius:1rem;
display:inline;margin-right:0.5rem}.minimumWidthTabContainer_fjse3rh{min-width:
2.5rem}.buttonContainer_f1tyugl7{align-items:center;display:flex;justify-conten
t:center;overflow:hidden;padding:0.5rem;width:100%}.fixedWidthTabContainerStyle
_ftta0xl{display:flex;padding:0.5rem 0rem}.stretchTabContainer_fas9s6d{border-r
adius:1rem;display:flex;flex:1;margin-right:0.5rem}.stretchButtonContainer_f1qo
33y1{flex:1}.lastTabMargin_f9z9qvl{margin-right:-8px}.eventDetailsContainer_fdd
svlq{align-items:center;display:flex}.separatorContainer_f1o74jv2{padding:0rem 
0.25rem 0rem 0.25rem}.outcomeNameContainer_f1xy5fi5{align-items:center;display:
flex;flex-direction:row;overflow:hidden}.runnerNameContainer_fa5jyon{display:fl
ex;flex-direction:row;min-height:2rem}.spacer_fqi6kqf{padding:0rem 0.5rem 
0.5rem 2.5rem}.jockeyAndTrainerWrapper_f1yfo371{display:flex;flex-direction:col
umn;overflow:hidden}.outcomeContainer_fzcskb5{display:flex;flex-direction:row;p
adding-left:0.5rem}.jockeyAndTrainerContainer_fl9c7ml{align-items:center;displa
y:flex;flex-direction:row;padding-left:0.5rem}.runnerInfoContainer_f15pdiit{ali
gn-items:center;display:flex;flex-direction:row;justify-content:space-between;p
adding-top:0.5rem}.jockeyContainer_f1kp4kv9{align-items:center;display:block;fl
ex-direction:row;justify-content:space-between;overflow:hidden;padding-right:0.
5rem;text-overflow:ellipsis;white-space:nowrap}.iconContainer_fah631a{align-ite
ms:center;justify-content:center;padding-right:0.5rem}.container_fkhz08q{displa
y:flex;flex-direction:column}.eventDetailsWrapper_f1k1m9me{display:flex;flex-di
rection:column;position:relative}.divider_f1rk2do{background-color:#dbe6f0ff;bo
ttom:0;height:1px;left:8px;position:absolute;right:8px}.container_f17x3uy2{disp
lay:flex;flex:1;flex-direction:column;overflow:hidden}.outerContainer_fnlmpoa{d
isplay:flex;flex-direction:row;margin-horizontal:0.5rem;padding:0.5rem}.eventTi
tleContainer_f1qkm252{display:flex;flex-direction:row;padding:0rem 0.5rem 0rem 
0.5rem}.eventDetailsContainer_f1l7r9bi{padding:0rem 0.5rem 0rem 0.5rem}.spacing
Container_f1op6hsi{padding-right:0.5rem}.badgeValueIconWrapper_f1k8190l{align-i
tems:center;justify-content:center;padding-left:0.5rem}.moreContainer_fryoqoh{a
lign-items:center;flex-direction:row;justify-content:center;padding-left:0.5rem
}.container_fae97ji{align-items:center;display:flex;justify-content:center;padd
ing:0.5rem 0.5rem 0rem 0rem}.outcomesContainer_f6qxf3s{align-items:center;displ
ay:flex;flex:1;gap:0.25rem;overflow:hidden;text-overflow:ellipsis;white-space:n
owrap}.badgeValueIconWrapper_f1k8190l{align-items:center;justify-content:center
;padding-left:0.5rem}.eventOutcomeDetailsWrapper_f6jzosd{display:flex;flex:1;fl
ex-direction:column;overflow:hidden;padding-left:0.5rem}.outerContainer_f1k1m9m
e{display:flex;flex-direction:column;position:relative}.container_fnlmpoa{displ
ay:flex;flex-direction:row;margin-horizontal:0.5rem;padding:0.5rem}.divider_f1r
k2do{background-color:#dbe6f0ff;bottom:0;height:1px;left:8px;position:absolute;
right:8px}.eventTypeDetailsContainer_frp1niy{align-items:center;display:flex;fl
ex-direction:row;overflow:hidden;text-align:left}.errorMobileContainer_fvbxuho{
margin-top:2rem;width:100%}.errorWideAndBelowDesktopContainer_fi6g66{margin:2re
m 0rem 2rem 0rem;width:20rem}.errorWidestDesktopContainer_f14db93b{margin:2rem 
0rem 2rem 0rem;width:22.5rem}.searchResultsInfiniteScroller_fybnlpr{background-
color:#edf3f7ff;border-radius:1rem;height:auto;margin:0.5rem 
0rem;max-height:calc(100vh - 9.875rem);max-width:25rem;overflow-y:auto;padding:
0.5rem;position:fixed;width:25rem}.searchResultsInfiniteScrollerWithFilterTabs_
f1e9ckns{background-color:#edf3f7ff;border-bottom-left-radius:1rem;border-botto
m-right-radius:1rem;height:auto;max-height:calc(100vh - 
9.875rem);max-width:25rem;overflow-y:auto;padding:0rem 0.5rem 0.5rem;position:f
ixed;width:25rem}.emptyStateWrapperDesktop_f12r0czx{background-color:#edf3f7ff;
border-radius:1rem;margin-top:0.5rem;max-height:100vh;max-width:25rem;width:25r
em}.emptyStateWrapperDesktopWithFilterTabs_f18zwqjx{background-color:#edf3f7ff;
border-bottom-left-radius:1rem;border-bottom-right-radius:1rem;max-height:100vh
;max-width:25rem;width:25rem}.searchResultsInfiniteScrollerWithMinHeight_f8zgfs
7{background-color:#edf3f7ff;height:auto;max-height:calc(100vh - 9.875rem);max-
width:25rem;min-height:24.5rem;overflow-y:auto;position:fixed;width:25rem}.sear
chResultsInfiniteScrollerNarrowAndExtraNarrow_f1u4nr57{align-self:center;backgr
ound-color:#edf3f7ff;border-radius:1rem 1rem 0rem 
0rem;flex:1;height:auto;margin:0.5rem 0rem 0rem 0rem;max-height:calc(100vh - 
4rem);overflow-y:auto;padding:0rem 0.5rem 0.5rem 0.5rem;width:25rem}.searchResu
ltsInfiniteScrollerNarrowest_f163xtsi{align-self:center;background-color:#edf3f
7ff;border-radius:1rem 1rem 0rem 0rem;flex:1;height:auto;margin:0.5rem 0rem 
0rem 0rem;max-height:calc(100vh - 
4rem);max-width:25rem;overflow-y:auto;padding:0rem 0.5rem 0.5rem 0.5rem}.search
ResultsInfiniteScrollerNarrowAndExtraNarrowWithFilterTabs_f1nwtmmo{align-self:c
enter;background-color:#edf3f7ff;border-radius:1rem 1rem 0rem 
0rem;flex:1;height:auto;margin:3rem 0rem 0rem 0rem;max-height:calc(100vh - 
7rem);overflow-y:auto;padding:0rem 0.5rem 0.5rem 0.5rem;width:25rem}.searchResu
ltsInfiniteScrollerNarrowestWithFilterTabs_fx1ewa1{align-self:center;background
-color:#edf3f7ff;border-radius:1rem 1rem 0rem 
0rem;flex:1;height:auto;margin:3rem 0rem 0rem 0rem;max-height:calc(100vh - 
7rem);max-width:25rem;overflow-y:auto;padding:0rem 0.5rem 0.5rem 0.5rem}.emptyS
tateContainerMobile_f1u9r23t{margin-top:4rem}.emptyStateContainerDesktop_f1n3d7
y6{margin:4.5rem 0rem}.spinnerContainerWithFilterTabs_f19tbv2f{background-color
:#edf3f7ff;border-bottom-left-radius:1rem;border-bottom-right-radius:1rem;box-s
hadow:0rem 0.125rem 0.5rem #011c3214;flex:1;height:24.5rem;margin-top:3.5rem;pa
dding-top:10.5rem;width:25rem}.spinnerContainer_fq2bulo{background-color:#edf3f
7ff;border-radius:1rem;box-shadow:0rem 0.125rem 0.5rem #011c3214;flex:1;height:
24.5rem;margin-top:0.5rem;padding-top:10.5rem;width:25rem}.spinnerMobileContain
er_fp9vpbv{background-color:#edf3f7ff;height:24.5rem;padding-top:10.5rem;width:
100%}.spinnerMobileContainerWithFilterTabs_f1tn5h8r{background-color:#edf3f7ff;
height:24.5rem;margin-top:3rem;padding-top:10.5rem;width:100%}.searchResultsWra
pper_f1uh5d40{background-color:#ffffffff;border-radius:1rem;box-shadow:0rem 
0.125rem 0.5rem #011c3214;display:flex;flex-direction:column;overflow:hidden}.s
earchHeaderText_fn8ai8t{padding-bottom:0.5rem}.searchWrapper_f1p5m0rg{display:f
lex;position:fixed}.searchMobileWrapper_f1tgjws2{display:flex;justify-content:c
enter}.searchFilterTabsContainer_fhgrwjx{background-color:#edf3f7ff;border-top-
left-radius:0.5rem;border-top-right-radius:0.5rem;margin-top:0.5rem;max-width:2
5rem;width:25rem}.searchFilterTabsMobileContainer_fr22wwt{background-color:#edf
3f7ff;border-top-left-radius:0.5rem;border-top-right-radius:0.5rem;max-width:25
rem;position:fixed;transition:top 2s ease-in-out;width:100%}.searchFilterTabs_f
1jt6cp1{margin-left:0.5rem;margin-right:0.5rem}.searchFilterTabsMobileHidden_f1
ubvjmk{height:0;opacity:0;overflow:hidden;position:fixed;transition-timing-func
tion:linear, step-end}.searchFilterTabsMobileVisible_fc73enu{background-color:#
edf3f7ff;border-top-left-radius:0.5rem;border-top-right-radius:0.5rem;max-width
:25rem;position:fixed;transition:opacity 0.1s linear, height 1s step-start;widt
h:100%}.trendingEmptyStateContainer_f12uuyj2{margin-top:3rem}.trendingLoadingWr
apper_f1erx3g7{height:15.25rem}.recentAndTrendingDivider_f14ayp5d{height:0.5rem
}.searchContentContainer_ff9uo7e{display:flex;flex-direction:column;overflow-y:
hidden;width:100%}.searchInputContainer_f1mxtdyc{border-bottom:1px 
solid;border-color:rgba(0, 0, 0, 0.5);display:flex}.searchIcon_f138k5q1{color:#
686B70;margin-right:0.175rem}.searchInput_fxdk7uz{background:transparent;border
:0;color:#111111;font-size:0.9375rem;opacity:0.6;outline:none;width:100%}.searc
hInputWrapper_f2600hk{padding:0rem 1rem 0.1875rem 1rem;width:100%}.clearSearchB
utton_f2cw6m3{background:none}.clearSearchText_fxjpoyk{color:#686B70}.inputCont
ainer_frl51sd{padding:0;width:100%}.searchResultsWrapper_fpwl91z{border-color:r
gba(0, 0, 0, 0.5);padding-top:0.5rem;width:100%}.container_f1rxhbpy{background-
color:#edf3f7ff;height:calc(100vh - 3.5rem);width:100%}.searchButtonContainer_f
2skhqf{align-items:center;display:flex;height:2rem;justify-content:center;width
:2rem}.flexContainer_f1am3uz6{flex:1;max-width:26rem;padding:0rem 0.5rem}.searc
hInputHeaderAlignment_f1ct87rs{margin-left:auto}.searchButtonContainer_f1yetu5d
{margin-left:1rem;margin-right:auto}.tiny_f1axh68e{backface-visibility:hidden;c
olor:#111111;font-family:Titillium Web, sans-serif;font-size:0.875rem;font-weig
ht:900;line-height:1.125rem;text-rendering:geometricPrecision}.smaller_f1xpibqt
{backface-visibility:hidden;color:#111111;font-family:Titillium Web, sans-serif
;font-size:1rem;font-weight:900;text-rendering:geometricPrecision}.small_fdeuuh
h{backface-visibility:hidden;color:#111111;font-family:Titillium Web, sans-seri
f;font-size:1.25rem;font-weight:900;line-height:1.375rem;text-rendering:geometr
icPrecision}.medium_fs53xn1{backface-visibility:hidden;color:#111111;font-famil
y:Titillium Web, sans-serif;font-size:1.75rem;font-weight:900;line-height:1.687
5rem;text-rendering:geometricPrecision}.big_f16e79na{backface-visibility:hidden
;color:#111111;font-family:Titillium Web, sans-serif;font-size:2rem;font-weight
:900;text-rendering:geometricPrecision}.linkText_fkq4163{color:#00549E;cursor:p
ointer;font-size:0.6875rem;padding:0rem 
0.1875rem}.noLinkText_f1vb78d5{font-size:0.6875rem;padding:0rem 0.1875rem}.erro
rMessage_f2ib80r{color:#111111;font-weight:bold}.messageContainer_f14q21v2{padd
ing-top:0.75rem}.mobileMessageContainer_f1r0fg9l{padding-top:0.5rem}.messageAnd
CTA_fdisdzl{align-items:center;display:flex;flex-direction:row;justify-content:
space-between;width:100%}.message_f1qb18jl{color:#111111;display:flex;flex:1;fl
ex-direction:column;margin-right:0.5rem}.callToAction_f12xxqwv{padding-right:4p
x}.callToActionText_feygdn1{color:#00549E;cursor:pointer;padding-right:4px}.nor
malEnterDesktop_fit22ys{margin-top:-4rem}.normalEnterMobile_f317e85{margin-top:
-5rem}.modalEnterDesktop_f7hv1pi{margin-top:-4.6875rem}.messageEnterActive_f18o
wa3y{margin-top:0;transition:margin 300ms cubic-bezier(0.4, 0.0, 0.2, 1)}.conta
iner_fv33kcj{padding-top:1rem}.normalContainerMobile_f1a35xl1{padding:1rem}.nor
mal_fja218n{background:#F0F1F2}.modal_fz6vtyp{background:#FFFFFF;overflow-y:hid
den}.loadingSpinnerContainerDesktop_f16ed6tc{margin-top:1rem;position:relative}
.loadingSpinnerContainerMobile_f1mgyl9u{position:relative}.modalForm_f1m9d8tc{m
argin:0rem 1rem 2rem 1rem;max-width:25rem}.centeredModal_f1tgjws2{display:flex;
justify-content:center}.inputFieldWrapper_fmps8td{display:flex;padding:1rem 
0rem 2rem 0rem}.input_f1lc30ox{background:#F0F1F2;margin-top:1rem;width:18rem}.
codeHintWrapper_f1f1ygnm{display:flex}.activateButtonDesktop_f1fft5bm{padding-t
op:2.5rem;width:8.75rem}.activateButtonMobile_fbdjxyo{padding-top:0.5rem;width:
8.75rem}.codeHint_f13aofdb{align-self:flex-end;padding-bottom:1rem}.inputClassN
ame_fomx4mp{font-weight:bold;letter-spacing:1rem;padding-left:1rem}.subTitle_f1
5ikojv{display:block;padding-top:0.5rem}.keypad_fkip4sn{background-color:#14284
1;bottom:0;left:0;padding:0.5rem;position:fixed;transition:height 400ms ease;wi
dth:100%;z-index:17}.amountKeysText_f14w7c7h{font-size:1.125rem;font-weight:bol
d}.numericKeysText_f14w7c7h{font-size:1.125rem;font-weight:bold}.actionButton_f
1ekwm2v{background-color:#4AA331}@keyframes f1tr11ft{from{opacity:1}to{opacity:
0}}.fadeOutAnimation_ff2hmq{animation-duration:800ms;animation-name:f1tr11ft}.s
tartClubButtonContainer_f1r0fg9l{padding-top:0.5rem}.startClubButtonContainerMo
bile_fxslzhp{height:3rem;margin-bottom:1.25rem;margin-top:1.25rem}.startClubBut
tonContainerForError_f1jsdz8r{padding-top:0.25rem}.transferBuyInContainer_f1n7r
9nx{flex:1;padding-top:1.25rem}.logoContainer_f1c7x5pa{align-items:center;displ
ay:flex;justify-content:center}.logoContainerMobile_f1hzxs7t{align-items:center
;display:flex;justify-content:center;padding-top:0.5rem}.mainContainerMobile_f1
wq96xt{display:flex;flex:1;flex-direction:column;padding:0rem 0.75rem}.mainCont
ainer_f1t8vpwx{align-self:center;display:flex;flex-direction:column;width:22rem
}.pageTitle_f143ydpb{align-self:center;color:#FFFFFF;padding:1.25rem 0rem 1.5re
m}.pageTitleMobile_f1hu4fcc{align-self:center;color:#FFFFFF;padding:0.5rem 
0rem 1.5rem}.formLabel_f1d6u44u{color:#C3C5C7;font-size:0.875rem;font-weight:bo
ld;padding-bottom:0.5rem}.formInput_f1jengzo{color:#FFFFFF;font-size:1.5rem;fon
t-weight:bold;height:1.75rem;margin-bottom:0.5rem}.formInputContainer_fl9a4co{m
argin-bottom:1rem}.stakeInput_f1h5bc4::placeholder{color:#FFFFFF}.stakeInputCon
tainer_f1mgyl9u{position:relative}.errorMessageContainer_f1r0fg9l{padding-top:0
.5rem}.mainContainerMobile_f1wq96xt{display:flex;flex:1;flex-direction:column;p
adding:0rem 0.75rem}.mainContainer_f1t8vpwx{align-self:center;display:flex;flex
-direction:column;width:22rem}.pageTitle_fr7bna5{align-self:center;color:#FFFFF
F;padding:1.5rem 
0rem}.pageTitleMobile_ftqq5yj{align-self:center;color:#FFFFFF;padding:0.75rem 0
rem}.howDoesItWokContainer_fa6xnmn{display:flex;justify-content:center;margin-b
ottom:1.5rem}.howDoesItWorkButton_f10y8ips{background-color:rgba(0, 0, 0, 
0);color:#FFFFFF;text-decoration:Underline;text-decoration-color:rgba(255, 
255, 255, 0.15)}.formLabel_f1d6u44u{color:#C3C5C7;font-size:0.875rem;font-weigh
t:bold;padding-bottom:0.5rem}.formInput_f1jengzo{color:#FFFFFF;font-size:1.5rem
;font-weight:bold;height:1.75rem;margin-bottom:0.5rem}.stakeInput_f1h5bc4::plac
eholder{color:#FFFFFF}.stakeInputContainer_f1mgyl9u{position:relative}.transfer
BuyInContainer_fi8gfs4{flex:1;padding-top:1rem}.topUpButtonContainer_f19b0mnr{p
adding:0.5rem 0rem 1.25rem}.topUpButtonContainerMobile_f2w6jq2{margin-bottom:1.
25rem;margin-top:1.25rem}.logoContainer_f1c7x5pa{align-items:center;display:fle
x;justify-content:center}.logoContainerMobile_f1hzxs7t{align-items:center;displ
ay:flex;justify-content:center;padding-top:0.5rem}.formLabel_f1m0pc2a{margin-bo
ttom:0.5rem}.clubNameFormContainer_fl9a4co{margin-bottom:1rem}.memberNameFormCo
ntainer_f1p9m46v{margin-bottom:1.375rem}.infoIcon_fb5zbhb{margin-left:0.5rem;ma
rgin-right:0.5rem;margin-top:0.25rem}.maxStakeTitleContainer_f2s1awa{align-item
s:center;display:flex;flex-direction:row}.maxStakeFormEnabledContainer_fh10uvl{
margin-bottom:2rem;margin-top:0.25rem}.maxStakeFormDisabledContainer_fqorfij{ma
rgin-bottom:2rem}.memberMaxStakeContainer_f1kmyh98{display:flex;flex-direction:
column;padding-top:1.5rem}.memberMaxStake_f1r0fg9l{padding-top:0.5rem}.leaveAnd
CloseSeparator_f12s7p8f{background-color:rgba(255, 255, 255, 
0.3);height:0.0625rem;margin:1.375rem 0rem}.settingsContainer_f1crw0r9{align-se
lf:center;display:flex;flex-direction:column;max-width:22rem;min-width:20rem;pa
dding-horizontal:0.75rem}.leaveGroupButton_f1sh63gs{margin-top:1rem}.leaveDescr
iption_fdq2b0l{color:#FFFFFF;display:flex;margin-top:0.5rem}.giveFeedbackLink_f
1m0pc2a{margin-bottom:0.5rem}.settingsTitle_fbnna2e{align-self:center;margin-bo
ttom:1.5rem;margin-top:0rem}.faqLink_ftwnlob{margin-bottom:0.75rem;margin-top:1
.75rem}.commonLinkTextStyle_f8syujs{text-decoration-line:underline}.modalConten
tWrapper_fike2ko{display:flex;flex:1;flex-direction:column;justify-content:cent
er;margin:0rem 0.75rem 0.75rem}.mainContainerDesktop_fkhz08q{display:flex;flex-
direction:column}.mainContainerMobile_fhtdhxq{display:flex;flex:1;flex-directio
n:column;margin:0rem 0.75rem}.contentWrapperDesktop_f1tkcb19{align-self:center;
display:flex;flex-direction:column;margin-top:0.625rem;width:22rem}.contentWrap
perMobile_f1cepqlz{display:flex;flex:1;flex-direction:column;margin-top:2.5rem}
.subtitleText_f1sh63gs{margin-top:1rem}.groupBalance_f1qotu2f{margin:2rem 0rem 
1.625rem}.separatorLine_f1nsts95{background-color:rgba(255, 255, 255, 
0.15);height:0.0625rem}.totalDistributeText_f1us6dya{margin:1rem 0rem 1.25rem}.
perMemberText_f1t4jaz8{position:absolute;right:0;top:50%;transform:translateY(-
50%)}.stakeInput_f1h5bc4::placeholder{color:#FFFFFF}.stakeInputContainer_f1ogtz
en{margin-top:1.625rem;position:relative}.formInput_f1jengzo{color:#FFFFFF;font
-size:1.5rem;font-weight:bold;height:1.75rem;margin-bottom:0.5rem}.buttonWrappe
rDesktop_fot2i3g{align-self:center;height:3rem;margin-top:4.25rem;width:22rem}.
buttonWrapperMobile_fxslzhp{height:3rem;margin-bottom:1.25rem;margin-top:1.25re
m}.inputStakeMessageWrapper_f1hpampt{margin-top:0.75rem}.maxHeightMobile_f1r7ca
v5{max-height:calc(100vh - 
4.125rem)}.maxHeightDesktop_fi9rceq{max-height:calc(100vh - 
6.25rem)}.modalContent_fomgjtz{display:flex;flex-direction:column;padding:0rem 
0.75rem 0.75rem;width:23.5rem}.modalContentAtPhoneBreakpoints_f1vuwjw3{display:
flex;flex-direction:column;padding:0rem 0.75rem 0.75rem;width:100%}.auxPanelHea
ding_f18kgxqi{padding-bottom:0.75rem}.clubMemberCounter_fddsvlq{align-items:cen
ter;display:flex}.modalHeading_fl9a4co{margin-bottom:1rem}.panelRowElement_f2s1
awa{align-items:center;display:flex;flex-direction:row}.addMemberPanel_f18akhl3
{flex:1;justify-content:flex-end}.addButton_ff9z8db{padding:0.5rem}.toolTip_fsy
vo6i{margin-right:0.75rem}.auxPanelTooltip_fhudrb0{color:#00549E}.listWrapper_f
19n61ma{background:#FFFFFF;border-radius:0.25rem;height:fit-content;overflow-y:
auto;padding:0rem 0.75rem}.userIcon_f1ha887j{margin-right:0.25rem}.list_f13gf7e
i{max-height:62.5rem;overflow-y:auto}.listItem_f1k7yav9{align-items:center;bord
er-top-color:rgba(17, 17, 17, 0.2);border-top-style:dotted;border-top-width:0.0
625rem;display:flex;height:2.5rem;justify-content:space-between}.listItem_f1k7y
av9:first-child{border-top-width:0}.listItemForAuxPanel_fr3atov{align-items:cen
ter;border-top-color:rgba(17, 17, 17, 0.2);border-top-style:dotted;border-top-w
idth:0.0625rem;display:flex;height:2.5rem;justify-content:space-between}.spinne
rContainer_fq5ncjf{background:transparent;position:relative}.spinner_f1jz3sys{t
op:5.375rem}.addMemberOverlayButton_f14nmd6v{background-color:transparent}.addr
essListContainer_f1mgyl9u{position:relative}.addressList_f4ulc8s{background-col
or:#FFFFFF;border-radius:0.125rem;box-shadow:0rem 0rem 0.1875rem 0rem rgba(0, 
0, 0, 0.7);max-height:9.125rem;overflow-y:auto;padding:0.5rem 0rem;position:abs
olute;top:0.125rem;width:100%;z-index:1}.addressItem_fo9a001{color:#111111;curs
or:pointer;height:2rem;line-height:2rem;overflow:hidden;padding:0rem 1rem;text-
overflow:ellipsis;white-space:nowrap}.lookupAddressOption_f1vtmsht{color:#0077C
C}.lookupAddressDivider_f648p94{border-bottom:0.0625rem solid #C3C5C7}.twoField
sContainer_f1f1ygnm{display:flex}.secondFieldContainer_f1yzg813{flex:1 1 auto}.
fieldsSpacerDesktop_f1mh0sr6{width:1rem}.fieldsSpacerMobile_f1ksywg8{width:0.5r
em}.unitTypeFieldContainerDesktop_f17faai{width:9.8125rem}.unitTypeFieldContain
erMobile_f1cokkfs{width:7.75rem}.streetNumberFieldContainerDesktop_fw2n3l4{widt
h:4.375rem}.streetNumberFieldContainerMobile_fmn7eym{width:4.25rem}.lookupAddre
ssContainer_ftz3uhu{align-items:center;cursor:pointer;display:flex;justify-cont
ent:flex-end;margin-top:1rem}.lookupAddressIcon_f15dzcra{color:#0077CC;cursor:p
ointer;margin-right:0.375rem}.pageSectionContainer_f1qo33y1{flex:1}.pageSection
ContainerTopPadding_f1i5orm3{flex:1;margin-top:1rem}.header_fa0idbh{background:
#FFFFFF;display:flex;justify-content:space-between;padding:1rem}.panel_fe3nexa{
background:#FFFFFF;color:black;flex:1}.loadingSpinnerContainer_f11z1mc1{display
:flex;flex:1;flex-direction:column;position:relative}.disabledSection_f1d9mwww{
background-color:rgba(255, 255, 255, 0.9);height:100%;position:absolute;width:1
00%;z-index:1}.rounded_f1kdlabb{border-radius:0.5rem}.buttonWrapperDesktop_f4hz
59t{width:18.5rem}.buttonWrapperMobile_ftu9a9a{margin:auto}.buttonContainer_f5e
y4a3{display:flex;width:100%}.learnMore_f8oqxem{color:#00549E;margin:-1rem;padd
ing:1rem}.learnMoreUnderline_f1cm0j4m{color:#FFFFFF;margin:-1rem;padding:1rem;t
ext-decoration:underline}.learnMoreBold_fh5bhnk{color:#FFFFFF;font-weight:bold;
margin:-1rem;padding:1rem;text-decoration:none}.learnMoreReimagined_f2antnr{tex
t-decoration:none}.buttonContainer_ft63n6i{align-content:center;display:flex;fl
ex-direction:row;height:2.25rem}.buttonDesktop_f1f2rx2t{color:#111111;flex:1 0 
auto;height:100%;margin-right:0.5rem;min-width:3.25rem;text-align:center}.butto
nDesktop_f1f2rx2t:last-child{margin-right:0rem}.buttonMobile_f1f2rx2t{color:#11
1111;flex:1 0 auto;height:100%;margin-right:0.5rem;min-width:3.25rem;text-align
:center}.buttonMobile_f1f2rx2t:last-child{margin-right:0rem}.form_f1y8nfjl{back
ground:#FFFFFF;max-width:25rem}.fields_f2gcphn{display:flex;justify-content:spa
ce-between;min-height:4.9375rem}.depositLimitFieldDesktop_f1f56v7m{width:10rem}
.depositLimitFieldMobile_fv1trh8{flex:0 1 50%;min-width:8.5rem;padding-right:0.
5rem}.saveButtonWrapper_fjhhh8z{display:inline-block;padding-top:1.5rem;width:8
.125rem}.longSaveButtonWrapper_fzazk9d{display:inline-block;padding-top:1.5rem;
width:9.5rem}.fullSaveButtonWrapper_fv33kcj{padding-top:1rem}.backButtonWrapper
_fve4gf6{display:inline-block;margin-right:0.625rem;padding-top:1.5rem;width:6r
em}.presetsContainer_f1380h69{margin:1rem 0rem 0.5rem}.presetsInterventionConta
iner_f1m0pc2a{margin-bottom:0.5rem}.readOnlyPeriod_f1hab791{display:block;paddi
ng-top:0.1875rem}.modalText_f469zt6{display:block;padding-top:1.5rem}.learnMore
Link_fbfyp96{margin-bottom:0.75rem;margin-top:0.75rem}.depositLimitInfo_fai2qt9
{display:flex;flex-direction:column;padding-top:0.5rem}.depositLimitInfoText_fu
hmm6f{padding-bottom:1rem}.depositLimitButtonContainer_f1ubk0hm{display:flex;ju
stify-content:space-between}.registerButtonWrapperDesktop_fm66a0e{width:10.75re
m}.registerButtonWrapperMobile_fvf4xgb{width:8rem}.depositLimitAmountError_fau6
1wv{height:auto}.limitInfo_fshtnmr{height:1.5rem;margin-top:-1.75rem}.separator
One_f1pylflt{background-color:#C3C5C7;height:0.0625rem;width:80%}.separatorTwo_
f650lt9{background-color:#C3C5C7;height:0.0625rem;margin:2rem 0rem 2rem;width:1
00%}.heading_fftbdxr{align-self:flex-start;margin-bottom:1rem}.infoWrapper_f1qe
dk8y{flex:1;margin-bottom:0.75rem}.rowContainer_f12j8tuv{display:flex;margin:0.
5rem 0rem 0.5rem}.rowItem_f1qo33y1{flex:1}.rgWrapper_f27256z{display:flex;flex-
direction:column;padding:1rem 0rem 0rem 0rem}.rgWrapperMobile_fkhz08q{display:f
lex;flex-direction:column}.container_fkhz08q{display:flex;flex-direction:column
}.containerMobile_fsfk3zf{display:flex;flex-direction:column;padding:0rem 
1rem}.header_f1w5edzu{color:#111111;padding:0rem 0rem 
1rem}.title_f11imwql{color:#111111;flex:1;padding:0rem 0rem 
1rem}.section_fxu0i24{background-color:#FFFFFF;box-shadow:0rem 0.0625rem 
0.0625rem 0rem rgba(0, 0, 0, 
0.1);color:#111111;display:flex;flex-direction:column;margin:0rem 0rem 
1rem;padding:1rem 1rem 0rem}.sectionTitleRow_f1f1ygnm{display:flex}.sectionCont
ent_f3qzgnw{align-items:flex-start;display:flex;flex-direction:column;padding:0
rem 0rem 1rem}.sectionDivider_fsrom1o{border-top:solid 0.0625rem 
#DEE1E3;padding:1rem 0rem 0rem 
0rem}.link_f1k1wnu{align-items:center;color:#0077CC;display:flex;padding:0rem 
0rem 1rem}.linkIcon_f1khv1zc{padding-right:1rem}.button_f1qo33y1{flex:1}.linkBu
tton_fr5brb8{height:3rem;width:9.25rem}.link_f11f9tud{text-decoration:underline
;text-decoration-color:#3d6a8fff}.linkWrapper_f1527ozn{align-items:center;displ
ay:flex;gap:0.5rem;padding:0rem 0rem 1rem}.nserContainer_f18kgxqi{padding-botto
m:0.75rem}.nserLink_fsgr12i{text-decoration:underline;text-decoration-color:#03
5ca5ff}.sectionPanel_f1a35xl1{padding:1rem}.nserSection_f1aywilz{margin-top:1re
m;padding:1rem}.depositLimitInfoTitle_f1380h69{margin:1rem 0rem 
0.5rem}.depositLimitSectionTitleMobile_f1y6p93u{margin:0.75rem 0rem 0.5rem 
0.75rem}.depositLimitFormTitle_f1uk2xvu{margin:1.5rem 0rem 0.5rem}.descriptionT
ext_f1yjmnkh{display:inline-block;padding-bottom:1rem}.form_f1cvn665{max-width:
25rem}.buttonsWrapper_f1sh63gs{margin-top:1rem}.learnMoreLink_fyrns2z{display:f
lex;justify-content:center;margin:0.75rem 1rem 1rem}.stepsIndicator_ff5psxc{ali
gn-items:center;display:flex;flex-direction:column;padding-top:1.5rem}.bottomBu
tton_f14q21v2{padding-top:0.75rem}.imageSpacing_f1q9ufae{margin-left:0.5rem}.he
aderText_f1wx1qhj{margin-bottom:0.75rem;margin-top:1rem}.paymentOptionsFixedWid
th_f10v5iwh{padding-top:0.25rem;width:25rem}.paymentOptions_f1jsdz8r{padding-to
p:0.25rem}.paymentOptionButton_flxceop{align-items:center;display:flex;flex:1;f
lex-direction:row;height:56px;justify-content:space-around}.paymentOptionIcons_
f1cx0py2{align-items:center;display:flex;flex-direction:row;justify-content:lef
t;margin-left:1rem;width:6.25rem}.paymentOptionName_f1yen8f2{flex:1;text-align:
left}.labelContainer_fckpg6i{align-items:center;display:flex;margin-right:0.75r
em}.labelText_fq5j3k2{font-size:0.75rem}.firstOptionWrapper_f16la9z9{border:0.0
625rem solid #DEE1E3;border-radius:2px;position:relative}.optionWrapper_f357tnx
{border:0.0625rem solid #DEE1E3;border-radius:2px;margin-top:0.5rem;position:re
lative}.button_f1nwk2ti{background-color:#FFFFFF;width:100%}.buttons_f1f1ygnm{d
isplay:flex}.containerMargin_f1hpampt{margin-top:0.75rem}.backButton_fo0lxff{he
ight:3rem;margin-right:1rem;width:6rem}.submitButton_f1jgn9w3{height:3rem;width
:25rem}.submitButtonGoldFirstTimeDeposit_f16gn2m5{background:linear-gradient(to
 right, #FAA71C, #FAD701);border-radius:0.25rem;height:3rem;width:25rem}.deposi
tButtonGold_fyastnm{background:linear-gradient(to right, #FAA71C, #FAD701);bord
er-radius:0.25rem;height:3rem;width:25.625rem}.depositButtonGoldDesktop_fejxvsk
{background:linear-gradient(to right, #FAA71C, #FAD701);border-radius:0.25rem;h
eight:3rem;width:100%}.messageWrapper_fva7tpn{border-bottom-width:0.0625rem;bor
der-radius:0 0 0.25rem 
0.25rem;position:relative}.messageWrapperShadow_fa55mzq{box-shadow:0rem 
0.0625rem 0.0625rem 0rem rgba(0, 0, 0, 0.2)}.horizontalLine_f1v6ggc8{height:0.1
875rem;position:absolute;right:0rem;top:0rem;width:100%}.content_frrbj1u{displa
y:flex;flex-direction:row;margin-right:1.5rem;padding-bottom:0.25rem;padding-to
p:0.5rem}.iconWrapper_f1lr0uwn{padding-left:0.5rem;padding-right:0.25rem}.close
IconWrapper_fsn1mmb{height:1rem;position:absolute;right:0.5rem;top:0.5rem;width
:1rem}.infoHorizontalLineStyle_fr9zwiq{background-color:#0077CC}.infoMessageWra
pperStyle_f1268loc{background-color:#E7F4FF;border-color:#E7F4FF}.warningHorizo
ntalLineStyle_f1i2ta9a{background-color:#F68D00}.warningMessageWrapperStyle_f3h
bnb0{background-color:#FFF1DE;border-color:#FFF1DE}.textWrapper_fbcb3bc{line-he
ight:1rem}.buttonBackground_fmrwofe{background:rgba(0, 0, 0, 0)}.intermediateTe
xtURL_f1kpo55x{line-height:0.75rem}.header_f1ukpsnb{align-items:center;display:
flex;padding-bottom:1rem}.headerTextContainer_f11uygs2{line-height:1}.gradientI
con_f1c6f0gw{padding-right:0.25rem}.exampleText_f14q21v2{padding-top:0.75rem}.i
nfoText_fuhmm6f{padding-bottom:1rem}.linkContainer_f1ak52d9{padding-bottom:0.75
rem;text-align:center}.depositMatchTermsAndConditions_fn3mvez{text-decoration:u
nderline}.tableContainer_fk7z7kw{border:solid 0.0625rem 
#0067AB;border-radius:0.25rem;border-width:0.0625rem;box-shadow:0rem 0.125rem 
0.3125rem 0rem rgba(255, 255, 255, 
0.8);display:flex;flex-direction:column;margin:1rem 0rem 
1rem}.tableHeader_fyngtkp{background:linear-gradient(to bottom, #FAA71C, #FAD70
1);border-top-left-radius:0.25rem;border-top-right-radius:0.25rem;box-shadow:0.
0625rem 0rem 0.125rem 0rem rgba(255, 255, 255, 0.5), -0.0625rem 0rem 0.125rem 
0rem rgba(255, 255, 255, 0.5);display:flex;flex-direction:row}.tableHeaderText_
fx5j8gz{color:#0067AB}.tableColumn_f1uqizx3{display:flex;flex:0.5;flex-directio
n:column;padding-top:0.5rem;text-align:center}.tableBody_f1f1ygnm{display:flex}
.tableBodyText_fn8ai8t{padding-bottom:0.5rem}.tableHeaderColumn_fh809je{display
:flex;flex:0.5;flex-direction:column;padding:0.5rem 0rem 0.5rem;text-align:cent
er}.ineligibleDepositMatchBorderWrapper_f49mgkq{background:#F0F1F2;border-radiu
s:0.25rem;border-width:0.25rem;padding:0.25rem}.linkSection_f1pi17at{display:fl
ex;flex:1}.ineligibleDepositMatchContainer_fdoc1b1{display:flex;flex:1;flex-dir
ection:column}.ineligibleDepositMatchTitle_fk28l0z{align-items:center;display:f
lex;flex-direction:row;justify-content:space-between;padding-bottom:0.25rem}.in
eligibleDepositMatchMessage_f1ubk0hm{display:flex;justify-content:space-between
}.gradientIconUnavailable_f18qi5qc{align-self:center;padding-right:0.5rem}.wrap
per_f7xuaa4{background:linear-gradient(to bottom, #FAD701, #FAA71C);border-radi
us:0.25rem;padding:0.25rem}.shimmer_f18fpb0x{margin:-0.3125rem -0.3125rem 
-0.25rem -0.3125rem;padding:0.3125rem 0.3125rem 0.25rem 
0.3125rem}.desktopWrapper_f1bzg7jy{background:linear-gradient(to bottom, 
#FAD701, #FAA71C);border-radius:0.25rem;margin-top:1rem;padding:0.25rem}.deskto
pWrapperUnavailable_f14jsa81{background:linear-gradient(to right,  rgba(17, 
17, 17, 0.5) 30%, #C3C5C7 75%);border-radius:0.25rem;margin-top:1rem;padding:0.
25rem}.desktopLinkSection_f1pi17at{display:flex;flex:1}.desktopLinkSubSection_f
doc1b1{display:flex;flex:1;flex-direction:column}.desktopFirstLinkSubSection_fk
28l0z{align-items:center;display:flex;flex-direction:row;justify-content:space-
between;padding-bottom:0.25rem}.desktopSecondLinkSubSection_f1ubk0hm{display:fl
ex;justify-content:space-between}.gradientIcon_f18qi5qc{align-self:center;paddi
ng-right:0.5rem}.staticBanner_f13r0ys0{background-color:#FFFFFF;display:flex;fl
ex-flow:column;padding:0.5rem}.clickableBanner_f1j0udp3{background-color:#FFFFF
F;cursor:pointer;display:flex;flex-flow:column;padding:0.5rem}.firstLinkSection
_f1t3f12{align-items:center;display:flex;justify-content:space-between}.secondL
inkSection_f1ubk0hm{display:flex;justify-content:space-between}.iconAndTitle_f1
f1ygnm{display:flex}.expiryText_f14onhzh{text-align:end}.message_f1x4idu8{paddi
ng-right:2.5rem}.learnMore_f1isv995{cursor:pointer;margin:-1rem;padding:1rem;te
xt-decoration:underline}.touchRipple_fc39scl{overflow:hidden;position:relative}
.wrapperUnavailable_f14jsa81{background:linear-gradient(to right,  rgba(17, 
17, 17, 0.5) 30%, #C3C5C7 75%);border-radius:0.25rem;margin-top:1rem;padding:0.
25rem}.content_ff7zcbm{margin-top:0.75rem;max-width:25rem}.payPalImage_f6ebnu7{
padding-bottom:0.25rem}.payPalInfo_f14pd4zg{display:inline-block;padding-bottom
:0.75rem}.inputFieldContent_f1t6rbfu{width:11.25rem}.presetsContainer_flldgdr{m
argin-top:2rem}.creditCardBanContainer_f1m76jx3{padding-bottom:1rem;padding-top
:0.75rem}.depositMatchContainer_f1165bet{margin-top:1.25rem}.container_f89c3yt{
align-items:center;border-color:#F0F1F2;border-style:solid;border-width:0.0625r
em;display:flex;margin-top:0.5rem;padding:0.5rem}.label_f1ha887j{margin-right:0
.25rem}.copyContainer_f11491j2{display:flex;flex:1;height:1rem;justify-content:
flex-end}.touchable_fqa53j6{background-color:#FFFFFF}.container_fbk2ez2{backgro
und:#FFFFFF;margin-top:0.75rem;max-width:25rem}.bpayImage_ffvg9q1{padding-botto
m:0.375rem}.bpayInfo_f14pd4zg{display:inline-block;padding-bottom:0.75rem}.info
Container_f1smaztn{background-color:#FAFAFA;display:flex;margin-top:1.5rem;padd
ing:1rem}.iconContainer_fhtexnr{margin-right:1rem}.infoText_fyf3vnk{align-items
:center;background-color:#FAFAFA;display:flex;margin-bottom:0.5rem;margin-top:0
.5rem;padding:0.5rem}.icon_f1op6hsi{padding-right:0.5rem}.content_f1cvn665{max-
width:25rem}.buttonContainer_ffmuhm6{display:inline-block;padding-top:1.5rem}.i
nputFieldContent_f1t6rbfu{width:11.25rem}.presetsContainer_flldgdr{margin-top:2
rem}.form_f1i8pkwp{background:#FFFFFF;margin-top:0.5rem;max-width:25rem}.ccNumb
erLabelWrapper_f1f1ygnm{display:flex}.ccImagesText_flidhs8{align-items:center;d
isplay:flex;padding-right:1rem}.cardNumberInfo_f14pd4zg{display:inline-block;pa
dding-bottom:0.75rem}.monthYearExpiryError_f16rt2td{color:#B92722;margin-top:-0
.8125rem}.expiryCVVFieldsWrapper_f15x473y{display:flex;flex-direction:row;paddi
ng:1.125rem 0rem 0.5rem}.expiryDateWrapper_fdoc1b1{display:flex;flex:1;flex-dir
ection:column}.expiryDateInputFieldsWrapper_f4kk892{display:flex;flex-direction
:row}.expiryDateSeparator_fqt750w{display:flex;flex:0.195;justify-content:cente
r;padding-top:0.4375rem}.cvvFieldWrapper_f1fpdno4{display:flex;flex:0.65;flex-d
irection:row;padding-top:0.1875rem}.cvvRightSpacer_f3mfm2l{display:flex;flex:0.
34}.expiryField_fhzaixk{display:flex;flex:0.31}.creditCardBanContainer_f1m76jx3
{padding-bottom:1rem;padding-top:0.75rem}.form_fbk2ez2{background:#FFFFFF;margi
n-top:0.75rem;max-width:25rem}.fields_f1ubk0hm{display:flex;justify-content:spa
ce-between}.depositFieldDesktop_f1t6rbfu{width:11.25rem}.depositFieldMobile_f1e
wxi2a{flex:1 1 
50%;margin-right:0.5rem;min-width:8.5rem}.cvvMobile_frowzxl{flex:1 1 50%;margin
-left:0.5rem;min-width:8.5rem}.cvvDesktop_f1fzc81c{margin-left:2.5rem;width:11.
25rem}.presetsContainer_flldgdr{margin-top:2rem}.depositMatchContainer_f1165bet
{margin-top:1.25rem}.orderedListDotPointWrapper_f2k7ddq{display:flex;margin-bot
tom:0.5rem}.orderedListDotPointWrapperCompact_f1f1ygnm{display:flex}.dotPoint_f
1fc2dx1{flex:none;width:1.5rem}.container_f1cvn665{max-width:25rem}.topMargin_f
1sh63gs{margin-top:1rem}.topPadding_f14q21v2{padding-top:0.75rem}.payIdImage_f1
8kgxqi{padding-bottom:0.75rem}.marginBottom_fl9a4co{margin-bottom:1rem}.lesserM
arginBottom_f1m0pc2a{margin-bottom:0.5rem}.generatePayIdContainer_f1uotyip{back
ground-color:#073965;display:flex;padding:0.5rem}.generatePayIdMessage_f1a3jqvq
{display:flex;flex-direction:column;padding-right:0.5rem}.generatePayIdButton_f
e5ibl2{height:2rem;margin-left:auto;width:5rem}.instructionsContainer_fu7ys6p{d
isplay:flex;flex-direction:column;margin-bottom:1rem;padding-top:1rem}.instruct
ionsHeading_f1m0pc2a{margin-bottom:0.5rem}.payIdNotificationContainer_feq0a3e{f
ont-style:italic;margin-bottom:1rem}.importantMessageContainer_fbovlfo{backgrou
nd-color:#E5E8ED;border-radius:0.25rem;display:flex;padding:0.75rem 1rem}.topPa
ddingWithDepositLimit_f1r0fg9l{padding-top:0.5rem}.payIdLineHeight_fbcb3bc{line
-height:1rem}.depositLimitContainer_f1f1ygnm{display:flex}.depositLimitDescript
ionText_fbcb3bc{line-height:1rem}.depositLimitReachedIcon_f1ryt8d{margin-right:
0.5rem}.depositMatchContainer_f18kgxqi{padding-bottom:0.75rem}.headerContainer_
f2swxoo{align-items:center;display:flex;margin-bottom:1rem}.text_f1q9ufae{margi
n-left:0.5rem}.stepsIndicator_ff5psxc{align-items:center;display:flex;flex-dire
ction:column;padding-top:1.5rem}.securityInfo_f1m51sd9{align-items:center;displ
ay:flex;margin-bottom:0.25rem;padding-top:1rem}.securityInfoText_fq5j3k2{font-s
ize:0.75rem}.securityIcon_fxjpoyk{color:#686B70}.iconContainer_f8dqp6r{display:
flex;margin-right:0.25rem}.selectorGroup_f196r8r1{background-color:#edf3f7ff;bo
rder:0.0625rem solid #dbe6f0ff;border-radius:1rem;display:flex}.selector_fhbhho
v{align-items:center;display:flex;flex:1;height:2rem;justify-content:center}.se
lectedOption_f1f18izm{background-color:#ffffffff}.leftBorder_fw6dt5p{border-lef
t:0.0625rem solid #dbe6f0ff}.leftBorderRadius_f1qlecqi{border-bottom-left-radiu
s:1rem;border-top-left-radius:1rem}.rightBorderRadius_fvopwu2{border-bottom-rig
ht-radius:1rem;border-top-right-radius:1rem}.singleBorderRadius_fcafei5{border-
radius:1rem}.touchableButton_fdthlqr{align-items:center;display:flex;flex:1;hei
ght:100%;justify-content:center}.labelContainer_f1wftpel{align-items:center;dis
play:flex;flex-direction:row;gap:0.5rem;justify-content:flex-start}.labelContai
nerCapitalised_f1wftpel{align-items:center;display:flex;flex-direction:row;gap:
0.5rem;justify-content:flex-start}.marginBottom_fl9a4co{margin-bottom:1rem}.lim
itWrapper_f1rpt0jj{margin-bottom:1rem;padding-left:0.5rem}.textAlignment_f7ra6o
l{padding:0rem 0.5rem}.container_f12ecmdk{align-items:center;border-radius:1rem
;cursor:pointer;display:flex;flex-direction:row;height:1.5rem;justify-content:f
lex-start;min-width:2rem;padding:0rem 0.25rem;width:2rem}.containerOn_fg5bhz4{b
ackground-color:#0470c8ff}.containerOn_fg5bhz4:active:hover{background-color:#0
35ca5ff}.containerOff_fsfjp0l{background-color:#edf3f7ff}.containerOff_fsfjp0l:
active:hover{background-color:#b8cde0ff}.containerDisabled_f12yrhi{background-c
olor:#b8cde052;cursor:not-allowed}.knob_f1vzh1js{align-items:center;background-
color:#ffffffff;border-radius:1rem;box-shadow:0rem 0.125rem 0.5rem 
#011c3214;display:flex;height:1rem;justify-content:center;transition:transform 
300ms cubic-bezier(0.4, 0.0, 0.2, 1);width:1rem;z-index:1}.knobOn_fz84fcs{trans
form:translateX(8px)}.knobOff_f4d4c6s{transform:translateX(0px)}.knobDisabled_f
whvdrd{background-color:#709dc2ff}.limitTypeSwitch_fziukzv{align-items:center;d
isplay:flex;gap:1rem;justify-content:space-between;margin-bottom:1rem;padding-l
eft:0.5rem}.marginBottom_fl9a4co{margin-bottom:1rem}.sectionMarginBottom_fl9a4c
o{margin-bottom:1rem}.sectionMarginBottom_fl9a4co{margin-bottom:1rem}.actionBut
ton_fdoc1b1{display:flex;flex:1;flex-direction:column}.actionsSection_f880sz8{d
isplay:flex;gap:0.5rem}.summarySection_f1p2l0mx{display:flex;justify-content:sp
ace-between;padding-bottom:0.5rem}.sectionDivider_f121xuy9{margin:0.5rem 0rem 1
rem}.sectionMarginBottom_fl9a4co{margin-bottom:1rem}.actionButton_fdoc1b1{displ
ay:flex;flex:1;flex-direction:column}.actionsSection_f880sz8{display:flex;gap:0
.5rem}.progressBarContainer_fjcohl0{background-color:#dbe6f0ff;border-radius:1r
em;display:flex;flex:1;height:0.25rem}.filledProgressBar_f1w5go45{background-co
lor:#369834ff;border-radius:1rem;transition:width 0.3s ease-out}.sectionMarginB
ottom_f1m0pc2a{margin-bottom:0.5rem}.summarySection_f1p2l0mx{display:flex;justi
fy-content:space-between;padding-bottom:0.5rem}.depositLimitContainer_f1x6g6wp{
display:flex;flex-direction:column;gap:1rem;margin:1rem 0.5rem 1rem 0.5rem}.dep
ositLimitSection_f1b9bf71{margin-top:0.5rem;padding:1rem}.mobileDepositLimitSec
tion_f1b9bf71{margin-top:0.5rem;padding:1rem}.sectionMarginBottom_fl9a4co{margi
n-bottom:1rem}.stepsSection_fsuivmx{text-align:center}.stepTitle_fl9a4co{margin
-bottom:1rem}.stepCounter_f1m0pc2a{margin-bottom:0.5rem}.progressBar_f1m0pc2a{m
argin-bottom:0.5rem}.learnMore_fjxuhcq{display:flex;justify-content:center;marg
in-top:0.5rem}.alertSection_f1m0pc2a{margin-bottom:0.5rem}.alertSectionRegistra
tion_f1xruy7u{margin:0.5rem 0.5rem 0rem 0.5rem}.phoneLink_f1mqohzd{color:#00549
E;text-decoration:underline}.phoneText_f1tc10rl{color:#111111}.form_f1w5p37l{ba
ckground:#FFFFFF;border-radius:0.5rem;margin:1rem 
0.5rem;margin-bottom:1.5rem;margin-top:0.5rem;padding:0rem 1rem 1rem}.depositLi
mitWrapper_fl9gocw{margin:0.5rem}.securityInfo_f13dory5{color:#FFFFFF;font-size
:0.75rem}.securityInfoContainer_f1c7x5pa{align-items:center;display:flex;justif
y-content:center}.message_f1jt6cp1{margin-left:0.5rem;margin-right:0.5rem}.cred
itCardBanMessage_f1xruy7u{margin:0.5rem 0.5rem 0rem 0.5rem}.container_f1f1ygnm{
display:flex}.inputContainer_f1sz774h{margin-right:12px;max-width:44px}.wideInp
utContainer_f1pxnj54{max-width:66px}.errorMessage_ff3bnls{margin-top:-13px}.con
tainer_f4jyqbz{padding:0rem 1rem}.container_f3o9lqu{padding-bottom:4px;padding-
top:8px}.radioGroupContainer_fkf6o42{display:flex;flex-direction:column;justify
-content:space-between}.marketingSubscription_f1e8typk{display:flex;flex:1;marg
in-bottom:8px}.descriptionText_f10b60f9{display:flex;flex-direction:column;font
-size:0.6875rem;height:0.8125rem;justify-content:flex-start;margin-top:0.5rem}.
bonusBetIcon_fexn3ni{display:flex;padding-right:0.5rem}.divider_f1t89vpn{height
:1rem}.marketingOptionContainer_fddsvlq{align-items:center;display:flex}.market
ingOptionLabel_f1d6dypq{padding-left:0.75rem}.marketingOptOutContainer_fa868zs{
line-height:1rem;padding-left:0.75rem}.rootMessageContainer_flutm6i{display:fle
x;flex-direction:column;min-height:3rem}.messageContainer_fh5ik4l{background-co
lor:#FFFFFF;display:flex;flex-direction:column;margin-top:0.5rem;padding:1.5rem
 1rem}.messageText_fy0rb3t{line-height:1rem;padding-bottom:0.25rem}.messageCTA_
fbcb3bc{line-height:1rem}.linkStyles_f9tqusm{text-decoration:underline}.phoneSt
yles_f1l8jkug{display:inline-block}.container_f1tikfgv{align-items:center;displ
ay:flex;flex-direction:row;height:2rem;padding:0.25rem}.toggleOnContainerWithLa
bel_f1sliv0{align-items:center;background-color:#0470c8ff;border-radius:1rem;cu
rsor:pointer;display:flex;flex-direction:row;flex-wrap:wrap;height:2rem;margin:
0rem 0.25rem;position:relative}.toggleOnContainerWithLabel_f1sliv0:active{backg
round-color:#035ca5ff}.toggleOffContainerWithLabel_f1dh03p5{align-items:center;
background-color:#edf3f7ff;border-radius:1rem;cursor:pointer;display:flex;flex-
direction:row;flex-wrap:wrap;height:2rem;margin:0rem 0.25rem;position:relative}
.toggleOffContainerWithLabel_f1dh03p5:active{background-color:#b8cde0ff}.toggle
OnContainerWithoutLabel_f1g30jke{align-items:center;background-color:#0470c8ff;
border-radius:1rem;cursor:pointer;display:flex;flex-direction:row;flex-wrap:wra
p;height:2rem;margin:0rem 0.25rem;min-width:3.5rem;position:relative}.toggleOnC
ontainerWithoutLabel_f1g30jke:active{background-color:#035ca5ff}.toggleOffConta
inerWithoutLabel_fodzx3f{align-items:center;background-color:#edf3f7ff;border-r
adius:1rem;cursor:pointer;display:flex;flex-direction:row;flex-wrap:wrap;height
:2rem;margin:0rem 0.25rem;min-width:3.5rem;position:relative}.toggleOffContaine
rWithoutLabel_fodzx3f:active{background-color:#b8cde0ff}.toggleOn_f4umcox{posit
ion:absolute;right:0.25rem;transition:transform 150ms cubic-bezier(0.4, 0, 
0.2, 
1)}.toggleOff_f11t15lm{left:0.25rem;position:absolute;transition:transform 
150ms cubic-bezier(0.4, 0, 0.2, 1)}.toggleOnWithAnimation_f85iw77{position:abso
lute;right:1.75rem;transform:translateX(100%);transition:transform 150ms 
cubic-bezier(0.4, 0, 0.2, 1)}.toggleOffWithAnimation_fa3ko2l{left:0.25rem;posit
ion:absolute;transform:translateX(0%);transition:transform 150ms 
cubic-bezier(0.4, 0, 0.2, 1)}.toggleOffWithAnimationWhenLabel_f80xuut{left:1.75
rem;position:absolute;transform:translateX(-100%);transition:transform 150ms 
cubic-bezier(0.4, 0, 0.2, 1)}.roundBackground_f1ijd92u{align-items:center;backg
round-color:#ffffffff;border-radius:1rem;display:flex;height:1.5rem;justify-con
tent:center;width:24px}.iconContainer_fqt5acr{display:flex;height:1rem;width:1r
em}.labelContainerLeft_fn6tzse{display:flex;flex-direction:row;left:0;padding-l
eft:0.5rem;padding-right:2rem}.labelContainerRight_fmm1pbp{display:flex;flex-di
rection:row;padding-left:2rem;padding-right:0.5rem;right:0}.container_f4kk892{d
isplay:flex;flex-direction:row}.marketingCommunicationsDetails_f11udjv9{align-s
elf:center;display:flex;flex:1;line-height:1rem}.marketingContainer_fd8b4f5{dis
play:flex;margin-left:-0.5rem;padding-top:1.5rem}.headerTextContainer_f1m20ei3{
padding-bottom:1.5rem;text-align:center}.textContainer_f68ai2g{display:flex;fle
x-direction:column;padding-bottom:1.5rem}.buttonsContainer_f1dkw7ru{display:fle
x;flex-direction:column;justify-content:center}.backButton_f96or0t{width:100%}.
submitButton_f1nh99dr{margin-top:1rem;width:100%}.manualAddressContainer_f16mpt
77{margin-bottom:1.5rem}.confirmFieldsContainer_f10gfyvx{background-color:#FFFF
FF;border-radius:0.5rem;margin-bottom:1rem;padding:1.5rem}.confirmFieldsContain
erMobile_f1tm2tk{background-color:#FFFFFF;border-radius:0.5rem;margin-bottom:1r
em;padding:1.5rem;width:19rem}.textHeading_f1m0pc2a{margin-bottom:0.5rem}.textD
etail_f16mpt77{margin-bottom:1.5rem}.commonGreenIdContainer_fazyv9r 
#greenid-container{padding:1rem}.commonGreenIdContainer_fazyv9r 
#greenid-wait-modal .modal-body{align-items:center;display:flex;justify-content
:center}.commonGreenIdContainer_fazyv9r #greenid-wait-modal 
#greenid-modal-text{color:#111111 !important}.greenIdContainerWeb_fs1npio 
#greenid-div{font-family:Roboto, sans-serif}.greenIdContainerWeb_fs1npio 
#greenid-div #greenid-container{padding:1rem}.commonGreenIdContainer_fazyv9r 
#greenid-container div#greenid-source-content,.greenIdContainerWeb_fs1npio 
#greenid-div #greenid-container 
div#greenid-source-content{border-top:0;height:auto 
!important;padding-bottom:0}.commonGreenIdContainer_fazyv9r #greenid-container 
#greenid-source-header #greenid-source-title h2,.greenIdContainerWeb_fs1npio 
#greenid-div #greenid-container #greenid-source-header #greenid-source-title 
h2{font-size:1.125rem;font-weight:700;line-height:1.5rem;margin-top:1.5rem 
0.25rem 0 0 !important}.commonGreenIdContainer_fazyv9r #greenid-container 
#greenid-source-header #greenid-source-title a 
.glyphicon,.greenIdContainerWeb_fs1npio #greenid-div #greenid-container 
#greenid-source-header #greenid-source-title a .glyphicon{color:#686B70;font-si
ze:0.875rem;top:0}.commonGreenIdContainer_fazyv9r #greenid-container 
#greenid-source-header #greenid-source-list-container .btn-group > 
.btn,.greenIdContainerWeb_fs1npio #greenid-div #greenid-container 
#greenid-source-header #greenid-source-list-container .btn-group > .btn{color:#
686B70;font-size:0.875rem;height:1.875rem;letter-spacing:-0.009375rem;line-heig
ht:1rem;padding:0 
0.5rem;text-align:left;width:100%}.commonGreenIdContainer_fazyv9r 
#greenid-container #greenid-source-header #greenid-source-list-container 
.btn-group > .btn:is(:hover,:focus,:active),.greenIdContainerWeb_fs1npio 
#greenid-div #greenid-container #greenid-source-header 
#greenid-source-list-container .btn-group > .btn:is(:hover,:focus,:active){back
ground:none;border-color:#C3C5C7;box-shadow:none;outline:none}.commonGreenIdCon
tainer_fazyv9r #greenid-container #greenid-source-body 
input,.greenIdContainerWeb_fs1npio #greenid-div #greenid-container 
#greenid-source-body input{border-color:#C3C5C7;border-radius:0.25rem;box-shado
w:none;color:#111111;font-size:0.875rem;height:1.875rem;line-height:1rem;paddin
g:0.5rem;text-align:left;width:100%}.commonGreenIdContainer_fazyv9r 
#greenid-container #greenid-source-body 
input:is(:hover,:focus,:active),.greenIdContainerWeb_fs1npio #greenid-div 
#greenid-container #greenid-source-body input:is(:hover,:focus,:active){box-sha
dow:none;outline:none}.commonGreenIdContainer_fazyv9r #greenid-container 
#greenid-source-body input[type="checkbox"],.greenIdContainerWeb_fs1npio 
#greenid-div #greenid-container #greenid-source-body 
input[type="checkbox"]{height:1.5rem !important;margin-left:-2rem 
!important;margin-top:0;width:1.5rem 
!important}.commonGreenIdContainer_fazyv9r #greenid-container 
#greenid-source-body select,.greenIdContainerWeb_fs1npio #greenid-div 
#greenid-container #greenid-source-body select{box-shadow:none;color:#111111;fo
nt-size:0.875rem;height:1.875rem;line-height:1rem;padding:0.25rem;text-align:le
ft;width:100}.commonGreenIdContainer_fazyv9r #greenid-container 
#greenid-source-body 
select:is(:hover,:focus,:active),.greenIdContainerWeb_fs1npio #greenid-div 
#greenid-container #greenid-source-body select:is(:hover,:focus,:active){border
-color:#C3C5C7;cursor:pointer}.commonGreenIdContainer_fazyv9r 
#greenid-container #greenid-source-body label, 
#greenid_medicaredvs_expiry_label,.greenIdContainerWeb_fs1npio #greenid-div 
#greenid-container #greenid-source-body label, #greenid_medicaredvs_expiry_labe
l{font-size:0.75rem;font-weight:400;line-height:1rem}.commonGreenIdContainer_fa
zyv9r #greenid-container #greenid-source-body 
.checkbox,.greenIdContainerWeb_fs1npio #greenid-div #greenid-container 
#greenid-source-body 
.checkbox{margin-top:0.75rem}.commonGreenIdContainer_fazyv9r 
#greenid-container .greenid-helpicon, 
.greenid-helpicon-alt,.greenIdContainerWeb_fs1npio #greenid-div 
#greenid-container .greenid-helpicon, .greenid-helpicon-alt{color:#686B70;font-
size:0.875rem;margin-left:0.25rem;top:0}.commonGreenIdContainer_fazyv9r 
#greenid-container .help-block,.greenIdContainerWeb_fs1npio #greenid-div 
#greenid-container 
.help-block{font-size:0.75rem;line-height:1rem}.commonGreenIdContainer_fazyv9r 
#greenid-container .checkbox label,.greenIdContainerWeb_fs1npio #greenid-div 
#greenid-container .checkbox label{color:#111111 !important;font-size:0.875rem 
!important;line-height:1rem !important;padding-left:2rem 
!important}.commonGreenIdContainer_fazyv9r #greenid-container 
#greenid_medicaredvs_cardColour, .dd-select, ul,.greenIdContainerWeb_fs1npio 
#greenid-div #greenid-container #greenid_medicaredvs_cardColour, .dd-select, 
ul{width:100% !important}.commonGreenIdContainer_fazyv9r #greenid-container 
.caret,.greenIdContainerWeb_fs1npio #greenid-div #greenid-container .caret{floa
t:right;margin-left:0;margin-top:0.5rem}.commonGreenIdContainer_fazyv9r 
#greenid-container #greenid-source-header 
#greenid-source-list-container,.commonGreenIdContainer_fazyv9r 
#greenid-container div#greenid-submit-button-container 
button#greenid-submit,.greenIdContainerWeb_fs1npio #greenid-div 
#greenid-container #greenid-source-header 
#greenid-source-list-container,.greenIdContainerWeb_fs1npio #greenid-div 
#greenid-container div#greenid-submit-button-container 
button#greenid-submit{width:100%}.commonGreenIdContainer_fazyv9r 
#greenid-container div#greenid-intro-words,.greenIdContainerWeb_fs1npio 
#greenid-div #greenid-container div#greenid-intro-words{font-size:0.875rem;line
-height:1rem}.commonGreenIdContainer_fazyv9r #greenid-container 
.alert-dismissible,.greenIdContainerWeb_fs1npio #greenid-div 
#greenid-container .alert-dismissible{padding:0px 0.75rem 0 
0.75rem}.commonGreenIdContainer_fazyv9r #greenid-container 
div#greenid-intro-content,.greenIdContainerWeb_fs1npio #greenid-div 
#greenid-container 
div#greenid-intro-content{padding:0}.commonGreenIdContainer_fazyv9r 
#greenid-container #greenid-source-body 
.input-group-addon,.commonGreenIdContainer_fazyv9r #greenid-container 
div#greenid-intro-content .alert-dismissable 
.close,.greenIdContainerWeb_fs1npio #greenid-div #greenid-container 
#greenid-source-body .input-group-addon,.greenIdContainerWeb_fs1npio 
#greenid-div #greenid-container div#greenid-intro-content .alert-dismissable 
.close{display:none;height:0 !important;width:0 
!important}.commonGreenIdContainer_fazyv9r #greenid-container 
div.greenid-alert-danger, div.greenid-alert-success, 
div.greenid-alert-warning, div.greenid-alert-info, div.greenid-alert-lockout, 
div.greenid-alert-pending,.greenIdContainerWeb_fs1npio #greenid-div 
#greenid-container div.greenid-alert-danger, div.greenid-alert-success, 
div.greenid-alert-warning, div.greenid-alert-info, div.greenid-alert-lockout, 
div.greenid-alert-pending{border-radius:0 0 0.25rem 0.25rem 
!important;border-width:0.25rem 0 0 0 !important;color:#000000 
!important;font-size:0.875rem !important;margin-left:0 
!important;margin-right:0 !important}.commonGreenIdContainer_fazyv9r 
#greenid-container div.greenid-alert-danger, 
div.greenid-alert-lockout,.greenIdContainerWeb_fs1npio #greenid-div 
#greenid-container div.greenid-alert-danger, 
div.greenid-alert-lockout{background-color:#FFCAC3;border-color:#B92722 
!important}.commonGreenIdContainer_fazyv9r #greenid-container 
div.greenid-alert-success,.greenIdContainerWeb_fs1npio #greenid-div 
#greenid-container div.greenid-alert-success{background-color:#EFFAE3 
!important;border-color:#4AA331 !important}.commonGreenIdContainer_fazyv9r 
#greenid-container div.greenid-alert-success 
.greenid-alert-glyphicon,.greenIdContainerWeb_fs1npio #greenid-div 
#greenid-container div.greenid-alert-success 
.greenid-alert-glyphicon{color:#4AA331 
!important}.commonGreenIdContainer_fazyv9r #greenid-container 
div.greenid-alert-warning, 
div.greenid-alert-pending,.greenIdContainerWeb_fs1npio #greenid-div 
#greenid-container div.greenid-alert-warning, 
div.greenid-alert-pending{background-color:#FFF1DE 
!important;border-color:#F68D00 !important}.commonGreenIdContainer_fazyv9r 
#greenid-container div.greenid-alert-warning .greenid-alert-glyphicon, 
div.greenid-alert-pending 
.greenid-alert-glyphicon,.greenIdContainerWeb_fs1npio #greenid-div 
#greenid-container div.greenid-alert-warning .greenid-alert-glyphicon, 
div.greenid-alert-pending .greenid-alert-glyphicon{color:#F68D00 
!important}.commonGreenIdContainer_fazyv9r #greenid-container 
div.greenid-alert-info,.greenIdContainerWeb_fs1npio #greenid-div 
#greenid-container div.greenid-alert-info{background-color:#E7F4FF 
!important;border-color:#0077CC !important}.commonGreenIdContainer_fazyv9r 
#greenid-container div.greenid-alert-info 
.greenid-alert-glyphicon,.greenIdContainerWeb_fs1npio #greenid-div 
#greenid-container div.greenid-alert-info 
.greenid-alert-glyphicon{color:#0077CC 
!important}.commonGreenIdContainer_fazyv9r #greenid-container 
.greenid-has-error .form-control,.greenIdContainerWeb_fs1npio #greenid-div 
#greenid-container .greenid-has-error .form-control{border-color:#B92722 
!important}.commonGreenIdContainer_fazyv9r #greenid-container 
div.greenid-alert-danger .greenid-alert-glyphicon, div.greenid-alert-lockout 
.greenid-alert-glyphicon,.commonGreenIdContainer_fazyv9r #greenid-container 
.greenid-has-error .control-label,.greenIdContainerWeb_fs1npio #greenid-div 
#greenid-container div.greenid-alert-danger .greenid-alert-glyphicon, 
div.greenid-alert-lockout 
.greenid-alert-glyphicon,.greenIdContainerWeb_fs1npio #greenid-div 
#greenid-container .greenid-has-error .control-label{color:#B92722 
!important}.greenIdContainerWeb_fs1npio #greenid-div #greenid-wait-modal .modal
-body{align-items:center;display:flex;justify-content:center}.greenIdContainerW
eb_fs1npio #greenid-div #greenid-wait-modal #greenid-modal-text{color:#111111 
!important}.greenIdContainerWeb_fs1npio #greenid-error-content .greenid-modal 
.modal-dialog{color:#686B70;margin-top:6.25rem}.greenIdContainerWeb_fs1npio 
.greenid-modal .modal-dialog{margin-top:6.25rem}.headerTextContainer_f15rdwwg{p
adding-bottom:1rem;text-align:center}.buttonsContainer_fq8gm1f{display:flex;fle
x-direction:column;justify-content:center;margin-top:1.5rem}.actionButton_f96or
0t{width:100%}.closeButton_f1nh99dr{margin-top:1rem;width:100%}.verificationFee
dbackContainer_fyy2vvv{background-color:#FFFFFF;border-radius:0.5rem;padding:1.
5rem}.verificationFeedbackContainerMobile_f1qsmeou{background-color:#FFFFFF;bor
der-radius:0.5rem;padding:1.5rem;width:19rem}.descriptionItem_f1dleyd3{line-hei
ght:1rem;margin-bottom:1.25rem}.verificationInfo_f1ha1xz6{color:#FFFFFF;font-si
ze:0.75rem;margin-top:0.5rem;text-align:center}.verificationInfoMobile_fh8gdef{
color:#FFFFFF;font-size:0.75rem;margin-top:0.5rem;text-align:center;width:19rem
}.linkText_f15j0ooj{color:#FFFFFF;cursor:pointer;font-size:0.75rem;padding:0rem
 0.125rem;text-decoration-line:underline}.buttonsContainer_f34uuwm{flex-directi
on:column;justify-content:center}.resumeButton_f96or0t{width:100%}.liveChatButt
on_f1nh99dr{margin-top:1rem;width:100%}.mobileContainer_fetoq85{background-colo
r:#FFFFFF;border-radius:0.5rem;padding:1rem;width:19rem}.container_f3kyqk0{back
ground-color:#FFFFFF;border-radius:0.5rem;padding:1rem}.headerTextContainer_f1m
20ei3{padding-bottom:1.5rem;text-align:center}.messageContainer_fl7q2d4{margin-
bottom:1.5rem;white-space:pre-line}.container_f1w98fo6{align-items:center;displ
ay:flex;flex-direction:column}.headerContainer_fmdaimu{justify-content:center;w
idth:auto}.verificationInfo_f1ha1xz6{color:#FFFFFF;font-size:0.75rem;margin-top
:0.5rem;text-align:center}.linkText_f1xo79a3{color:#FFFFFF;cursor:pointer;font-
size:0.75rem;text-decoration-line:underline}.errorContainer_f12z9gnn{background
-color:#FFFFFF;border-radius:0.5rem;height:70vh;overflow:hidden;padding:1rem;wi
dth:100%}.greenIdContainer_f1bwze2h{background-color:#FFFFFF;border-radius:0.5r
em;padding:0.5rem;width:100%}.spinner_fzgqr3e{display:flex;height:100vh;justify
-content:center;left:0;position:fixed;top:0;width:100vw}.registrationFormContai
nerMobileModal_f1awe6a9{align-items:center;align-self:center;display:flex;flex:
0 0 auto;flex-direction:column;margin-top:0.25rem;overflow:hidden;position:abso
lute;width:100%;z-index:1}.registrationFormContainerMobilePage_few5r6x{align-it
ems:center;align-self:center;display:flex;flex:0 0 auto;flex-direction:column;m
argin-top:0.25rem;width:100%;z-index:1}.registrationFormContainerDesktop_f19mhx
2{align-items:center;display:flex;flex:0 0 auto;flex-direction:column;z-index:1
}.inputContainer_f164h4b6{margin-top:1rem;max-height:4.125rem;min-height:4.125r
em}.inputContainerTitleAndFirstName_f1gqgsum{align-items:baseline;display:flex}
.inputContainerTitle_fvh8cs1{flex-basis:1.25rem;flex-grow:0;flex-shrink:0;margi
n-right:0.75rem}.inputContainerFirstName_f8xi195{flex-grow:1}.inputContainerDob
_f1kyvkub{margin-top:1rem;min-height:4.125rem}.inputContainerPassword_f8n5nay{m
argin:1.5rem 0rem 1rem 0rem}.inputContainerPasswordNoTopMargin_fl9a4co{margin-b
ottom:1rem}.formContainer_f1w98fo6{align-items:center;display:flex;flex-directi
on:column}.personalDetailsContainerMobile_f1tzumsr{width:19rem}.personalDetails
ContainerDesktop_f8hgvng{width:22.625rem}.loginDetailsContainerMobile_f7jeurz{m
argin-bottom:1rem;margin-top:1rem;width:19rem}.loginDetailsContainerDesktop_fpv
q0fs{margin-bottom:1rem;margin-top:1rem;width:22.625rem}.depositFormMobile_f2sy
erl{width:20rem}.depositFormDesktop_fe3hqn8{width:25rem}.formFieldsContainer_fa
3isn1{background-color:#FFFFFF;border-radius:0.5rem;padding:1rem}.formFieldsCon
tainer_fa3isn1 > :first-child{margin-top:0}.mobileContainer_f1gqgsum{align-item
s:baseline;display:flex}.mobileCountryCodeContainer_f1i1avmd{pointer-events:non
e;user-select:none;width:4.375rem}.mobileNumberContainer_f1typf6c{flex:1;paddin
g-left:1rem}.createAccountButtonMobile_flb510z{height:3rem;margin-top:1.5rem;wi
dth:100%}.createAccountButtonDesktop_f1shct3f{height:3rem;margin-left:auto;marg
in-right:auto;margin-top:1.5rem;width:9.875rem}.footerLink_f1tdcpix{font-size:0
.6875rem;text-decoration:underline}.spinnerStyle_f16c82b4{position:fixed}.topPa
geErrorContainer_fl9a4co{margin-bottom:1rem}.registrationButtonMobile_f7umnlm{m
argin-top:3rem;width:18rem}.registrationButtonDesktop_f1bn33ry{margin-top:3rem;
width:9.875rem}.plainTextLink_f1lzv5q5{cursor:pointer;margin-top:2rem;text-alig
n:center;text-decoration:underline}.depositFailureSummary_fktchqf{align-items:c
enter;display:flex;flex-direction:column;margin-top:2rem}.headerTitleContainer_
f180o6mi{margin-bottom:0.5rem;width:18.75rem}.headerSubTitle_f1otp761{font-fami
ly:Titillium Web, sans-serif;line-height:1rem;margin-bottom:0.5rem}.headerSubHe
ading_fv33kcj{padding-top:1rem}.titleCentered_f1w98fo6{align-items:center;displ
ay:flex;flex-direction:column}.saferGamblingTermsAndConditionContainer_f1r5oat5
{background-color:#FFFFFF;border-radius:0.5rem;color:#111111;margin-bottom:1rem
;padding:1rem}.saferGamblingMessageContainer_f14logvw{background-color:#FFFFFF;
border-radius:0.5rem;color:#111111;margin-bottom:4rem;padding:1rem}.saferGambli
ngMessageContainerMobile_f1tzumsr{width:19rem}.saferGamblingMessageContainerDes
ktop_f8hgvng{width:22.625rem}.footerAcknowledgementContainerMobile_f1tzumsr{wid
th:19rem}.footerAcknowledgementContainerDesktop_f8hgvng{width:22.625rem}.termsA
ndConditionsMargin_fl9a4co{margin-bottom:1rem}.termsAndConditionsBulletPointCon
tainer_fnvzeip{display:flex;padding-left:0.375rem}.registrationFormMustMatch_f8
syujs{text-decoration-line:underline}.registrationFormSubtitle_f18kgxqi{padding
-bottom:0.75rem}.registrationTitleContainer_f1f2jqsp{align-items:center;display
:flex;justify-content:center;text-align:center}.verificationContainerMobile_f1t
zumsr{width:19rem}.verificationContainerDesktop_f8hgvng{width:22.625rem}.emailS
uggestionContainer_fdb1m5b{display:flex;line-height:1rem;padding-top:0.25rem;wo
rd-break:break-all}.emailSuggestionIcon_f1ha887j{margin-right:0.25rem}.emailSug
gestion_f1hykqr2{cursor:pointer}.emailSuggestionTextContainer_f1qo33y1{flex:1}.
text_f1y2aej4{margin:1rem 0rem 1.5rem}.separator_f1vnruh6{background-color:#111
111;height:0.0625rem;width:100%}.heading_f1f3yvkn{align-self:flex-start;margin:
1.5rem 0rem 1rem}.text_f1sh63gs{margin-top:1rem}.heading_fftbdxr{align-self:fle
x-start;margin-bottom:1rem}.buttonContainer_fcut1es{display:flex;flex:1;margin-
top:2rem}.backButton_fv43u1x{flex:0.3}.confirmButton_f1r535yx{flex:0.7;margin-l
eft:0.5rem}.submitButton_fdt9nfm{flex:1;margin-top:1.25rem}.message_f16mpt77{ma
rgin-bottom:1.5rem}.container_f1m4z987{margin-top:1.5rem}.contentContainer_f1v4
cl62{background-color:#ffffffff;border-radius:1.25rem;margin-top:1.5rem;padding
:1rem}.titleWrapper_f1ox7hc9{display:flex;justify-content:center;padding:1rem}.
sectionSubtitleWrapper_fuhmm6f{padding-bottom:1rem}.buttonContainer_fdoc1b1{dis
play:flex;flex:1;flex-direction:column}.dividerWrapper_fuhmm6f{padding-bottom:1
rem}.sectionMarginBottom_fl9a4co{margin-bottom:1rem}.container_fr10b6h{backgrou
nd-color:#ffffffff;border-radius:20px;margin-top:16px;padding:16px}.titleWrappe
r_f13kmlyl{display:flex;justify-content:center;padding:16px}.actionButton_fdoc1
b1{display:flex;flex:1;flex-direction:column}.actionsSection_f1ac7yrl{display:f
lex;flex-direction:row;gap:8px}.detailsSection_f1p2l0mx{display:flex;justify-co
ntent:space-between;padding-bottom:0.5rem}.bottomDivider_f121xuy9{margin:0.5rem
 0rem 1rem}.topDivider_fl9a4co{margin-bottom:1rem}.container_f1otqxop{margin-to
p:24px}.contentContainer_fr10b6h{background-color:#ffffffff;border-radius:20px;
margin-top:16px;padding:16px}.buttonContainer_fdoc1b1{display:flex;flex:1;flex-
direction:column}.sbLogoWrapperSelected_f3fzpfi{align-items:center;align-self:c
enter;display:flex;justify-content:center;margin-bottom:1rem}.formContainer_fv0
hjvg{align-self:center;display:flex;flex-direction:column;margin:0rem 1rem;max-
width:24.75rem}.messageContainer_f1sh63gs{margin-top:1rem}.buttonsContainer_fxa
3bmb{display:flex;flex-direction:column;margin-top:1.5rem}.secondaryButton_fpsu
lcm{margin-top:0.5rem}.linkText_fqh7k30{color:#00549E;cursor:pointer}.button_f1
sh63gs{margin-top:1rem}.verificationContentDesktop_f16h3dzl{margin:0 auto;width
:28.125rem}.greenIdContainer_f1a35xl1{padding:1rem}.formCardContainer_f1r5xv57{
padding-horizontal:1.5rem;padding-top:1.5rem}.subtitle_fgzkabs{color:#111111;di
splay:flex;margin-top:1rem;text-align:center}.inputFieldFormWrapperContainer_fx
feheo{margin-top:1.75rem}.passwordContainer_fqorfij{margin-bottom:2rem}.hintCon
tainer_fl9a4co{margin-bottom:1rem}.errorMessage_f1vvya0q{margin-bottom:0.5rem;m
argin-top:0.5rem}.buttonRow_freywtp{flex-direction:row;justify-content:center;p
adding-top:0.5rem}.furtherHelpLinkContainer_fr14spx{display:flex;justify-conten
t:center;margin-top:-0.25rem}.furtherHelpLink_f16i408m{color:#FFFFFF;display:in
line-block;font-size:0.75rem;padding:0.25rem 0rem 0.5rem;text-decoration:underl
ine}.modalMessage_f1g32z8v{white-space:pre-wrap}.phoneNumber_fe61lb9{color:#007
7CC;font-size:0.875rem}.confirmButtonContainer_f1nkg765{padding-bottom:0.75rem;
padding-top:0.5rem}.cancelButtonContainer_fn8ai8t{padding-bottom:0.5rem}.approv
edDocumentsContainer_fgydppl{display:flex;flex-direction:column;width:100%}.app
rovedIDDocumentsTitle_fqaxne0{padding-bottom:0.25rem;padding-top:0.5rem}.approv
edIDDocuments_fpgyqhl{padding-bottom:0.5rem;padding-top:0.25rem;white-space:pre
-wrap}.submitButtonContainer_fuydeek{padding-bottom:0.75rem;padding-top:1.5rem}
.cancelButtonContainer_fn8ai8t{padding-bottom:0.5rem}.messageWrapper_f1m0pc2a{m
argin-bottom:0.5rem}.formDetailsContainer_fzd54gu{display:flex;flex-direction:c
olumn;text-align:center;width:100%}.checkInboxText_f10kvs57{padding-bottom:0.5r
em;padding-top:1.5rem}.doneButtonContainer_f10kvs57{padding-bottom:0.5rem;paddi
ng-top:1.5rem}.checkDetailsRowContainer_fhghfrh{display:flex;flex-direction:col
umn;padding-bottom:0.5rem;padding-top:0.5rem;width:100%}.firstHeaderRow_f15x76p
r{display:flex;flex-direction:row;justify-content:space-between;padding-bottom:
0.25rem}.checkDetailsContainer_fmymvcs{padding-bottom:1.5rem}.headerRow_fn2cv0q
{display:flex;flex-direction:row;justify-content:space-between;padding-bottom:0
.25rem;padding-top:0.25rem}.updateText_f1hykqr2{cursor:pointer}.detailsRow_f1gu
09xu{align-items:flex-start;display:flex;flex-direction:column;justify-content:
flex-start;padding-bottom:0.25rem;padding-top:0.25rem}.infoBoxContainer_fa8ge6y
{padding-bottom:0.5rem;text-align:left}.container_fkhz08q{display:flex;flex-dir
ection:column}.messageWrapper_f1m0pc2a{margin-bottom:0.5rem}.messageWrapper_f1m
0pc2a{margin-bottom:0.5rem}.rowContainer_fuca2te{display:flex;flex-direction:co
lumn;padding:0.5rem 0rem;width:100%}.inputContainer_f164h4b6{margin-top:1rem;ma
x-height:4.125rem;min-height:4.125rem}.headerRow_f1f1x5hz{display:flex;flex-dir
ection:row;justify-content:space-between;padding:0.25rem 0rem}.detailsRow_f8v1h
in{align-items:flex-start;display:flex;flex-direction:column;justify-content:fl
ex-start;padding:0.25rem 0rem}.buttonContainer_fbant28{margin:1rem 0rem}.contai
ner_flr4cwf{display:flex;flex-direction:column;padding-top:0.25rem}.confirmNowB
uttonContainer_f1keuazr{padding-bottom:12px}@keyframes f1d7ecga{from{transform:
translateX(0%)}to{transform:translateX(200%)}}.shimmer_fg8gnly{animation-delay:
500ms;animation-duration:2000ms;animation-iteration-count:infinite;animation-na
me:f1d7ecga;background:linear-gradient(70deg, rgba(255, 255, 255, 0) 20%, 
#FFFFFF 50%, rgba(255, 255, 255, 0) 80%);height:200%;left:-100%;opacity:0.4;pos
ition:absolute;top:-50%;transition:ease-out;width:100%}.skeletonLoadingItem_fc3
9scl{overflow:hidden;position:relative}.meetingContainer_f1qvd099{display:flex;
flex-direction:column;margin:0rem 1.25rem}.meetingTitleAndClockContainer_fmcijl
c{align-items:center;display:flex;flex-direction:row;justify-content:space-betw
een;margin-top:1rem}.emptyItemContainer_faqalnt{display:flex;flex-direction:row
;justify-content:flex-start;margin-top:1rem;position:relative}.separator_f1bpiw
fq{background-color:#DEE1E3;display:flex;height:0.0625rem}.raceEventLinksContai
ner_f1cna9x5{display:flex;flex-direction:row;margin-top:0.75rem}.raceEventLinks
Spacer_f14krsrw{display:flex;height:2rem;margin-bottom:0.75rem;width:100%}.cloc
k_f15yfsh3{padding:0rem 0.25rem}.refreshButtonContainer_fp084j8{align-items:cen
ter;cursor:pointer;display:flex;flex:0 1 auto;flex-direction:column;left:50%;po
sition:absolute;transform:translateX(-50%)}.greyButtonBackground_fzfqvho{align-
items:center;background-color:#DEE1E3;border-radius:50%;display:flex;height:2.5
rem;justify-content:center;margin-bottom:0.5rem;width:2.5rem}.loadingContainerS
tyleOverride_fgbq5sk{margin-bottom:0.75rem;margin-right:0.25rem}.modalContainer
_f1odc14m{background-color:#FFFFFF;display:flex;flex-direction:column;height:10
0%;margin-top:0.5rem;overflow:auto}.modalContainerWithVerticalMargins_fvecnpc{b
ackground-color:#FFFFFF;display:flex;flex-direction:column;height:100%;margin:1
rem 0rem;overflow:auto}.headerContainer_f1s8qk7g{align-items:center;display:fle
x;flex: 0 0 
auto;flex-direction:row;height:3.4375rem;justify-content:flex-end;padding:0rem 
1rem;position:relative}.headerContainerWithShadow_f1qan6f1{align-items:center;b
ox-shadow:0rem 0.125rem 0.25rem 0rem rgba(0, 0, 0, 0.6);display:flex;flex: 0 0 
auto;flex-direction:row;height:3.4375rem;justify-content:flex-end;padding:0rem 
1rem;position:relative;z-index:4}.headerTitle_foai3d8{flex:0 1 auto;left:50%;po
sition:absolute;transform:translateX(-50%)}.headerCloseButton_f1ydisue{flex:0 
1 auto}.trackListContainer_fktvepp{display:flex;flex:1 1 auto;flex-direction:co
lumn;overflow:auto;position:relative}.base_f6x02eb{background-color:#0077CC;col
or:#FFFFFF;font-family:Roboto, 
sans-serif;height:100%;padding:0;width:100%}.base_f6x02eb div, .base_f6x02eb 
article, .base_f6x02eb section, .base_f6x02eb header, .base_f6x02eb h1, 
.base_f6x02eb h2, .base_f6x02eb h3, .base_f6x02eb h4, .base_f6x02eb h5, 
.base_f6x02eb h6, .base_f6x02eb nav, .base_f6x02eb input, .base_f6x02eb 
button{box-sizing:border-box}.base_fllshiw input::-ms-clear,.base_f6x02eb 
input::-ms-clear{display:none}.base_f6x02eb button{font-family:Roboto, 
sans-serif}.base_f6x02eb *{-moz-osx-font-smoothing:grayscale;-webkit-font-smoot
hing:antialiased}.noScroll_faowcuh{overflow:hidden}.sectionContainer_fwnhfte{ba
ckground-color:#ffffffff;border-radius:0.5rem;box-shadow:0rem 0.125rem 0.5rem #
011c3214;padding:1rem}.mobileSectionContainer_f1wplkkd{background-color:#ffffff
ff;border-radius:0.5rem;box-shadow:0rem 0.125rem 1.5rem #011c3229;padding:1rem}
.titleWrapper_fl9a4co{margin-bottom:1rem}.mobileTitleWrapper_fugvsmy{margin-bot
tom:1rem;margin-top:1rem}.dividerWrapper_fugvsmy{margin-bottom:1rem;margin-top:
1rem}.titleWrapper_fp0ddfo{display:flex;justify-content:center;margin-bottom:1r
em}.sectionSubtitleWrapper_fuhmm6f{padding-bottom:1rem}.nserSection_f1b9bf71{ma
rgin-top:0.5rem;padding:1rem}.actionButton_fdoc1b1{display:flex;flex:1;flex-dir
ection:column}.actionsSection_f880sz8{display:flex;gap:0.5rem}.formContainer_fv
0hjvg{align-self:center;display:flex;flex-direction:column;margin:0rem 1rem;max
-width:24.75rem}.formContainer_f1vq2xj9{align-self:center;display:flex;flex-dir
ection:column;margin:0rem 1rem;width:24.75rem}.container_flfl40n{display:flex;f
lex:1;flex-direction:column;height:100%}.content_f1w98fo6{align-items:center;di
splay:flex;flex-direction:column}.titleImageContainer_fuhmm6f{padding-bottom:1r
em}.image_f96or0t{width:100%}.exampleImageContainer_f1u4hiz1{align-items:center
;display:flex;flex-direction:column;justify-content:center;padding-left:1.5rem;
padding-right:1.5rem}.exampleSection_f1dpi8la{align-items:center;justify-conten
t:center;padding-bottom:0.25rem;padding-top:1rem}.contentLine_fslx9uk{align-ite
ms:center;display:flex;flex-direction:column;gap:0.25rem;padding-bottom:1rem;pa
dding-top:0.5rem}.finalContentLine_f3vzkqq{align-items:center;display:flex;flex
-direction:column;gap:0.25rem}.dividerContainer_f1vo7gq8{display:flex;padding:0
rem 1.5rem 1rem 1.5rem;width:100%}.buttonsContainer_f1mk0ij4{display:flex;gap:0
.5rem;padding-bottom:1.5rem;padding-top:1.5rem}.buttonWrapper_fdoc1b1{display:f
lex;flex:1;flex-direction:column}.formContainer_f1vq2xj9{align-self:center;disp
lay:flex;flex-direction:column;margin:0rem 1rem;width:24.75rem}.formContainerMo
bile_fnh96t{align-self:center;display:flex;flex-direction:column;padding:0rem 2
.75rem;width:24.75rem}.formContainer_f6ts1qm{align-items:center;align-self:cent
er;display:flex;flex-direction:column;max-width:24.75rem}.formContainerReimagin
ed_f1dwbzuh{align-items:center;align-self:center;display:flex;flex-direction:co
lumn;max-width:24.75rem;text-align:center}.greenIconWrapper_f1c7ca7{align-items
:center;background-color:#4AA331;border-radius:1.875rem;display:flex;height:3.5
rem;justify-content:center;margin-bottom:1rem;width:3.5rem}.redIconWrapper_faaz
3ya{align-items:center;background-color:#B92722;border-radius:1.875rem;display:
flex;height:3.5rem;justify-content:center;width:3.5rem}.whiteIconWrapperDesktop
_frhawfj{align-items:center;background-color:#FFFFFF;border-radius:2.25rem;disp
lay:flex;height:4.5rem;justify-content:center;margin-bottom:1.5rem;width:4.5rem
}.whiteIconWrapperMobile_f1xnh7sl{align-items:center;background-color:#FFFFFF;b
order-radius:2.25rem;display:flex;height:4.5rem;justify-content:center;margin-b
ottom:1.5rem;margin-top:0.25rem;width:4.5rem}.headerTitle_f1m4z987{margin-top:1
.5rem}.formFieldsContainerDesktop_ffoykef{background-color:#FFFFFF;margin-top:1
.5rem;padding:1rem;text-align:center}.formFieldsContainerMobile_f1980dsj{paddin
g:1rem 1rem 0rem;text-align:center}.separatorDesktop_fsavcf7{background-color:#
FFFFFF;height:0.0625rem;margin-top:1.5rem;width:100%}.separatorMobile_fx4dkwr{b
ackground-color:#FFFFFF;height:0.0625rem;margin-top:1.5rem;width:90%}.buttonsCo
ntainer_fxa3bmb{display:flex;flex-direction:column;margin-top:1.5rem}.buttonsCo
ntainerReimagined_fq1qwgr{display:flex;flex-direction:column;margin-top:1rem;wi
dth:100%}.button_f1p51cf9{margin-bottom:0.75rem}.learnMoreLink_f1uml4hu{margin-
top:1.5rem;text-decoration:underline}.learnMoreLinkReimagined_fdyo1gu{margin-to
p:1.5rem;text-decoration:none}.textFieldContainer_f1xvmigb{margin:1rem 0rem 1re
m}.primaryButtonReimagined_fnl3vv2{margin-bottom:1rem;width:100%}.headerTitleRe
imagined_fz4w0v4{margin-bottom:0.5rem;margin-top:1rem}.headerTitleT3Reimagined_
f17895gg{margin-bottom:0.25rem}.subtitleWrapperReimagined_f17895gg{margin-botto
m:0.25rem}.textFieldContainerReimagined_f61ectn{margin:0.5rem 0rem 0.5rem}.full
WidthLinkButtonReimagined_f12tqqd1{display:flex;width:100%}.buttonContainer_f5e
y4a3 button,.primaryButtonReimagined_fnl3vv2 a > 
button,.fullWidthLinkButtonReimagined_f12tqqd1 > button{display:block;width:100
%}.primaryMessageReimagined_f1sh63gs{margin-top:1rem}.resultItemContainer_fwdaz
2q{align-items:center;border-bottom:1px solid #dbe6f0ff;display:flex;flex-direc
tion:row;width:100%}.resultItemContainerMobile_f1h6o0xx{align-items:center;back
ground-color:#ffffffff;display:flex;flex-direction:row;width:100%}.resultItemBo
rderBottom_f1kli0tx{border-bottom:1px solid #dbe6f0ff}.blackbookButtonContainer
_fbexqs0{align-items:center;align-self:flex-end;display:flex;margin-left:auto}.
listRowWrapper_fd78fje{flex:1;width:100%}.addToBlackBook_fcjv8n2{align-items:ce
nter;display:flex;flex-direction:row;gap:0.25rem}.loadingSpinner_f1jbx45o{paddi
ng-top:2rem;position:relative}.scrollableSectionDesktop_fa0xcdk{height:auto;max
-height:22.5rem;overflow-y:auto;position:sticky}.scrollableSectionMobile_fhyz0x
l{flex:1;height:auto;max-height:calc(100vh - 7rem);overflow-y:auto;width:100%}.
loadingSpinnerMobile_f157ewfk{background-color:#ffffffff;margin-top:8.25rem}.bl
ackbookLookupAddFooterWrapper_fev95ow{margin-bottom:1.125rem}.addFooterContaine
r_fdvl031{align-items:center;display:flex;flex-direction:column;padding-left:1r
em;padding-right:1rem}.addFooterText_fd3ez6c{margin-bottom:0.25rem;margin-top:0
.5rem;text-align:center;white-space:pre-line}.addFooterButton_f18qgsq6{align-it
ems:center;flex-direction:row;margin-top:0.5rem}.blackbookLookupContainer_fgydp
pl{display:flex;flex-direction:column;width:100%}.searchContainerWrapper_f1bwtf
kz{display:flex;flex-direction:column;height:100%;width:100%}.emptyContainer_f1
1hnyvs{padding-top:1.5rem}.container_f1e2p6wp{background-color:#ffffffff;height
:calc(100vh - 3.5rem);overflow:hidden;padding:1rem 0.75rem;width:100%}.stickyHe
ader_fgy6je5{display:flex;flex-direction:column;flex-shrink:0;padding-bottom:1r
em}.nonScrollableContent_fp6m2r7{flex:1;min-height:0;overflow-y:hidden}.alertCo
ntainer_fl9a4co{margin-bottom:1rem}.modalHeader_f1sq16os{display:flex;justify-c
ontent:center;padding:1rem 0.75rem 0rem 0.75rem;position:relative;width:100%}.m
odalHeaderText_f1tgjws2{display:flex;justify-content:center}.closeButtonContain
er_f1cihn4q{position:absolute;right:12px;top:12px}.positionContainer_frm4djz{bo
ttom:0.75rem;position:fixed;right:0.75rem}.positionContainerWide_foi25ix{bottom
:0.75rem;left:50%;margin-left:208px;position:fixed}.positionBetslipReceiptDeskt
op_fhl8qs4{bottom:10rem;position:absolute;right:0.5rem}.positionBetslipReceiptM
obile_f1ttw9zj{bottom:10.5rem;position:absolute;right:0.5rem}.contentContainerM
obile_f1b7mwqb{align-items:center;background-color:#142841;border-radius:1.7187
5rem;box-shadow:0 0.0625rem 0.4375rem 0 rgba(0, 0, 0, 0.4);cursor:pointer;displ
ay:flex;flex-direction:row;height:3.4375rem;justify-content:space-between;overf
low:hidden;width:6.75rem}.contentContainerDesktop_f1t66xhc{align-items:center;b
ackground-color:#142841;border-radius:1.71875rem;box-shadow:0 0.0625rem 
0.4375rem 0 rgba(0, 0, 0, 0.4);cursor:pointer;display:flex;flex-direction:row;h
eight:3.4375rem;justify-content:space-between;overflow:hidden;width:14.75rem}.s
kyLogo_f1spz9g1{margin-left:0.75rem}.playIcon_f1ryt8d{margin-right:0.5rem}.live
RacingText_f1kxl0hx{margin-left:0.75rem;margin-right:0.75rem}.statusContainer_f
177ezkh{align-items:center;display:flex;justify-content:center;padding:0.375rem
 0rem;transition:background-color 300ms linear}.offline_fsb5ss{background-color
:#B92722}.online_f1ekwm2v{background-color:#4AA331}.draggableComponent_fhvguyi{
box-shadow:0rem 0.625rem 0.625rem 0rem rgba(0, 0, 0, 0.1);overflow:hidden;z-ind
ex:22}.rndBounds_f4iti7v{bottom:0;left:0;position:fixed;right:0;top:0;z-index:-
1}.streamingBody_fta9xhs{align-items:center;display:flex;flex-direction:column;
height:100%;max-height:14.375rem;padding:2rem 1rem 1.25rem 1rem;white-space:pre
-wrap}.streamingTitleError_f6i6gmd{margin-bottom:0.5rem;text-align:center}.stre
amingText_fsuivmx{text-align:center}.streamingButtonContainer_f1ekgb46{margin-t
op:1rem;z-index:100003}.reminderCheckbox_f1sh63gs{margin-top:1rem}.loadingConte
nt_f4m8vja{height:calc(100vw * (9 / 16))}.streamingRelativeForInline_f1mgyl9u{p
osition:relative}.draggableComponent_f18cf1i3{background-color:#142841;box-shad
ow:0rem 0.625rem 0.625rem 0rem rgba(0, 0, 0, 0.1);z-index:22}.streamingContaine
rMobile_f1i7i3gv{background-color:#142841;display:flex;height:calc(100vw * (9 
/ 16));justify-content:center;width:100%}.rndBounds_f4iti7v{bottom:0;left:0;pos
ition:fixed;right:0;top:0;z-index:-1}.streamingMessageBodyAutoMarginMobile_f1kp
gpci{align-items:center;display:flex;flex-direction:column;height:100%;justify-
content:center;margin:auto;max-height:14.375rem;padding:1rem 1rem 1.25rem 1rem}
.streamingMessageBodyAutoMarginMobileWithChannelButtons_fbu1p2b{align-items:cen
ter;display:flex;flex-direction:column;height:100%;justify-content:flex-start;m
argin:auto;max-height:14.375rem;padding:1rem 1rem 1.25rem 1rem}.streamingMessag
eBodyAutoMarginDesktop_f1jnz29h{align-items:center;display:flex;flex-direction:
column;height:11.25rem;margin:auto;max-height:14.375rem;padding:1rem 1rem 
1.25rem 1rem}.streamingTitleError_f9ioe3w{margin:0.5rem 0rem 1rem 
0rem;text-align:center}.streamingTitleErrorMobile_f9ioe3w{margin:0.5rem 0rem 
1rem 0rem;text-align:center}.streamingText_fsuivmx{text-align:center}.streaming
Background_f6cguvc{background-color:#142841}.draggableComponent_f18cf1i3{backgr
ound-color:#142841;box-shadow:0rem 0.625rem 0.625rem 0rem rgba(0, 0, 0, 0.1);z-
index:22}.streamingContainerWithButtonsMobile_f1i7i3gv{background-color:#142841
;display:flex;height:calc(100vw * (9 / 16));justify-content:center;width:100%}.
rndBounds_f4iti7v{bottom:0;left:0;position:fixed;right:0;top:0;z-index:-1}.titl
eWrapper_f1euli4y{align-items:center;display:flex;flex-direction:column;justify
-content:center;padding-bottom:0.75rem;padding-top:0.75rem}.separator_f1bxmh4y{
background-color:#edf3f7ff;height:0.0625rem;margin:0rem 0rem 1rem 0rem}.listHea
der_f10b5jt9{display:flex;flex-direction:row;justify-content:space-between;padd
ing-bottom:0.5rem}.scrollViewContainer_f1sfsba0{height:auto;margin-bottom:0.5re
m;max-height:40vh;overflow-y:auto}.itemContainer_f1f1x5hz{display:flex;flex-dir
ection:row;justify-content:space-between;padding:0.25rem 0rem}.commonColumnWrap
per_f1qo33y1{flex:1}.lastColumnWrapperMobile_f1asxrmu{flex:2;text-align:right}.
lastColumnWrapperDesktop_f17ompad{flex:1;text-align:right}.bottomInfoContainer_
fiyvzv5{background-color:#ffffffff;border-radius:1rem}.loadingOrErrorWrapper_fp
sulcm{margin-top:0.5rem}.spinnerContainer_f5u5mhu{height:3rem;padding-top:0.5re
m;position:relative}.screenContainer_fk0grf2{bottom:0;left:0;position:absolute;
right:0;top:0}.childContentContainer_fja218n{background:#F0F1F2}.childContentWi
thRibbonShown_fphioe2{min-height:calc(100vh - 
6.375rem)}.childContentWithRibbonHidden_f1g6ftjv{min-height:calc(100vh - 3.5rem
)}.screenContainerIOS_fz41pge{bottom:0;cursor:pointer;left:0;position:absolute;
right:0;top:0}.contentAndFooterContainer_fx60ys1{background:#F0F1F2;bottom:0;di
splay:flex;flex-direction:column;left:0;position:absolute;right:0;z-index:0}.co
ntentAndFooterContainerWide_f1ejm1fe{left:15rem}.contentAndFooterContainerWides
t_f1ejm1fe{left:15rem}.contentAndFooterContainerWidestRightPanelShown_ftj6qzr{r
ight:18.3125rem}.layoutContainersWhenNextRacesRibbonShown_f1k13kpz{top:6.375rem
}.layoutContainersWhenNextRacesRibbonHidden_f11s5zye{top:3.5rem}.topContainer_f
bphdbs{max-width:93.25rem;position:fixed;width:100%;z-index:4}.topContainerDesk
top_foerij2{max-width:93.25rem;position:fixed;width:100%;z-index:13}.topContain
erWhenNextRacesRibbonShown_f1hoy837{height:6.375rem}.topContainerWhenNextRacesR
ibbonHidden_fs2wvw2{height:3.5rem}.onlineStatusWhenNextRacesRibbonShown_f4nha5w
{margin-top:6.375rem}.onlineStatusWhenNextRacesRibbonHidden_fcq6c6t{margin-top:
3.5rem}.onlineStatus_f16xmikr{left:0;right:0;top:0;z-index:-1}.rightContainerMo
bileNarrowest_f7z7pla{right:0;top:0;width:100%;z-index:11}.rightContainerMobile
ExtraNarrow_f1u2vzxx{max-width:25rem;right:0;top:0;width:90%;z-index:11}.rightC
ontainerDesktop_fcns7l5{box-shadow:-0.125rem 0rem 0.0625rem rgba(0, 0, 0, 0.2);
width:19.6875rem;z-index:11}.rightContainerWidest_f1btre4h{box-shadow:-0.125rem
 0rem 0.0625rem rgba(0, 0, 0, 0.2);width:18.3125rem;z-index:11}.contentContaine
r_f155eb5v{-webkit-overflow-scrolling:touch;display:flex;flex:1;flex-direction:
column}.contentContainerWithSkyStreamingModal_f11w18yc{-webkit-overflow-scrolli
ng:touch;display:flex;flex:1;flex-direction:column;overflow:hidden}.leftPanelCo
ntainerMobile_fxxuwpz{background:#142841;width:16.875rem;z-index:9}.leftPanelCo
ntainerDesktop_f1kckzps{background:#142841;width:15rem;z-index:9}.panelAndOverl
ayContainerWhenNextRacesRibbonShown_f1k13kpz{top:6.375rem}.panelAndOverlayConta
inerWhenNextRacesRibbonHiddenDesktop_f11s5zye{top:3.5rem}.panelAndOverlayContai
nerWithoutTop_f1vpftw{top:0}.loadingSpinnerContainer_fuwwzot{background-color:r
gba(0, 0, 0, 0.7);position:fixed}.hideContent_f1wt0yvj{display:none}.centeredCo
ntainer_f19gskyt{margin:auto;max-width:93.25rem;position:relative}.rightContain
erWrapperMobile_f17qeq20{max-width:25rem;position:absolute;right:0;width:90%}.r
ightContainerWrapperDesktop_f7yb5fk{position:absolute;right:19.6875rem}.rightCo
ntainerWrapperWidest_f119waco{position:absolute;right:18.3125rem}.backgroundUnd
erlay_fsa358x{background:#B9C0CA;bottom:0;left:0;position:fixed;right:0;top:0;z
-index:0}.parentOverlay_f16c82b4{position:fixed}.tooltipHidden_f18sr2dh{backgro
und-color:#00549E;border-radius:0.125rem;box-shadow:0rem 0.0625rem 0.0625rem 
0rem rgba(0, 0, 0, 0.1), 0rem 0.125rem 0.125rem 0rem rgba(0, 0, 0, 
0.2);display:flex;flex-direction:column;left:calc(50% - 9.75rem);overflow:hidde
n;position:absolute;visibility:hidden;width:19.5rem;z-index:12}.tooltipBelow_f1
rv5tgz{background-color:#00549E;border-radius:0.125rem;box-shadow:0rem 
0.0625rem 0.0625rem 0rem rgba(0, 0, 0, 0.1), 0rem 0.125rem 0.125rem 0rem 
rgba(0, 0, 0, 0.2);display:flex;flex-direction:column;left:calc(50% - 9.75rem);
margin-left:auto;margin-right:auto;overflow:hidden;position:absolute;width:19.5
rem;z-index:12}.tooltipAbove_f1rv5tgz{background-color:#00549E;border-radius:0.
125rem;box-shadow:0rem 0.0625rem 0.0625rem 0rem rgba(0, 0, 0, 0.1), 0rem 
0.125rem 0.125rem 0rem rgba(0, 0, 0, 
0.2);display:flex;flex-direction:column;left:calc(50% - 9.75rem);margin-left:au
to;margin-right:auto;overflow:hidden;position:absolute;width:19.5rem;z-index:12
}.arrowHidden_f3lgq04{border-left:0.5rem solid transparent;border-right:0.5rem 
solid transparent;color:#00549E;left:calc(50% - 0.5rem);position:absolute;visib
ility:hidden;z-index:12}.arrowBelow_fmkiwdi{border-bottom:1rem solid 
#00549E;border-left:0.5rem solid transparent;border-right:0.5rem solid 
transparent;bottom:-1rem;color:#00549E;left:calc(50% - 
0.5rem);position:absolute;z-index:12}.arrowAbove_fte971i{border-left:0.5rem 
solid transparent;border-right:0.5rem solid transparent;border-top:1rem solid 
#00549E;color:#00549E;left:calc(50% - 0.5rem);position:absolute;top:-1rem;z-ind
ex:12}.stretchContainer_f17ngz76{align-items:stretch;display:flex;flex-directio
n:column}.labelContainer_f1fquupr{align-items:center;display:flex;flex-directio
n:row;gap:4px;justify-content:center;margin-bottom:0.25rem}.badgeContainer_f1w9
8fo6{align-items:center;display:flex;flex-direction:column}.displayFlex_f1f1ygn
m{display:flex}.flexContainer_f1qo33y1{flex:1}.badgePadding_fn8ai8t{padding-bot
tom:0.5rem}.badge_fanrp6s{margin:-0.5rem;z-index:1}.badgeNoBorder_f19xo1ds{marg
in:-0.625rem;z-index:1}.touchableStyle_f1shcqrg{height:100%;position:relative;w
idth:100%}.touchableStyle_f1shcqrg:active::after{bottom:-10%;content:"";left:-1
0%;position:absolute;right:-10%;top:-10%}.outcomePricesContainer_f1dkiixb{colum
n-gap:0.5rem;display:flex}.eventContainerSpacing_fzn5yjl{display:flex;flex-dire
ction:row;padding-top:0.5rem}.eventInfoContainer_fb8zhdf{display:flex;flex-dire
ction:column;margin-left:0.25rem;margin-right:0.5rem}.eventDateText_fi40ryy{ali
gn-items:center;display:flex;gap:0.25rem;justify-content:left}.cashOutIconWrapp
er_fgw963o{margin-top:0.25rem}.raceLabelClass_flkekgu{align-items:center;backgr
ound-color:#023864ff;border-radius:2rem;height:2rem;justify-content:center;marg
in:0.25rem;padding:0.5rem}.raceLabelRace_ffy0b59{align-items:center;background-
color:#0470c8ff;border-radius:2rem;height:2rem;justify-content:center;margin:0.
25rem;padding:0.5rem}.odds_f1ct87rs{margin-left:auto}.eventTitles_fkhz08q{displ
ay:flex;flex-direction:column}.runnerInfo_f61y1ps{color:#686B70;display:flex}.r
unnerInfoContainer_f1jgowfa{background-color:#ffffffff;display:flex;flex-direct
ion:column}.runnerInfoSectionContainer_f1e6t4za{display:flex;flex-direction:col
umn;justify-content:center;padding-right:0.5rem}.runnerJockeyInfo_fkhz08q{displ
ay:flex;flex-direction:column}.harnessRunnerInfo_f1prijio{display:flex}.harness
RunnerInfo_f1prijio>*:first-child{padding-right:0.5rem}.favouriteDetailsContain
er_f1keqqql{align-items:center;display:flex;padding-bottom:0.5rem}.favouriteRun
nerDetailsContainer_ffkf6hs{align-items:flex-start;display:flex;flex:1;flex-dir
ection:column}.favouriteRunnerInfoContainer_f1vo1x3w{align-items:center;display
:flex;flex:1;justify-content:space-between;max-width:18rem}.eventClassIcon_f1ry
t8d{margin-right:0.5rem}.silks_f1g1umwt{align-items:start;display:flex;flex-dir
ection:column}.showMoreAccordion_fwyj8sj{justify-self:center;margin-top:0.5rem}
.separator_f1ftgd7x{border-bottom:0.0625rem solid #dbe6f0ff;margin:0.5rem 
0rem}.entityContainer_fkth2{border:0.0625rem solid #dbe6f0ff;border-radius:0.5r
em;margin-horizontal:0.5rem;margin-top:0.5rem;padding:0.5rem}.dropdownContainer
_f11v6oas{display:inline-block;position:relative}.dropdownMenu_f15644t5{backgro
und-color:#FFFFFF;border-radius:0.125rem;box-shadow:0 0 0.1875rem 0 rgba(0, 0, 
0, 0.3);display:flex;flex-direction:column;padding:0.5rem 0rem;position:absolut
e;right:0;top:0;width:7.9375rem;z-index:8}.dropdownOption_fz3hasr{background-co
lor:#FFFFFF;padding:0.875rem 0.625rem 0.875rem 
1rem}.dropdownOption_fz3hasr:active{background-color:rgba(0, 0, 0, 0.1)}.dropdo
wnText_f1dnkmx6{text-align:left;width:100%}.dropdownButton_fuvtvbu{background-c
olor:rgba(0, 0, 0, 0)}.menuDesktop_f1f1ygnm{display:flex}.menuItem_f4ztlg7{alig
n-items:center;background-color:#e5f3ffff;border-radius:0.5rem;display:flex;mar
gin-left:0.5rem;padding:0.5rem}.rippleContainer_f1mgyl9u{position:relative}.fav
ouriteDetailsContainer_fqva8z9{align-items:center;display:flex;justify-content:
space-between;padding-bottom:0.5rem}.favouriteDetailsContentContainer_f2s1awa{a
lign-items:center;display:flex;flex-direction:row}.favouriteDetailsContentConta
inerWhenIsPopular_firtlqk{align-items:center;display:flex;flex-direction:row;ga
p:0.5rem}.favouriteDetailsContainerWhenIsPopular_f1r6o7g8{border-bottom:0.0625r
em solid #dbe6f0ff;display:flex;flex-direction:column;margin-bottom:0.5rem;padd
ing-bottom:1rem}.favouriteRunnerDetailsContainer_ffkf6hs{align-items:flex-start
;display:flex;flex:1;flex-direction:column}.favouriteRunnerDetailsContainerWhen
IsPopular_ffkf6hs{align-items:flex-start;display:flex;flex:1;flex-direction:col
umn}.favouritePopularityDetailsContainer_fbaa6u5{align-items:center;border-bott
om:0.0625rem solid #dbe6f0ff;display:flex;flex:1;flex-direction:row;justify-con
tent:space-between;margin-bottom:1rem;padding-bottom:1rem}.favouritePopularityE
xtraDetails_firtlqk{align-items:center;display:flex;flex-direction:row;gap:0.5r
em}.favouritePopularityDetailsCount_fcjv8n2{align-items:center;display:flex;fle
x-direction:row;gap:0.25rem}.favouriteRunnerInfoContainer_f1d8kj7o{align-items:
center;display:flex;flex:1;justify-content:space-between;max-width:18.125rem}.f
avouriteDetailsMenuContainer_foeqzax{align-self:flex-start}.eventClassIconLegac
y_f15lfz8f{color:#686B70;margin-right:0.5rem}.eventClassIcon_f1ryt8d{margin-rig
ht:0.5rem}.eventClassIconWhenIsPopular_f1sh63gs{margin-top:1rem}.silks_f1w98fo6
{align-items:center;display:flex;flex-direction:column}.personRunnerInfoContain
er_f182z15s{display:flex;flex-direction:row;gap:0.5rem}.addToBlackbookTile_f1ub
k0hm{display:flex;justify-content:space-between}.cardShape_f18cgypu{background-
color:#ffffffff;border-radius:1rem;box-shadow:0rem 0.125rem 0.5rem #011c3214;ga
p:1rem;margin-bottom:0.5rem;padding:0.5rem}.separator_fme0pgw{background-color:
#edf3f7ff;height:0.0625rem;margin-bottom:0.5rem}.sectionHeaderDesktop_f1vvya0q{
margin-bottom:0.5rem;margin-top:0.5rem}.sectionHeaderReimagined_f1mlbd58{align-
content:flex-start;justify-content:center}.sectionHeaderTitle_f3avy2j{padding-b
ottom:0.5rem;padding-left:0.5rem;padding-right:0.5rem;padding-top:1rem}.popular
FilterTabs_fh1jitl{height:3rem}.separator_f1u4ix10{background-color:#dbe6f0ff;b
ottom:0;height:1px;left:12px;position:relative;right:0}.separatorFullWidth_f1rd
wv2n{background-color:#dbe6f0ff;bottom:0;height:1px;left:0;position:relative;ri
ght:0}.separatorPaddingBothSides_fwiyla{background-color:#dbe6f0ff;bottom:0;hei
ght:1px;margin-left:12px;margin-right:12px;position:relative;right:0}.modalCont
ainer_f16kc4au{display:flex;flex-direction:column;flex-shrink:1;gap:1rem;max-wi
dth:424px;min-width:0;padding:1rem}.modalTitle_fpt9egl{align-items:center;displ
ay:flex;flex-direction:row;flex-shrink:1;gap:0.5rem;justify-content:center;marg
in-bottom:1rem}.modalContent_fqjnale{display:flex;flex-direction:column;flex-sh
rink:1;gap:0.5rem;justify-content:flex-start}.notificationContainer_f1qlz8kz{di
splay:flex;flex-direction:column;flex-shrink:1;gap:0.5rem}.notificationContent_
f1pc2444{border:0.0625rem solid #dbe6f0ff;border-radius:1rem;display:flex;flex-
direction:column;flex-shrink:1;gap:0.5rem;padding:0.5rem}.notificationText_fkhz
08q{display:flex;flex-direction:column}.actionButtons_f1d9sooa{display:flex;gap
:0.5rem;height:2.5rem;width:100%}.actionButton_fdoc1b1{display:flex;flex:1;flex
-direction:column}.container_f10e3vh4{display:flex;gap:0.5rem;height:2rem;margi
n:0.25rem;margin-left:auto}.container_f26rv2n{display:flex;gap:0.5rem;overflow:
hidden;position:relative}.filterContainer_fn8ai8t{padding-bottom:0.5rem}.filter
_fixztvj{align-items:center;background-color:#ffffffff;border-radius:1rem;color
:#0470c8ff;cursor:pointer;display:flex;justify-content:center;padding:0.5rem;wh
ite-space:nowrap}.inactiveFilter_f1px29l1{align-items:center;background-color:#
b8cde052;border-radius:1rem;cursor:default;display:flex;justify-content:center;
padding:0.5rem;white-space:nowrap}.activeFilter_f1tmgxwi{align-items:center;bac
kground-color:#0470c8ff;border-radius:1rem;cursor:pointer;display:flex;justify-
content:center;padding:0.5rem;white-space:nowrap}.textWrapper_f1f92t95{display:
flex;padding:0rem 0.5rem}.sortFilterContainer_f1pi17at{display:flex;flex:1}.sor
tFilterField_f116mdjq{height:1.5625rem;width:5.375rem}.sortFilterIconField_fa0b
yzl{height:1.5625rem}.filtersContainerWrapper_fy4d3lh{background-color:#fffffff
f;border-radius:0.5rem;display:flex;flex-direction:row;gap:1.5rem;height:3rem;m
argin-bottom:1rem;margin-top:1rem;padding:0.5rem;width:100%}.filtersContainerWr
apperMobile_f53bi0r{border-radius:0.5rem;display:flex;flex-direction:row;gap:1.
5rem;height:3rem;margin-bottom:1rem;padding:0.5rem;width:100%}.modalContainer_f
pwxowc{display:flex;flex-direction:column;height:512px;overflow:hidden;padding:
1rem;width:432px}.closeButtonContainer_f12cqcwq{align-self:flex-end;display:fle
x}.modalHeader_fp0ddfo{display:flex;justify-content:center;margin-bottom:1rem}.
stickyHeader_f1iehbdd{background-color:#ffffffff;display:flex;flex-direction:co
lumn;flex-shrink:0;padding-bottom:1rem}.nonScrollableContent_f1k1a0lz{flex:1;mi
n-height:0;overflow-y:visible}.alertContainer_fl9a4co{margin-bottom:1rem}.conta
iner_fegnyec{background-color:#F0F1F2;color:#111111;display:flex;flex:1 0 auto;
flex-direction:column;min-height:inherit;position:relative}.content_fw9q1fs{dis
play:flex;flex:1 1 auto;flex-direction:column;padding:0rem 0.5rem}.emptyState_f
bc918y{padding-top:8.125rem}.headerContainer_f1d7hfjh{top:12.375rem;z-index:7}.
navButtons_fio5s85{align-items:center;background-color:#ffffffff;display:flex;f
lex-direction:row;padding:0.25rem}.settingHeaders_fea0uax{position:sticky;top:6
.25rem;z-index:7}.showMoreButton_fdfcpk6{display:flex;flex-direction:row;justif
y-content:center}.sortOptionsSelector_f1q9ufae{margin-left:0.5rem}.container_f1
b660e4{background-color:#00549E;bottom:0;left:0;overflow:auto;position:fixed;ri
ght:0;top:0}.bodyContainerFixedMobile_f1vx06ra{display:flex;flex:1;flex-directi
on:column;margin:0 auto 1.5rem auto;width:18rem}.bodyContainerFixedDesktop_fq4h
k8w{display:flex;flex:1;flex-direction:column;margin:0 auto 1.5rem auto;width:2
2.625rem}.link_f1hykqr2{cursor:pointer}.buttonContent_ffhv257{align-items:cente
r;display:flex;height:100%;justify-content:space-evenly}.contentContainer_fg4qz
yq{border-radius:0.5rem;display:flex;flex-direction:column;padding:0.5rem}.priz
eDesktopContainer_f1k7t7y1{align-items:center;background:#111111;border-radius:
0.25rem;display:flex;flex-direction:column;margin-bottom:0.5rem;padding:0.5rem 
0.75rem;width:100%}.prizeMobileContainer_flu53aj{background:#111111;border:1px 
solid rgba(255, 255, 255, 0.3);border-radius:0.25rem;display:flex;flex-directio
n:column;height:2.75rem;justify-content:flex-start;padding:0.25rem;width:100%}.
prizeTitle_fbcb3bc{line-height:1rem}.prizeValue_f1adow81{line-height:1.25rem}.i
nfoMobileContainer_f1ubk0hm{display:flex;justify-content:space-between}.infoIco
nWrapper_f1f1ygnm{display:flex}.unavailableDesktopContainer_f1jumy3c{background
:#111111;border-radius:0.25rem;margin:3rem 0rem 4rem;padding:1.25rem 
0.5rem}.unavailableMobileContainer_fq1uke3{background:#111111;border:1px solid 
rgba(255, 255, 255, 0.3);border-radius:0.25rem;justify-content:flex-start;min-h
eight:2.75rem;padding:0.25rem}.unavailableDescription_fbcb3bc{line-height:1rem}
.descriptionContainer_f1pthbfj{background:#111111;border-radius:0.25rem;display
:flex;flex-direction:column;justify-content:flex-start;margin-bottom:0.5rem;min
-height:7.25rem;padding:0.5rem;width:100%}.title_f9vpi64{line-height:1rem;margi
n-bottom:0.25rem;min-height:2.5rem}.description_f3slcu0{line-height:1rem;min-he
ight:3rem}.cardDesktop_f1wud422{background:rgba(0, 0, 0, 
0.5);border-radius:0.5rem;box-shadow:0.1875rem 0.125rem 0.25rem rgba(0, 0, 0, 
0.5);display:flex;height:22.5rem}.cardMobile_f1n8b240{background:rgba(0, 0, 0, 
0.5);border-radius:0.5rem;box-shadow:0.1875rem 0.125rem 0.25rem rgba(0, 0, 0, 0
.5);display:flex;height:10rem}.mobileTouchableContainer_fc90cat{background:rgba
(0, 0, 0, 0);height:5.75rem;position:absolute;width:24%;z-index:1}.newLabel_fhw
mucx{position:absolute}.logoDesktopContainer_fw97zs2{display:flex;justify-conte
nt:center;margin:auto}.logoMobileContainer_fw97zs2{display:flex;justify-content
:center;margin:auto}.logoDesktop_fidf716{max-height:6.25rem;max-width:9.5rem}.l
ogoMobile_fkl6lu9{max-height:4.5rem;max-width:5.75rem}.buttonContainer_f1gzjjlq
{height:2.25rem;margin-bottom:0.5rem;width:100%}.iframeMobile_fv279w3{max-heigh
t:calc(100vh - 3.5rem);min-height:calc(100vh - 
3.5rem);width:100%}.iframeDesktopWithNTJRibbon_f2d7c5v{max-height:calc(100vh - 
12.1875rem);min-height:calc(100vh - 12.1875rem);width:100%}.iframeDesktopWithou
tNTJRibbon_fv279w3{max-height:calc(100vh - 3.5rem);min-height:calc(100vh - 3.5r
em);width:100%}.content_ffc8rcx{position:relative;width:100%}.arrowLeftContaine
r_f1wskcgx{color:#111111;cursor:pointer;display:flex;height:2.75rem;left:0;line
-height:2.75rem;min-width:1.25rem;text-align:center;top:0;white-space:nowrap}.a
rrowRightContainer_f1196a8q{color:#111111;cursor:pointer;display:flex;height:2.
75rem;line-height:2.75rem;min-width:1.25rem;right:0;text-align:center;top:0;whi
te-space:nowrap}.Endeavour_f8g1qsi{color:#00549E;width:100%}.White_f1hbjwkg{col
or:#FFFFFF;width:100%}.buttonContent_ffhv257{align-items:center;display:flex;he
ight:100%;justify-content:space-evenly}.modalMainContainer_f11t226x{background:
rgba(0, 0, 0, 0.5);border-radius:0.5rem;box-shadow:0.1875rem 0.125rem 0.25rem 
rgba(0, 0, 0, 0.5);color:#FFFFFF;display:flex;height:22.5rem;max-width:15.75rem
}.modalHeaderNewLabelContent_f1ubk0hm{display:flex;justify-content:space-betwee
n}.modalHeaderContent_f1hf8rho{display:flex;justify-content:flex-end}.closeButt
onContainer_f1zkq6e{align-self:flex-end;background:#000000;border-radius:3.125r
em;display:flex;height:2rem;width:2rem}.closeIconStyle_ftu9a9a{margin:auto}.log
oContainer_fw97zs2{display:flex;justify-content:center;margin:auto}.logo_f1kmyp
h1{margin-bottom:0.5rem;max-height:5.25rem;max-width:9.5rem}.buttonContainer_f1
gzjjlq{height:2.25rem;margin-bottom:0.5rem;width:100%}.viewCloseButton_fwczu1p{
display:flex;padding:0rem 
0.75rem;width:100%}.tabTouchable_fhfmz8x{background-color:rgba(0, 0, 0, 0);colo
r:inherit;display:block}.backToAllGamesFontStyle_f16bhtyz{line-height:1rem;padd
ing:0.25rem}.mainHogContainer_f12bil7f{align-items:center;background:#00549E;di
splay:flex;flex-direction:column;min-height:inherit}.hogHeaderContainer_f1wb2y9
y{height:12.5rem;overflow:hidden;width:100%}.imageContainer_f1butmqf{left:50%;p
osition:relative;transform:translateX(-50%)}.titleDesktop_f1t4a8xg{color:#FAD70
1;font-size:3.75rem;font-weight:900;left:3.25rem;line-height:3.75rem;max-width:
21.75rem;position:absolute;text-align:center;text-shadow:0.25rem 0.5rem 
0.125rem rgba(0, 0, 0, 0.4);top:1.625rem}.titleMobile_fkkd4oi{color:#FAD701;fon
t-size:2.75rem;font-weight:900;left:0.75rem;line-height:1.75rem;position:absolu
te;right:1rem;text-align:center;text-shadow:0.25rem 0.5rem 0.125rem rgba(0, 0, 
0, 0.4);top:7.5rem}.hogContentDesktopContainer_f1rph0yd{display:flex;flex-wrap:
wrap;justify-content:flex-start;margin-bottom:1rem;margin-right:0.75rem;width:9
4%}.hogContentMobileContainer_f1fcbjp6{display:flex;flex-wrap:wrap;justify-cont
ent:flex-start;margin-bottom:1rem;margin-right:0.75rem}.cardMobileContainer_f1m
vahfl{flex:1 1 25%;height:10rem;margin-bottom:1rem;margin-left:0.75rem;min-widt
h:6.5rem}.cardDesktopContainer_f5w8mjs{flex:1 1 25%;height:22.5rem;margin-botto
m:1.5rem;margin-left:0.75rem;min-width:14rem}.bufferCardDesktopContainer_f1r1qu
d3{flex:1 1 25%;margin-bottom:1.5rem;margin-left:0.75rem;min-width:14rem}.buffe
rCardMobileContainer_fd83dok{flex:1 1 25%;margin-bottom:1rem;margin-left:0.75re
m;min-width:6.5rem}.container_f1yh9vl3{display:flex;margin:1.3125rem 0rem 1rem 
1rem}.linkItem_fh94754{padding:1rem 
0rem}.linkItem_fh94754:not(:last-child){border-bottom:1px solid #DEE1E3}.linkIt
em_fh94754:last-child{padding-bottom:0}.url_fwu8am6{display:block;font-size:0.8
75rem;letter-spacing:-0.0125rem;word-wrap:break-word}.racingPageSidebar_f10k27f
e{flex:0 0 auto;padding-top:1rem}.links_f1nsxf1j{color:#0077CC;list-style-type:
none}.spinner_f1sh63gs{margin-top:1rem}.container_fct9se0{background-color:#F0F
1F2;color:#111111;display:flex;flex:1 0 auto;flex-direction:column;position:rel
ative}.contentBottomMargin_fuhmm6f{padding-bottom:1rem}.list_fnkfoee{-webkit-ov
erflow-scrolling:auto;position:relative}.listShadow_f6kw6e{box-shadow:0rem 
0.125rem 0.125rem 0rem rgba(0, 0, 0, 
0.2)}.row_f17lj3d8{background-color:#FFFFFF;color:#111111;padding:0rem 1rem}.ro
wWithBorder_f1cm2uvn{background-color:#FFFFFF;color:#111111;padding:0rem 
1rem}.rowWithBorder_f1cm2uvn::after{border-bottom:1px solid #DEE1E3;content:'';
display:block}.rowWithBorder_f1cm2uvn:last-child::after{border-bottom:0}.hoverW
ithBorder_f10aki82:active{background-color:rgba(0, 0, 0, 
0.1)}.hover_f10aki82:active{background-color:rgba(0, 0, 0, 0.1)}.rowStretched_f
1buxt3x{background-color:#FFFFFF;color:#111111;padding:0}.rowReducedPadding_f1f
v8d5t{background-color:#FFFFFF;color:#111111;padding:0rem 
0.75rem}.rowShadow_fat9u5o{box-shadow:0rem 0.125rem 0.125rem 0rem rgba(0, 0, 
0, 0.2);margin-bottom:0.5rem}.rowShadow_fat9u5o::after{border-bottom:0}.thinRow
Shadow_fn4bj3c{box-shadow:0rem 0.0625rem 0.0625rem 0rem rgba(0, 0, 0, 0.1);marg
in-bottom:0.5rem}.thinRowShadow_fn4bj3c::after{border-bottom:0}.thinRowShadow_f
n4bj3c:last-child{margin-bottom:0}.container_frg4gq{color:#111111;display:flex;
flex-direction:row;flex-wrap:nowrap;justify-content:space-between;padding:1rem 
0rem}.eventName_fy0htfi{display:block;margin-bottom:0.1875rem}.mobileEventName_
f1ryt8d{margin-right:0.5rem}.eventRegionName_f16mzdqe{color:#686B70;white-space
:nowrap}.eventDate_f1cgkxxo{align-items:flex-end;display:flex;line-height:1rem;
white-space:nowrap}.mobileEventDate_f1pxtbp8{margin-left:0.5rem;white-space:now
rap}.listContainer_fnuzk17{margin:0rem}.content_f6hdapv{display:flex;flex:1 1 
auto;flex-direction:column}.outcomeContainer_fk1zu8c{border-bottom:1px solid 
#DEE1E3;margin:0rem 1rem;padding:0.75rem 0rem 0.5rem 0rem}.outcome_f1ubk0hm{dis
play:flex;justify-content:space-between}.pricesWrapper_f6f5t9q{column-gap:0.5re
m;display:flex;margin-left:2rem}.outcomeName_fcmecz0{display:block}.addToBlackb
ook_fvrc9l{align-items:center;color:#0077CC;cursor:pointer;display:flex;margin-
top:0.5rem}.blackbooked_f2590i1{align-items:center;color:#0077CC;display:flex;m
argin-top:0.5rem}.addToBlackbookIcon_f1tldcgp{color:#0077CC;margin-left:0.5rem}
.requestRunnerText_f31qfve{display:block;margin-bottom:1rem}.inputContainer_f1s
h63gs{margin-top:1rem}.checkboxContainer_f16u1k7{align-items:flex-start;display
:flex;justify-content:space-between}.requestRunner_f1ozrzpn{background-color:#F
0F1F2;color:#111111;font-size:0.6875rem;padding:0rem 1rem 1rem 1rem}.requestRun
nerMobile_fulbwb6{background-color:#F0F1F2;color:#111111;font-size:0.6875rem;pa
dding:0rem 1rem 1rem 1rem;padding-bottom:1rem}.openRequestRunnerModal_f92jb6f{b
ackground-color:transparent;color:#00549E;cursor:pointer;font-size:0.6875rem;fo
nt-weight:bold;margin-left:0.5rem}.openRequestRunnerModal_f92jb6f div{font-size
:0.6875rem}.requestRunnerMessage_flja5l3{background-color:#F0F1F2;padding:0rem 
1rem 1rem 0rem}.racecardContainer_fqa53j6{background-color:#FFFFFF}.sortContain
er_f15q7cxw{border-bottom:1px solid 
#DEE1E3;display:flex;justify-content:space-between;margin:1rem 1rem 0rem 
1rem;padding:0.5rem 0rem}.iconWrapper_f1t89vpn{height:1rem}.iconWrapperWithPadd
ing_fx50so4{height:1rem;padding-right:0.125rem}.container_f1kd2nc9{display:flex
;height:3.75rem}.leftIcon_f1y4ff7m{align-self:center;font-size:1.5rem;height:1.
5rem;margin-right:1rem;width:1.5rem}.leftContainer_f17dgmq{align-items:center;d
isplay:flex;flex:2;padding-right:0.625rem}.rightContainer_fmtyr0n{align-items:c
enter;display:flex;flex-direction:row-reverse}.eventName_f78rko3{display:block;
max-height:2rem}.iconContainer_f1cn04ym{align-items:center;display:flex;flex-di
rection:row}.iconContainer_f1cn04ym >i, .iconContainer_f1cn04ym >div{margin-rig
ht:0.25rem}.cashOutIconWrapper_f1nj33th{margin-right:0.25rem;margin-top:0.25rem
}.raceReplayIconWrapper_f1do89yf{margin-right:0.25rem;margin-top:0.5rem}.nextRa
cesTabContainerDesktop_fn8ai8t{padding-bottom:0.5rem}.nextRacesTabContainerMobi
le_f6ebnu7{padding-bottom:0.25rem}.oddsMessageContainer_fqiyaj7{display:flex;ju
stify-content:center;padding:0.5rem}.content_f6hdapv{display:flex;flex:1 1 auto
;flex-direction:column}.showMore_fkr0nk7{margin:0.75rem}.container_f14p93bm{bac
kground:#FFFFFF}.rowContainer_fysi2b6{align-items:center;display:flex;justify-c
ontent:space-between;padding-bottom:0.25rem;padding-top:0.25rem}.border_f15vil3
d{border-bottom:0.0625rem solid #DEE1E3}.outcomeNameWrapper_f1pi17at{display:fl
ex;flex:1}.content_f6hdapv{display:flex;flex:1 1 
auto;flex-direction:column}.panelContainer_fi2g4fj{padding:1rem 
0rem}.innerContainer_f8xl1kz{background:#FFFFFF;padding:0rem 1rem}.mobileContai
ner_fyzoiny{padding:0}.containerRegular_fa7cvs0{background:#FFFFFF;display:flex
;flex-direction:column;padding-left:0.75rem;padding-right:1rem}.containerMegabe
t_ftbt56w{background:#FFFFFF;display:flex;flex-direction:column;margin-top:0.5r
em;padding-left:0.75rem;padding-right:1rem}.containerEmptyState_f11jdola{backgr
ound:#FFFFFF;display:flex;flex-direction:column;padding-bottom:0.9375rem;paddin
g-left:0.75rem;padding-right:1rem}.loadingSpinner_f12ipnds{padding-bottom:0.937
5rem}.marketName_fugddm{padding-bottom:0.625rem;padding-top:0.625rem}.showButto
nWrapper_f17v8sza{display:flex;justify-content:center;margin-bottom:0.875rem;ma
rgin-top:0.875rem}.showButton_f1xftsw3{background-color:#DEE1E3;color:#00549E}.
header_f1b8naw9{background-color:#FFFFFF;color:#111111;font-size:0.875rem;margi
n:0.875rem 0.5rem}.headerContentWrapper_f1pi17at{display:flex;flex:1}.headerLef
tContent_fddsvlq{align-items:center;display:flex}.headerRightContent_frxf8xd{al
ign-items:center;display:flex;flex:1;justify-content:flex-end;padding-right:1re
m}.iconWrapper_fj8jyep{display:flex;margin-right:0.5rem}.header_fgmaqyp{backgro
und-color:#00549E;color:#FFFFFF;font-size:0.875rem;height:2.75rem;padding:0.875
rem 0.5rem}.accordionContainer_fn8ai8t{padding-bottom:0.5rem}.accordionContent_
famj2x2{padding-bottom:0.5rem;padding-left:0.875rem;padding-right:0.875rem}.eve
ntWrapper_fpsulcm{margin-top:0.5rem}.content_f6hdapv{display:flex;flex:1 1 
auto;flex-direction:column}.panelContainer_fi2g4fj{padding:1rem 0rem}.stickySec
tionHeader_fxwv955{align-items:center;background-color:#F0F1F2;color:#111111;di
splay:flex;height:3rem;padding:0rem 1rem;position:sticky}.container_f1kd2nc9{di
splay:flex;height:3.75rem}.leftContainer_feizeh1{align-items:center;display:fle
x;flex:1;flex-direction:row;padding-right:0.625rem}.poolTitles_f1nf3071{display
:flex;max-height:2rem}.poolName_f1ryt8d{margin-right:0.5rem}.poolRaceNumbers_f1
x4m6uz{color:#686B70;display:block;overflow:hidden;text-overflow:ellipsis;white
-space:nowrap}.rightContainer_fikviug{align-items:flex-end;display:flex;flex-di
rection:column;justify-content:center}.trackReportButton_f1ts3zpm{height:2rem;m
argin-right:0.5rem;padding:0.5rem}.trackReportButtonContent_fddsvlq{align-items
:center;display:flex}.trackReportButtonText_f1nt1j06{margin-left:0.3125rem}.con
tainer_fxbh8e9{background-color:#F0F1F2;color:#111111;display:flex;flex:1 0 aut
o;flex-direction:column;padding-bottom:1rem;position:relative}.content_f6hdapv{
display:flex;flex:1 1 auto;flex-direction:column}.meetingName_fv8flef{flex:1;fo
nt-size:0.875rem;font-weight:500}.streamingChannelIconContainer_f1c59y0g{align-
items:center;display:flex;justify-content:flex-end}.streamingChannelIconContain
er_f1c59y0g >i{margin-left:0.375rem}.watchLive_f1t0ad0k{display:flex;line-heigh
t:1rem}.date_f1eqwg3d{align-self:center;color:#111111;line-height:1rem;padding-
left:1.25rem;text-align:right}.sectionHeaderWhenNextRacesIsShown_f2kaqgq{displa
y:flex;justify-content:flex-end;padding:0rem 1rem;top:6.375rem;z-index:6}.secti
onHeaderWhenNextRacesIsHidden_fm94hnf{display:flex;justify-content:flex-end;pad
ding:0rem 1rem;top:3.5rem;z-index:6}.specialsCardContainer_f4j9kmi{margin:1rem 
0.5rem 0.5rem}.container_ftkv7cd{height:2.75rem;margin-left:auto;margin-right:a
uto;margin-top:1rem}.defaultContainerWidth_fpa0xwx{width:7.1875rem}.errorContai
ner_f1otgm4f{display:flex;flex-direction:column;margin-top:1rem;text-align:cent
er}.errorText_f1rgwa7c{margin-top:0.1875rem}.tryAgainLink_f5g0ubc{cursor:pointe
r;margin-top:0.1875rem}.footer_f1t89vpn{height:1rem}.container_fs89ubc{align-it
ems:center;background-color:#FFFFFF;display:flex;flex:1;height:2.75rem;padding:
0.5rem 0.75rem}.modesContainer_fdrgqn7{display:flex;justify-content:flex-start}
.leftAligned_fjit8of{justify-content:flex-start}.spaceBetween_f9nr6xi{justify-c
ontent:space-between}.filterButtonOff_f1qmnkbe{background:#FFFFFF;border-color:
#DEE1E3;border-style:solid;border-width:0.0625rem;box-shadow:inset 0 0 0 0 
rgba(0, 0, 0, 0.3)}.filterButton_fkc06uq{border-radius:0.25rem;margin-right:0.5
rem;width:2.5rem}.modesButton_f1ryt8d{margin-right:0.5rem}.modesButtonInnerStyl
e_f148sdn5{padding:0rem 0.625rem}.icon_f1ha887j{margin-right:0.25rem}.outcomeDe
tailsContainer_flzua0e{display:flex;flex-direction:row;justify-content:space-be
tween}.runnerContainer_fznvisb{display:flex;flex-direction:row;max-width:60%}.d
isabledRunnerContainer_fg2rev9{display:flex;flex-direction:row;max-width:60%;op
acity:0.8}.tipContainer_f1rkzs49{align-items:center;display:flex;padding-left:2
.25rem}.tipBadge_f1ryt8d{margin-right:0.5rem}.silk_f1mayrot{padding-top:0.25rem
;width:2.25rem}.runnerDetails_f1l9biuo{display:flex;flex-direction:column;max-w
idth:calc(100% - 2.25rem)}.pricesContainer_fjjhh7f{column-gap:0.5rem;display:fl
ex;flex-direction:row}.scratchedOutcomeDetailsContainer_f11m4bxy{align-items:ce
nter;display:flex;flex-direction:row;height:3.75rem;justify-content:space-betwe
en;margin-vertical:0.5rem;opacity:0.8}.scratchedMessageUppercase_fupued3{color:
#686B70;text-transform:uppercase}.scratchedMessageContainer_fzlu8x1{align-items
:center;display:flex;flex-direction:row;justify-content:flex-end;width:7.5rem}.
tipsWrapper_f1jalc9c{align-self:center;display:flex;flex-direction:row}.provide
rImage_f1ryt8d{margin-right:0.5rem}.marketMoversWrapper_fmcyzaw{display:flex;fl
ex-direction:row;justify-content:flex-end}.contentContainer_f1tc10rl{color:#111
111}.priceLabelRow_fh722qm{align-items:center;display:flex;gap:0.5rem;justify-c
ontent:flex-end;padding:0.25rem 1rem}.priceLabelContainer_f1ren8ln{align-items:
center;display:flex;justify-content:center;width:3.5rem}.itemContainer_flyqyfy{
background-color:#FFFFFF;display:flex;flex-direction:column;margin:0.625rem 
0rem;padding:0.25rem 1rem}.closedItemContainer_frouim8{background-color:#FFFFFF
;display:flex;flex-direction:column;margin:0.625rem 
0rem;opacity:0.8;padding:0.25rem 1rem}.itemHeader_f1t3f12{align-items:center;di
splay:flex;justify-content:space-between}.link_fddsvlq{align-items:center;displ
ay:flex}.icon_f1q9ufae{margin-left:0.5rem}.itemWithoutBottomBorder_f18v2vnr{pad
ding:0.25rem 0rem}.itemWithBottomBorder_flpss5j{border-bottom-style:solid;borde
r-bottom-width:0.0625rem;border-color:#DEE1E3;margin-bottom:0.5rem;padding-bott
om:0.75rem;padding-top:0.25rem}.filterReminder_fok5izp{align-items:center;displ
ay:flex;flex-direction:column;padding-bottom:0.3125rem}.filterReminderTitle_f1y
dxhb7{margin-bottom:0.625rem;margin-top:0.9375rem}.filterReminderLinkText_fqh7k
30{color:#00549E;cursor:pointer}.refreshWrapper_f10e6mcz{cursor:pointer;display
:flex;margin-top:0.6875rem}.refreshIcon_fm0bo3l{color:#00549E;font-weight:bold;
margin-right:0.375rem}.mobileShowMoreButton_f12ps8e8{margin:0rem 1rem}.marketMo
versReminderMessage_f1a01qfl{display:flex;max-width:15.875rem;text-align:center
}.cashOutIconWrapper_f19tfnhn{margin:0.25rem 0.25rem 0rem}.cashOutIconAndTimerW
rapper_fddsvlq{align-items:center;display:flex}.container_f7o32st{margin-top:0r
em}.registrationContainer_f1b660e4{background-color:#00549E;bottom:0;left:0;ove
rflow:auto;position:fixed;right:0;top:0}.text_f1g32z8v{white-space:pre-wrap}.st
epNav_f1f1ygnm{display:flex}.stepNavButton_f1u6lias{padding-right:1rem;width:7.
9375rem}.content_foz1e2s{background-color:#FFFFFF;margin:0rem 1.125rem 0rem 
0rem}.headerText_f1tc10rl{color:#111111}.checkboxContent_fet11nk{margin:1rem 
0rem 0rem 0rem}.checkboxItem_f1m0pc2a{margin-bottom:0.5rem}.hiddenCheckboxButto
n_fdtiosv{height:0;margin:0;opacity:0;position:absolute;width:0}.displayContain
er_fmiocv9{align-items:center;color:#111111;display:inline-flex}.checkbox_fw4w7
y2{align-self:flex-start;margin-right:0.5rem}.text_f1g32z8v{white-space:pre-wra
p}.deactivationReasonSelectField_f1dx050h{flex:1;width:18.75rem}.relative_f1mgy
l9u{position:relative}.greenCircle_f1uzfk43{align-items:center;background-color
:#0a375cff;border-radius:1.125rem;display:flex;height:2.25rem;justify-content:c
enter;width:2.25rem}.centered_f1ekcnxp{align-items:center;align-self:center;dis
play:flex;flex-direction:column;max-width:27.5rem;text-align:center}.title_fi2g
4fj{padding:1rem 0rem}.link_f1bwgvbb{color:#0470c8ff;font-size:0.875rem;font-we
ight:bold}.textBlock_fuhmm6f{padding-bottom:1rem}.divider_f96or0t{width:100%}.t
extBlock_fuhmm6f{padding-bottom:1rem}.phoneNumberText_frbztq7{color:#111111;fon
t-size:0.875rem;font-weight:bold}.phoneNumberLink_f1q59goi{color:#00549E;cursor
:pointer;font-size:0.875rem;font-weight:bold}.centered_f1juivl4{align-self:cent
er}.container_f1lvn9cc{display:inline}.text_f1g32z8v{white-space:pre-wrap}.rela
tive_f1mgyl9u{position:relative}.breakStartTitle_f6ebnu7{padding-bottom:0.25rem
}.breakEndSelectField_f1c98h2v{flex:1;width:16.875rem}.startDate_fhx1xr7{displa
y:flex;white-space:pre-wrap}.endDate_fhx1xr7{display:flex;white-space:pre-wrap}
.relative_f1mgyl9u{position:relative}.dateInfo_fhx1xr7{display:flex;white-space
:pre-wrap}.dateSection_f150y05q{align-self:center;gap:0.5rem}.startDate_fhx1xr7
{display:flex;white-space:pre-wrap}.endDate_fhx1xr7{display:flex;white-space:pr
e-wrap}.relative_f1mgyl9u{position:relative}.dateInfo_fhx1xr7{display:flex;whit
e-space:pre-wrap}.dateSection_f150y05q{align-self:center;gap:0.5rem}.emptyState
ContainerMobile_f160d053{background-color:#F0F1F2;margin-top:4rem;text-align:ce
nter}.emptyStateContainerDesktop_fc4nfef{background-color:#F0F1F2;margin-top:8.
75rem;text-align:center}.link_fkf0s66{display:flex;position:relative}.borderBot
tom_f15vil3d{border-bottom:0.0625rem solid #DEE1E3}.wrapper_fsilvsd{align-items
:center;color:#111111;display:flex;justify-content:space-between;padding-bottom
:1rem;padding-top:1rem}.wrapperReducedHeight_f1lokmfh{align-items:center;color:
#111111;display:flex;justify-content:space-between;padding-bottom:0.75rem;paddi
ng-top:0.75rem}.hover_fv7tdvl{margin:0rem -1rem;padding-left:1rem;padding-right
:1rem}.hoverIncreasedWidth_fq4wehm{margin:0rem -1.5rem;padding-left:1.5rem;padd
ing-right:1.5rem}.icon_f1ryt8d{margin-right:0.5rem}.row_fddsvlq{align-items:cen
ter;display:flex}.rightSideElementWrapper_f1n31fhl{padding-left:0.5rem}.subtitl
eTop_f6ebnu7{padding-bottom:0.25rem}.subtitleBottom_f1jsdz8r{padding-top:0.25re
m}.resultsContainerMobile_fjjbe4y{background:#FFFFFF;padding-bottom:0.125rem}.r
esultsContainerDesktop_f1n2vbak{background:#FFFFFF;margin:0rem 1rem;padding-bot
tom:0.125rem}.sectionHeaderWhenNextRacesRibbonShown_f1vt0syh{top:6.375rem;z-ind
ex:6}.sectionHeaderWhenNextRacesRibbonHidden_f3rwv5k{top:3.5rem;z-index:6}.resu
ltsContainerMobile_f14p93bm{background:#FFFFFF}.resultsContainerDesktop_f1tvufm
u{background:#FFFFFF;margin:1rem}.seoCalendar_fhfvnzs{background-color:#FFFFFF;
display:flex;flex:1;flex-direction:column;padding:1.25rem 1rem}.containerListDe
sktop_f1ggrrmz{background-color:#FFFFFF;display:flex;flex:1;flex-direction:row;
margin-bottom:1rem}.containerListMobile_f1e8od0g{flex-direction:column;margin-b
ottom:1rem}.columnList_f2opoyv{flex:auto}.eventClassName_f1fk3bj9{align-items:c
enter;background-color:#073965;display:inline-flex;padding:0.5rem;width:97%}.ic
on_fub9g31{color:#FFFFFF;padding-right:0.5rem}.eventLinkContainer_fm3zogv{borde
r-bottom:0.0625rem solid #C3C5C7;display:flex;flex-direction:row;justify-conten
t:space-between;padding:1rem;width:97%}.eventLink_fdrb6nv{cursor:pointer;text-d
ecoration:underline}.introText_f1a35xl1{padding:1rem}.button_f1kqs14l{backgroun
d-color:rgba(0, 0, 0, 0);color:#FFFFFF;cursor:pointer}.pageControlContainer_fdd
svlq{align-items:center;display:flex}.dot_fcigb6d{background-color:#C3C5C7;bord
er-radius:50%;height:0.5rem;margin:0rem 0.5rem;width:0.5rem}.dotSelected_fdqb5p
y{background-color:#FAD701;border-radius:50%;height:1rem;margin:0rem 0.375rem;w
idth:1rem}.dotMobile_fge5tuv{background-color:#C3C5C7;border-radius:50%;height:
0.25rem;margin:0rem 0.25rem;width:0.25rem}.dotSelectedMobile_fp5gpyp{background
-color:#FAD701;border-radius:50%;height:0.5rem;margin:0rem 0.125rem;width:0.5re
m}.betNowButtonContainer_f140to8a{height:3.4375rem;margin:auto auto 
2rem;width:9.5rem}.container_f2lz6kv{backface-visibility:hidden;margin:0 auto;o
verflow:hidden;position:relative}.wrapper_fbpa4x8{box-sizing:content-box;displa
y:flex;transform:translate3d(0, 0, 
0);transition-duration:0s;transition-property:transform, left, top;transition-t
iming-function:ease;width:100%}.slide_f1m21a87{box-sizing:content-box;white-spa
ce:initial}.timeText_f1bxfcjc{color:inherit;font-size:inherit}.oddsPanelContain
er_fog1mdd{display:flex;flex-direction:column;padding-bottom:1.6875rem}.titleMo
bile_f1z0t5h0{align-items:center;background-color:#FFFFFF;display:flex;flex-dir
ection:column;justify-content:center;margin-bottom:0.25rem}.titleDesktop_f1r84t
vb{align-items:center;background-color:#FFFFFF;display:flex;flex-direction:colu
mn;justify-content:center;margin-bottom:0.5625rem}.outcomesContainerMobile_fkhz
08q{display:flex;flex-direction:column}.outcomesContainerDesktop_f1bs8nxp{displ
ay:flex;flex-direction:row;flex-wrap:wrap;margin:auto}.outcomesContainerFixedWi
dth_f5k9wt7{width:44.125rem}.outcomeMobile_f1ralo7q{border:0.0625rem solid #DEE
1E3;border-radius:0.25rem;border-right:none;display:flex;flex-direction:row;hei
ght:2.5625rem;justify-content:space-between;margin:0.25rem 
auto;width:19.9375rem}.outcomeDesktop_f1qbvpvz{border:0.0625rem solid #DEE1E3;b
order-radius:0.25rem;border-right:none;display:flex;flex-direction:row;height:2
.5625rem;justify-content:space-between;margin:0.5rem 
1.0625rem;width:19.9375rem}.outcomeDesktopWinDrawWin_f44rd27{border:0.0625rem 
solid #DEE1E3;border-radius:0.25rem;border-right:none;display:flex;flex-directi
on:row;height:2.5625rem;justify-content:space-between;margin:0.5rem 1.0625rem;w
idth:14.5rem}.borderRadius_f1kdlabb{border-radius:0.5rem}.outcomeName_f1ihgm16{
height:100%;line-height:2.5625rem;margin-left:0.6875rem}.outcomeNameContainer_f
1thc67v{height:100%;overflow:hidden;width:14.8125rem}.outcomeNameContainerWinDr
awWin_fhxb9qw{height:100%;overflow:hidden;width:9.375rem}.priceButtonContainer_
f5xvmo4{height:100%;width:5.125rem}.underline_f1ej4t5h{border-bottom:0.0625rem 
solid;border-color:#DEE1E3;margin:auto;margin-top:1.6875rem;width:19.875rem}.sw
iperContainer_fqgrjop{display:flex;flex-direction:column;justify-content:center
;width:100%}.swiperCard_fgyvujh{align-items:center;display:flex;flex:1 0 auto;f
lex-direction:column;width:100%}.swiperWrapper_f4c3auc{display:flex;transition-
property:transform, left, top;transition-timing-function:ease}.pageControlConta
iner_f3vlfcu{display:flex;justify-content:center;position:relative}.topSpacing_
f19aj8b6{margin-top:0.625rem}.bottomSpacing_f7bp2wa{margin-bottom:1.6875rem}.em
ptyContainer_f1d9d5o{height:6.25rem;margin:auto;padding-top:1.875rem}.bettingTi
psContainerDesktop_f1xgc1y5{display:flex;flex-direction:column;font-family:Robo
to, sans-serif}.bettingTipsContainerMobile_fwf4y93{display:flex;flex-direction:
column;font-family:Roboto, sans-serif;padding:0rem 
0.5625rem}.tipHeaderDesktop_f1aoq154{color:#00549E;font-family:Titillium Web, 
sans-serif;font-size:1.875rem;font-weight:bold;margin:1.25rem auto 2rem;text-al
ign:center;text-transform:uppercase}.tipHeaderMobile_f13tkjad{color:#00549E;fon
t-family:Titillium Web, sans-serif;font-size:1.375rem;font-weight:bold;line-hei
ght:1.375rem;margin:0.9375rem auto 1.6875rem;text-align:center;text-transform:u
ppercase}.tipsDesktop_f1ntmm0j{display:flex;flex-direction:row;margin-bottom:2r
em}.spaceBetween_f9nr6xi{justify-content:space-between}.spaceEvenly_f11xuhzl{ju
stify-content:space-evenly}.tipsMobile_fvh7ger{display:flex;flex-direction:colu
mn;margin-bottom:1.375rem}.tipContainerDesktop_fy8gcl5{background-color:#FFFFFF
;display:flex;flex-direction:column;padding-bottom:0.625rem;width:32.5%}.tipCon
tainerMobile_f8kvg5z{background-color:#FFFFFF;display:flex;flex-direction:colum
n;margin:0.625rem auto;padding-bottom:0.625rem;width:100%}.tipType_fjoe6t6{alig
n-self:center;background-color:#FAD701;border-radius:0.75rem;height:1.5rem;posi
tion:relative;text-align:center;top:-0.75rem;width:7.5rem}.tipTypeInner_fqpnp5f
{line-height:1.5rem}.tipHeading_f1nmpwas{font-family:Titillium Web, 
sans-serif;text-align:center}.tipDesc_f4l41nv{flex:auto;padding:0rem 
0.3125rem;text-align:center}.outcomeItem_frc3eqs{border:0.0625rem solid #DEE1E3
;border-radius:0.25rem;border-right:none;display:flex;flex-direction:row;height
:3.4375rem;justify-content:space-between;margin:0.9375rem auto 0.3125rem;width:
85%}.outcomeName_fc54vl6{height:100%;line-height:3.4375rem;margin-left:0.6875re
m}.outcomeNameContainer_fmo9343{height:100%;overflow:hidden}.priceButtonContain
er_f1s17mx2{height:100%;width:4.5rem}.fastFactsContainerDesktop_f7oyl8u{backgro
und-color:#FFFFFF;color:#DEE1E3;display:flex;flex:1 0 
0;flex-direction:column;font-family:Roboto, sans-serif;padding:0rem 0rem 0rem 1
.1875rem}.fastFactsContainerMobile_f9k1qcv{background-color:#FFFFFF;color:#DEE1
E3;display:flex;flex-direction:column;font-family:Roboto, sans-serif;margin-top
:1rem}.headingContainer_f1evoaqr{background-color:#00549E;display:flex;flex-dir
ection:column;padding:0.625rem 0rem;text-align:center}.headingPart1_f7d6em6{col
or:#FAD701;font-family:Titillium Web, sans-serif;font-size:1.25rem;line-height:
1.25rem}.headingPart2_fyqzhqj{color:#FFFFFF;font-family:Titillium Web, sans-ser
if;font-size:1.25rem;line-height:1.25rem}.factHeading_f1shmsf2{color:#00549E;fo
nt-family:Titillium Web, 
sans-serif;font-size:1.0625rem;line-height:1.25rem;padding:0rem 0rem 0.625rem;t
ext-transform:uppercase}.fastFactsRows_f1oi6xkh{background-color:#FAFAFA;paddin
g:0rem 1.1875rem}.fastFactsRow_f1d7gnyh{display:flex;flex-direction:column;padd
ing:1.1875rem 0rem;text-align:left}.imageContainer_fqqwwbd{align-items:center;d
isplay:flex;flex:1 0 0;justify-content:center}.image_fhmfewu{height:100%;max-he
ight:3.75rem;width:auto}.imageTextRow_f4kk892{display:flex;flex-direction:row}.
fastFactTextContainer_fvokvgs{align-self:center;flex:2 0 0}.fastFactText_f1lg97
mp{color:#686B70;line-height:1.3125rem}.divider_f10cgd9j{background-color:#DEE1
E3;border:0;height:0.0625rem}.eventInfoFastFactsRowDesktop_f1l654um{display:fle
x;flex:2 0;flex-direction:column}.eventInfoFastFactsRowMobile_fdoc1b1{display:f
lex;flex:1;flex-direction:column}.eventInfoFastFactsContainerMobile_fkhz08q{dis
play:flex;flex-direction:column}.eventInfoFastFactsContainerDesktop_f4kk892{dis
play:flex;flex-direction:row}.imageWithCaption_f1560omu{display:inline-block;ma
x-width:23.5rem}.imageCaption_f1vwy731{display:inline-block;font-style:italic;l
ine-height:0.6875rem;text-align:justify}.keyValuePairsRow_f1rth0jx{line-height:
2.9375rem}.keyValuePairsSpacing_fmlznd{margin-right:0.625rem}.imageMobile_f1j67
456{display:block;height:auto;margin-bottom:0.125rem;margin-left:auto;margin-ri
ght:auto;width:100%}.imageDesktop_f1eu92d5{display:block;height:auto;margin-bot
tom:0.5rem;margin-left:auto;margin-right:auto;width:100%}.eventInfoBlock_f164h3
h1{padding:0.625rem 0rem}.eventInfoBlock_f164h3h1 
ul{list-style:circle;padding-left:2.5rem}.eventInfoBlock_f164h3h1 
ol{list-style:decimal;padding-left:2.5rem}.eventInfoBlock_f164h3h1 
h1{font-size:2rem}.eventInfoBlock_f164h3h1 
h2{font-size:1.5rem}.eventInfoBlock_f164h3h1 
h3{font-size:1.125rem}.eventInfoBlock_f164h3h1 
h4{font-size:0.9375rem}.eventInfoBlock_f164h3h1 
h5{font-size:0.8125rem}.eventInfoBlock_f164h3h1 
h6{font-size:0.625rem}.eventInfoBlock_f164h3h1 
a{color:#00549E}.eventInfoBlockImage_fr6nfpa{margin:1.25rem 0rem;text-align:cen
ter}.eventInfoContainerDesktop_f1qkiqih{background-color:#FFFFFF;color:#111111;
display:flex;flex:1;flex-direction:column;font-family:Roboto, sans-serif}.event
InfoContainerMobile_fgde8lf{background-color:#FFFFFF;color:#111111;display:flex
;flex:1;flex-direction:column;font-family:Roboto, sans-serif;margin:1.1875rem 
1rem}.headingOneDesktop_fmzmk9f{color:#00549E;font-family:Titillium Web, sans-s
erif;font-size:1.875rem;font-weight:bold;margin-bottom:0.9375rem;text-align:lef
t;text-transform:uppercase}.headingOneMobile_foio2bb{color:#00549E;font-family:
Titillium Web, sans-serif;font-size:1.375rem;font-weight:bold;margin-bottom:0.2
5rem;text-align:left;text-transform:uppercase}.divider_f10cgd9j{background-colo
r:#DEE1E3;border:0;height:0.0625rem}.headingThree_foio2bb{color:#00549E;font-fa
mily:Titillium Web, sans-serif;font-size:1.375rem;font-weight:bold;margin-botto
m:0.25rem;text-align:left;text-transform:uppercase}.eventPanelContainerDesktop_
f1r9tg9b{background-color:#FFFFFF;display:flex;flex:1;flex-direction:row;font-f
amily:Roboto, sans-serif;padding:1.1875rem 1rem}.eventPanelContainerMobile_f1sl
g66e{background-color:#FFFFFF;display:flex;flex:1;flex-direction:column;font-fa
mily:Roboto, sans-serif}.statsPanelContainer_f1xjoj6q{background-size:cover;dis
play:flex;flex-direction:column;font-family:Roboto, sans-serif;margin:0rem}.hea
dingDesktop_fh6lp6e{background-color:#FFFFFF;color:#00549E;font-family:Titilliu
m Web, sans-serif;font-size:1.875rem;line-height:2.375rem;padding:1.25rem 2rem 
0rem 2rem;text-align:left;text-transform:uppercase}.headingMobile_f1qemndc{back
ground-color:#FFFFFF;color:#00549E;font-family:Titillium Web, sans-serif;font-s
ize:1.375rem;line-height:1.6875rem;padding:1rem;text-align:center;text-transfor
m:uppercase}.statsPanelDataDesktop_fhsng7{background-color:#FFFFFF;display:flex
;flex-direction:column;margin:7rem 3.6875rem 2rem}.statsPanelDataMobile_f1eitra
x{display:flex;flex-direction:column;padding:1.125rem}.statsPanelRow_fi3m9el{di
splay:flex;flex-direction:column;text-align:left}.statsPanelRows_fqa53j6{backgr
ound-color:#FFFFFF}.iconTextRowMobile_fwrysql{display:flex;flex-direction:row;p
adding:1rem}.iconTextRowDesktop_f1pf8z9y{display:flex;flex-direction:row;paddin
g:0.75rem 2rem 0.75rem 2rem}.statsPanelRowIcon_foeqzax{align-self:flex-start}.s
tatsPanelRowText_f1juivl4{align-self:center}.iconMobile_f18q7aza{color:#00549E;
font-size:1.875rem;padding:0rem 0.625rem 0rem 
0rem}.iconDesktop_f1obkrq9{color:#00549E;font-size:1.875rem;padding:0rem 
1.25rem 0rem 0rem}.statsPanelRowTextBold_f2ib80r{color:#111111;font-weight:bold
}.statsPanelRowTextNormal_f1dt3rf4{color:#686B70;font-weight:normal}.divider_f1
0cgd9j{background-color:#DEE1E3;border:0;height:0.0625rem}.table_f1i2qlhp{borde
r-collapse:collapse;width:100%}.altRow_fso6rhz{background-color:#F0F1F2}.tableH
eader_f1jpfvkz{background-color:#2EA5DD;border:none;color:#FFFFFF;font-weight:b
old}.tableCellMobile_f1tjsi22{color:#686B70;height:2.125rem;padding:0rem 0.625r
em;text-align:center}.tableCellDesktop_f1h79smw{color:#686B70;height:3.3125rem;
padding:0rem 0.625rem;text-align:center}.accordionPanelMobile_f14alu02{backgrou
nd-color:#FFFFFF;color:#111111;flex:1;padding:0.6875rem}.accordionPanelDesktop_
f104h4k1{background-color:#FFFFFF;color:#111111;flex:1;margin-bottom:1.0625rem;
padding:3.3125rem}.accordionHeader_fmnwcj4{font-size:0.875rem;margin:0.625rem}.
panelHeadingMobile_fakebg5{color:#00549E;font-family:Titillium Web, sans-serif;
font-size:1.375rem;line-height:1.375rem;margin-bottom:0.625rem;text-transform:u
ppercase}.panelHeadingDesktop_f1o73xh3{color:#00549E;font-family:Titillium 
Web, sans-serif;font-size:1.875rem;margin-bottom:0.625rem;text-transform:upperc
ase}.panelBlurb_f1cwqaz{line-height:1.4375rem;margin-bottom:0.625rem}.promoTile
_f1keea97{flex:auto;position:relative}.promoTileImage_f166knny{display:block;he
ight:auto;width:100%}.promoTilesContainerDesktop_f1vv63qx{color:#FFFFFF;display
:flex;flex-direction:row}.promoTilesContainerMobile_f7lzv7j{color:#FFFFFF;displ
ay:flex;flex-direction:column;margin:1.1875rem 
1rem}.buttonContainer_f1l9w2nn{-ms-transform:translate(-50% 
,-10%);-webkit-transform:translate(-50% ,-10%);bottom:10%;height:2.6875rem;left
:50%;margin:auto;position:absolute;transform:translate(-50% 
,-10%);width:7.9375rem}.faqItem_f916eq1{padding:1.25rem 
0rem}.faqItem_f916eq1:not(:last-child){border-bottom:1px solid #DEE1E3}.faqItem
Text_f9vxk2j{line-height:1.4375rem}.faqItemText_f9vxk2j:not(:last-child){margin
-bottom:0.3125rem}.signUpContainerDesktop_fhu0b6s{color:#FFFFFF;display:flex;fl
ex-direction:row;height:10.4375rem;width:100%}.signUpContainerMobile_fuclvu4{co
lor:#FFFFFF;display:flex;flex-direction:column;height:11.0625rem;width:100%}.si
gnUpContainerMobile_fuclvu4 > div:first-child{max-height:5.9375rem}.signUpSteps
_f22kfo7{background-color:#003E75;display:flex;flex:1 1 
70%;flex-direction:row;font-family:Roboto, 
sans-serif;height:100%}.signUpStepItemDesktop_f1fzvm4o{display:flex;flex:1 1 33
.33%;flex-direction:column;justify-content:space-around;position:relative}.sign
UpStepItemDesktop_f1fzvm4o::after{border-bottom:5.21875rem solid 
transparent;border-left:3.5rem solid #003E75;border-top:5.21875rem solid transp
arent;content:'';position:absolute;right:-1.9375rem;top:0;z-index:1}.signUpStep
ItemDesktop_f1fzvm4o::before{border-bottom:5.21875rem solid 
transparent;border-left:3.5rem solid #00549E;border-top:5.21875rem solid transp
arent;content:'';position:absolute;right:-2rem;top:0;z-index:1}.signUpStepItemD
esktop_f1fzvm4o:not(:first-child){padding-left:0.9375rem}.signUpStepItemDesktop
_f1fzvm4o:last-child{padding-left:1.5625rem}.signUpStepItemMobile_fxi3r9g{displ
ay:flex;flex:1 1 
33.33%;flex-direction:column;justify-content:space-around;padding:0.3125rem 
1.625rem 0.3125rem 0rem;position:relative}.signUpStepItemMobile_fxi3r9g::after{
border-bottom:2.96875rem solid transparent;border-left:1.3125rem solid 
#003E75;border-top:2.96875rem solid transparent;content:'';position:absolute;ri
ght:0.3125rem;top:0;z-index:1}.signUpStepItemMobile_fxi3r9g::before{border-bott
om:2.96875rem solid transparent;border-left:1.3125rem solid 
#00549E;border-top:2.96875rem solid transparent;content:'';position:absolute;ri
ght:0.25rem;top:0;z-index:1}.signUpStepItemMobile_fxi3r9g:last-child::after{bor
der:none}.signUpStepItemMobile_fxi3r9g:last-child::before{border:none}.signUpSt
epItemMobile_fxi3r9g:last-child{flex:1 1 25%;padding-right:0.6875rem}.signUpSte
pInnerRow_f1jf4v1r{display:flex;flex-direction:row;margin:auto;max-width:8.5625
rem;z-index:2}.signUpStepInnerRow_f1jf4v1r > 
span:first-child{font-family:Titillium Web, sans-serif;height:3.4375rem;line-he
ight:3.4375rem;margin-right:0.3125rem}.signUpStepInnerColumn_f1c8zulr{display:f
lex;flex-direction:column;margin:auto}.signUpStepInnerColumn_f1c8zulr > 
span:first-child{font-family:Titillium Web, sans-serif}.signUpStepNoMobile_fska
xa5{height:1.875rem;line-height:1.875rem}.signUpButton_fc5ymsg{background-color
:#073965;display:flex;flex:1 1 30%;height:100%;margin-left:-1.5625rem;padding-l
eft:1.5625rem;z-index:0}.signUpButtonContainer_f1kwqqwm{height:2.6875rem;margin
:auto;width:7.9375rem}.alignCenter_fmjy7fp{align-items:center;text-align:center
}.containerDesktop_ff0kq8u{background-color:#F0F1F2;color:#111111;display:flex;
flex:1 0 auto;flex-direction:column;max-width:63.875rem;padding:1.75rem 1.0625r
em;position:relative}.containerMobile_fte4tl9{background-color:#F0F1F2;color:#1
11111;display:flex;flex:1 0 auto;flex-direction:column;max-width:63.875rem;posi
tion:relative}.bannerImage_f16nknfg{height:auto;width:100%}.bettingPanelDesktop
_fifwvpo{background-color:#FFFFFF;font-family:Roboto, sans-serif;height:auto;pa
dding-top:1.1875rem}.bettingPanelMobile_fifwvpo{background-color:#FFFFFF;font-f
amily:Roboto, sans-serif;height:auto;padding-top:1.1875rem}.infoAndFastFactsPan
elDesktop_f4kk892{display:flex;flex-direction:row}.infoAndFastFactsPanelMobile_
fkhz08q{display:flex;flex-direction:column}.headingOneDesktop_f130ivqn{color:#0
0549E;font-family:Titillium Web, sans-serif;font-size:1.875rem;font-weight:bold
;margin-bottom:0.5625rem;text-align:center;text-transform:uppercase}.headingOne
Mobile_f1k9jgo4{color:#00549E;font-family:Titillium Web, sans-serif;font-size:1
.375rem;font-weight:bold;line-height:1.375rem;margin-bottom:1.6875rem;text-alig
n:center;text-transform:uppercase}.templateHeaderDesktop_f1m7czk9{background:li
near-gradient(to bottom, #00549E, #1C75BC);padding:4.25rem}.templateHeaderMobil
e_f15qyxh9{background:linear-gradient(to bottom, #00549E, #1C75BC);padding:2.5r
em}.calendarTitle_fsuivmx{text-align:center}.activeLink_f1yc02d3{align-items:ce
nter;color:#00549E;display:inline-flex;min-height:2.5rem;padding-left:0.25rem}.
dummyLink_f676ney{align-items:center;color:#111111;display:inline-flex;min-heig
ht:2.5rem;padding-left:0.25rem}.container_f14icuwi{background-color:#FFFFFF;col
or:#111111;font-weight:500;padding:0.375rem}.header_f1uepy4k{align-items:center
;cursor:pointer;display:flex;min-height:2.5rem}.contentHidden_f1wt0yvj{display:
none}.icon_fpgas8j{font-weight:700;padding:0.375rem}.iconPlaceholder_f1okw73k{p
adding:0.875rem}.rootAccordion_f1o7l3w1{box-shadow:0rem 0.0625rem 0.0625rem 
0rem rgba(0, 0, 0, 0.1);margin:1rem}.unsubscribeOptionText_f1t19w9x{color:#1111
11;display:inline-block;margin-top:1rem}.unsubscribeTick_fdm6ais{color:#4AA331}
.optionText_f1d6dypq{padding-left:0.75rem}.optionContainer_fddsvlq{align-items:
center;display:flex}.unsubscribeOptionText_f1t19w9x{color:#111111;display:inlin
e-block;margin-top:1rem}.closeButtonContainer_f1d436jk{align-items:center;margi
n-top:1rem}.unsubscribeContainer_fc9xw98{align-items:center;background:linear-g
radient(to bottom, #00549E, #1C75BC);display:flex;flex-direction:column;min-hei
ght:inherit;padding-top:1.5rem}.buttonContainer_f1d436jk{align-items:center;mar
gin-top:1rem}.unsubscribeAccidentText_f1sh63gs{margin-top:1rem}.unsubscribeOthe
rText_fs7x8z0{margin-top:1rem;text-align:center;width:17.75rem}.preferencesButt
onContainer_f12monv8{margin-top:1rem;width:18.75rem}.preferencesLinkContainer_f
1o66xyt{align-items:center;margin-top:1rem;text-decoration:underline}.errorCont
ainer_fltzq0a{padding-bottom:0.5rem;width:17.75rem}.errorMessageContainer_f1kn9
q6h{align-items:center;flex:1;flex-direction:row;justify-content:space-between}
.unsubscribeFormContainer_fbpyyq9{background-color:#FFFFFF;border-radius:0.5rem
;box-shadow:0rem 0.125rem 0.25rem 0rem rgba(0, 0, 0, 0.2);margin-left:0.5rem;ma
rgin-right:0.5rem;margin-top:0.125rem;padding:1rem;width:18.75rem}.titleContain
er_fpjclqi{align-items:center;backface-visibility:hidden;display:flex;font-fami
ly:Titillium Web, sans-serif;justify-content:center;text-rendering:geometricPre
cision;width:21.25rem}.linkText_f1l8nck5{color:#00549E;cursor:pointer;margin-le
ft:0.5rem;margin-top:-0.625rem}.errorLiveChat_f1f1ygnm{display:flex}.errorConta
ctUs_f1tgknp9{font-weight:bold;margin-left:1.5rem}.linkContainer_fqp73bq{paddin
g-left:0.5rem;padding-right:0.5rem;width:100%}.buttonContainer_fu7q141{height:2
.25rem}.specialImage_fccyvlp{height:15.625rem;object-fit:cover;width:100%}.term
sModalHeader_f1e0nx5y{display:block;padding:1.5rem 0rem}.terms_f1g32z8v{white-s
pace:pre-wrap}.termsButton_f1m8avla{background-color:#FFFFFF;height:2.25rem;wid
th:100%}.indicator_f1awlzbn{color:#0077CC;padding-right:0.1875rem}.termsWrapper
_fe1jpqc{padding:0rem 0.75rem 0.75rem}.infoIcon_f1awlzbn{color:#0077CC;padding-
right:0.1875rem}.terms_f1g32z8v{white-space:pre-wrap}.card_f2bifsa{background-c
olor:#FFFFFF;border-radius:0.1875rem;box-shadow:0 0.0625rem 0.0625rem 0 
rgba(0, 0, 0, 0.1);display:flex;flex-direction:column}.specialImage_fccyvlp{hei
ght:15.625rem;object-fit:cover;width:100%}.buttonContainer_fpsulcm{margin-top:0
.5rem}.buttonContainerBottomPadding_fbmffp8{margin:0.5rem 0rem 0.75rem}.pageCon
tainerMobile_f5swt82{display:flex;flex-direction:column;margin:0 auto;margin-bo
ttom:0.5rem;max-width:29.4375rem}.pageContainerDesktop_fjrgye3{align-items:flex
-start;display:flex;flex-wrap:wrap;margin-bottom:1rem;margin-right:1rem}.cardCo
ntainerMobile_f1tujp2l{margin:0.75rem 0.5rem 0rem 
0.5rem}.cardContainerDesktop_f2g5q1k{flex:1 1 18.65625rem;margin-left:1rem;marg
in-top:1rem;min-width:18.65625rem}.container_fwpks11{color:#111111;display:flex
;flex-direction:row;padding:0rem 0.75rem}.containerNoPadding_fcx5c49{color:#111
111;display:flex;flex-direction:row}.outcomeDetails_f1v1q75l{flex:1;overflow:hi
dden;padding-top:0.3125rem}.outcomeAndPriceContainer_fljt0w1{align-items:center
;color:#111111;display:flex}.priceButtonContainer_f2zuime{color:#111111;column-
gap:0.5rem;display:flex;justify-content:center;min-width:7.5rem}.priceButtonCon
tainerSinglePrice_f13dprsr{color:#111111;display:flex;min-width:7.5rem}.priceBu
ttonContainerResultedSinglePrice_f1w1bpol{color:#111111;display:flex;justify-co
ntent:flex-end;min-width:7.5rem}.detailsContainer_f6im1fz{color:#111111;display
:flex;flex-direction:column;min-width:0rem}.outcomeContainer_fhpx2qn{align-item
s:center;color:#111111;display:flex;padding:0.375rem 0rem 
0.5rem}.silkContainer_f1kmv8hk{height:2rem;margin:0.25rem 0.5rem 0rem 0rem;obje
ct-fit:contain;width:2rem}.clockAndCashOutIconWrapper_f192x5x0{align-items:cent
er;color:#111111;display:flex;margin:0.25rem 0rem 0.25rem}.raceNameContainer_fd
dsvlq{align-items:center;display:flex}.raceNameContainerResulted_f1skmnj8{align
-items:center;display:flex;margin-top:0.25rem}.raceNameLink_f1mf7df0{color:#005
49E;display:block;font-size:0.75rem;margin-top:0.125rem;overflow:hidden;text-ov
erflow:ellipsis;white-space:nowrap}.specialsIcon_fyfax82{margin-left:-0.0625rem
;margin-right:0.25rem;margin-top:0.0625rem}.priceButtonResulted_f1ui8alt{displa
y:flex;height:1.25rem;justify-content:center;margin-left:0.25rem;width:3.5rem}.
placeAndPricesContainer_f1kb8nc{align-items:flex-end;display:flex;flex-directio
n:column}.spinner_fqsbtrl{margin-bottom:0.875rem;position:relative}.scratchedRu
nnerName_f1hzeoet{text-decoration:line-through}.scratchedRunnerDetailsContainer
_f11mbshj{display:flex;flex-direction:column;margin-left:2.75rem}.tipTypeBadgeA
dditionalStyle_f1xgccz7{margin:0.25rem 0.5rem 0rem 0rem}.scratchedText_f8lk5m7{
margin-left:2.5rem;text-transform:uppercase}.ordinalWrapper_f15abp1g{align-item
s:center;background-color:#686B70;border-radius:0.25rem;display:flex;height:1re
m;justify-content:center;margin-right:0.75rem;padding:0rem 0.5rem;width:1.9375r
em}.ordinalUnplacedWrapper_f1h851gw{align-items:center;background-color:#FFFFFF
;border:0.0625rem solid #C3C5C7;border-radius:0.25rem;color:#111111;display:fle
x;height:1rem;justify-content:center;margin-right:0.75rem;padding:0rem 0.5rem;w
idth:fit-content}.reducedOpacity_f1w1k0by{opacity:0.6}.noThirdDividendWrapper_f
c3ohvc{margin:0rem 0.75rem 0.25rem 0rem;text-align:right}.noThirdDividend_fcmec
z0{display:block}.cashOutIconWrapper_fy43dfy{margin-left:0.25rem;margin-top:0.2
5rem}.containerDesktop_f1n4rkis{color:#111111;display:flex;justify-content:spac
e-between;margin:0.5rem 0rem 0.0625rem}.raceNameLink_fz31j5r{color:#00549E;disp
lay:block;flex:1;font-size:0.875rem;margin-right:0.625rem;overflow:hidden;text-
overflow:ellipsis;white-space:nowrap}.viewFullRaceCardLink_f7opyze{font-size:0.
875rem}.viewFullRaceCardLinkWrapper_f127gn9{color:#00549E;margin:1.5rem 0rem 1r
em;text-align:center}.selectFieldContainerMobile_f6my8a{display:flex;margin:0.7
5rem 0.75rem 1.75rem}.selectFieldContainerDesktop_f1f1ygnm{display:flex}.raceDe
tailsContainerMobile_fbycgwm{color:#111111;display:flex;justify-content:space-b
etween;margin:0rem 0.75rem 0.5625rem}.trackSelectFieldWrapperMobile_f1rwdone{ma
rgin-right:0.625rem;width:100%}.trackSelectFieldWrapperDesktop_f18y69ke{margin-
right:0.625rem;min-width:9.875rem}.raceSelectFieldWrapper_f1urjv4l{width:6rem}.
sectionHeaderMobile_f1s2ulix{height:2.5rem;justify-content:space-between;margin
-top:0.1875rem;padding:0rem 1.75rem 0rem 0.75rem;top:3.5rem;z-index:5}.sectionH
eaderDesktop_fbdgdkd{height:2.5rem;justify-content:space-between;margin-top:0.1
875rem;padding:0rem 1.75rem 0rem 0rem;z-index:5}.sectionHeaderExtraSpacing_f1kx
02l0{height:2.5rem;justify-content:space-between;margin-top:0.1875rem;padding:0
rem 1.75rem 0rem 0rem;top:6.375rem;z-index:5}.winColumnHeading_f1kzn4km{margin-
right:2.0625rem;padding-left:1rem}.raceStatusText_f749wli{margin-top:0.125rem;t
ext-align:end}.raceStatusAbandonedText_f1km6jfx{padding-left:0.625rem}.specialC
ontainerMobile_fw31t7v{margin:0.75rem 0.75rem 
0rem}.specialContainerDesktop_f1er1eho{margin:1.25rem 0.375rem 0rem}.overviewAc
cordionHeader_fcglp2j{background-color:#FFFFFF;height:2.75rem;width:100%}.overv
iewAccordionIndicator_fvt1rqa{color:#00549E;padding-right:0.25rem}.overviewCont
ent_f1vmb29x{background-color:#FFFFFF;display:flex;flex-direction:column;paddin
g:1.125rem}.raceOverviewTitle_f6i6gmd{margin-bottom:0.5rem;text-align:center}.r
esultedWrapper_f19vijd{align-items:center;background-color:#686B70;display:flex
;height:1rem;justify-content:center;padding:0rem 0.5rem;width:fit-content}.cash
OutIconWrapper_f1q90351{margin-left:0.25rem;margin-right:0.25rem}.clockAndCashO
utIconWrapper_f1f1ygnm{display:flex}.accordionContainer_fhukcra{margin-bottom:0
.625rem}.accordionContentContainer_f13h8jel{background-color:#FFFFFF;box-shadow
:0rem 0.0625rem 0.0625rem 0rem rgba(0, 0, 0, 0.1);display:flex;flex-direction:c
olumn}.accordionContentContainerTop_fpc1546{background-color:#FFFFFF;box-shadow
:0rem 0.0625rem 0.0625rem 0rem rgba(0, 0, 0, 0.1);display:flex;flex-direction:c
olumn;margin-bottom:0.75rem}.accordionContentList_f11hy032 > 
:not(:last-child){border-bottom:0.0625rem solid #DEE1E3}.tipsSectionHeaderTitle
_fy5r6kw{line-height:1rem;margin-left:0.5rem}.tipsSectionHeaderContainer_f1c3td
dc{background-color:#DEE1E3;display:flex;height:2.375rem;justify-content:space-
between;padding:0rem 0.75rem}.tipsSectionHeaderTitleContainer_fddsvlq{align-ite
ms:center;display:flex}.priceColumnHeadingsContainer_fudadhm{align-items:flex-e
nd;display:flex;justify-content:flex-end;margin-right:0.75rem}.placePriceHeadin
g_ff56lhy{line-height:1rem;margin-bottom:0.25rem}.winPriceHeading_f1g7gq60{line
-height:1rem;margin-bottom:0.25rem;padding-right:2.5rem}.containerMobile_fpsulc
m{margin-top:0.5rem}.containerDesktop_f1sh63gs{margin-top:1rem}.categoryTabsCon
tainer_f648p94{border-bottom:0.0625rem solid 
#C3C5C7}.filters_f4jyqbz{padding:0rem 1rem}.mainContainer_fso6rhz{background-co
lor:#F0F1F2}.articleImageLoadingContainer_f1nphz00{background-color:#C3C5C7}.fu
llScreen_f1kma04e{aspect-ratio:1.3333333333333333;display:block;margin:auto}.wi
deScreen_f7qwa3i{aspect-ratio:1.7777777777777777;display:block;margin:auto}.cla
ssicScreen_f141d8z7{aspect-ratio:2;display:block;margin:auto}.squareScreen_f15h
fd8w{aspect-ratio:1;display:block;margin:auto}.fullWidth_f96or0t{width:100%}.ei
ghtyPercentWidth_f1gg2dis{width:80%}.seventyFivePercentWidth_f1pct9we{width:75%
}.fiftyPercentWidth_frz7r5l{width:50%}.articleBriefContainerDesktop_fy1oqqv{wid
th:15rem}.articleBriefContainerMobile_f96or0t{width:100%}.articleBriefContainer
Feature_f96or0t{width:100%}.articleBriefContainerPopular_f1ubk0hm{display:flex;
justify-content:space-between}.articleBriefContainerDesktopSideBySide_f1f1ygnm{
display:flex}.articleBriefContainerMobileSideBySide_f15qq2vs{margin-bottom:2rem
;width:100%}.articleBriefTitleDesktop_faomdpi{backface-visibility:hidden;cursor
:pointer;font-family:Titillium Web, sans-serif;line-height:1.75rem;margin-botto
m:0.25rem;overflow:hidden;text-overflow:ellipsis;text-rendering:geometricPrecis
ion}.articleBriefTitleMobile_f1f0gg6p{backface-visibility:hidden;cursor:pointer
;font-family:Titillium Web, sans-serif;line-height:1.5rem;margin-bottom:0.25rem
;overflow:hidden;text-overflow:ellipsis;text-rendering:geometricPrecision}.syno
psisContainer_f1m0pc2a{margin-bottom:0.5rem}.articleBriefThumbnailContainerDesk
top_fng9p55{height:fit-content;margin-bottom:0.5rem;width:16rem}.articleBriefTh
umbnailContainerMobile_ftpzu68{height:fit-content;margin-bottom:0.5rem;width:10
0%}.articleBriefThumbnailContainerDesktopSideBySide_f12poazc{flex-basis:35%;hei
ght:fit-content;margin-bottom:2.5rem;margin-right:3rem}.articleBriefThumbnailCo
ntainerMobileSideBySide_ftpzu68{height:fit-content;margin-bottom:0.5rem;width:1
00%}.articleBriefThumbnailContainerPopular_fwwe802{flex-basis:55%;height:fit-co
ntent;margin-bottom:1rem;max-width:40%}.articleBriefContentContainerPopularDesk
top_fkuhuon{flex-basis:55%;height:fit-content;margin-bottom:1rem;max-width:100%
}.articleBriefContentContainerPopularMobile_fd551my{flex-basis:55%}.carouselArt
icleContentContainer_fmk8eut{padding:0.5rem 0rem}.articleThumbnailStyle_f1fbdyf
h{aspect-ratio:2;object-fit:cover;width:100%}.textSeparator_fk8n2y{margin:0rem 
0.5rem}.articleLink_f1xlt1f9{color:#00549E;font-size:0.75rem;text-decoration:un
derline}.categoryLink_f12k36rv{color:#F68D00;font-size:0.75rem;font-weight:bold
}.emptyContainer_fsg7mmf{align-items:center;display:flex;height:100%;width:100%
}.mainContainer_fy5t0ok{align-items:center;display:flex;flex-direction:column;h
eight:100%;justify-content:space-between}.swiperContainer_f13a30bj{height:90%;w
idth:100%}.swiperWrapper_f10krlro{height:100%}.swiperCard_fdiyih{display:flex;f
lex:1 0 auto;justify-content:center;width:100%}.swiperPaginationMobile_f1lricza
{margin:0.5rem 
0rem;position:relative}.swiperPaginationDesktop_f3qnyqp{margin:0.75rem 0rem;pos
ition:relative}.navigationLeftButton_fi2didh{background-color:rgba(255, 255, 
255, 0.75);color:#686B70;cursor:pointer;position:absolute;top:30%}.navigationRi
ghtButton_fyuv3mc{background-color:rgba(255, 255, 255, 0.75);color:#686B70;curs
or:pointer;position:absolute;right:0;top:30%}.noTopPaddingContainerDesktop_fpk4
j0{padding:0rem 2rem 2rem 
2rem}.noTopPaddingContainerMobile_f1179gj3{padding:0rem 1rem 1rem 
1rem}.contentListAndLinkStyle_fbfjv1a 
ul{list-style:circle;padding-left:2.5rem}.contentListAndLinkStyle_fbfjv1a 
ol{list-style:decimal;padding-left:2.5rem}.contentListAndLinkStyle_fbfjv1a 
a{color:#00549E}.contentListAndLinkStyle_fbfjv1a p{padding:0.5rem 
0rem}.contentHeadingDesktopStyle_f15xc33h 
h1{backface-visibility:hidden;color:#00549E;font-family:Titillium Web, sans-ser
if;font-size:36px;line-height:2.75rem;margin-bottom:1rem;overflow:hidden;text-o
verflow:ellipsis;text-rendering:geometricPrecision}.contentHeadingDesktopStyle_
f15xc33h h2{backface-visibility:hidden;color:#00549E;font-family:Titillium 
Web, sans-serif;font-size:28px;line-height:2.75rem;margin-bottom:1rem;overflow:
hidden;text-overflow:ellipsis;text-rendering:geometricPrecision}.contentHeading
DesktopStyle_f15xc33h 
h3{backface-visibility:hidden;color:#00549E;font-family:Titillium Web, sans-ser
if;font-size:24px;line-height:2.75rem;margin-bottom:1rem;overflow:hidden;text-o
verflow:ellipsis;text-rendering:geometricPrecision}.contentHeadingDesktopStyle_
f15xc33h h4{backface-visibility:hidden;color:#00549E;font-family:Titillium 
Web, sans-serif;font-size:20px;line-height:2.75rem;margin-bottom:1rem;overflow:
hidden;text-overflow:ellipsis;text-rendering:geometricPrecision}.contentHeading
DesktopStyle_f15xc33h 
h5{backface-visibility:hidden;color:#00549E;font-family:Titillium Web, sans-ser
if;font-size:16px;line-height:2.75rem;margin-bottom:1rem;overflow:hidden;text-o
verflow:ellipsis;text-rendering:geometricPrecision}.contentHeadingDesktopStyle_
f15xc33h h6{backface-visibility:hidden;color:#00549E;font-family:Titillium 
Web, sans-serif;font-size:12px;line-height:2.75rem;margin-bottom:1rem;overflow:
hidden;text-overflow:ellipsis;text-rendering:geometricPrecision}.contentHeading
MobileStyle_f13gdmvu 
h1{backface-visibility:hidden;color:#00549E;font-family:Titillium Web, sans-ser
if;font-size:28px;line-height:1.5rem;margin-bottom:1rem;overflow:hidden;text-ov
erflow:ellipsis;text-rendering:geometricPrecision}.contentHeadingMobileStyle_f1
3gdmvu h2{backface-visibility:hidden;color:#00549E;font-family:Titillium Web, s
ans-serif;font-size:24px;line-height:1.5rem;margin-bottom:1rem;overflow:hidden;
text-overflow:ellipsis;text-rendering:geometricPrecision}.contentHeadingMobileS
tyle_f13gdmvu 
h3{backface-visibility:hidden;color:#00549E;font-family:Titillium Web, sans-ser
if;font-size:20px;line-height:1.5rem;margin-bottom:1rem;overflow:hidden;text-ov
erflow:ellipsis;text-rendering:geometricPrecision}.contentHeadingMobileStyle_f1
3gdmvu h4{backface-visibility:hidden;color:#00549E;font-family:Titillium Web, s
ans-serif;font-size:16px;line-height:1.5rem;margin-bottom:1rem;overflow:hidden;
text-overflow:ellipsis;text-rendering:geometricPrecision}.contentHeadingMobileS
tyle_f13gdmvu 
h5{backface-visibility:hidden;color:#00549E;font-family:Titillium Web, sans-ser
if;font-size:12px;line-height:1.5rem;margin-bottom:1rem;overflow:hidden;text-ov
erflow:ellipsis;text-rendering:geometricPrecision}.contentHeadingMobileStyle_f1
3gdmvu h6{backface-visibility:hidden;color:#00549E;font-family:Titillium Web, s
ans-serif;line-height:1.5rem;margin-bottom:1rem;overflow:hidden;text-overflow:e
llipsis;text-rendering:geometricPrecision}.articleBriefTitleMobile_fn785ft{back
face-visibility:hidden;font-family:Titillium Web, sans-serif;line-height:1.5rem
;margin-bottom:1rem;overflow:hidden;text-overflow:ellipsis;text-rendering:geome
tricPrecision}.articleBriefTitleDesktop_fcu999{backface-visibility:hidden;font-
family:Titillium Web, sans-serif;line-height:2.75rem;margin-bottom:1rem;overflo
w:hidden;text-overflow:ellipsis;text-rendering:geometricPrecision}.articleBrief
ContainerMobile_f1a35xl1{padding:1rem}.articleBriefContainerDesktop_f16lutfq{pa
dding:2rem}.articleListPostsContainerDesktop_f15t3bj5{display:grid;grid-column-
gap:3rem;grid-row-gap:1.5rem;grid-template-columns:16rem 16rem 16rem;justify-co
ntent:space-between}.articleListPostsContainerNarrow_f10akmwg{display:grid;grid
-template-columns:16rem 16rem;justify-content:space-around}.articleListPostsCon
tainerMobile_f1wj6r1s{display:grid;grid-row-gap:1.5rem;grid-template-columns:10
0%}.sectionTitleMobile_fn785ft{backface-visibility:hidden;font-family:Titillium
 Web, sans-serif;line-height:1.5rem;margin-bottom:1rem;overflow:hidden;text-ove
rflow:ellipsis;text-rendering:geometricPrecision}.sectionTitleDesktop_fcu999{ba
ckface-visibility:hidden;font-family:Titillium Web, sans-serif;line-height:2.75
rem;margin-bottom:1rem;overflow:hidden;text-overflow:ellipsis;text-rendering:ge
ometricPrecision}.firstSectionContainerDesktop_fh0amnq{background-color:#FFFFFF
;display:flex;flex-direction:column;justify-content:space-between;padding:2rem}
.firstSectionContainerMobile_fwx9mr9{background-color:#FFFFFF;display:flex;flex
-direction:column;justify-content:space-between;padding:1rem}.separator_f1s36sj
r{border:0.0625rem solid #C3C5C7;margin:2rem 0rem}.titleDescriptionContainerDes
ktop_f16mpt77{margin-bottom:1.5rem}.titleDescriptionContainerMobile_f1b67e1n{ma
rgin-bottom:1rem;width:100%}.featureAndPopularContainerDesktop_f1f1ygnm{display
:flex}.featureAndPopularContainerMobile_fkhz08q{display:flex;flex-direction:col
umn}.featureCarouselContainerDesktop_f1bx9fa5{display:flex;flex-direction:colum
n;height:fit-content;margin-right:1.5rem;width:60%}.popularContainerDesktop_f65
o2nu{display:grid;flex:1;grid-row-gap:1.5rem;grid-template-columns:16rem;grid-t
emplate-rows:max-content;justify-content:end}.popularContainerMobile_f1wj6r1s{d
isplay:grid;grid-row-gap:1.5rem;grid-template-columns:100%}.sectionTitleMobile_
fn785ft{backface-visibility:hidden;font-family:Titillium Web, sans-serif;line-h
eight:1.5rem;margin-bottom:1rem;overflow:hidden;text-overflow:ellipsis;text-ren
dering:geometricPrecision}.sectionTitleDesktop_fcu999{backface-visibility:hidde
n;font-family:Titillium Web, sans-serif;line-height:2.75rem;margin-bottom:1rem;
overflow:hidden;text-overflow:ellipsis;text-rendering:geometricPrecision}.mainC
ontainer_fqa53j6{background-color:#FFFFFF}.firstSectionContainerMobile_f1a35xl1
{padding:1rem}.firstSectionContainerDesktop_f16lutfq{padding:2rem}.authorSectio
nContainerMobile_fkhz08q{display:flex;flex-direction:column}.authorSectionConta
inerDesktop_f1f1ygnm{display:flex}.secondSectionContainerMobile_fitl3pw{margin-
top:2rem;padding:1rem}.secondSectionContainerDesktop_fitl3pw{margin-top:2rem;pa
dding:1rem}.authorAvatarContainerMobile_f1ystxik{display:flex;height:11.25rem;j
ustify-content:center;width:100%}.authorAvatarContainerDesktop_flvnx7f{flex-bas
is:auto;height:10.5rem;margin-right:1.5rem;width:10.5rem}.authorAvatarDesktop_f
d3rkjm{object-fit:cover;width:100%}.authorAvatarMobile_f10krlro{height:100%}.au
thorDescriptionContainerMobile_f2hdmuy{display:flex;flex-direction:column;justi
fy-content:space-between;margin-top:0.5rem}.authorDescriptionContainerDesktop_f
69miqs{display:flex;flex-basis:75%;flex-direction:column;justify-content:space-
between}.authorTwitterLinkDesktop_f1umvm7h{color:#00549E;font-size:1rem}.author
TwitterLinkMobile_f9rn670{color:#00549E;font-size:1rem;margin-top:2rem}.fullWid
thIframe_f1tm2n8v{aspect-ratio:1.7777777777777777;width:100%}.overview_fcmecz0{
display:block}.readMoreLess_fpunz29{color:#00549E !important;cursor:pointer;mar
gin-left:0.25rem}.specialsBar_fdrnmxs{background-color:#FFFFFF;box-shadow:0rem 
0.0625rem 0.125rem 0rem rgba(0, 0, 0, 0.2);display:flex;flex-direction:column;w
idth:100%;z-index:2}.specialsIcon_foxssx8{left:1rem;position:absolute;top:0.75r
em}.specialsText_f6d4uao{display:flex;flex-direction:column;margin:0.5rem 1rem 
0.5rem 3rem;text-align:left}.titleText_f17895gg{margin-bottom:0.25rem}.eventCon
tainer_f1srpaob{position:relative;width:100%}.eventContainer_f1srpaob > div:las
t-child{padding-bottom:0.5rem}.eventDetailsContainer_fgi2kza{background-color:#
FFFFFF;display:flex;flex-direction:column;padding-top:0.75rem}.organicGrowthEng
ineEventDetailsContainer_f1ajo91q{background-color:rgba(0, 0, 0, 0);display:fle
x;flex-direction:column;padding-top:0.75rem}.headerContainer_foozucw{align-item
s:center;border-bottom:0.0625rem solid 
#DEE1E3;display:flex;flex:1;flex-direction:row;margin:0rem 1rem;padding-bottom:
0.75rem}.headerContainerNarrowest_f1qcx3q9{flex-wrap:wrap}.headerContainerNarro
west_f1qcx3q9 div:first-child{flex:1}.headerContainerNarrowest_f1qcx3q9 
a{order:1}.organicGrowthEngineHeaderContainer_fx2kmno{margin:0rem 1rem;padding-
bottom:0.75rem}.meetingInfo_f1e8nwq8{align-items:center;color:#111111;display:f
lex;flex-direction:row;padding-right:1.25rem;white-space:nowrap}.displayNameLin
k_f1cpyazy{margin-right:0.25rem;overflow:hidden;text-align:left;text-overflow:e
llipsis;white-space:nowrap;width:100%}.classIcon_fxjpoyk{color:#686B70}.competi
tionName_f1q9ufae{margin-left:0.5rem}.organicGrowthEngineCompetitionName_fhgmv7
l{color:#FFFFFF}.outcomeContainer_f96or0t{width:100%}.specialsBarContainer_fwg7
v6{left:0;position:absolute;top:0;width:100%}.specialsBarSpacing_fcivw2m{paddin
g-top:3.625rem}.statusContainer_f2s1awa{align-items:center;display:flex;flex-di
rection:row}.organicGrowthEngineOddsStatusContainer_f86bhbe{align-items:center;
display:flex;flex-direction:row;justify-content:space-between;margin-top:0.5rem
}.legTypeLabelDesktop_fnq9pd0{display:flex;justify-content:space-around;width:1
4.0625rem}.legTypeLabelMobile_f1noua1o{display:flex;justify-content:space-aroun
d;width:7.1875rem}.statusField_f1e8wst5{margin-right:0.375rem}.cashOutIconWrapp
er_f1nj33th{margin-right:0.25rem;margin-top:0.25rem}.racingContainerDesktop_f14
3y2ub{margin:0.5rem;width:100%}.racingContainerMobile_fl8qkup{margin:0}.racingB
uttonDesktop_f239jpk{display:block;margin:0.5rem 1rem;width:30%}.racingButtonMo
bile_fhxf3qu{width:auto}.eventTitleContainer_f1drbrc0{margin:1rem 1rem 0rem 1re
m}.streamingIconContainer_f1ubk0hm{display:flex;justify-content:space-between}.
oneLineTitleContainer_f1t89vpn{height:1rem}.oneLineTitleOddsModuleContainer_f94
3ows{height:1rem;text-align:center}.twoLinesTitleContainer_f173k95s{max-height:
2rem;min-height:2rem}.organicGrowthEngineOneLineTitleOddsModuleContainer_f1vqia
bg{margin-left:1rem}.eventName_f1ipk5ox{margin-bottom:0.125rem}.truncatedTextSt
andard_f13gtdq5{width:10.625rem}.truncatedTextNarrow_f1os4j43{width:8.125rem}.t
runcatedTextWide_f1h1h11z{width:11.875rem}.oddsModuleTitleContainerWithJerseys_
f1rx2kg4{display:flex;justify-content:space-between;margin:0rem 
1rem}.oddsModuleTitleContainerWithoutJerseys_f7ydyzw{display:flex;margin:0rem 1
rem}.organicGrowthEngineOddsModuleTitleContainerWithJerseys_f1vkjnaw{display:fl
ex;justify-content:space-evenly;margin:1rem 0rem 0rem;min-height:2rem}.organicG
rowthEngineOddsModuleTitleContainerWithJerseysWdw_fdh9lti{display:flex;justify-
content:space-around;margin:1rem 0rem 0rem;min-height:2rem}.organicGrowthEngine
OddsModuleTitleContainerWithoutJerseys_f15koban{display:flex;justify-content:sp
ace-between;margin:0rem 1rem 1rem}.textTitleContainer_f1iagvpp{display:flex;fle
x-direction:column;text-align:center}.eventDateAndTime_fpsulcm{margin-top:0.5re
m}.eventDateAndTimeMobile_fjibmdd{margin-top:0.5rem;text-align:center}.iconStyl
eChannelLogo_f8ha6p8{margin-bottom:-0.625rem;margin-top:-0.25rem}.teamImageOver
lapContainer_fyplbfv{height:2.1875rem;position:relative;width:2.1875rem}.teamJe
rseyAContainer_f10p32av{height:2.1875rem;width:2.1875rem}.teamJerseyBOffsetWrap
_fgkefo6{left:1.25rem;position:absolute;top:0.625rem}.sgmPopularTitleContainer_
fo9wivx{display:flex;flex-direction:row;justify-content:space-between;width:100
%}.eventDateAndTimeMargin_firqz48{margin-bottom:0.5rem;margin-top:0.25rem}.sgmI
conStyle_fvcssq5{color:#FFFFFF;display:flex}.organicGrowthEngineOddsContainerMo
bile_f1ubk0hm{display:flex;justify-content:space-between}.mobileJerseyLeft_fl8q
kup{margin:0}.mobileJerseyRight_fl8qkup{margin:0}.organicGrowthEngineEventTitle
Mobile_faowcuh{overflow:hidden}.container_f1f1ygnm{display:flex}.swiperContaine
r_fk6ul71{align-items:center;display:flex;justify-content:center;width:100%}.sw
iperSlide_fb02mio{align-items:center;cursor:pointer;display:flex;flex-shrink:0;
justify-content:center}.controlButton_fxjpoyk{color:#686B70}.optionsView_f1lb78
jd{align-items:center;display:flex;justify-content:center;pointer-events:none;p
osition:absolute;width:100%;z-index:1}.centralOptionFrame_fnal74j{border:solid 
0.125rem #00549E;flex:1;height:2rem}.nearestOptionFrame_fi68byq{background-colo
r:rgba(255, 255, 255, 0.5);flex:1;height:2rem}.farthestOptionFrame_f1dazols{bac
kground-color:rgba(255, 255, 255, 0.7);flex:1;height:2rem}.controlsContainer_fp
umc1u{display:flex;justify-content:flex-end;margin-bottom:1.5rem;padding-top:0.
625rem}.pickerLayoutContainerDesktop_fm804sy{align-self:center;display:flex;fle
x-direction:column;width:23.6875rem}.playerLineContainer_fp5tyk{align-self:cent
er;display:flex;flex-direction:column}.pickControlContainer_fddsvlq{align-items
:center;display:flex}.listControlContainer_f14yslly{align-items:center;display:
flex;margin-left:0.5rem}.controlText_f1n0dvv8{margin-left:0.25rem}.pickerContai
ner_fl9a4co{margin-bottom:1rem}.outcomesContainer_f1f1ygnm{display:flex}.firstO
utcome_fndgavu{flex:1;margin-right:0.5rem}.secondOutcome_f1qo33y1{flex:1}.blurb
Line_f1e4yol7{background-color:#DEE1E3;height:0.0625rem;margin-bottom:0.75rem;m
argin-top:0.25rem}.showAllContainer_f1i2taxr{background-color:#FFFFFF;display:f
lex;justify-content:center;padding:0.1875rem 0rem;text-align:center;width:100%}
.chevronStyle_f1ryt8d{margin-right:0.5rem}.showAllContainerStyle_f1f1ygnm{displ
ay:flex}.statContainer_f1pp9hk{align-items:center;display:inline-block;justify-
content:center;line-height:0.75rem;text-align:center}.lastStat_ft18y4k{backgrou
nd-color:#E7F4FF;border:0.0625rem solid #E7F4FF;border-radius:0.25rem;min-width
:1rem}.separator_fqfbx2r{align-items:center;display:inline-block;justify-conten
t:center;text-align:center}.nameWrapper_fddsvlq{align-items:center;display:flex
}.oddRow_f1eby24h{align-items:center;background-color:#F0F1F2;display:flex;heig
ht:2rem;padding-left:0.75rem}.evenRow_f17jhmlw{align-items:center;background-co
lor:#FFFFFF;display:flex;height:2rem;padding-left:0.75rem}.matchDetails_f10ytpl
x{align-items:center;display:flex;justify-content:space-between;width:100%}.won
Result_f9q8nft{align-items:center;background-color:#4AA331;border-radius:0.25re
m;display:flex;height:1.25rem;justify-content:center;margin-left:0.5rem;margin-
right:0.75rem;width:1.25rem}.lostResult_f1cu7coc{align-items:center;background-
color:#FF4C4C;border-radius:0.25rem;display:flex;height:1.25rem;justify-content
:center;margin-left:0.5rem;margin-right:0.75rem;width:1.25rem}.drawResult_f11zw
zap{align-items:center;background-color:#686B70;border-radius:0.25rem;display:f
lex;height:1.25rem;justify-content:center;margin-left:0.5rem;margin-right:0.75r
em;width:1.25rem}.roundTextWeb_ff7jhld{text-align:left;width:5rem}.roundTextMob
ile_fi9o2a8{width:3rem}.score_f1onlpfe{text-align:left;width:2.75rem}.statColum
nSeparatorOdd_f1hffu6y{background-color:#FFFFFF;display:flex;height:2rem;width:
0.0625rem}.statColumnSeparatorEven_fc744sv{background-color:#F0F1F2;display:fle
x;height:2rem;width:0.0625rem}.matchDetailsContainer_f101d2gl{display:flex;widt
h:50%}.statsContainer_fsi8idp{align-items:center;display:flex;flex-direction:ro
w;width:50%}.rowSmall_fm8mcxa{text-align:center;width:50%}.icon_f1jdab6q{margin
-left:0.5rem;margin-top:0.125rem;position:absolute}.opponentInfoContainer_fddsv
lq{align-items:center;display:flex}.opponentTeamAbbreviation_flr3fi8{margin-rig
ht:0.25rem;width:2rem}.containerLastInColumn_fgw963o{margin-top:0.25rem}.formCo
ntentContainer_fayx7wh{background-color:#F0F1F2;margin-bottom:0.25rem;margin-to
p:0.125rem;padding-bottom:0.5rem}.formContentContainerMobile_f4kd9e8{background
-color:#F0F1F2;margin-bottom:0.25rem;margin-top:0.25rem;padding-bottom:0.5rem}.
filterContainer_f1lkpf3l{align-items:center;display:flex;flex-direction:row;pad
ding-left:1rem;padding-right:1rem}.statsFilter_fssd3gb{align-items:center;displ
ay:flex;flex-direction:row;height:3.25rem;justify-content:space-between;width:5
0%}.separator_fd7ywo{background-color:#686B70;height:1.3125rem;margin-left:1rem
;margin-right:1rem;width:0.0625rem}.formBlurb_fcu5mnm{margin-left:1.5rem;margin
-right:1.5rem;text-align:center}.outcomeFormHeader_f1u8np7v{display:flex;margin
-bottom:0.5rem;margin-left:0.25rem;margin-top:0.75rem}.formHeaderMatchDetails_f
m8mcxa{text-align:center;width:50%}.formHeaderStatsDetails_f6zereq{display:flex
;text-align:center;width:50%}.statTypeText_fm8mcxa{text-align:center;width:50%}
.notchLeft_flay47n{background-color:#FFFFFF;border-bottom:0.0625rem solid 
#DEE1E3;border-right:0.0625rem solid #DEE1E3;height:0.75rem;justify-content:cen
ter;left:25%;margin-top:-0.625rem;position:relative;transform:rotate(45deg);wid
th:0.75rem}.notchRight_f1d5cw8m{background-color:#FFFFFF;border-bottom:0.0625re
m solid #DEE1E3;border-right:0.0625rem solid #DEE1E3;height:0.75rem;justify-con
tent:center;left:75%;margin-top:-0.625rem;position:relative;transform:rotate(45
deg);width:0.75rem}.emptyState_f1d7umd6{padding-bottom:0.5rem;padding-top:0.5re
m}.outcomeContainer_f1wc7xgg{background-color:#FFFFFF;border-bottom:0.0625rem 
solid #DEE1E3;padding:0.1875rem 
0rem}.outcomeContainerWithCarousel_f14fb941{background-color:rgba(0, 0, 0, 0);p
adding:1rem}.outcomeDetails_f1t3f12{align-items:center;display:flex;justify-con
tent:space-between}.outcomeDetailsFirst_f162fqwy{padding-top:0rem}.outcomeDetai
lsLast_f1lnb1hs{border-bottom:0;padding-bottom:0.25rem}.outcomeName_f1sg37mo{-m
oz-hyphens:auto;-ms-hyphens:auto;-webkit-hyphens:auto;hyphens:auto;overflow-wra
p:break-word;padding-right:0.5rem;word-wrap:break-word}.flagWrapper_f1mhuhos{ma
rgin-bottom:0.25rem;padding-right:0.5rem}.eventMarketTextWrapper_fkhz08q{displa
y:flex;flex-direction:column}.accordionHeader_f1j7wteo{background-color:#FFFFFF
;color:#00549E}.playerMarket_fbiug2f{border-bottom:0.0625rem solid #DEE1E3;marg
in-bottom:0.25rem}.groupedMarketColumnLeft_fndgavu{flex:1;margin-right:0.5rem}.
groupedMarketColumnRight_fvjurkx{flex:1;margin-left:0.5rem}.groupedMarket_f4kk8
92{display:flex;flex-direction:row}.rows_f8q56oj{background-color:#FFFFFF;paddi
ng-bottom:0.25rem}.row_fxkdfh{align-items:stretch;display:flex;flex:1}.headerRo
w_f1kfzsch{border-bottom:0.0625rem solid 
#DEE1E3;margin-bottom:0.375rem}.outcomeCard_fh0pb0b{flex:1 0 0;padding:0rem 
0.5rem 0.25rem 0rem}.headerRowItem_ffxkec7{display:flex;flex:1 0 
0;justify-content:center;padding:0rem 0.5rem 0.25rem 
0rem}.headerRowItemRight_fhp1rhc{display:flex;flex:1 0 
0;justify-content:center;padding:0rem 0.5rem 0.25rem 
0rem;padding-right:0rem}.outcomeCardLastInItsColumn_f17xqn4p{flex:1 0 
0;padding:0rem 0.5rem 0.25rem 
0rem;padding-bottom:0}.outcomeCardRight_f8cncvq{flex:1 0 0;padding:0rem 0.5rem 
0.25rem 0rem;padding-right:0}.outcomeCardRightLastInItsColumn_f15gjofo{flex:1 
0 0;padding:0rem 0.5rem 0.25rem 0rem;padding-bottom:0;padding-right:0}.outcomeD
etails_ffa6c2o{align-items:center;border:0.0625rem solid #DEE1E3;border-radius:
0.5rem;display:flex;height:100%;justify-content:space-between}.outcomeName_f19a
8l1b{-moz-hyphens:auto;-ms-hyphens:auto;-webkit-hyphens:auto;color:#111111;hyph
ens:auto;overflow-wrap:break-word;padding-right:0.5rem;word-wrap:break-word}.ou
tcomeNameNarrowest_fqtvooc{-moz-hyphens:auto;-ms-hyphens:auto;-webkit-hyphens:a
uto;color:#111111;hyphens:auto;overflow-wrap:break-word;padding:0.25rem;padding
-right:0.5rem;word-wrap:break-word}.flagWrapper_fft8rl2{margin-bottom:0.125rem;
padding-left:0.5rem}.eventMarketTextWrapper_f1hwbgct{display:flex;flex-directio
n:column;padding-left:0.5rem}.accordionHeader_f1j7wteo{background-color:#FFFFFF
;color:#00549E}.sportsEventOutcomeForm_f96or0t{width:100%}.pyolContainerDesktop
_fkhz08q{display:flex;flex-direction:column}.pyolContainerMobile_f1f1ygnm{displ
ay:flex}.pyolTeamDesktop_f10z4szt{align-items:center;display:flex;flex-directio
n:row-reverse;justify-content:space-between;padding:0.1875rem 
0rem}.pyolTeamDesktop_f10z4szt:not(:last-child){border-bottom:solid #DEE1E3 0.0
625rem}.pyolTeamMobile_f1ri7r5e{display:flex;flex:1;flex-direction:column;justi
fy-content:stretch}.pyolTeamMobile_f1ri7r5e:first-child{padding-right:0.25rem}.
pyolTeamMobile_f1ri7r5e:last-child{padding-left:0.25rem}.pyolPriceButtonDesktop
_f1x3q5rd{margin-left:1rem;width:3.5rem}.pyolSelectOutcomeDesktop_fvf4xgb{width
:8rem}.pyolSelectionDetailsDesktop_f1goa01j{align-items:baseline;display:flex;f
lex-direction:row-reverse}.pyolSelectionDetailsMobile_fkhz08q{display:flex;flex
-direction:column}.pyolSelectContainer_f171q0mq{background-color:#F0F1F2;border
-radius:0.125rem;box-shadow:inset 0 -2px 0 0 rgba(0, 0, 0, 0.2);font-size:0.75r
em;margin-top:0.5rem;padding:0.5rem}.pyolSelectInput_fql4h4k{border-radius:0.12
5rem}.pyolSelectIconField_f1op6hsi{padding-right:0.5rem}.firstOutcome_fov6qq9{-
moz-hyphens:auto;-ms-hyphens:auto;-webkit-hyphens:auto;align-self:center;color:
#111111;flex:1 0 0;hyphens:auto;overflow-wrap:break-word;padding:0rem 0.25rem;p
adding-bottom:0.25rem;padding-left:0rem;text-align:center;word-wrap:break-word}
.secondOutcome_f1h0j3uy{-moz-hyphens:auto;-ms-hyphens:auto;-webkit-hyphens:auto
;align-self:center;color:#111111;flex:1 0 
0;hyphens:auto;overflow-wrap:break-word;padding:0rem 0.25rem;padding-bottom:0.2
5rem;padding-right:0rem;text-align:center;word-wrap:break-word}.outcomeCardItem
s_fl2ed8a{align-items:flex-start;display:flex;gap:0.5rem;width:100%}.outcomeDet
ails_f1qyxu79{display:flex;flex:1;min-width:0}.priceButton_f1n4s149{flex:1;min-
width:0}.lastFive_f9000yb{margin-top:0.25rem;text-align:center}.evenRow_fmu6azs
{background-color:#FFFFFF;display:flex;height:2.25rem;justify-content:space-bet
ween;margin:0rem 0.0625rem;padding:0.5rem}.oddRow_f1enrozh{background-color:#F0
F1F2;display:flex;height:2.25rem;justify-content:space-between;margin:0rem 0.06
25rem;padding:0.5rem}.homeAwayTextDesktop_fvhtcwm{text-align:left;width:2rem}.s
coreTextDesktop_f1crr64{text-align:left;width:3.5rem}.scoreTextMobile_f1onlpfe{
text-align:left;width:2.75rem}.wonResult_fxr1h8l{align-items:center;background-
color:#4AA331;border-radius:0.25rem;display:flex;height:20px;justify-content:ce
nter;width:20px}.lostResult_f16xm9j4{align-items:center;background-color:#FF4C4
C;border-radius:0.25rem;display:flex;height:20px;justify-content:center;width:2
0px}.drawResult_f1l5kti5{align-items:center;background-color:#686B70;border-rad
ius:0.25rem;display:flex;height:20px;justify-content:center;width:20px}.flagCon
tainer_fk8n2y{margin:0rem 0.5rem}.teamAbbreviation_fza36t5{text-align:left;widt
h:1.75rem}.columnReverse_fuongr{display:flex;flex-direction:row-reverse}.oppone
ntInfoContainer_f1f1ygnm{display:flex}.formContainer_fwhw0v9{background-color:#
E5E8ED;margin-top:0.5rem;padding-bottom:0.5rem}.accordionHeader_f1ws7clv{align-
content:center;background-color:#FFFFFF;color:#00549E;padding-top:0.5rem;text-a
lign:center}.header_f27e5cw{align-items:center;display:flex;justify-content:spa
ce-evenly;padding:0.5rem 1.5rem}.vsText_fxq9av9{padding-left:0.5rem;padding-rig
ht:0.5rem}.teamStatsContainer_f12nrxbh{align-items:center;display:flex;flex-dir
ection:column;padding-left:0.75rem;padding-right:0.75rem}.columnsContainer_f1f1
ygnm{display:flex}.column_frz7r5l{width:50%}.teamAbbreviationText_fbcb3bc{line-
height:1rem}.teamSummaryText_fbcb3bc{line-height:1rem}.teamSummaryStats_f53rwz3
{align-items:center;display:flex;padding:0.5rem 1.5rem}.suspended_feh6ubg{backg
round-color:#FFFFFF;display:block;padding:1rem;text-align:center}.mainContainer
_fuvtvbu{background-color:rgba(0, 0, 0, 0)}.dotsWrapper_f1ox7hc9{display:flex;j
ustify-content:center;padding:1rem}.dot_ft3y7xc{background-color:#686B70;border
-radius:50%;cursor:pointer;height:0.9375rem;margin:0 0.3125rem;width:0.9375rem}
.activeDot_flvw0d3{background-color:#0C5CD4}.carouselContainer_f9dugbn{display:
flex;flex-direction:column;height:100%;justify-content:center;width:100%}.swipe
rSlideWrapper_fijoo91{box-sizing:content-box;cursor:pointer;display:flex;height
:100%;transform:translate3d(0, 0, 
0);transition-duration:0s;transition-property:transform, left, top;transition-t
iming-function:ease}.swiperSlideContent_f1idsd4e{align-items:center;display:fle
x;flex:1 0 auto;flex-direction:column}.itemsGroupMobile_fiy3v8i{width:300px}.it
emsGroupDesktop_fo9wivx{display:flex;flex-direction:row;justify-content:space-b
etween;width:100%}.column_fe2u6ch{display:flex;flex:1;flex-direction:column;jus
tify-content:space-between;margin-right:0.75rem}.space_f182o9li{width:5rem}.spo
rtsColumnOddsDesktop_f11ai5k3{margin:0rem 1rem;width:32%}.sportsColumnBetNowDes
ktop_f1eyp6eo{display:flex;flex-direction:column;margin:0.25rem 0rem 0rem 0.75r
em;padding-bottom:0.75rem;width:35%}.sportsColumnBetNowDesktopCarousel_f1jj37g8
{display:flex;flex-direction:column;margin:0.25rem 0rem 0rem 0.75rem;padding-bo
ttom:0.75rem;width:97%}.jerseyContainer_fm9mlku{margin:0.625rem 0rem}.buttonDes
ktop_f88h82q{margin-left:0.625rem}.oddsModuleContainerDesktop_f1fpjht6{display:
flex;flex:1;justify-content:space-between;margin:2rem;padding:0.5rem 0rem 1rem}
.oddsModuleContainerMobile_fjagzfv{display:flex;flex-direction:column-reverse;p
adding:0.9375rem}.fullWidthIframe_fmpbbb4{aspect-ratio:0.6923076923076923;width
:100%}.twitterIframe_fmaa98h{aspect-ratio:1;width:100%}.mainContainer_fqa53j6{b
ackground-color:#FFFFFF}.paddingContainerDesktop_f16lutfq{padding:2rem}.padding
ContainerMobile_f1a35xl1{padding:1rem}.noTopPaddingContainerDesktop_fpk4j0{padd
ing:0rem 2rem 2rem 2rem}.noTopPaddingContainerMobile_f1179gj3{padding:0rem 
1rem 1rem 1rem}.sectionTitleMobile_fn785ft{backface-visibility:hidden;font-fami
ly:Titillium Web, sans-serif;line-height:1.5rem;margin-bottom:1rem;overflow:hid
den;text-overflow:ellipsis;text-rendering:geometricPrecision}.sectionTitleDeskt
op_fcu999{backface-visibility:hidden;font-family:Titillium Web, sans-serif;line
-height:2.75rem;margin-bottom:1rem;overflow:hidden;text-overflow:ellipsis;text-
rendering:geometricPrecision}.articleList_fil60u7{color:#111111;list-style:circ
le;padding-left:2.5rem}.articleComponentContainer_fl9a4co{margin-bottom:1rem}.a
rticleImage_f5u4fpt{object-fit:cover}.textSeparator_fk8n2y{margin:0rem 0.5rem}.
articleLink_f1xlt1f9{color:#00549E;font-size:0.75rem;text-decoration:underline}
.categoryLink_f12k36rv{color:#F68D00;font-size:0.75rem;font-weight:bold}.starIc
on_fu7535a{align-items:center;cursor:pointer;display:flex}.container_f1f1ygnm{d
isplay:flex}.jockeyListLink_fybjayh{align-items:center;display:flex;flex:1}.joc
keySilkIcon_f15lfz8f{color:#686B70;margin-right:0.5rem}.iconContainer_fddsvlq{a
lign-items:center;display:flex}.myJockeysTextAnimation_f14mz1bv{animation-durat
ion:1.8s;animation-name:f7rnkfd;padding-right:0.5rem}.jockeyRidesText_f1n31fhl{
padding-left:0.5rem}.jockeyRidesTextContainer_f1gqgsum{align-items:baseline;dis
play:flex}.disableStar_fxjpoyk{color:#686B70}.disabledJockeySilkIcon_f11epsnk{c
olor:#C3C5C7;margin-right:0.5rem}.blueHeading_fatrg09{background:#00549E;displa
y:flex;padding:0.5rem 1rem}.blueHeadingWithYellowBall_f1dwlnfh{background:#0054
9E;display:flex;line-height:1.25rem;padding:0.5rem}.headingDesktop_f1f11dnj{ali
gn-items:center;color:#111111;display:flex;padding-bottom:0.5rem;padding-top:1r
em}.headingMobile_f16d1ca6{align-items:center;color:#111111;display:flex;paddin
g:0rem 1rem;padding-bottom:0.5rem;padding-top:1rem}.headingDesktopMinimalPaddin
g_f1wyhp1z{align-items:center;color:#111111;display:flex;padding-bottom:0.25rem
;padding-top:0.5rem}.headingMobileMinimalPadding_f525g1m{align-items:center;col
or:#111111;display:flex;padding-bottom:0.25rem;padding-left:1rem;padding-top:0.
5rem}.headingMobileNoPadding_f1f11dnj{align-items:center;color:#111111;display:
flex;padding-bottom:0.5rem;padding-top:1rem}.blackBall_fcim5z1{align-items:cent
er;background-color:#111111;border-radius:0.625rem;display:flex;height:1.25rem;
justify-content:center;margin:0rem 0.5rem 0.0625rem 0rem;width:1.25rem}.blackBa
llDisabled_fpt0dka{align-items:center;background-color:#111111;border-radius:0.
625rem;display:flex;height:1.25rem;justify-content:center;margin:0rem 0.5rem 
0.0625rem 0rem;opacity:0.1;width:1.25rem}.yellowBall_f1jbzgko{align-items:cente
r;background-color:#FAD701;border-radius:0.625rem;display:flex;height:1.25rem;j
ustify-content:center;margin:0rem 0.5rem 0.0625rem 0rem;width:1.25rem}.yellowBa
llDisabled_f1999edb{align-items:center;background-color:#FAD701;border-radius:0
.625rem;display:flex;height:1.25rem;justify-content:center;margin:0rem 0.5rem 
0.0625rem 0rem;opacity:0.1;width:1.25rem}.iconContainer_f1rjhs89{color:#686B70;
margin-left:0.75rem;margin-top:0.25rem}.containerMobile_f12z6qr1{margin-top:0.5
rem;padding-left:1rem;padding-right:1rem}.containerDesktop_f1sh63gs{margin-top:
1rem}.emptyState_fyy7t3q{white-space:pre}.jockeyListContainer_f1ffjsjp{flex:1;f
lex-direction:row;margin-top:0.5rem}.jockeyListItem_f12wu5w2{flex-direction:row
;padding:1.25rem 0rem}.emptyStateStarIcon_fddsvlq{align-items:center;display:fl
ex}.emptyMyJockeysContainer_f4pwluq{align-items:center;animation-duration:0.2s;
animation-name:f1viyxtx;display:flex;flex:1;height:2.9375rem;justify-content:sp
ace-between;margin:0.25rem 0rem;padding-right:1rem}.mobileEmptyStatePadding_f1q
kq14j{padding-left:1rem}.searchDesktopContainer_fosvbdr{align-items:center;bord
er-bottom:1px solid;border-color:#C3C5C7;display:flex;flex-direction:row;justif
y-content:center;max-width:21.75rem;padding-bottom:0.25rem;width:auto}.searchMo
bileContainer_fng003i{align-items:center;border-bottom:1px solid;border-color:#
C3C5C7;display:flex;flex-direction:row;justify-content:center;max-width:100%;pa
dding-bottom:0.25rem;width:auto}.inputContainer_frl51sd{padding:0;width:100%}.s
earchInput_f144nq4i{background:transparent;border:0;color:#111111;font-size:0.8
75rem;outline:none;padding-left:0.5rem;width:100%}.searchInput_f144nq4i::placeh
older{color:#686B70}.jockeyNotFoundTitleAndText_f17895gg{margin-bottom:0.25rem}
.contentContainer_f1qqpcfy{background-color:#FFFFFF;display:flex;padding-bottom
:1.25rem}.leftChunkContainer_fjydt2m{flex:1;overflow:hidden}.inactiveLeftChunkC
ontainer_ff699dq{flex:1;opacity:0.6;overflow:hidden}.rightChunkContainer_fw5udw
0{align-items:flex-end;width:120px}.silk_f17hcawf{margin-left:-0.375rem}.stream
ingIcon_f9ylvm6{align-self:center;justify-content:center;margin-right:0.25rem;t
ext-align:center}.specialsIcon_f9ylvm6{align-self:center;justify-content:center
;margin-right:0.25rem;text-align:center}.runnerContainer_ftl1cvp{display:flex;p
adding:0.75rem 0rem 0.5rem 0rem}.competitionAndEventInfoText_f58q3mj{color:#005
49E;display:block;overflow:hidden;text-overflow:ellipsis;white-space:nowrap}.ev
entStatusFieldsContainer_f12limm5{align-items:center;display:flex;height:1rem;j
ustify-content:flex-end;margin:0.75rem 0rem 0.5rem 0rem}.pricesContainer_fdo1ca
s{display:flex;gap:8px;justify-content:flex-start}.outcomeStatusText_f1yac25a{d
isplay:flex;justify-content:flex-end;margin-top:1rem}.eventStatusLeftChunkConta
iner_f4hm7in{align-items:flex-start;display:flex}.cashOutIconWrapper_f1nj33th{m
argin-right:0.25rem;margin-top:0.25rem}.cashOutIconWithoutRightMarginWrapper_fg
w963o{margin-top:0.25rem}.containerDesktop_f1yedv64{margin:1rem 0rem 0rem 0.75r
em}.containerMobile_fpsulcm{margin-top:0.5rem}.sectionHeader_f1py5cfn{backgroun
d-color:#F0F1F2;display:flex;justify-content:space-between}.sectionHeaderText_f
i20i0z{color:#111111;justify-content:flex-start;margin:0.75rem 0rem;padding-lef
t:0.75rem}.priceLabelRow_f13foqds{align-items:center;display:flex;gap:0.5rem;ju
stify-content:flex-end;padding-right:1rem}.emptyState_fyy7t3q{white-space:pre}.
winAndPlacePriceLabelsContainer_frf6qv2{display:flex;justify-content:center;wid
th:56px}.priceLabelText_fxjpoyk{color:#686B70}.quickbetMessage_f1g32z8v{white-s
pace:pre-wrap}.outcomeNamesContainer_fzv95hr{padding:1rem 0rem 1rem 1rem}.legLi
st_f1nh4q5z{list-style-position:outside;list-style-type:disc}.clubAccountFirstB
et_fkhz08q{display:flex;flex-direction:column}.jointAccountAlertCheckbox_f1sh63
gs{margin-top:1rem}.groupNameText_f1hpampt{margin-top:0.75rem}.container_f1cbo6
77{display:flex;justify-content:space-between;margin:0rem 1rem;padding-top:0.5r
em}.containerDesktop_f12n1fyy{display:flex;justify-content:flex-start;margin:0r
em 1rem;padding-top:0.5rem}.eventTime_f1qkq14j{padding-left:1rem}.container_f1z
10v5r{align-items:center;display:flex;margin-left:2rem}.weather_f1523t7c{margin
-left:0.1875rem}.container_f1cbo677{display:flex;justify-content:space-between;
margin:0rem 1rem;padding-top:0.5rem}.containerDesktop_f12n1fyy{display:flex;jus
tify-content:flex-start;margin:0rem 1rem;padding-top:0.5rem}.eventTime_f1qkq14j
{padding-left:1rem}.containerMobile_f6yzdpm{background-color:#FFFFFF;border-rad
ius:0.25rem;height:1.625rem;margin-right:0.5rem;padding:0.3125rem 0.3125rem 0re
m}.containerDesktop_f110eip{background-color:#FFFFFF;border-radius:0.25rem;heig
ht:1.625rem;margin-right:0.5rem;margin-top:0.125rem;padding:0.3125rem 
0.3125rem 0rem}.wrapper_f4jyqbz{padding:0rem 
1rem}.breadCrumbsDesktop_fphc0hv{padding:0.75rem 0rem 0rem 
1rem}.breadCrumbsMobile_f4jyqbz{padding:0rem 1rem}.crumbList_f1g1iwqw{display:f
lex;white-space:nowrap}.crumbPadding_fbwhzdk{padding:0.75rem 0rem 1.5rem 
0rem}.size16_fi2g4fj{padding:1rem 0rem}.size26_f6nw9bk{padding:1.625rem 
0rem}.size34_f1h4q6no{padding:2.125rem 0rem}.contextualNavContainerMobile_f1h7q
jsp{z-index:14}.contextualNavContainerMobile_f1h7qjsp:before{background:#00549E
;content:'';height:0.0625rem;left:0;position:absolute;right:0;top:-0.0625rem}.c
ontextualNavContainerDesktop_fxj5v4y{padding:0rem 
1rem;z-index:14}.contextualNavContainerDesktopSticky_f1hdr16t{padding:0rem 1rem
;position:sticky;z-index:14}.contextualNavContainerMobileSticky_fpl1zc1{positio
n:sticky;top:3.5rem}.contextualNavContainerWebSticky_f12ew3vc{top:6rem}.innerCo
ntainerDesktop_f7hk9nh{padding:0.75rem 0rem 0.375rem 
0rem}.contextualNavTitle_fnny870{color:#FFFFFF;display:flex;padding:0rem 1rem}.
contextualNavTitleMobile_f9nr6xi{justify-content:space-between}.contextualNavTi
tleDesktop_fjit8of{justify-content:flex-start}.contextualNavTitleSticky_f1fetn5
d{justify-content:flex-start;z-index:14}.contextualNavTitleSticky_f1fetn5d:befo
re{height:0.0625rem;left:0;position:absolute;right:0;top:-0.0625rem}.contextTit
leMobile_f1yjstzz{backface-visibility:hidden;font-family:Titillium Web, sans-se
rif;line-height:1.5rem;overflow:hidden;text-overflow:ellipsis;text-rendering:ge
ometricPrecision}.contextTitleDesktop_f1yfwyso{backface-visibility:hidden;font-
family:Titillium Web, sans-serif;line-height:1.75rem;overflow:hidden;text-overf
low:ellipsis;text-rendering:geometricPrecision}.contextualNavPriorTitle_f1vqiab
g{margin-left:1rem}.contextNavSelectArrow_f14ikbzf::after{padding-top:0.3125rem
}.emptyTabBar_f13b1bes{height:2.75rem}.navBackground_f1l74bsw{background-color:
#0067AB}.contextTitleText_f1kc4akx{overflow:hidden;text-overflow:ellipsis}.acco
rdionBodyDesktop_f1aroj8e{border-bottom-left-radius:0.75rem;border-bottom-right
-radius:0.75rem;padding:1rem}.accordionBodyMobile_f1a35xl1{padding:1rem}.accord
ionContainer_f1ojs4dj{background-color:#edf3f7ff}@keyframes fjovyez{0%{opacity:
0}100%{color:#ffffffff}13%{color:#f9d801ff;opacity:1}56%{color:#f9d801ff}}.scor
eIncreased_f1ed1thw{animation-duration:2.3000000000000003s;animation-fill-mode:
forwards;animation-name:fjovyez;animation-timing-function:cubic-bezier(0.4, 
0.0, 0.2, 1);color:#f9d801ff}.scorePersisted_f1sjcf0g{animation-duration:1s;ani
mation-fill-mode:forwards;animation-name:f4ncozk;animation-timing-function:ease
}.scoreText_fqpnp5f{line-height:1.5rem}.scoreFadeOut_f1d63tv1{opacity:0.5}@keyf
rames fz6brt{0%{opacity:0;transform:translate3d(0, 0px, 0) 
scale(0.5)}100%{color:SchoolBus;transform:translate3d(0, -0.875rem, 0) 
scale(1)}13%{color:#FAD701;opacity:1;transform:translate3d(0, -0.875rem, 0) 
scale(1)}56%{color:#FAD701;transform:translate3d(0, -0.875rem, 0) scale(1)}}.sc
oreContainer_fwwwsmp{align-items:center;display:flex;flex:1;flex-direction:colu
mn;justify-content:center;max-height:1.75rem}.scoreIncreasedIn_f188t1dc{animati
on-duration:2.3000000000000003s;animation-fill-mode:forwards;animation-name:f14
kjqa2;animation-timing-function:cubic-bezier(0.4, 0.0, 0.2, 1);color:#FAD701}.s
coreIncreasedInYellow_f122lvry{animation-duration:2.3000000000000003s;animation
-fill-mode:forwards;animation-name:fz6brt;animation-timing-function:cubic-bezie
r(0.4, 0.0, 0.2, 1);color:#FAD701}.scoreIncreasedOut_fmr1vis{animation-duration
:.3s;animation-fill-mode:forwards;animation-name:fuxl88b;animation-timing-funct
ion:cubic-bezier(0.4, 0.0, 0.2, 1);color:#FAD701}.scorePersistedFadeOutIn_f1sjc
f0g{animation-duration:1s;animation-fill-mode:forwards;animation-name:f4ncozk;a
nimation-timing-function:ease}.teamRunsStatusContainer_f1tgjws2{display:flex;ju
stify-content:center}@keyframes 
f4ncozk{50%{opacity:0.5}from,to{opacity:1}}@keyframes 
f14kjqa2{0%{opacity:0;transform:translate3d(0, 0px, 0) 
scale(0.5)}100%{color:#FFFFFF;transform:translate3d(0, -0.875rem, 0) 
scale(1)}13%{color:#FAD701;opacity:1;transform:translate3d(0, -0.875rem, 0) 
scale(1)}56%{color:#FAD701;transform:translate3d(0, -0.875rem, 0) 
scale(1)}}@keyframes fuxl88b{0%{opacity:1;transform:translate3d(0, 0.875rem, 
0) scale(1)}100%{opacity:0;transform:translate3d(0, 0rem, 0) 
scale(0.5)}}@keyframes f1ygddn{50%{opacity:0}from,to{opacity:1}}.container_f19r
d5s8{align-items:flex-start;display:flex;flex:1}.scoreContainer_fwwwsmp{align-i
tems:center;display:flex;flex:1;flex-direction:column;justify-content:center;ma
x-height:1.75rem}.scoreDetailsContainer_f1uevkf1{align-items:center;display:fle
x;flex:1;flex-direction:column;position:relative}.scoreStackedContainer_fgvmw3r
{align-items:center;display:flex;flex:1;height:2rem;justify-content:space-betwe
en}.scoreDetailsStackedContainer_f1gfcnll{display:flex;flex:1;position:relative
}.participantName_f1e3vrfj{max-width:8.25rem;text-align:center;text-transform:u
ppercase;width:auto}.participantNameLeftAligned_f1dm3utr{overflow:hidden;text-a
lign:left;text-overflow:ellipsis;text-transform:uppercase;white-space:nowrap;wi
dth:auto}.participantContainer_f1iy6e23{align-items:center;display:flex;max-wid
th:100%;transition:max-width .3s}.participantDoublesContainer_f7fri0x{display:f
lex;flex-direction:column;max-width:inherit}.flagOffset_fauwd95{margin-top:0.87
5rem}.yetToBat_fzajsun{min-width:3.125rem}.cricketFlag_fmlznd{margin-right:0.62
5rem}.volleyballFlag_f1ryt8d{margin-right:0.5rem}.scoreIncreasedIn_f188t1dc{ani
mation-duration:2.3000000000000003s;animation-fill-mode:forwards;animation-name
:f14kjqa2;animation-timing-function:cubic-bezier(0.4, 0.0, 0.2, 1);color:#FAD70
1}.scoreIncreasedOut_f1cwm0ym{animation-duration:.3s;animation-fill-mode:forwar
ds;animation-name:fuxl88b;animation-timing-function:cubic-bezier(0.4, 0.0, 
0.2, 1)}.scoreIncreasedFadeOutIn_f1y0mg4m{animation-duration:1s;animation-fill-
mode:forwards;animation-name:f1ygddn;animation-timing-function:ease}.scorePersi
stedFadeOutIn_f1sjcf0g{animation-duration:1s;animation-fill-mode:forwards;anima
tion-name:f4ncozk;animation-timing-function:ease}.participantFactsContainer_fdd
svlq{align-items:center;display:flex}.participantFactsContainerCricket_fdedjge{
align-items:center;display:flex;max-height:1.75rem}.participantFactContainer_f1
3p41ny{align-items:center;display:flex;flex-direction:column;max-height:1.75rem
;position:relative;width:2.5rem}.participantFactContainerMobile_fei0yad{align-i
tems:center;display:flex;flex-direction:column;max-height:1.75rem;position:rela
tive;width:2rem}.serveIcon_f1gmn2z6{color:#FAD701;font-size:1rem;padding-left:0
.5rem}.factLabel_fphc5tj{bottom:-1.125rem;line-height:1rem;position:absolute}.c
ricketTeamStatus_f1qo33y1{flex:1}.scoreContainer_f18mxaig{align-items:center;di
splay:flex;flex-direction:column;margin:0rem 
0.5rem}.scoreContainer_f18mxaig:last-of-type{align-items:flex-end;margin:0rem 
0rem 0rem 0.5rem}.scoreContainerSetBased_fa5j7oi{align-items:center;display:fle
x;flex-direction:column;width:2.5rem}.scoreContainerThin_f10ip4l4{align-items:c
enter;display:flex;flex-direction:column;margin:0rem 0.25rem}.scoreContainerThi
n_f10ip4l4:last-of-type{align-items:flex-end;margin:0rem 0rem 0rem 0.25rem}.sco
reContainerWide_f146klcn{align-items:center;display:flex;flex-direction:column;
margin:0rem 2rem}.scoreContainerWide_f146klcn:last-of-type{align-items:flex-end
;margin:0rem 3.75rem 0rem 2rem}.periodsContainer_fddsvlq{align-items:center;dis
play:flex}.inningsPeriodsContainer_f13tf3k3{min-width:10rem;overflow-y:auto}.pe
riodsStackedContainer_f14mo2yt{align-items:center;bottom:0;display:flex;positio
n:absolute;right:0.5rem;top:0}.periodText_fswap1n{line-height:2rem}.periodTextL
abel_fbcb3bc{line-height:1rem}.container_fhk71r7{align-items:center;display:fle
x;flex:1;justify-content:space-between;overflow-y:hidden;padding:0rem 1rem}.par
ticipantContainer_fhakevc{margin-right:0.5rem;min-width:0}.participantContainer
_fhakevc>span{display:block;line-height:1.5rem;overflow:hidden;text-overflow:el
lipsis;white-space:nowrap}.container_f8gy5l{background-color:#023864ff}.contain
erStacked_f1pq8akb{background-color:#023864ff;display:flex;flex:1;flex-directio
n:column;padding:0rem 1rem}.containerStackedMainContainer_f1f1ygnm{display:flex
}.containerStackedMainContent_f1lmvn8t{display:flex;flex:1;flex-direction:row;p
osition:relative}.containerStackedMainDivider_f1gh7bnv::after{border-left:1px 
solid #ffffffff;bottom:0.375rem;content:'';position:absolute;right:4.9375rem;to
p:1.375rem}.containerMobile_f1ccmgh4{background-color:#023864ff;margin:0;max-wi
dth:100vw;padding:0}.containerSticky_f1iigyb1{position:sticky;top:3.5rem;z-inde
x:15}.containerRelative_f1hyuhc9{border-bottom-left-radius:0.75rem;border-botto
m-right-radius:0.75rem;position:relative}.containerDesktop_fegviw7{background-c
olor:#023864ff;border-bottom-left-radius:0.75rem;border-bottom-right-radius:0.7
5rem;display:flex;flex-direction:column;padding:0rem 
1rem}.advancedContainerDesktop_f141vlli{border-left:1px solid 
#ffffffff;display:flex;margin:1rem 1rem 0rem 
1rem;width:22.5rem}.emptyAdvancedContainer_fvsavvq{margin:1rem 1rem 0rem 
1rem;width:22.5rem}.tableTennisEmptyExtraWideContainer_f1itest2{margin:1rem 
1rem 0rem 1rem;width:43.75rem}.emptyExtraThinContainer_fbm0ijm{margin:1rem 
1rem 0rem 
1rem;width:6.25rem}.basicScoreboard_f12sm6w4{display:flex;flex:1;padding:1rem 
1rem 0rem 1rem}.basicScoreboardContainerDesktop_f4kk892{display:flex;flex-direc
tion:row}.basicDivider_f1ux8c2f{align-items:flex-end;display:flex;line-height:2
rem;padding-bottom:1.5rem}.scoreboardStacked_f1w6kyks{display:flex;flex:1;flex-
direction:column;padding:1rem 1rem 0rem 1rem}.basicScoreboardWithAdvanced_f1a35
xl1{padding:1rem}.scoreboardStackedAdvanced_f9e7vml{bottom:0;position:absolute;
right:3.5rem;top:1rem}.scoreboardStackedAdvancedDesktop_fq7fafg{right:2.5rem}.d
isclaimerContainer_f1f1ygnm{display:flex}.disclaimerContainerDesktop_f1hbcrfx{m
argin:0rem -1rem}.disclaimerMobile_fc9c3nf{margin:0.5rem 
1rem}.disclaimerDesktop_f9xjhz5{margin:0.75rem 2rem 0.75rem 
2rem}.crumbPadding_fbwhzdk{padding:0.75rem 0rem 1.5rem 
0rem}.size16_fi2g4fj{padding:1rem 0rem}.size26_f6nw9bk{padding:1.625rem 
0rem}.size34_f1h4q6no{padding:2.125rem 0rem}.containerDesktop_f1pzpbl6{backgrou
nd:#035ca5ff;border-radius:0.75rem;margin:0.5rem 0rem;padding-bottom:0.5rem}.co
ntainerMobile_f5u1l80{background:#035ca5ff;padding-bottom:0.5rem}.containerWith
SpecialsOrScoreboardDesktop_frpp2dl{background:#035ca5ff;border-radius:0.75rem;
margin:0.5rem 0rem}.containerWithSpecialsOrScoreboardMobile_f5ia20j{background:
#035ca5ff}.contextualNavContainerMobile_f1h7qjsp{z-index:14}.contextualNavConta
inerMobile_f1h7qjsp:before{background:#00549E;content:'';height:0.0625rem;left:
0;position:absolute;right:0;top:-0.0625rem}.contextualNavContainerDesktop_fxj5v
4y{padding:0rem 1rem;z-index:14}.contextualNavContainerMobileSticky_fpl1zc1{pos
ition:sticky;top:3.5rem}.contextualNavTitle_f1pi7jy4{color:#ffffffff;display:fl
ex;padding:0rem 1rem}.contextualNavTitleMobile_f9nr6xi{justify-content:space-be
tween}.contextualNavTitleDesktop_fjit8of{justify-content:flex-start}.contextTit
leMobile_f1yjstzz{backface-visibility:hidden;font-family:Titillium Web, sans-se
rif;line-height:1.5rem;overflow:hidden;text-overflow:ellipsis;text-rendering:ge
ometricPrecision}.contextTitleDesktop_f1yfwyso{backface-visibility:hidden;font-
family:Titillium Web, sans-serif;line-height:1.75rem;overflow:hidden;text-overf
low:ellipsis;text-rendering:geometricPrecision}.contextualNavPriorTitle_f1vqiab
g{margin-left:1rem}.contextNavSelectArrow_f14ikbzf::after{padding-top:0.3125rem
}.emptyTabBar_fwosbfs{height:2rem}.navBackground_f1ojs4dj{background-color:#edf
3f7ff}.contextTitleText_f1kc4akx{overflow:hidden;text-overflow:ellipsis}.navTab
s_f15o5ico{padding-left:8px}.exit_fcz4vg9{transform:rotate(-180deg)}.exitActive
_f1cuxfi5{transform:rotate(0deg)}.enter_f1cuxfi5{transform:rotate(0deg)}.enterA
ctive_fcz4vg9{transform:rotate(-180deg)}.arrow_f1l484zz{transition:transform 
200ms cubic-bezier(0.4, 0.0, 0.2, 1);}.default_f1f1ygnm{display:flex}.exited_f1
ln79gx{display:flex;transform:rotate(0deg)}.entered_fmsjoad{display:flex;transf
orm:rotate(-180deg)}.container_f18c2101{align-items:center;display:flex;margin-
left:0.5rem;text-align:center}.arrow_f6xpwyh{color:#ffffffff;margin-left:0.5rem
}.periodContainer_f17895gg{margin-bottom:0.25rem}.eventHeaderContentMobile_fjcc
8pw{padding:1rem 1rem 
0rem}.eventHeaderContentMobileWithTabs_f12045mn{padding:1rem 1rem 
0.5rem}.eventHeaderContentDesktop_fjcc8pw{padding:1rem 1rem 
0rem}.eventHeaderContentDesktopWithTabs_f12045mn{padding:1rem 1rem 0.5rem}.even
tDescription_f15z7voj{align-items:center;display:flex;flex-wrap:wrap;max-width:
100%;position:relative}.eventMultiLineContainer_f15z7voj{align-items:center;dis
play:flex;flex-wrap:wrap;max-width:100%;position:relative}.eventFirstLine_f14fr
c9k{align-items:center;display:flex;max-width:100%;position:relative}.eventLast
LineMobile_f2oq32s{align-items:center;display:flex;max-width:100%}.eventLastLin
eDesktop_f1aj6sux{align-items:center;display:flex;max-width:100%;padding-right:
1.5rem}.buttonsContainerMobile_f1847ojw{align-items:center;display:flex;margin-
top:1rem}.buttonsContainerDesktop_f1847ojw{align-items:center;display:flex;marg
in-top:1rem}.dropDownArrow_f1hwc96k{margin-left:0.5rem;margin-top:0.25rem}.cloc
kContainer_f1847ojw{align-items:center;display:flex;margin-top:1rem}.termsConta
iner_f1ejtnxm{display:flex;flex-direction:column;padding-top:0.75rem}.nserSecti
on_f1hpampt{margin-top:0.75rem}.termsItem_f2mnv23{font-size:0.75rem;font-weight
:lighter;padding:0rem 0rem 0.375rem 0rem}.termsItemText_f15855as{font-size:0.75
rem;font-weight:lighter}.midContainer_f1lsyesc{align-items:flex-start;display:f
lex;flex-direction:column;flex-wrap:wrap}.columnContainer_fn8ai8t{padding-botto
m:0.5rem}.linksContainer_fnuket9{display:flex;flex-direction:row;flex-wrap:wrap
}.footerDesktop_f1dq6yar{background:#FFFFFF;color:#111111;padding:1.5rem 2rem 
4rem 
2rem}.footerMobile_feq7aqr{background:#FFFFFF;color:#111111;padding:1.5rem 
1rem 4rem 1rem}.imageBox_f8r6d7m{align-items:center;display:flex;flex:0 0 
auto;height:3.125rem;justify-content:center;padding:0rem 0rem 1.5rem 0rem}.icon
_f1coz8s9{padding-left:0.3125rem}.iconText_f19tvu98{font-style:italic}.linkItem
_fe5ro7t{font-size:0.875rem;padding:0.5rem 1.25rem 0rem 
0rem}.clockItem_fhzj6ni{font-size:0.875rem;padding:0.5rem 0.625rem 0rem 0rem}.s
essionClockItem_f1i91fbx{font-size:0.875rem;padding-top:0.5rem}.miniFooter_f116
doa{background:#FFFFFF;display:flex;flex-direction:column;padding:1.5rem 1rem 4
.25rem}.miniFooterText_f11rv6vx{color:#111111;font-size:0.75rem}.miniFooterLink
sWrapper_f1o30hwe{padding:1rem 0rem 0.5rem}.miniFooterLinksWrapperNarrowest_fev
kaoz{display:flex;flex-direction:column;padding:1rem 0rem 0.5rem;text-align:inh
erit}.miniFooterLinkText_f1gt7dz9{color:#111111;font-size:0.75rem;text-decorati
on:underline}.dark_f9tqusm{text-decoration:underline}.light_f1qhdye1{text-decor
ation:underline}.dark_f1t0cjps{background:#00549E;color:#FFFFFF}.light_fit017x{
background:#FFFFFF;color:#111111}.greenIdContainer_f1kul2z{background-color:#FF
FFFF;height:100%;width:100%}.tumbleweedImageRelativeContainer_fi059ur{align-ite
ms:center;display:flex;flex-direction:column;height:100%;position:relative;widt
h:100%}.tumbleweedImagePosAbsolute_fhwmucx{position:absolute}.locationErrorPage
_fkhz08q{display:flex;flex-direction:column}.link_fn3mvez{text-decoration:under
line}.tumbleweed_f1fmh28n{align-content:center;display:flex;flex-direction:colu
mn;height:75vh;position:relative}.container_flku2sd{background-color:#FFFFFF;co
lor:#111111}.title_f1rtusie{font-size:0.875rem;padding:1.5625rem 0rem;text-alig
n:center}.brandsContainer_f109hy71{display:flex;flex-wrap:wrap;justify-content:
space-around;margin-left:auto;margin-right:auto;max-width:56.25rem}.brandItem_f
4hxgj5{height:7.5rem;padding:0.5rem;text-align:center;width:7.5rem}.brandItemLi
nk_fdv75bl{color:#00549E;display:inline-block;font-size:0.875rem;padding:0.75re
m 0rem 0.25rem}.brandItemRegion_f1qrg7fy{font-size:0.8125rem}.container_fxkftdt
{display:flex;flex-direction:column;margin-bottom:0.75rem}.containerDesktop_f1f
0dhyz{display:flex;flex:1;max-width:calc(100% - 3.75rem)}.detailsContainer_fjib
mdd{margin-top:0.5rem;text-align:center}.detailsContainerDesktop_f1ef2j5c{max-w
idth:calc(100% - 3.75rem);padding-left:0.75rem}.accountDetailsContainer_fkhz08q
{display:flex;flex-direction:column}.sbLogoContainer_f8jyamq{align-items:center
;align-self:center;background-color:#0077CC;border-radius:1.75rem;display:flex;
height:3.5rem;justify-content:center;width:3.5rem}.sbLogo_f17895gg{margin-botto
m:0.25rem}.usernameAndAccountNumberText_f7vf6oq{padding-top:0.125rem}@keyframes
 fk0pkwu{0%,100%{background-color:#E5E8ED}50%{background-color:#686B70}}.outerC
ontainer_f1b3d3cc{align-items:center;display:flex;flex:1;flex-direction:column;
height:5.75rem}.loadingContainer_f1c1csc9{align-items:center;animation-duration
:1s;animation-iteration-count:infinite;animation-name:fk0pkwu;animation-timing-
function:ease;background-color:#E5E8ED;border-radius:1.5rem;display:flex;flex-d
irection:column;height:2rem;justify-content:center;margin-top:1.25rem;width:2re
m}.container_f11wsrxy{align-items:center;display:flex;flex-direction:column;jus
tify-content:center}.refreshIconWrapperMouseDown_f4pbxea{align-items:center;bac
kground-color:#C3C5C7;border-radius:1.5rem;display:flex;flex-direction:column;h
eight:1.8125rem;justify-content:center;margin-top:1.25rem;width:1.8125rem}.refr
eshIconWrapperMouseUp_f1de2iek{align-items:center;background-color:#E5E8ED;bord
er-radius:1.5rem;display:flex;flex-direction:column;height:2rem;justify-content
:center;margin-top:1.25rem;width:2rem}.refreshTextEnter_fnu5k6u{opacity:0}.refr
eshTextEnterActive_f1klie9q{opacity:1;transition:opacity 200ms ease}.refreshTex
tExit_f1wemlvb{opacity:1}.refreshTextExitActive_fu51da7{opacity:0;transition:op
acity 200ms ease}.refreshText_fgw963o{margin-top:0.25rem}@keyframes 
ftiwqo{to{opacity:1;transform:translateX(0) translateY(0)}}@keyframes f1i3u498{
to{opacity:1}}.containerDesktop_fwnga1o{display:flex;flex:0.68;flex-direction:c
olumn}.rewardsContainer_f1lpibpb{border-bottom:0.0625rem solid #DEE1E3;display:
flex;min-height:5.75rem}.rewardsContainerDesktop_f1f1ygnm{display:flex}.rewardI
tem_f1bq8v7m{align-items:center;animation-duration:300ms;animation-fill-mode:fo
rwards;animation-name:ftiwqo;animation-timing-function:cubic-bezier(0.25, 0.1, 
0.25, 1);display:flex;flex:1;flex-direction:column;text-align:center}.rewardIte
mDesktop_f6xs6og{align-items:center;animation-duration:300ms;animation-fill-mod
e:forwards;animation-name:f1i3u498;animation-timing-function:cubic-bezier(0.25,
 0.1, 0.25, 1);border:0.0625rem solid #DEE1E3;border-radius:0.25rem;display:fle
x;flex:1;flex-direction:column;height:5.25rem;justify-content:center;margin-bot
tom:0.75rem;text-align:center}.rewardItemDesktopNoBottomMargin_f6kq5rf{align-it
ems:center;animation-duration:300ms;animation-fill-mode:forwards;animation-name
:f1i3u498;animation-timing-function:cubic-bezier(0.25, 0.1, 0.25, 
1);border:0.0625rem solid #DEE1E3;border-radius:0.25rem;display:flex;flex:1;fle
x-direction:column;height:5.25rem;justify-content:center;text-align:center}.rew
ardItemWrapper_fkkom6{align-items:center;display:flex;flex:1;flex-direction:col
umn;padding:0.75rem 0rem;width:100%}.rewardItemWrapperDesktop_fk32hpa{align-ite
ms:center;display:flex;flex:1;flex-direction:column;justify-content:center;padd
ing:0.75rem 0rem;width:100%}.reward_fqupk6p{line-height:1rem;padding:0rem 0.25r
em}.iconWrapperWithRewardCount_fsetd7l{align-items:center;background:linear-gra
dient(to left, #FAA71C, #FAD701);border-radius:1.5rem;display:flex;margin-botto
m:0.25rem;padding:0.5rem 0.75rem 0.5rem 0.5rem}.iconWrapperWithRewardCountWithS
himmer_f1jni4na{align-items:center;background:linear-gradient(to left, 
#FAA71C, #FAD701);border-radius:1.5rem;display:flex;margin-bottom:0.25rem}.icon
_f1tc10rl{color:#111111}.count_f1n0dvv8{margin-left:0.25rem}.rewardsItemsColumn
Desktop_fdib4z0{flex:0.5;margin-left:0.75rem}.loadingDesktopContainer_f1axknvd{
align-items:center;display:flex;height:12rem}.rewardRef_f1pi17at{display:flex;f
lex:1}.shimmer_f12cft01{align-items:center;border-radius:1.5rem;display:flex;pa
dding:0.5rem 0.75rem 0.5rem 0.5rem}.allSpecialsText_fgw963o{margin-top:0.25rem}
.allSpecialsContainer_f15vil3d{border-bottom:0.0625rem solid #DEE1E3}.shimmerBo
rder_fv8s6y5{padding:0.25rem}.shimmerBorderWrapper_f1icyzpb{align-items:center;
animation-duration:300ms;animation-fill-mode:forwards;animation-name:f1i3u498;a
nimation-timing-function:cubic-bezier(0.25, 0.1, 0.25, 
1);background:linear-gradient(to bottom, #FAD701, #FAA71C);border-radius:0.25re
m;display:flex;flex:1;flex-direction:column;height:5.25rem;justify-content:cent
er;margin-bottom:0.75rem;text-align:center}.shimmerRewardItemWrapper_f669swn{al
ign-items:center;background-color:#FFFFFF;display:flex;flex:1;flex-direction:co
lumn;margin-bottom:0.25rem;padding:0;width:100%}.depositMatchContainer_f1p51cf9
{margin-bottom:0.75rem}.menuItem_f1stfsmk{align-items:center;display:flex;flex:
1;flex-direction:row;height:2.75rem;justify-content:space-between;list-style:no
ne}.link_f1f1ygnm{display:flex}.hoverGroup_fttlrqx{cursor:pointer}.label_fmef58
n{background-color:rgba(0, 0, 0, 0);padding:0.875rem 
0rem;z-index:1}.rippleContainer_f14gwa1z{margin:0rem 
-1.5rem;overflow:hidden;padding:0rem 
1.5rem;position:relative}.pipMessage_f5giwqo{line-height:1rem;padding:0.125rem 
0rem}.titleContainer_ffvkfh{align-items:center;display:flex;flex:1;flex-directi
on:row}.newLabel_f1q58y2l{display:flex;margin-left:0.5rem;width:2.125rem}.badge
Container_fd7s3ey{display:flex;margin-left:0.5rem}.personalBadge_fbuc75a{border
-radius:0.25rem;padding:0rem 0.5rem}.icon_fexn3ni{display:flex;padding-right:0.
5rem}.wrapper_fl2huue{background:linear-gradient(to bottom, #FAD701, 
#FAA71C);border-radius:0.625rem;padding:0.25rem 0.25rem 0.1875rem 
0.25rem;width:100%}.shimmer_fs6f3qn{margin:-0.25rem -0.25rem -0.1875rem 
-0.25rem;padding:0.125rem}.depositMatchRippleContainer_f1wcs4k1{margin:0rem 
-1.5rem;overflow:hidden;padding:0rem 0.75rem;position:relative}.depositMatchMen
uItem_fdaj58h{align-items:center;background:#FFFFFF;border-radius:0.625rem;curs
or:pointer;display:flex;flex:1;flex-direction:row;height:2.5rem;justify-content
:space-between;list-style:none;padding:0rem 0.75rem}.depositMatchContentContain
er_fddsvlq{align-items:center;display:flex}.depositMatchLabel_f34eqfw{backgroun
d-color:rgba(0, 0, 0, 0);padding:0.875rem 0rem;padding-right:0.75rem;z-index:1}
.depositMatchTextContainer_fnad151{align-items:center;display:flex;flex:1;flex-
direction:row;justify-content:space-between}.buttonRow_ftvnu2q{display:flex;hei
ght:1.1875rem;justify-content:center}.button_fo459fq{color:#B92722;margin:-0.75
rem;overflow:hidden;padding:0.75rem;position:relative}.contentContainer_f27dehr
{-moz-user-select:none;-webkit-user-select:none;align-items:center;display:flex
;justify-content:center;user-select:none}.contentWrapper_frc9f79{align-items:ce
nter;background-color:#FFFFFF;border-color:#C3C5C7;border-radius:0.25rem;border
-style:solid;border-width:0.0625rem;color:#C3C5C7;cursor:pointer;display:inline
-flex;flex-direction:column;height:5.75rem;position:relative;width:4.8125rem}.c
ontentWrapperSelected_f1f1ywyo{align-items:center;background-color:#FFFFFF;bord
er-color:#00549E;border-radius:0.25rem;border-style:solid;border-width:0.125rem
;cursor:pointer;display:inline-flex;flex-direction:column;height:5.75rem;positi
on:relative;width:4.8125rem}.contentWrapperHighlighted_f1mvqnyk{align-items:cen
ter;background-color:#E5E8ED;border-color:#00549E;border-radius:0.25rem;border-
style:solid;border-width:0.125rem;cursor:pointer;display:inline-flex;flex-direc
tion:column;height:5.75rem;position:relative;width:4.8125rem}.contentWrapperDis
abled_fban22g{align-items:center;background-color:#FFFFFF;border-color:#C3C5C7;
border-radius:0.25rem;border-style:solid;border-width:0.0625rem;cursor:pointer;
display:inline-flex;flex-direction:column;height:5.75rem;position:relative;widt
h:4.8125rem}.iconWrapper_f1930faz{color:#111111;margin:0.5rem 0rem 0rem 1.625re
m}.sbLogoWrapper_f677547{align-items:center;background-color:#FFFFFF;border-rad
ius:0.9375rem;display:flex;height:1.25rem;justify-content:center;margin-bottom:
0.375rem;width:1.25rem}.sbLogoWrapperSelected_f677547{align-items:center;backgr
ound-color:#FFFFFF;border-radius:0.9375rem;display:flex;height:1.25rem;justify-
content:center;margin-bottom:0.375rem;width:1.25rem}.sbLogoWrapperDisabled_f677
547{align-items:center;background-color:#FFFFFF;border-radius:0.9375rem;display
:flex;height:1.25rem;justify-content:center;margin-bottom:0.375rem;width:1.25re
m}.pauseLabelWrapper_f1h0o37u{align-items:center;display:flex;flex-direction:ro
w;justify-content:center}.titleStyle_f1nzfmk6{color:#111111;text-align:center}.
titleStyleSelected_f7t3mi9{color:#00549E;font-weight:bold;text-align:center}.ti
tleStyleDisabled_f1tnydtw{color:#C3C5C7;text-align:center}.subtitleStyle_f1nzfm
k6{color:#111111;text-align:center}.subtitleStyleDisabled_f1tnydtw{color:#C3C5C
7;text-align:center}.titleSubtitleWrapper_fafew9m{display:flex;flex:1;flex-dire
ction:column;justify-content:space-between;margin:0rem 0.25rem 0.25rem 0.25rem;
z-index:1}.notch_fo2n8am{background-color:#FFFFFF;border-bottom:0.125rem solid 
#00549E;border-right:0.125rem solid #00549E;bottom:-0.53125rem;height:0.9375rem
;justify-content:center;position:absolute;transform:rotate(45deg);width:0.9375r
em}.addIconWrapper_f12vj0ea{border-radius:50%;bottom:-0.75rem;height:1.5rem;pos
ition:absolute}.addIconBackground_f1xm5xs5{background-color:#FFFFFF;height:1.5r
em;margin-left:0.25rem;position:absolute;width:1rem}.addIcon_fy5iv5a{align-item
s:center;color:#00549E;display:flex;height:1.5rem;transform:translate(1%, -1%);
width:1.5rem}.accountTileWrapper_f1ha887j{margin-right:0.25rem}.notificationsRe
dDot_frt5cyk{background-color:#FF4C4C;border-radius:0.25rem;height:0.5rem;margi
n:0.25rem;width:0.5rem}.topSectionWrapper_f11xjbzd{display:flex;justify-content
:space-between;width:100%}.accountTileWrapperDeselected_fb6l9g0{align-items:cen
ter;background-color:transparent;border:0.125rem solid #023864ff;border-radius:
0.5rem;cursor:pointer;display:flex;height:6rem;justify-content:center;margin-ri
ght:0.5rem;transition:background-color 0.2s linear, transform 0.2s ease;width:4
.8125rem}.accountTileWrapperDeselected_fb6l9g0:active:hover{border:0.125rem 
solid #035ca5ff;transform:scale(0.9)}.accountTileWrapperSelected_f13l1abx{align
-items:center;background-color:#0470c8ff;border-radius:0.5rem;cursor:pointer;di
splay:flex;height:6rem;justify-content:center;margin-right:0.5rem;transition:ba
ckground-color 0.2s linear, transform 0.2s ease;width:4.8125rem}.accountTileWra
pperSelected_f13l1abx:active:hover{background-color:#035ca5ff;transform:scale(0
.9)}.contentWrapper_fo6sxvl{align-items:center;display:flex;flex-direction:colu
mn;justify-content:center;text-align:center}.titleWrapper_fzsb6fr{width:4rem}.p
auseLabelWrapper_f1c7x5pa{align-items:center;display:flex;justify-content:cente
r}.switcherContainer_f96or0t{width:100%}.homeButtonContainer_f1xkbpnq{flex-dire
ction:row;height:2rem;margin-top:0.25rem}.switcherInternalContainer_f1h0o37u{al
ign-items:center;display:flex;flex-direction:row;justify-content:center}.switch
erInternalContainerDesktop_f1owb4kx{align-items:center;display:flex;flex-direct
ion:row;justify-content:center;margin-left:-1rem;margin-right:-1rem}.spacing_f1
mklojg{min-width:1.25rem}.scrollButtonGapLeft_flvzvxj{margin-right:-0.25rem;pad
ding-left:0.25rem}.scrollButtonGapRight_fd59bb{margin-left:-0.25rem;padding-rig
ht:0.25rem}.arrowOffset_f12ipnds{padding-bottom:0.9375rem}.messageBody_fai2qt9{
display:flex;flex-direction:column;padding-top:0.5rem}.messageBodyRow_f1bhhz1p{
align-items:center;display:flex;flex-direction:row;padding-top:0.5rem}.linksWra
pper_f1jsdz8r{padding-top:0.25rem}.linksWrapperRow_ftyiyqj{padding-left:0.25rem
}.linkTouchable_fefvtmv{background-color:inherit;font-weight:bold;text-decorati
on:none}.dismissButton_f1b3hlvu{cursor:pointer;position:absolute;right:0.5rem;t
op:0.5rem}.floatingMessage_fwg7v6{left:0;position:absolute;top:0;width:100%}.ba
lanceButton_f1hpvaqm{-moz-user-select:none;-webkit-user-select:none;color:#686B
70;margin:-0.75rem;padding:0.75rem;user-select:none}.quickMenuPanelContainerMob
ile_f12giyii{left:0;margin:auto;overflow:hidden;position:absolute;right:0;width
:18.875rem;z-index:-2}.quickMenuPanelContainerDesktop_ffwu9zo{overflow:hidden;p
adding:0rem 0.1875rem 0.375rem 0.1875rem;position:absolute;right:1rem;width:18.
875rem;z-index:-2}.quickMenuContainerMobile_f4ll9jk{background-color:#FFFFFF;bo
rder-radius:0rem 0rem 0.5rem 0.5rem;padding:0.75rem 1.5rem;position:relative}.q
uickMenuContainerDesktop_f10zdmf9{background-color:#FFFFFF;border-radius:0rem 
0rem 0.5rem 0.5rem;box-shadow:0rem 0.1875rem 0.375rem rgba(0,0,0,0.16), 0rem 
0.1875rem 0.375rem rgba(0,0,0,0.23);padding:0.75rem 1.5rem;position:relative}.q
uickMenuContainerWhenNextRacesRibbonShown_f4nha5w{margin-top:6.375rem}.quickMen
uContainerWhenNextRacesRibbonHidden_fcq6c6t{margin-top:3.5rem}.balanceButtonCon
tainer_fsuivmx{text-align:center}.balanceLogoutContainer_f1tgjk52{align-items:c
enter;display:flex;flex-direction:row;justify-content:space-between;padding-bot
tom:0.75rem}.overlayBodyContainer_fjeesvx{display:flex;flex:1;flex-direction:co
lumn;justify-content:center}.button_f1l4416p{flex:0 0 auto;height:3.5rem;outlin
e:0;overflow:hidden;position:relative}.contentContainer_ff3y6tu{-moz-user-selec
t:none;-webkit-user-select:none;align-items:center;display:flex;height:inherit;
justify-content:center;position:relative;user-select:none;white-space:nowrap}.n
one-with-text_f1st7ao:focus{background-color:rgba(255, 255, 255, 
0.2)}.none-with-yellow-text_f1nwwrd1{background-color:rgba(0, 0, 0, 0);color:#F
AD701}.none-with-yellow-text_f1nwwrd1:focus{background-color:rgba(255, 255, 
255, 0.2)}.none-with-white-text_fltt3cg{background-color:rgba(0, 0, 0, 0);color
:#FFFFFF}.none-with-white-text_fltt3cg:focus{background-color:rgba(255, 255, 
255, 0.2)}.none-with-grey-text_fo4uuwd{background-color:rgba(0, 0, 0, 
0);color:#686B70}.none-with-grey-text_fo4uuwd:focus{background-color:rgba(255, 
255, 255, 0.2)}.yellow-with-black-text_f1sv95dk{background-color:#FAD701;border
-radius:4px;color:#111111;height:3rem;margin:0rem 0.25rem 0rem 0rem}.yellow-wit
h-black-text_f1sv95dk:focus{background-color:#F9DF41}.blue-with-white-text_f1j3
on6f{background-color:#00549E;border-radius:4px;color:#FFFFFF;height:3rem;margi
n-right:0.25rem}.blue-with-white-text_f1j3on6f:focus{background-color:rgba(255,
 255, 255, 0.2)}.deep-blue-with-white-text_fl1kx7o{background-color:#073965;bor
der-radius:4px;color:#FFFFFF;height:3rem;margin-right:0.25rem}.deep-blue-with-w
hite-text_fl1kx7o:focus{background-color:rgba(255, 255, 255, 0.2)}.deep-blue-wi
th-yellow-text_f1wxu2cx{background-color:#073965;border-radius:4px;color:#FAD70
1;height:3rem;margin-right:0.25rem}.deep-blue-with-yellow-text_f1wxu2cx:focus{b
ackground-color:rgba(255, 255, 255, 0.2)}.blue-with-yellow-text_f1i4ldfm{backgr
ound-color:#00549E;border-radius:4px;color:#FAD701;height:3rem;margin-right:0.2
5rem}.blue-with-yellow-text_f1i4ldfm:focus{background-color:rgba(255, 255, 
255, 0.2)}.noBorderRadiusLeft_fuqv9ru{border-bottom-left-radius:0rem;border-top
-left-radius:0rem}.noBorderRadiusRight_f48w36i{border-bottom-right-radius:0rem;
border-top-right-radius:0rem}.square_fr1jty6{flex:0 0 
auto;height:3.5rem;width:3.5rem}.smallSquare_f1tqtpz9{flex:0 0 auto;height:3.5r
em;width:3rem}.mobile_fksqx8s{min-width:3rem;padding-left:1rem;padding-right:1r
em}.lessPadding_f148sdn5{padding:0rem 
0.625rem}.minimumPadding_f15yfsh3{padding:0rem 
0.25rem}.desktop_f18yakac{padding:0rem 1.5rem}.noFocus_f1dcr6jk{height:inherit;
width:inherit}.noFocus_f1dcr6jk:focus{outline:none}.noFocus_f1dcr6jk::-moz-focu
s-inner{border:0}.enter_f3rrhq9{transform:scale(0.5)}.enterActive_f17boo8f{tran
sform:scale(1.1);transition:transform 250ms cubic-bezier(0.4, 0.0, 0.6, 
1)}.enterDone_fg0msqq{transform:scale(1);transition:transform 50ms 
cubic-bezier(0.4, 0.0, 0.6, 1)}@keyframes f17dw7wp{0%,100%{transform:translateY
(0rem)}38%{transform:translateY(0.4375rem)}62%{transform:translateY(-0.5625rem)
}84%{transform:translateY(0.1875rem)}}@keyframes fdp4oxm{0%,100%{transform:tran
slateY(0rem)}47%{transform:translateY(0.375rem)}73%{transform:translateY(-0.312
5rem)}}@keyframes f5ktox3{0%,100%{transform:translateY(0rem)}44%{transform:tran
slateY(0.5625rem)}78%{transform:translateY(-0.4375rem)}}.personalPillBounceAnim
ation_f1y1u8sp{animation-delay:800ms;animation-duration:610ms;animation-fill-mo
de:forwards;animation-name:f17dw7wp;animation-timing-function:ease-in-out}.club
PillBounceAnimation_f11l0xxb{animation-delay:800ms;animation-duration:860ms;ani
mation-fill-mode:forwards;animation-name:fdp4oxm;animation-timing-function:ease
-in-out}.clubNameBounceAnimation_fvhex2k{animation-delay:800ms;animation-durati
on:900ms;animation-fill-mode:forwards;animation-name:f5ktox3;animation-timing-f
unction:ease-in-out}.container_fikviug{align-items:flex-end;display:flex;flex-d
irection:column;justify-content:center}.clubNameWrapper_fjcv46y{font-size:0.625
rem;height:12px;margin-bottom:0.125rem;margin-right:0.25rem}.clubNameWrapperNar
rowest_fo3a4mp{font-size:0.625rem;height:12px;margin-bottom:0.125rem;margin-rig
ht:0.25rem;max-width:7.125rem}.accountPillForPersonal_fituo0a{align-items:cente
r;background-color:#073965;border-radius:0.875rem;display:flex;height:1.75rem;j
ustify-content:center;padding:0rem 0.25rem}.accountPillForClub_fituo0a{align-it
ems:center;background-color:#073965;border-radius:0.875rem;display:flex;height:
1.75rem;justify-content:center;padding:0rem 0.25rem}.sbLogoImage_f18qazev{heigh
t:1.5rem;width:1.5rem}.accountIconWrapperWithBalance_fv9po78{align-items:center
;border-radius:0.75rem;display:flex;height:1.5rem;justify-content:center;margin
-right:0.25rem;position:relative;width:1.5rem}.accountIconWrapperWithBalanceHid
den_f1mdbfh2{align-items:center;border-radius:0.75rem;display:flex;height:1.5re
m;justify-content:center;margin-right:0.5rem;position:relative;width:1.5rem}.ac
countIconWrapperAdditionalStylePersonal_f6mdxzu{background-color:#073965;margin
-left:-0.125rem}.accountIconWrapperAdditionalStyleClub_f1a5wkcs{margin-left:-0.
0625rem;width:1.375rem}.balanceTextContainer_fu48fjw{align-items:center;display
:flex;flex-direction:column;justify-content:center;min-width:1rem;padding:0rem 
0.25rem 0rem 0.125rem}.spinnerBesidesAccountIcon_ftyiyqj{padding-left:0.25rem}.
tokenCount_f19lbt28{align-items:center;background:linear-gradient(to left, 
#FAA71C, #FAD701);border-radius:0.5rem;display:flex;height:1rem;justify-content
:center;width:1rem}.tokenCountWide_f11c8yjj{align-items:center;background:linea
r-gradient(to left, #FAA71C, #FAD701);border-radius:0.5rem;display:flex;height:
1rem;justify-content:center;width:1.375rem}.zeroTokensGradient_f1dlbybg{backgro
und:linear-gradient(to left, #FAA71C, 
#FAD701);border-radius:0.25rem;height:0.5rem;margin:0rem 0.25rem 0rem 0.125rem;
width:0.5rem}.notificationPip_fjlaadg{background-color:#FF4C4C;border-radius:0.
25rem;height:0.5rem;position:absolute;right:0;top:0;width:0.5rem}.content_f11ws
rxy{align-items:center;display:flex;flex-direction:column;justify-content:cente
r}.counterContainer_f1upw3u5{height:1.1875rem;margin-top:0.125rem;overflow:hidd
en;position:relative;width:100%}.counter_f603tfs{align-items:center;display:fle
x;justify-content:center;position:absolute;transition:transform 600ms;width:100
%}.initial_f3ostax{transform:translateY(100%)}.entering_f1w4fzq5{transform:tran
slateY(0)}.entered_f1w4fzq5{transform:translateY(0)}.exiting_flyut3o{transform:
translateY(-100%)}.exited_flyut3o{transform:translateY(-100%)}.initial_flyut3o{
transform:translateY(-100%)}.entering_f1w4fzq5{transform:translateY(0)}.entered
_f1w4fzq5{transform:translateY(0)}.exiting_f3ostax{transform:translateY(100%)}.
exited_f3ostax{transform:translateY(100%)}.content_f11wsrxy{align-items:center;
display:flex;flex-direction:column;justify-content:center}.displayContainer_f19
pjsf9{align-items:center;display:flex;height:1.1875rem;justify-content:center;m
argin-top:0.125rem}.spinner_f1m7eh38{padding:0rem}.touchableAdditionalStyle_f2s
0shf{height:3rem;margin-right:0rem}.header_f1msrbqc{align-items:center;backgrou
nd-color:#0067AB;display:flex;height:3.5rem;justify-content:space-between}.navB
uttonContainer_f1spz9g1{margin-left:0.75rem}.navButtonContainerMobile_f1n0dvv8{
margin-left:0.25rem}.logoContainer_f1mrt8n0{text-overflow:ellipsis;white-space:
nowrap}.sbLogoContainer_fw73fdt{min-width:1.875rem}.logoContainerWideDesktop_f1
t54spz{margin-left:1.5rem}.headerButtonsContainer_fddsvlq{align-items:center;di
splay:flex}.pendingBetsButtonContainer_f1f1ygnm{display:flex}.hamburger_f1rn7sv
o{background:none;border:0;display:block}.hamburgerImage_fb8jotk{padding:0.75re
m}.leftFlexContent_fzcawr1{align-items:center;display:flex;flex:1;flex-directio
n:row;max-width:calc(50% + 200px - 24px)}.leftFlexContentMobile_fv2lmib{align-i
tems:center;display:flex;flex:1;flex-direction:row;max-width:50%}.rightFlexCont
ent_f2s1awa{align-items:center;display:flex;flex-direction:row}.activeItem_fx1s
k0i{background-color:rgba(255, 255, 255, 0.04)}.containerDesktop_f1mt9y1s{heigh
t:2.5rem;width:100%}.containerMobile_fhtnf87{height:2.75rem;width:100%}.headerI
temMobile_fon7cox{align-items:center;display:flex;flex-direction:row;height:2.7
5rem;justify-content:flex-start}.headerItemDesktop_f5owwuu{align-items:center;d
isplay:flex;flex-direction:row;height:2.5rem;justify-content:flex-start}.header
Label_fr2zyug{display:flex;flex:3 0 0;flex-direction:row;font-size:14px;font-we
ight:700;margin-right:0.75rem}.headerLabelWithChevronIcon_f1fxx4bp{margin-right
:3rem}.newLabel_f1q58y2l{display:flex;margin-left:0.5rem;width:2.125rem}.chevro
nCircle_f76vwii{border-radius:50%;margin-top:-2.375rem;position:absolute;right:
0.5rem}.iconContainer_f1h17qtq{width:2.625rem}.icon_f1qkq14j{padding-left:1rem}
.rippleContainer_fc39scl{overflow:hidden;position:relative}.menuItemMobile_f1xd
3qmq{align-items:center;display:flex;flex-direction:row;height:2.75rem;justify-
content:flex-start;list-style:none}.menuItemDesktop_f11617ad{align-items:center
;display:flex;flex-direction:row;height:2.5rem;justify-content:flex-start;list-
style:none}.hoverAndRippleContainer_f19awd4l{cursor:pointer;overflow:hidden;pos
ition:relative}.groupLevelLink_f1the0mn{padding-left:2.625rem}.rootLevelLink_f1
jk3bk8{padding-left:1.5rem}.icon_f1k0mh5u{padding:0rem 0.6875rem 0rem 1.0625rem
}.link_f1f1ygnm{display:flex}.liveChatLink_f16qz80j{-moz-user-select:none;-webk
it-user-select:none;display:flex;user-select:none}.activeItem_fx1sk0i{backgroun
d-color:rgba(255, 255, 255, 0.04)}.menuItem_f2s1awa{align-items:center;display:
flex;flex-direction:row}.sectionHeadingMobile_f6x0hpl{align-items:center;displa
y:flex;height:2.75rem;padding-left:1rem}.sectionHeadingDesktop_fqprby{align-ite
ms:center;display:flex;height:2.5rem;padding-left:1rem}.divLine_f1sh9j60{backgr
ound-color:rgba(222, 225, 227, 0.1);height:0.0625rem;margin:0rem 1rem 0.25rem 1
rem}.container_faowcuh{overflow:hidden}.childList_f1a8uuml{list-style:none}.mai
nMenu_f1yzwcek{color:#FFFFFF;min-height:100%}.menuDesktop_fz83f6y{align-items:f
lex-start;display:flex;flex-direction:column;justify-content:flex-start;list-st
yle:none;padding-bottom:0.5rem;padding-left:0rem;position:static}.menuMobile_f1
shs8k8{align-items:flex-start;display:flex;flex-direction:column;justify-conten
t:flex-start;list-style:none;padding-bottom:0.25rem;padding-left:0rem;position:
static}.topLevelItem_fqhtz2q{list-style:none;padding-left:0rem;width:100%}.soci
alLinks_f6gn0so{align-items:center;display:flex;flex:auto;flex-direction:row;he
ight:100%;justify-content:flex-start}.socialLinksMargins_fhtexnr{margin-right:1
rem}.linkContainer_fkhz08q{display:flex;flex-direction:column}.divLine_f1y65tne
{background-color:rgba(222, 225, 227, 0.1);height:0.0625rem;margin:0.5rem 1rem 
0rem 1rem}.hoverGroup_f10wijto{cursor:pointer}.linkButton_fretw1m{align-items:c
enter;display:flex;height:2.75rem;padding-left:1rem;padding-right:0.5rem;positi
on:relative;width:100%}.hiddenItem_f19puqw1{display:none;height:0}.rippleContai
ner_fc39scl{overflow:hidden;position:relative}.linkText_fsn6ggj{align-items:cen
ter;display:flex;font-size:0.875rem;height:2.75rem;width:100%}.socialLinksConta
iner_feidsmh{height:2.75rem;padding-left:1rem}.scrollButtonEnabled_f13xlgyx{ali
gn-items:center;background-color:#142841;display:flex;justify-content:center;wi
dth:100%}.scrollButtonDisabled_fk6ul71{align-items:center;display:flex;justify-
content:center;width:100%}.scrollButtonIconEnabled_fhgmv7l{color:#FFFFFF}.scrol
lButtonIconDisabled_f1h1o70n{color:rgba(255, 255, 255, 0.2)}.scrollButtonContai
ner_f6cguvc{background-color:#142841}.scrollButtonContainerLeftBorder_f12v28is{
border-left:1px solid rgba(255, 255, 255, 0.2)}.scrollButtonWrap_f19qqujz{overf
low:hidden;position:relative;width:1.9375rem}.scrollButtonDivider_fg1yswl{backg
round-color:rgba(255, 255, 255, 
0.2);height:0.0625rem;width:1.9375rem}.container_fe3wua8{border-right:1px 
solid rgba(255, 255, 255, 0.2);display:flex;height:2.875rem;justify-content:spa
ce-between;width:11.9375rem}.leftContainer_f1qb803e{align-items:center;display:
flex;flex:0 0 auto;font-size:1.25rem;justify-content:center;min-width:2.75rem;p
adding-left:1rem;padding-right:0.5rem}.centerContainer_f1nuntm9{align-items:cen
ter;display:flex;flex:1 1 auto;width:4.375rem}.rightContainer_f1227xgj{align-it
ems:center;display:flex;flex:0 1 auto;justify-content:center;min-width:2.75rem;
padding-left:0.5rem;padding-right:1rem}.eventName_f15ay66x{display:block;overfl
ow:hidden;text-overflow:ellipsis;white-space:nowrap}.statusContainer_f1fldmx0{a
lign-items:center;display:flex;height:1.0625rem}.filtersContainer_f119ju7t{back
ground-color:#142841;border-radius:0rem 0.1875rem 0.1875rem 
0.1875rem;box-shadow:0 1px 3px 0 rgba(0, 0, 0, 
0.2);color:#FFFFFF;display:flex;height:7.375rem;padding:0.5rem 0rem;width:11.62
5rem}.filterGroup_fn0ozkg{display:flex;flex:1;flex-direction:column}.filterGrou
p_fn0ozkg:first-child{border-right:1px solid rgba(255, 255, 255, 
0.2)}.filterGroup_fn0ozkg >div{height:2.125rem}.filterContainer_f1h37gok{align-
items:center;flex-direction:column;height:2.875rem;justify-content:center;posit
ion:relative}.filterTitle_ftofdbv{background-color:#142841;border-right:1px 
solid rgba(255, 255, 255, 0.2);display:flex;height:100%;overflow:hidden;positio
n:relative;width:3.5rem;z-index:2}.filterButton_flyrs00{background-color:#14284
1;color:#FFFFFF;cursor:pointer;display:flex;height:100%;width:100%}.filterButto
nActive_fx1sk0i{background-color:rgba(255, 255, 255, 
0.04)}.filterLeftBorder_f1sgk4gp{border-left:1px solid rgba(255, 255, 255, 0.2)
;height:60%;position:absolute;top:20%;width:0.0625rem}.filters_f1hwou4x{display
:flex;left:0;margin-top:2.875rem;position:absolute;top:0;z-index:1}.menuEnter_f
lyut3o{transform:translateY(-100%)}.menuEnterActive_fuj7ilu{transform:translate
Y(0);transition:transform 300ms cubic-bezier(0.0, 0.0, 0.2, 1)}.menuExit_f1w4fz
q5{transform:translateY(0)}.menuExitActive_f1nrjygr{transform:translateY(-100%)
;transition:transform 300ms cubic-bezier(0.4, 0.0, 0.6, 1)}.nextRacesRibbonCont
ainer_f809hi{background-color:#142841;display:flex;height:2.875rem}.nextRacesRi
bbonContainerCensored_f1w4e91p{background-color:#142841;flex:1;height:2.875rem}
.nextRacesRibbonTitle_f19vjufa{-moz-user-select:none;-webkit-user-select:none;a
lign-items:center;display:flex;flex:0 0 auto;justify-content:center;user-select
:none;width:6.4375rem}.nextRacesRibbonCells_fx9mzn2{background-color:#142841;fl
ex:1;overflow:hidden;position:relative;z-index:2}.scrollButtonHeight_f1uxrhps{h
eight:1.40625rem}.spinnerStyle_fptca6n{background-color:rgba(0, 0, 0, 0);margin
-top:0.9375rem}.emptyStateContainer_f1s5ilpf{display:flex;height:2.875rem;width
:100%}.cellsContainer_f59xmnk{display:flex;height:2.875rem}.cellContainer_f1mgy
l9u{position:relative}.spinnerContainer_fr2zp24{height:2.875rem}.container_fao5
h4e{height:2.8125rem;width:7.75rem}.widerContainer_fmu35jj{height:2.8125rem;wid
th:13.125rem}.buttonElements_f144n8fh{align-items:center;display:flex;justify-c
ontent:center;line-height:1.1875rem}.socialIcon_f1ryt8d{margin-right:0.5rem}.co
ntainer_f1kfhepp{background:#00549E;display:flex;flex:1;flex-direction:column;h
eight:100vh}.logo_f17r04hj{height:6rem;margin:0 auto;margin-top:3rem;width:6rem
}.logoWrapper_fkfmgpo{background:linear-gradient(0deg, #00549E 0%, #1C75BC 100%
);height:18.75rem}.content_fuhmkfe{display:flex;flex-direction:column;margin-to
p:-10.625rem}.headerText_f1a5j4qy{flex:1;font-family:Titillium Web, 
sans-serif;font-size:7.2vw;letter-spacing:1.5px;line-height:10vw;margin:0rem 1r
em;text-align:center;text-transform:uppercase}.descriptionText_fo3bzaj{margin:1
.875rem 2rem 0rem;text-align:center}.button_f1x2hm9u{width:9.125rem}.buttonWrap
per_f13l5djz{margin:3.125rem 
auto}.androidUpdateTextWrapper_f120ecbc{margin:0.875rem 1.5rem;text-align:cente
r}.rootMessageContainer_f1rd6ntb{background-color:#ffffffff;border-radius:1rem;
box-shadow:0rem 0.125rem 0.5rem 
#011c3214;display:flex;flex-direction:column;margin:0.5rem 0rem;min-height:3rem
;padding:1rem;text-align:center}.rootMessageContainerSaferGamblingNotRequested_
flutm6i{display:flex;flex-direction:column;min-height:3rem}.linkStyles_f915obd{
color:#000000ff;text-decoration:underline}.phoneStyles_f1l8jkug{display:inline-
block}.clockContainerNarrowAndBelowBreakpoints_fuhmm6f{padding-bottom:1rem}.clo
ckContainer_f2hqs04{align-items:center;display:flex;flex-wrap:wrap;height:2rem;
padding:0.5rem 0rem;text-align:right}.imageBox_f1rj2vpr{align-items:center;disp
lay:flex;height:2rem;justify-content:flex-start;padding-right:1rem}.miniFooterL
inksWrapper_f1x02kkj{display:flex;padding:1rem 0rem}.miniFooterLinkText_f187dh1
6{color:#0470c8ff;padding-right:1rem;text-decoration:underline}.linksContainer_
fumk5gv{align-items:center;display:flex;flex-direction:row;flex-wrap:wrap;line-
height:2rem;padding:0.5rem 
0rem}.linkItem_f1ck6kj3{color:#0470c8ff;padding:0.5rem 1.25rem 0rem 0rem;text-d
ecoration:underline}.saferGamblingMessageWrapperContainer_f16browt{display:flex
;justify-content:center;margin:0rem 1rem;padding:0rem 1rem}.imageAndLinksContai
ner_f1rxvtq3{align-items:center;display:flex;flex-direction:row;flex-wrap:wrap;
padding:0.5rem 0rem 1rem 0rem}.imageLinksAndTimerContainer_fv94fjl{align-items:
center;display:flex;justify-content:space-between;padding-top:0.5rem}.footerHom
eContainer_fwwpfxg{padding-bottom:2rem}.footerContainerMobileBreakpoint_f1s2wa2
c{background:#edf3f7ff;padding:0rem 0.5rem 
2rem}.footerContainer_f19n3vou{background:#edf3f7ff;padding:0rem 1rem 2rem}.ter
msItem_fuhmm6f{padding-bottom:1rem}.termsContainer_f1ejtnxm{display:flex;flex-d
irection:column;padding-top:0.75rem}.termsItemTextContainer_fh8nfjg{color:#0470
c8ff;text-decoration:underline}.miniFooterText_fi2g4fj{padding:1rem 0rem}.spons
orRibbonSectionMobile_f1r2qtbu{align-items:center;display:flex;flex:1;flex-dire
ction:column;justify-content:space-between;padding-bottom:0.5rem}.sponsorRibbon
SectionDesktop_f2p3tsp{align-items:center;display:flex;flex:1;flex-direction:co
lumn;justify-content:space-between;margin-right:0.5rem;padding-bottom:0.5rem}.s
ponsorRibbonImageRowContainer_fi6lyol{display:flex;justify-content:center;paddi
ng-top:0.5rem}.officialPartnerImageContainerTablet_f11wsrxy{align-items:center;
display:flex;flex-direction:column;justify-content:center}.officialPartnerImage
ContainerDesktop_f1h0o37u{align-items:center;display:flex;flex-direction:row;ju
stify-content:center}.sponsorRibbonImageRow_f1c7x5pa{align-items:center;display
:flex;justify-content:center}.sponsorImage_f1ryt8d{margin-right:0.5rem}.sponsor
RibbonMobile_fkhz08q{display:flex;flex-direction:column}.sponsorRibbonDesktop_f
1pq3d7w{align-items:flex-start;display:flex;padding-bottom:0.5rem}.textContaine
r_f1e2n49h{display:flex;padding-top:0.5rem}.socialLinks_f6gn0so{align-items:cen
ter;display:flex;flex:auto;flex-direction:row;height:100%;justify-content:flex-
start}.socialLinkWrapper_fhtexnr{margin-right:1rem}.linkContainer_fxq9ral{align
-items:center;color:#0470c8ff;display:flex;flex-direction:row}.barContainer_flz
ua0e{display:flex;flex-direction:row;justify-content:space-between}.linkButton_
f13rj15c{padding-left:0.5rem;padding-right:0.5rem;text-decoration:underline}.li
nkText_fzthnl5{white-space:nowrap}.socialLinksContainer_f1dkw7ru{display:flex;f
lex-direction:column;justify-content:center}.homeFooterContainer_f4jyqbz{paddin
g:0rem 1rem}.homeFooterContainerMobile_f7ra6ol{padding:0rem 0.5rem}.periodInfo_
fddsvlq{align-items:center;display:flex}.competitionName_f1qo33y1{flex:1}@keyfr
ames f1qw0x3v{0%{opacity:0}100%{color:#111111}13%{color:#0077CC;opacity:1}56%{c
olor:#0077CC}}.scoreIncreased_f3swyzd{animation-duration:2.3000000000000003s;an
imation-fill-mode:forwards;animation-name:f1qw0x3v;animation-timing-function:cu
bic-bezier(0.4, 0.0, 0.2, 1);color:#0077CC}.container_f1vr546r{display:flex;jus
tify-content:flex-end;line-height:1.25rem}.activeContainer_fi0nipx{display:flex
;justify-content:space-between;line-height:1.25rem}.activeIcon_f1q9ufae{margin-
left:0.5rem}.score_fuzcxtn{display:inline-block;margin-left:0.5rem;text-align:r
ight;width:1.5rem}.tennisScores_fsudoo{display:flex;flex-wrap:nowrap}.sets_f10y
o030{display:inline-block;margin-left:0.5rem;text-align:right;width:1.75rem}.ga
mes_f3umioz{display:inline-block;margin-left:0.5rem;text-align:right;width:2.81
25rem}.points_f1h62dg8{display:inline-block;margin-left:0.5rem;text-align:right
;width:2.5rem}.container_f1qo33y1{flex:1}.containerHeader_f1mqzyjf{margin-top:-
0.5rem}.containerNoHeader_f1hpampt{margin-top:0.75rem}.participantOne_f1iakzkx{
margin-bottom:1.25rem}.header_f1vr546r{display:flex;justify-content:flex-end;li
ne-height:1.25rem}.numMarkets_fff61uu{display:flex;padding:0.625rem 0rem 0rem 0
.5rem}.leftAlignedHeaderItems_fsbpzm4{min-height:1rem}.headerIcon_fid80bg{paddi
ng:0.25rem 0rem 0rem 0.5rem}.time_fbgyqei{overflow:hidden;padding-top:0.625rem}
.linkMultiMarket_fcmecz0{display:block}.multiMarketCouponContainer_f234ak7{disp
lay:flex;flex-direction:row;padding:0rem 1rem}.leftSide_f1ksu6ef{align-items:fl
ex-start;display:flex;flex-direction:column}.rightSide_fz90fyd{display:flex;fle
x:1 1 auto;flex-direction:row;flex-wrap:wrap;height:7.5rem;justify-content:flex
-end;overflow:hidden}.hideRightSide_f1h65fgz{visibility:hidden}.header_f13h9g85
{display:flex;flex-direction:row;padding-bottom:0.5rem}.participantRow_fklqmim{
display:flex;flex-direction:row;height:2.5rem;padding-top:0.25rem}.gridColumn_f
rfjtr6{display:flex;flex-direction:column;margin-left:0.5rem}.priceButton_fk8tm
49{align-self:stretch;padding-top:0.25rem}.marketLabel_f1cz2o58{display:flex;ju
stify-content:center;padding:0.625rem 0rem 0.5rem 0rem;white-space:nowrap}.jers
eyColumn_f1dkw7ru{display:flex;flex-direction:column;justify-content:center}.pa
rticipantText_fivg86r{display:flex;flex-direction:column;justify-content:center
;padding-left:0.375rem;white-space:nowrap}.participantContainer_fkhz08q{display
:flex;flex-direction:column}.scoreboardRow_f1f1ygnm{display:flex}.eventText_fzg
el1e{padding:0.75rem 0rem}.noTextWrap_fheif50{white-space:nowrap}.cardOuterItem
_fn8ai8t{padding-bottom:0.5rem}.card_fohmrj3{padding:0rem 0rem 
0.5rem}.headerRow_fd10lcx{align-items:flex-start;border-bottom:0.0625rem solid 
#DEE1E3;color:#686B70;display:flex;height:1.9375rem;justify-content:space-betwe
en}.participantNames_f1tkzekp{justify-content:center;overflow:hidden}.liveParti
cipantNames_f4263fi{display:inline-flex;flex-direction:column}.participant_f1ad
ow81{line-height:1.25rem}.liveParticipant_fs89ngr{overflow:hidden;text-overflow
:ellipsis;white-space:nowrap}.eventName_f1pe3eym{display:inline-flex;flex-direc
tion:column;justify-content:center}.countdownClock_f1f1ygnm{display:flex}.timeB
adge_fcaw44h{margin:0.5rem 0.5rem 0rem 
0rem}.numMarkets_fff61uu{display:flex;padding:0.625rem 0rem 0rem 0.5rem}.leftAl
ignedHeaderItems_fqijrvf{align-items:center;display:flex;flex:1;min-height:1rem
;min-width:0}.link_ft4u1lp{display:block;padding:0rem 
1rem}.marketRow_f4jyqbz{padding:0rem 1rem}.participantNameRow_fjuaqdk{align-ite
ms:flex-end;display:flex;justify-content:space-between}.participantNameRowMatch
_f1oedftd{padding:0.375rem 
0rem}.participantNameRowFuture_f7hk9nh{padding:0.75rem 0rem 0.375rem 0rem}.icon
_f1op6hsi{padding-right:0.5rem}.participantNameIconContainer_fa1vjzi{align-item
s:center;display:flex;min-width:0}.headerIcon_fiwp4j2{padding:0.25rem 0rem 
0rem 0.25rem}.time_fbgyqei{overflow:hidden;padding-top:0.625rem}.eachwayTermsCo
ntainer_fwz2w79{background-color:#FFFFFF;display:flex;padding:0.5rem 0rem}.each
wayTermsText_fda2uu1{align-items:center;display:flex;line-height:1rem;padding:0
rem 1rem}.groupTitleContainerDesktop_fukjuk5{padding:0rem 0rem 0.5rem 
0rem}.groupTitleContainerMobile_f1jjgbdg{padding:0rem 0rem 0.5rem 1rem}.groupTi
tle_fhtxh7u{height:0.8125rem}.groupTitleExtra_f1r0fg9l{padding-top:0.5rem}.cont
ainer_f1r0fg9l{padding-top:0.5rem}.filterContainerDesktop_f1wpas00{align-items:
center;display:flex;justify-content:flex-end}.filterContainerMobile_f71e0qa{ali
gn-items:center;display:flex;justify-content:flex-end;margin-left:8rem;margin-r
ight:1rem}.filterInnerContainer_f6w00t0{max-width:100%}.leftIcon_f1c6f0gw{paddi
ng-right:0.25rem}.containerMobile_fhtx51{margin:auto;padding-top:4rem;width:13.
75rem}.containerDesktop_f1y85q11{margin:auto;padding-top:8.75rem;width:13.75rem
}.filters_f1uiiso8{border-bottom:1px solid #C3C5C7;margin-bottom:0.5rem}.conten
t_fja218n{background:#F0F1F2}.liveEventsList_fpsulcm{margin-top:0.5rem}.content
_fja218n{background:#F0F1F2}.upcomingEventsListMobile_fpsulcm{margin-top:0.5rem
}.upcomingEventsListDesktop_fri609p{margin-top:0.5rem;padding:0rem 0rem 0.5rem 
0rem}.timeFilter_f1qvspjn{align-items:center;display:flex;justify-content:flex-
end;margin:-0.25rem 1rem -1.1875rem 0rem}.allAvailableMarketsLinkMobile_f1g31tr
r{display:block;margin-bottom:1rem;padding-left:1rem}.allAvailableMarketsLinkDe
sktop_fsp4abt{display:block;margin-top:-0.5rem}@keyframes f7rnkfd{0%,100%{opaci
ty:0}16%,82%{opacity:1}}.link_f37nqng{border-radius:inherit;color:#111111;displ
ay:flex;flex:1;overflow:hidden;position:relative}.verticallyCenteredFlex_f7qvo1
a{align-items:center;display:flex;height:2.9375rem}.icon_f1ryt8d{margin-right:0
.5rem}.shadowIcon_fu8aesc{margin:0rem 0.5rem 0rem 0.9375rem}.shadowTextContaine
r_f7dcbip{align-items:center;display:flex;flex:1;justify-content:space-between}
.shadowLink_fe6wo4n{align-items:center;background-color:#FFFFFF;box-shadow:0rem
 0.625rem 0.625rem -0.3125rem rgba(0, 0, 0, 0.2);display:flex;height:2.9375rem;
position:absolute;right:1.0625rem;visibility:hidden;width:97%}.shadowLinkMobile
_f4n3qmu{align-items:center;background-color:#FFFFFF;box-shadow:0rem 0.625rem 
0.625rem -0.3125rem rgba(0, 0, 0, 0.2);display:flex;height:2.9375rem;position:a
bsolute;right:0rem;visibility:hidden;width:100%}.container_f1pi17at{display:fle
x;flex:1}.iconContainer_fddsvlq{align-items:center;display:flex}.mySportsTextAn
imation_f14mz1bv{animation-duration:1.8s;animation-name:f7rnkfd;padding-right:0
.5rem}.label_f1qo33y1{flex:1}.verticalTranslation_fmm2ifc{transition-timing-fun
ction:cubic-bezier(0.25, 0.1, 0.25, 1);visibility:visible}.scaledDownStar_f1cj5
yqc{transform:scale(0.75);transition:200ms}.scaleUpStar_f1b71st5{transform:scal
e(1);transition:200ms}.generosityIconWrapper_f1ryt8d{margin-right:0.5rem}.horiz
ontalRule_focp963{border-bottom:1px solid #DEE1E3;margin:0rem 
1rem}.sportsLink_f14jtmy0{padding:0rem 
1rem}.sportsLink_f14jtmy0:active{background-color:rgba(0, 0, 0, 0.1)}.regionsFi
lter_fw5thyt{margin-top:-1.875rem}.sectionList_f18v2vnr{padding:0.25rem 0rem}.m
arketFilter_f1g62ry{margin-bottom:-1.75rem;padding-top:0.5rem}.timeFilter_fdb8c
e{align-items:center;display:flex;justify-content:flex-end;margin:0.25rem 1rem 
-1.1875rem 0rem}.content_f1vxcizu{background-color:#F0F1F2;padding-top:1rem}.au
xPanelHeading_f1cimnwz{align-items:center;display:flex;height:3rem;justify-cont
ent:space-between;margin-top:1rem}.auxPanel_f1pkguxz{display:flex;flex-directio
n:column;height:100%;min-height:calc(100vh - 12.625rem);width:22.5rem}.auxPanel
Content_f1qo33y1{flex:1}.auxPanelMargin_fpsulcm{margin-top:0.5rem}.header_f1u3p
3nm{background-color:#FFFFFF;display:flex;justify-content:space-between;padding
:1rem;position:fixed;width:41.25rem}.searchField_fq60zln{align-items:center;dis
play:flex;width:12.5rem}.modalContent_f1452imh{min-height:12.5rem;position:rela
tive}.marketList_f1igjhyb{display:flex;flex-wrap:wrap;padding-bottom:0.5rem;pad
ding-top:4rem;width:41.25rem}.market_fjig9r4{cursor:pointer;padding:0.5rem 1rem
;width:13.75rem}.noSpecialsOrEventFilter_f1r0fg9l{padding-top:0.5rem}.marketFil
ter_fpbqvn0{margin-bottom:-1.25rem}.roundNavWrapperDesktop_fddsvlq{align-items:
center;display:flex}.roundNavWrapperMobile_f19y9tu7{align-items:center;display:
flex;padding:0rem 1rem}.eventStatusContainerCarousel_f192wy5q{display:flex;heig
ht:1.5rem;justify-content:space-between;margin-top:0.25rem}.eventStatusContaine
rList_f1hlm0ls{display:flex;height:1.5rem;justify-content:space-between;margin-
bottom:0.75rem;margin-top:0.75rem}.leftEventStatusContainerCarousel_fyfubum{ali
gn-items:center;display:flex;flex:0 0 auto;font-size:1.25rem;justify-content:ce
nter;padding-left:1rem;padding-right:0.5rem}.leftEventStatusContainerList_fggo2
dv{align-items:center;display:flex;flex:0 0 auto;font-size:1.25rem;justify-cont
ent:center;padding-right:0.5rem}.centerEventStatusContainerList_f1nuntm9{align-
items:center;display:flex;flex:1 1 auto;width:4.375rem}.rightEventStatusContain
erCarousel_f10egu3n{align-items:center;display:flex;flex:0 1 auto;min-width:2.7
5rem;padding-left:0.5rem;padding-right:1rem}.rightEventStatusContainerList_filh
thx{align-items:center;display:flex;flex:0 1 auto;min-width:2.75rem;padding-lef
t:0.5rem}.oneLineTitleContainer_ficr6e8{max-height:1rem;min-height:1rem}.eventI
consContainer_f132mu8l{align-items:center;display:flex}.eventIconsContainer_f13
2mu8l >:not(:last-child){margin-right:0.25rem}.eventStatusLabelContainer_f1n0dv
v8{margin-left:0.25rem}.eventTitleContainer_f16qhrj0{margin-left:0.375rem;max-h
eight:1rem;min-height:1rem}.eventStatusMarginBottom_f1p51cf9{margin-bottom:0.75
rem}.animateHeight_faowcuh{overflow:hidden}.containerDesktop_f4uwcid{align-item
s:center;display:flex;margin-bottom:0.5rem}.containerDesktop_f4uwcid:last-child
{margin-bottom:0}.containerMobile_f1k82dqf{align-items:center;display:flex;marg
in-bottom:0.25rem}.containerMobile_f1k82dqf:last-child{margin-bottom:0}.titleCo
ntainerDesktop_f1olv79l{align-items:center;display:flex;overflow:hidden}.titleC
ontainerMobile_frra13p{display:flex;flex-direction:column;margin-left:0.5rem;ov
erflow:hidden}.titleDesktop_f1d8gv9m{line-height:1rem;margin-left:0.5rem;white-
space:nowrap}.titleMobile_ft7xr4i{line-height:1rem;white-space:nowrap}.subTitle
Desktop_flt6ok0{line-height:1rem;margin-left:1rem;white-space:nowrap}.subTitleM
obile_ft7xr4i{line-height:1rem;white-space:nowrap}.cardMobile_f1jhyhch{backgrou
nd-color:#FFFFFF;box-shadow:0rem 0.0625rem 0.0625rem 0rem rgba(0, 0, 0, 
0.1);color:#111111;margin-bottom:0.5rem;padding:0rem 0.75rem 0.75rem 0.75rem}.c
ardMobile_f1jhyhch:last-child{margin-bottom:0}.cardDesktop_f1nd7zyi{background-
color:#FFFFFF;border-radius:0.25rem;box-shadow:0rem 0.0625rem 0.0625rem 0rem 
rgba(0, 0, 0, 0.1);color:#111111;margin-bottom:0.5rem;padding:0rem 0.75rem 
0.75rem 0.75rem}.cardDesktop_f1nd7zyi:last-child{margin-bottom:0}.editButton_f1
cbto7e{flex:1;height:2rem;margin-right:0.75rem;width:7.5rem}.addButton_f1ra0fru
{flex:2}.header_fibh7q8{align-items:center;border-bottom:1px solid #C3C5C7;disp
lay:flex;padding-bottom:0.75rem;padding-top:0.75rem}.legNumber_f3iza6r{flex:1;m
argin-left:0.25rem}.betsPlaced_f1isrycl{align-items:center;background-color:#E5
E8ED;border-radius:0.75rem;display:flex;height:1.5rem;padding-left:0.5rem;paddi
ng-right:0.5rem}.betsPlacedNumber_f2rdjxw{margin-left:0.125rem;margin-right:0.2
5rem}.content_fz2d4nr{padding-bottom:0.75rem;padding-top:1rem}.buttonContainer_
f1wd9h74{display:flex;flex-direction:row;height:2rem}.buttonContainerFullWidth_
fsilx1t{display:flex;flex-direction:row;height:2rem;max-width:18.75rem}.headerC
ontainer_f100g97f{display:flex;flex-direction:column;height:6.5rem;justify-cont
ent:space-between}.popularSGMList_f1q52wp6{display:flex;flex:1;height:1rem;just
ify-content:space-between;overflow:hidden;padding-left:0.5rem;text-overflow:ell
ipsis;white-space:nowrap}.popularSGMListContainer_f1tzm2k7{color:#000000;displa
y:flex;flex-direction:row;justify-content:space-between;padding-top:0.25rem;wid
th:100%}.popularSGMParentContainer_f14cezou{display:flex;flex-direction:column;
justify-content:space-between;padding:0rem 0.75rem}.popularSGMFooterContainer_f
15c6b9q{display:flex;flex-direction:column;margin-bottom:0.75rem;padding:0rem 0
.75rem;width:100%}.showAllContainer_fv28ru5{display:flex;height:1.5rem;justify-
content:flex-start}.popularSGMLegsDescContainer_fdz92rx{align-items:center;disp
lay:flex;padding-bottom:0.75rem;padding-top:0.5rem}.legNumberTextStyle_f3iza6r{
flex:1;margin-left:0.25rem}.punterDetails_f1ycvpbm{align-items:flex-start;backg
round-color:#E5E8ED;border-radius:0.75rem;display:flex;height:1.25rem;padding:0
rem 0.5rem;padding-top:0.125rem}.customerCountStyle_f2rdjxw{margin-left:0.125re
m;margin-right:0.25rem}.parentContainer_f96or0t{width:100%}.eventDetailsHeader_
fzu24to{margin-bottom:0.75rem;margin-top:0.25rem;width:100%}.eventDetailsContai
ner_fg4ljox{align-items:flex-start;display:flex;flex-direction:row;justify-cont
ent:space-between;padding:0rem 1rem;width:100%}.showAllStyle_fjit8of{justify-co
ntent:flex-start}.showAllTextColor_fhudrb0{color:#00549E}.outcomeName_fmlsk7q{a
lign-items:center;justify-content:flex-start;max-height:1rem;overflow:hidden;pa
dding-right:0.5rem;text-overflow:ellipsis;white-space:nowrap}.marketName_f1kdel
07{align-items:center;max-height:1rem;overflow:hidden;text-align:right;text-ove
rflow:ellipsis;white-space:nowrap}.outcomeNameContainer_f11r214w{display:flex;f
lex:1;overflow:hidden;text-overflow:ellipsis;white-space:nowrap}.marketNameCont
ainer_f1m99z32{display:flex;flex:1;justify-content:flex-end;overflow:hidden;tex
t-overflow:ellipsis;white-space:nowrap}.outcomesWrapper_fn8ai8t{padding-bottom:
0.5rem}.desktopContainer_frk74kk{max-width:36.5rem}.mobileContainer_f4jyqbz{pad
ding:0rem 1rem}.cardContainer_f13smzga{background-color:#FFFFFF;color:#111111;m
argin-bottom:1rem;padding-bottom:0.25rem}.content_fso6rhz{background-color:#F0F
1F2}.specialsCardContainerMobile_f1ivt82b{margin:0.5rem 0.5rem 0.25rem 
0.5rem}.specialsCardContainerDesktop_fj13a2b{margin:0.5rem 0rem 0.25rem 0rem}.p
ageContainer_f1rz47qk{background:#F0F1F2;display:flex;flex:1}.place_f1e3ytbb{al
ign-items:center;border:1px solid;border-radius:50%;display:flex;flex-direction
:column;justify-content:center;margin-right:1rem;min-height:2.5rem;min-width:2.
5rem}.goldCircle_fg8u2pu{color:#FAA71C}.blackCircle_f1tc10rl{color:#111111}.con
tainerMobile_f1vu4lzn{align-items:center;background-color:#FFFFFF;display:flex;
padding:1rem 0rem}.containerDesktop_ffnvqkc{align-items:center;background-color
:#FFFFFF;box-shadow:0rem 0.0625rem 0.0625rem 0rem rgba(0, 0, 0, 
0.1);display:flex;padding:0.875rem 1rem}.sportsFlag_f1ac52bm{padding-right:0.43
75rem}.containerDesktop_fqeoka2{background-color:#DEE1E3;padding:0.5rem 0.5rem 
0rem 0.5rem}.containerDesktopLastElement_f1rnluzf{background-color:#DEE1E3;box-
shadow:0rem 0.0625rem 0.0625rem 0rem rgba(0, 0, 0, 0.1);padding:0.5rem}.contain
erMobile_fmbzygj{background-color:#FFFFFF;padding:0rem 1rem}.containerMobileLas
tElement_fdbufc8{background-color:#FFFFFF;box-shadow:0rem 0.0625rem 0.0625rem 
0rem rgba(0, 0, 0, 0.1);padding:0rem 
1rem}.horizontalRule_f15vil3d{border-bottom:0.0625rem solid #DEE1E3}.blurbConta
iner_f1iaut38{align-items:center;background-color:#ffffffff;display:flex;paddin
g:0.875rem 1rem;padding-bottom:0.5rem}.container_f1vxcizu{background-color:#F0F
1F2;padding-top:1rem}.emptyStateContainerMobile_f160d053{background-color:#F0F1
F2;margin-top:4rem;text-align:center}.emptyStateContainerDesktop_fc4nfef{backgr
ound-color:#F0F1F2;margin-top:8.75rem;text-align:center}@keyframes f1viyxtx{0%{
opacity:0}100%{opacity:1}}.content_fja218n{background:#F0F1F2}.sectionHeaderMob
ile_f1qkq14j{padding-left:1rem}.sectionHeader_f1rm4ar9{align-items:center;backg
round:#F0F1F2;color:#111111;display:flex;height:2.5rem}.section_fdoc1b1{display
:flex;flex:1;flex-direction:column}.sportsList_f1qo33y1{flex:1}.sectionsList_f1
ohqg01{background-color:#F0F1F2;margin:0.25rem 0rem}.sectionsListItem_f12ofsqd{
background-color:#FFFFFF}.sportsLink_f8odcz{display:flex;flex:1;padding:0rem 
1rem}.sportsLink_f8odcz:active{background-color:rgba(0, 0, 0, 0.1)}.emptyMySpor
tsContainer_f4pwluq{align-items:center;animation-duration:0.2s;animation-name:f
1viyxtx;display:flex;flex:1;height:2.9375rem;justify-content:space-between;marg
in:0.25rem 0rem;padding-right:1rem}.mobileEmptyStatePadding_f1qkq14j{padding-le
ft:1rem}.emptyStateStarIcon_fddsvlq{align-items:center;display:flex}.border_f15
vil3d{border-bottom:0.0625rem solid #DEE1E3}.fadingRow_f1po7iyf{background-colo
r:#F0F1F2;opacity:0;transform:scale(0.75, 0.75);transition:0.3s}.removeBorder_f
1pd1ucb{border-bottom:none}.lastSectionList_f1nwsib7{margin-bottom:0}.emptyCont
ainer_fovlx3v{padding:0.625rem}.errorText_f1p1ptpf{display:flex;padding-bottom:
0.25rem}.emptyMessage_f1fnuowg{align-items:center;background-color:#FFFFFF;colo
r:#111111;display:flex;flex-direction:column;padding:0.625rem}.accordionWrapper
_fn8ai8t{padding-bottom:0.5rem}.accordionBody_fohmrj3{padding:0rem 0rem 
0.5rem}.horizontalRule_focp963{border-bottom:1px solid #DEE1E3;margin:0rem 
1rem}.sportsLink_f14jtmy0{padding:0rem 
1rem}.sportsLink_f14jtmy0:active{background-color:rgba(0, 0, 0, 
0.1)}.header_f1l04mb8{color:#111111;font-size:0.6875rem;padding:0.75rem 0.5rem}
.content_f1qg23uj{background-color:#F0F1F2;position:relative}.regionFilter_f1r0
fg9l{padding-top:0.5rem}.accordionList_f1r0fg9l{padding-top:0.5rem}.accordionBo
dy_f44x137{background-color:#ffffffff;border-bottom-left-radius:16px;border-bot
tom-right-radius:16px;padding:0rem 0.5rem 0.5rem}.emptyMessageBody_f1ag876a{bac
kground-color:#ffffffff;border-bottom-left-radius:16px;border-bottom-right-radi
us:16px;padding:0.75rem 
0rem;text-align:center}.insight_f4ea4yq{border-bottom:0.0625rem solid 
#dbe6f0ff;padding:0.5rem 0rem}.insightWithoutBorder_fmk8eut{padding:0.5rem 0rem
}.moreInsights_f1r0fg9l{padding-top:0.5rem}.outcomeCard_fv94fjl{align-items:cen
ter;display:flex;justify-content:space-between;padding-top:0.5rem}.insightsOutc
omeContainer_f22d4xb{align-items:center;display:flex;flex:0.9}.insightMarket_fn
8ai8t{padding-bottom:0.5rem}.oddsContainer_f51j4bl{align-self:flex-end;margin-l
eft:1rem;min-width:4.5rem}.insightRowContainer_fkhz08q{display:flex;flex-direct
ion:column}.insightImage_f18qazev{height:1.5rem;width:1.5rem}.insightsIconConta
iner_f1ryt8d{margin-right:0.5rem}.showAll_fi6lyol{display:flex;justify-content:
center;padding-top:0.5rem}.accordion_fohmrj3{padding:0rem 0rem 
0.5rem}.accordionMobile_f1sgpkn2{padding:0rem 1rem 0.5rem}.footer_fbz00o4{align
-items:center;display:flex;flex-direction:column;margin-top:1rem}.footerText_fp
sulcm{margin-top:0.5rem}.footerLink_f1o5cp1i{cursor:pointer;margin-top:0.5rem}.
emptyContainer_fb8jotk{padding:0.75rem}.errorText_f1p1ptpf{display:flex;padding
-bottom:0.25rem}.emptyMessage_f1d7h4eb{align-items:center;background-color:#FFF
FFF;color:#111111;display:flex;flex-direction:column;padding:0.75rem}.container
_f1f1ygnm{display:flex}.swiperContainer_fk6ul71{align-items:center;display:flex
;justify-content:center;width:100%}.swiperSlide_fb02mio{align-items:center;curs
or:pointer;display:flex;flex-shrink:0;justify-content:center}.optionsView_fc8q1
l8{display:flex;pointer-events:none;position:absolute;width:100%}.centralOption
Frame_fqzgi1r{border:solid 0.125rem #0470c8ff;border-radius:0.5rem;flex:1;heigh
t:2rem}.nearestOptionFrame_f1dnwir3{flex:1;height:2rem}.farthestOptionFrame_f1d
nwir3{flex:1;height:2rem}.controlsContainer_fpumc1u{display:flex;justify-conten
t:flex-end;margin-bottom:1.5rem;padding-top:0.625rem}.pickerLayoutContainerDesk
top_fm804sy{align-self:center;display:flex;flex-direction:column;width:23.6875r
em}.playerLineContainer_fp5tyk{align-self:center;display:flex;flex-direction:co
lumn}.pickControlContainer_f1ah58o3{align-items:center;display:flex;justify-con
tent:space-between;width:3.5rem}.listControlContainer_f1i8phgb{align-items:cent
er;display:flex;justify-content:space-between;margin-left:0.5rem;width:3.5rem}.
pickerContainer_fl9a4co{margin-bottom:1rem}.outcomesContainer_fjm7llx{display:f
lex;text-align:center}.firstOutcome_fndgavu{flex:1;margin-right:0.5rem}.secondO
utcome_f1qo33y1{flex:1}.blurbLine_fl5rwez{background-color:#dbe6f0ff;height:0.0
625rem;margin-bottom:0.75rem;margin-top:0.25rem}.container_f1mgyl9u{position:re
lative}.jerseyNumberContainer_fhucykm{align-items:center;bottom:0;display:flex;
justify-content:center;left:0;position:absolute;right:0;top:-0.375rem}.nameWrap
per_fddsvlq{align-items:center;display:flex}.row_f1kpf5iv{align-items:center;ba
ckground-color:#ffffffff;display:flex;flex-direction:row;height:2rem;text-align
:center}.bottomRow_fauv570{align-items:center;background-color:#ffffffff;border
-bottom-left-radius:0.5rem;border-bottom-right-radius:0.5rem;display:flex;flex-
direction:row;height:2rem;text-align:center}.wonResult_fs67xdj{align-items:cent
er;background-color:#ecf8ecff;border-radius:0.25rem;display:flex;height:1rem;ju
stify-content:center;margin-left:0.25rem;margin-right:0.5rem;width:1rem}.lostRe
sult_f1e35tt6{align-items:center;background-color:#fee6e6ff;border-radius:0.25r
em;display:flex;height:1rem;justify-content:center;margin-left:0.25rem;margin-r
ight:0.5rem;width:1rem}.drawResult_fkbujpo{align-items:center;background-color:
#edf3f7ff;border-radius:0.25rem;display:flex;height:1rem;justify-content:center
;margin-left:0.25rem;margin-right:0.5rem;width:1rem}.flag_f19ethqx{align-self:c
enter;margin-right:0.25rem}.round_f1jl4wcn{align-self:center;width:2rem}.score_
f1f4wp6n{align-items:center;align-self:center;flex:1;line-height:1.5rem;margin-
start:0.25rem}.statColumnSeparator_f17phfqr{background-color:#edf3f7ff;height:2
rem;width:0.0625rem}.matchDetailsLarge_f1rjpat6{align-items:center;align-self:c
enter;display:flex;flex-direction:row;width:40%}.matchDetailsSmall_ftnup7w{alig
n-items:center;align-self:center;display:flex;flex-direction:row;width:9.875rem
}.statsContainer_fh7owap{align-items:center;flex:1;flex-direction:row;justify-c
ontent:center}.mainStatsContainer_f1nre16k{align-items:center;border-radius:0.2
5rem;display:inline-flex;flex-direction:row;height:1rem;justify-content:center;
min-width:1.5rem;padding-left:0.25rem;padding-right:0.25rem;text-align:center}.
home_fquf5t4{align-items:center;align-self:center;display:flex}.away_fzpbexz{he
ight:1rem;width:1rem}.firstRowSpacer_f1q9ufae{margin-left:0.5rem}.opponentTeamA
bbreviation_f1e61em6{align-items:center;display:flex;justify-content:flex-end;m
argin-right:0.25rem;width:2rem}.opponentIndicatorPlaceholder_fn9n252{height:1.2
5rem;margin-right:0.25rem;width:1.25rem}.wrapper_f195q62j{padding:0.375rem}.con
tainerInverted_fjr1fv9{background-color:#023864ff;border:0.125rem solid;border-
color:#023864ff;border-radius:1.125rem;display:flex;position:relative}.containe
rStandard_f19p77o5{background-color:#dbe6f0ff;border:0.125rem solid;border-colo
r:#dbe6f0ff;border-radius:1.125rem;display:flex;position:relative}.selectedTabO
verlay_f1p1t3f9{background-color:#ffffffff;border-radius:1rem;box-shadow:0rem 
0.125rem 0.5rem #011c3214;height:2rem;position:absolute;top:0;transition:all 
400ms cubic-bezier(0, 0, 0.2, 1)}.inactiveSelectedTabOverlay_f1upqmpk{backgroun
d-color:#b8cde052;border-radius:1rem;height:2rem;position:absolute;top:0;transi
tion:all 400ms cubic-bezier(0, 0, 0.2, 1)}.invertedInactiveSelectedTabOverlay_f
x23qmi{background-color:#0238647a;border-radius:1rem;height:2rem;position:absol
ute;top:0;transition:all 400ms cubic-bezier(0, 0, 0.2, 1)}.tabInverted_f16mbsye
{align-items:center;background-color:#00000000;border-radius:1rem;cursor:pointe
r;display:flex;flex:1;height:2rem;justify-content:center;padding:0.5rem 
0rem;transition:all 100ms cubic-bezier(0, 0, 0.2, 1);z-index:1}.tabInverted_f16
mbsye>i{color:#ffffffff}.tabInverted_f16mbsye>div{color:#ffffffff}.tabInverted_
f16mbsye:active:hover{background-color:#00000000}.tabInverted_f16mbsye:active{t
ransform:scale(0.9)}.tabInverted_f16mbsye:focus{background-color:#0470c8ff}.tab
Standard_f15jhr6k{align-items:center;background-color:#00000000;border-radius:1
rem;cursor:pointer;display:flex;flex:1;height:2rem;justify-content:center;paddi
ng:0.5rem 0rem;transition:all 100ms cubic-bezier(0, 0, 0.2, 
1);z-index:1}.tabStandard_f15jhr6k>i{color:#0470c8ff;transition:all 100ms 
cubic-bezier(0, 0, 0.2, 
1)}.tabStandard_f15jhr6k>div{color:#0470c8ff;transition:all 100ms 
cubic-bezier(0, 0, 0.2, 1)}.tabStandard_f15jhr6k:active{transform:scale(0.9)}.t
abStandard_f15jhr6k:active:hover>i,.tabStandard_f15jhr6k:active:hover>div{color
:#37a3fbff}.tabStandard_f15jhr6k:hover>i,.tabStandard_f15jhr6k:hover>div,.tabSt
andard_f15jhr6k:focus>i,.tabStandard_f15jhr6k:focus>div{color:#035ca5ff}.select
edTab_ffqws7c{align-items:center;background-color:#00000000;border-radius:1rem;
cursor:pointer;display:flex;flex:1;height:2rem;justify-content:center;padding:0
.5rem 0rem;transition:all 100ms cubic-bezier(0, 0, 0.2, 1);z-index:1}.selectedT
ab_ffqws7c>i{color:#0a375cff}.selectedTab_ffqws7c>div{color:#0a375cff}.selected
Tab_ffqws7c:active{transform:scale(0.9)}.inactiveTabStandard_f1gd1vbp{align-ite
ms:center;background-color:#00000000;border-radius:1rem;cursor:initial;display:
flex;flex:1;height:2rem;justify-content:center;padding:0.5rem 
0rem;transition:all 100ms cubic-bezier(0, 0, 0.2, 1);z-index:1}.inactiveTabStan
dard_f1gd1vbp>i{color:#709dc2ff}.inactiveTabStandard_f1gd1vbp>div{color:#709dc2
ff}.inactiveTabInverted_f1gd1vbp{align-items:center;background-color:#00000000;
border-radius:1rem;cursor:initial;display:flex;flex:1;height:2rem;justify-conte
nt:center;padding:0.5rem 0rem;transition:all 100ms cubic-bezier(0, 0, 0.2, 1);z
-index:1}.inactiveTabInverted_f1gd1vbp>i{color:#709dc2ff}.inactiveTabInverted_f
1gd1vbp>div{color:#709dc2ff}.textWrapper_f13k1nzu{align-items:center;display:fl
ex;justify-content:center;margin:0rem 0.5rem}.formContainer_fpsulcm{margin-top:
0.5rem}.playerHistory_fxtszsu{background-color:#ffffffff;border:0.0625rem 
solid #dbe6f0ff;border-radius:0.5rem}.filterContainer_f1for91e{margin:0rem -0.3
75rem;padding-bottom:0.25rem}.formBlurb_f15iey75{background-color:#edf3f7ff;bor
der-radius:0.5rem;flex:1;margin-bottom:0.5rem;padding-bottom:0.5rem;padding-top
:0.5rem}.formBlurbText_fem2ptv{align-self:center;flex:1;margin-horizontal:0.75r
em;margin-vertical:0.5rem;text-align:center}.outcomeFormHeader_flq39qd{backgrou
nd-color:#ffffffff;border-top-left-radius:0.5rem;border-top-right-radius:0.5rem
;display:flex;flex-direction:row;padding-bottom:0.5rem;padding-top:0.5rem}.form
HeaderMatchDetailsLarge_fy22eun{text-align:center;width:40%}.formHeaderMatchDet
ailsSmall_f1i8n5fd{text-align:center;width:9.875rem}.formHeaderStatsTitle_f13t1
8lq{flex:1;text-align:center}.legendContainer_f1onudt6{margin:0.5rem 0rem 
0.5rem 0.5rem;padding:0rem 0rem 0.5rem 0.5rem}.legend_fy1visq{flex-direction:ro
w}.flagImageContainerStyle_fjr5ufy{align-self:center;padding-left:1.5rem}.error
StateContainer_f1ev0ex0{background-color:#edf3f7ff;border-radius:0.5rem;margin-
bottom:0.5rem;padding-top:1.5rem}.statContainer_f143n22n{align-items:center;bor
der-radius:0.25rem;display:inline-block;justify-content:center;line-height:0.75
rem;margin-left:0.125rem;text-align:center;width:1.5rem}.lastFiveWithThreeDigit
s_f3ggpry{width:1.75rem}.container_f4kts5v{align-items:center;flex-direction:ro
w;padding-top:0.25rem}.rows_f6ebnu7{padding-bottom:0.25rem}.row_f1itup8x{align-
items:stretch;display:flex;flex:1;margin-bottom:0.5rem}.headerRow_f17895gg{marg
in-bottom:0.25rem}.outcomeCard_fh0pb0b{flex:1 0 0;padding:0rem 0.5rem 0.25rem 
0rem}.headerRowItem_ffxkec7{display:flex;flex:1 0 
0;justify-content:center;padding:0rem 0.5rem 0.25rem 
0rem}.headerRowItemRight_fhp1rhc{display:flex;flex:1 0 
0;justify-content:center;padding:0rem 0.5rem 0.25rem 
0rem;padding-right:0rem}.outcomeCardLastInItsColumn_f17xqn4p{flex:1 0 
0;padding:0rem 0.5rem 0.25rem 
0rem;padding-bottom:0}.outcomeCardRight_f8cncvq{flex:1 0 0;padding:0rem 0.5rem 
0.25rem 0rem;padding-right:0}.outcomeCardRightLastInItsColumn_f15gjofo{flex:1 
0 0;padding:0rem 0.5rem 0.25rem 0rem;padding-bottom:0;padding-right:0}.outcomeD
etails_f19d36qk{align-items:center;display:flex;height:100%;justify-content:spa
ce-between}.outcomeDetailsBorder_f1l5xdj4{align-items:center;border:0.0625rem 
solid #dbe6f0ff;border-radius:0.5rem;display:flex;height:100%;justify-content:s
pace-between}.outcomeName_f1sg37mo{-moz-hyphens:auto;-ms-hyphens:auto;-webkit-h
yphens:auto;hyphens:auto;overflow-wrap:break-word;padding-right:0.5rem;word-wra
p:break-word}.outcomeNameNarrowest_f1a22gtv{-moz-hyphens:auto;-ms-hyphens:auto;
-webkit-hyphens:auto;hyphens:auto;overflow-wrap:break-word;padding:0.25rem;padd
ing-right:0.5rem;word-wrap:break-word}.flagWrapper_f1ipk5ox{margin-bottom:0.125
rem}.icon_f1f1ygnm{display:flex}.eventMarketTextWrapper_f1hwbgct{display:flex;f
lex-direction:column;padding-left:0.5rem}.eventMarketWrapper_f4osywm{display:fl
ex;flex-direction:row;padding-right:0.5rem;text-align:start}.chevronWrapper_f1n
31fhl{padding-left:0.5rem}.sportsEventOutcomeForm_f96or0t{width:100%}.separator
_f1y927o7{background-color:#dbe6f0ff;height:3rem;margin-right:0.5rem;width:0.06
25rem}.containerUIDefault_f3n84js{background-color:#ffffffff;border-color:#dbe6
f0ff;border-radius:1rem;border-style:solid;border-width:0.0625rem;display:flex;
flex:1;flex-direction:column;height:2.125rem}.containerUIInput_f1c4lcp0{backgro
und-color:#ffffffff;border-color:#94b5d1ff;border-radius:1rem;border-style:soli
d;border-width:0.0625rem;display:flex;flex:1;flex-direction:column;height:2.125
rem}.containerInverseDefault_f1hkruou{background-color:#023864ff;border-radius:
1rem;border-style:solid;border-width:0.0625rem;display:flex;flex:1;flex-directi
on:column;height:2.125rem}.leftIconWrapper_f1op6hsi{padding-right:0.5rem}.conta
inerInverseInput_f1hkruou{background-color:#023864ff;border-radius:1rem;border-
style:solid;border-width:0.0625rem;display:flex;flex:1;flex-direction:column;he
ight:2.125rem}.containerUIUrgent_f7vzf80{background-color:#ffffffff;border-colo
r:#c80404ff;border-radius:1rem;border-style:solid;border-width:0.0625rem;displa
y:flex;flex:1;flex-direction:column;height:2.125rem}.containerInverseUrgent_f1h
q07v{background-color:#023864ff;border-color:#c80404ff;border-radius:1rem;borde
r-style:solid;border-width:0.0625rem;display:flex;flex:1;flex-direction:column;
height:2.125rem}.containerInverseUIInactive_fzg6x19{background-color:#0238647a;
border-radius:1rem;border-style:solid;border-width:0;display:flex;flex:1;flex-d
irection:column;height:2.125rem}.containerUIInactive_f10bsq8f{background-color:
#b8cde052;border-radius:1rem;border-style:solid;border-width:0;display:flex;fle
x:1;flex-direction:column;height:2.125rem}.iconTextContainer_f1xvnixc{display:f
lex;flex:1;flex-direction:row;justify-content:flex-start}.arrowIconWrapper_f1qf
zoga{align-items:flex-end;display:flex;flex-direction:row;justify-content:flex-
end}.contentContainer_fw7t5nd{display:flex;flex:1;flex-direction:row;height:100
%;padding:0.5rem;width:100%}.pickerWrapper_f14kt5n8{appearance:none;background-
color:#00000000;border:0;color:#00000000;height:2rem;margin-top:-2rem;outline:n
one}.labelContainer_f1n31fhl{padding-left:0.5rem}.option_ftbuqf0{color:initial}
.pyolContainer_f880sz8{display:flex;gap:0.5rem}.pyolTeam_fdoc1b1{display:flex;f
lex:1;flex-direction:column}.pyolPriceButton_fn8ai8t{padding-bottom:0.5rem}.pyo
lSelectOutcome_f1r0fg9l{padding-top:0.5rem}.pyolSelectionDetails_fkhz08q{displa
y:flex;flex-direction:column}.firstColumnRow_f1wffo0f{background-color:#fffffff
f;display:flex;height:2.25rem;justify-content:space-between;margin-right:0.0625
rem;padding:0.5rem}.lastColumnRow_fzm44qg{background-color:#ffffffff;display:fl
ex;height:2.25rem;justify-content:space-between;padding:0.5rem}.bottomLeftRow_f
11cf8hv{border-bottom-left-radius:0.5rem}.bottomRightRow_f1tsjmg{border-bottom-
right-radius:0.5rem}.scoreText_fsoe34s{text-align:center;width:3.5rem}.wonResul
t_fkyvr8q{align-items:center;background-color:#287227ff;border-radius:0.25rem;d
isplay:flex;height:1rem;justify-content:center;width:1rem}.lostResult_f1omw4aj{
align-items:center;background-color:#c80404ff;border-radius:0.25rem;display:fle
x;height:1rem;justify-content:center;width:1rem}.drawResult_f1ecn1oh{align-item
s:center;background-color:#035ca5ff;border-radius:0.25rem;display:flex;height:1
rem;justify-content:center;width:1rem}.resultLeft_f1n0dvv8{margin-left:0.25rem}
.resultRight_f1ha887j{margin-right:0.25rem}.flagContainer_fmp8rd0{display:flex;
margin:0rem 0.25rem}.opponentTeamAbbreviationLeft_f1b99x32{align-items:center;d
isplay:flex;justify-content:flex-start;margin-right:0.25rem;width:1.75rem}.oppo
nentTeamAbbreviationRight_f16dvi0a{align-items:center;display:flex;justify-cont
ent:flex-end;margin-left:0.25rem;width:1.75rem}.columnReverse_fuongr{display:fl
ex;flex-direction:row-reverse}.opponentInfoContainer_f1c7x5pa{align-items:cente
r;display:flex;justify-content:center}.homeElement_f2s2pes{align-self:center;di
splay:flex;justify-content:center}.awayElement_fzpbexz{height:1rem;width:1rem}.
flagPlaceholder_fztshx8{height:1rem;width:1.5rem}.parentContainer_fcd5q13{backg
round-color:#edf3f7ff;border-radius:0.5rem;margin-top:0.5rem;padding:0.5rem}.bu
tton_fqnzxlm{align-content:center;align-items:center;display:flex;justify-conte
nt:center;padding-top:0.5rem}.header_f1dv6hv2{align-items:center;background-col
or:#ffffffff;border:0.0625rem #ffffffff;border-top-left-radius:0.5rem;border-to
p-right-radius:0.5rem;display:flex;height:3rem;padding:0rem 0.5rem}.teamStatsCo
ntainer_fn5nzpm{align-items:center;display:flex;flex:1;flex-direction:column;ju
stify-content:center;padding-left:0.75rem;padding-right:0.75rem}.columnsContain
er_f1winuua{border:0.0625rem #ffffffff;border-bottom-left-radius:0.5rem;border-
bottom-right-radius:0.5rem;display:flex}.column_frz7r5l{width:50%}.teamSummaryS
tats_f19pwgxr{align-items:center;display:flex;justify-content:space-between;pad
ding:0.5rem 0rem 0.5rem;width:100%}.outcomeCardItems_f13j2aqd{align-items:flex-
end;display:flex;gap:0.5rem;width:100%}.outcomeDetails_f1qyxu79{display:flex;fl
ex:1;min-width:0}.priceButton_f1qo33y1{flex:1}.lastFive_f6i6gmd{margin-bottom:0
.5rem;text-align:center}.lastFiveWrapper_fjibmdd{margin-top:0.5rem;text-align:c
enter}.powerPriceBottomPadding_fn8ai8t{padding-bottom:0.5rem}.outcomeContainer_
f18v2vnr{padding:0.25rem 0rem}.outcomeDetails_f1t3f12{align-items:center;displa
y:flex;justify-content:space-between}.outcomeDetailsBorderRight_f1ad3gga{border
-right:0.0625rem solid #dbe6f0ff;padding-right:0.5rem}.outcomeDetailsFirst_f162
fqwy{padding-top:0rem}.outcomeDetailsLast_f1lnb1hs{border-bottom:0;padding-bott
om:0.25rem}.outcomeName_fofl8s{-moz-hyphens:auto;-ms-hyphens:auto;-webkit-hyphe
ns:auto;hyphens:auto;overflow-wrap:break-word;word-wrap:break-word}.flagWrapper
_f1mhuhos{margin-bottom:0.25rem;padding-right:0.5rem}.eventMarketTextWrapper_fk
hz08q{display:flex;flex-direction:column}.outcomeNameWrapper_f1hvikma{display:f
lex;padding-right:0.5rem;text-align:start}.chevronWrapper_f1bnjyx3{margin-left:
8px}.playerMarket_fbiug2f{border-bottom:0.0625rem solid #DEE1E3;margin-bottom:0
.25rem}.groupedMarketColumnLeft_fndgavu{flex:1;margin-right:0.5rem}.groupedMark
etColumnRight_f1qo33y1{flex:1}.groupedMarket_f4kk892{display:flex;flex-directio
n:row}.suspended_f1s8w8v4{display:block;padding:1rem;text-align:center}.content
_f1f18izm{background-color:#ffffffff}.contentWithRoundedBottomBorders_f1re61nd{
background-color:#ffffffff;border-bottom-left-radius:1rem;border-bottom-right-r
adius:1rem}.divider_f1o9gf60{border-bottom-width:0.0625rem;border-color:#dbe6f0
ff;border-style:solid}.blurbContainer_f9oy5pp{background-color:#ffffffff;displa
y:flex;padding-bottom:0.5rem}.accordionBody_f2xctv9{padding:0rem 0.5rem 0.5rem 
0.5rem}.accordionBodyWithTopPadding_fmwbzn2{padding:0.5rem 0.5rem 0.5rem 0.5rem
}.plainPowerPrice_f1f18izm{background-color:#ffffffff}.blurbWithPowerPriceListL
ayout_fya3sqt{margin-left:-1rem;margin-right:-1rem}.blurbTextWithPowerPriceList
Layout_f1vqiabg{margin-left:1rem}.accordionContainerMobile_f1c486oh{margin:0rem
 1rem 0.5rem}.accordionContainerDesktop_f1m0pc2a{margin-bottom:0.5rem}.gridCont
ainer_f4lj1i8{display:flex;flex-direction:column;flex-wrap:nowrap}.gridHeader_f
18u5gfr{align-items:center;border-bottom:0.0625rem solid 
#dbe6f0ff;display:flex;flex-direction:row;padding:0.5rem 
1rem}.gridRow_f19rg930{align-items:stretch;border-bottom:0.0625rem solid 
#dbe6f0ff;display:flex;flex-direction:row;margin:0rem 0.5rem;padding:0.5rem}.la
stGridRow_ftm8pg4{align-items:stretch;border-bottom:0;display:flex;flex-directi
on:row;margin:0rem 0.5rem;padding:0.5rem}.rowName_fybjayh{align-items:center;di
splay:flex;flex:1}.gridItem_f1genhb3{margin:0rem 0rem 0rem 0.5rem;text-align:ce
nter;width:4.5rem}.handicap_f1l8jkug{display:inline-block}.emptyContainer_fovlx
3v{padding:0.625rem}.emptyMessage_f4fhw0o{background-color:#FFFFFF;color:#11111
1;padding:0.625rem}.roundBottomBorder_f13unv1a{border:0.125rem solid #ffffffff;
border-bottom-left-radius:1rem;border-bottom-right-radius:1rem;border-left:none
;border-right:none;border-top:none}.accordion_f1ojs4dj{background-color:#edf3f7
ff}.accordionMobile_f1mvg5to{background-color:#edf3f7ff;padding-left:1rem;paddi
ng-right:1rem}.auxPanelHeading_f1cimnwz{align-items:center;display:flex;height:
3rem;justify-content:space-between;margin-top:1rem}.auxPanel_f59cmk8{background
-color:#edf3f7ff;width:20rem}.modalAuxPanel_fdoc1b1{display:flex;flex:1;flex-di
rection:column}.auxPanelContent_f1823jp5{height:calc(100vh - 10.375rem);width:1
00%}.modalAuxPanelContent_f1qo33y1{flex:1}.carouselSideContainer_fa4scb5{width:
2rem}.windowContainer_fdlhjo5{display:flex;flex:1;flex-direction:row;justify-co
ntent:left;overflow:hidden;width:100%}.buttonContainer_fddep4t{height:2rem;padd
ing-top:0.25rem}.badgeContainer_fhzpiqj{border-radius:1rem;padding-top:0.25rem;
top:-1rem;width:2rem}.badgePlaceHolder_f1u3qv70{height:1rem;opacity:0;width:2re
m}.centerButton_fjeesvx{display:flex;flex:1;flex-direction:column;justify-conte
nt:center}.flexRow_f1jh3sm9{display:flex;flex:1;flex-direction:row}.flexRowIndi
vidual_fd8rjwh{display:flex;flex:1;flex-direction:row;justify-content:center}.s
ectionPadding_f1op6hsi{padding-right:0.5rem}.spacer_fmk8eut{padding:0.5rem 0rem
}.message_f1qf7vdz{align-self:center;display:flex;flex:1;padding-bottom:1rem;pa
dding-top:1rem}.closeButtonContainer_f13wtg0v{align-items:center;display:flex;j
ustify-content:center;padding:0.5rem}.triangleStyle_fu069qv{border-bottom-width
:0.5rem;border-left-color:transparent;border-left-width:0.5rem;border-right-col
or:transparent;border-right-width:0.5rem;border-style:solid;height:0;position:a
bsolute;width:0}.bannerContainerStyle_f1cp3imn{border-radius:0.5rem;display:fle
x;flex-direction:row;flex-wrap:wrap;padding-left:0.5rem;position:relative}.play
erNameFirstLineContainer_f4kk892{display:flex;flex-direction:row}.incrementText
Container_f1hhrdtd{display:flex;justify-content:center;margin-right:0.5rem}.inc
rementRowContainer_f1ajri2i{display:flex;flex:1;flex-direction:row;padding:0rem
 0.5rem;padding-bottom:0.5rem;width:100%}.incrementContainer_fdtz7hq{justify-co
ntent:center;margin-right:0.5rem;width:100%}.controlCarouselContainer_f7eqxu5{j
ustify-content:center;width:100%}.chevronContainer_f1q9ufae{margin-left:0.5rem}
.sportsFlag_f7l37oo{align-items:center;height:2rem;margin-right:0.5rem;width:2r
em}.playerRow_f1yue9jg{align-items:center;display:flex;flex:1;flex-direction:ro
w;padding:0.5rem}.sportsFormContainer_f7ra6ol{padding:0rem 0.5rem}.flexRow_f1jh
3sm9{display:flex;flex:1;flex-direction:row}.flexColumn_fdoc1b1{display:flex;fl
ex:1;flex-direction:column}.seasonAvgContainer_f1l8hi1u{align-items:center;disp
lay:flex;justify-content:center;margin-left:auto;margin-top:0.25rem}.seasonAvgP
ill_f1s99xmk{align-items:center;background-color:#edf3f7ff;border-radius:0.25re
m;display:inline-flex;justify-content:center;margin-left:0.25rem;padding:0rem 0
.25rem;text-align:center}.fullScreenContainer_f1ch980b{align-items:center;heigh
t:100%;justify-content:center;width:100%}.teamFilterContainer_f184xg5d{align-it
ems:center;justify-content:center;width:100%}.gridViewContainer_fiyvzv5{backgro
und-color:#ffffffff;border-radius:1rem}.gridViewContainerMobile_f10mpe27{backgr
ound-color:#ffffffff;border-radius:1rem;margin:0rem 1rem}.emptyState_fwfl3qn{al
ign-items:center;justify-content:center;padding-bottom:0.5rem;padding-top:2rem}
.playerRowContainer_f1l7uecn{display:flex;flex-direction:row;padding:0.5rem}.sp
ortsFlag_fzjymkz{align-items:center;justify-content:center;padding:0.5rem}.hotL
egsInfo_f1cxqf3e{display:flex;flex:1;flex-direction:column;justify-content:cent
er;overflow:hidden}.hotLegsInfoTopRow_f17895gg{margin-bottom:0.25rem}.hotLegsIn
foBottomRow_flzua0e{display:flex;flex-direction:row;justify-content:space-betwe
en}.hotLegsMarketName_ftboiqw{display:flex;flex:1;flex-direction:column;overflo
w:hidden;text-overflow:ellipsis;white-space:nowrap}.lastFiveContainer_fufpydn{d
isplay:flex;flex-direction:row;flex-shrink:0;margin-right:0.5rem}.lastFiveItem_
f9r5yo5{border-radius:0.25rem;display:flex;justify-content:center;margin-left:0
.125rem;width:1.5rem}.priceButton_f1juivl4{align-self:center}.fullScreenContain
er_f1ch980b{align-items:center;height:100%;justify-content:center;width:100%}.t
eamFilterContainer_f184xg5d{align-items:center;justify-content:center;width:100
%}.hotLegsContainer_fiyvzv5{background-color:#ffffffff;border-radius:1rem}.hotL
egsMobile_f86hya2{margin:1rem}.marketGroupings_fc8wfj0{padding-bottom:8px}.cont
ent_ff7vjzu{background-color:#edf3f7ff;padding-top:1rem}.contentLoading_f141ou4
8{min-height:18.75rem}.noPageTopPadding_fod7kjl{margin-top:-1rem}.gridViewTabsD
esktop_f1m0pc2a{margin-bottom:0.5rem}.suspendedBox_f1yh5286{background-color:#e
df3f7ff;height:18.75rem}.suspendedText_ftm1pbw{background-color:#ffffffff;displ
ay:block;padding:1rem;text-align:center}.image_foh7q9{background:url("/images/1
6_golden_state_warriors-a47d6c3c2e9485e61218dda1a4721943.png") no-repeat 
center center;background-attachment:scroll;background-size:contain;height:2rem;
width:2rem}.image_f1giqg6z{background:url("/images/16_philadelphia_76ers-afa36f
6ae0198ccbff1acd1bfdc07823.png") no-repeat center center;background-attachment:
scroll;background-size:contain;height:2rem;width:2rem}.image_f1urg6vz{backgroun
d:url("/images/16_golden_state_warriors-3081e012f3d5fdbea1fd5815451c80e4.png") 
no-repeat center center;background-attachment:scroll;background-size:contain;he
ight:2rem;width:2rem}.image_f1skp4jm{background:url("/images/16_philadelphia_76
ers-69deb2a511e2a06177da0c7049ed1cc4.png") no-repeat center center;background-a
ttachment:scroll;background-size:contain;height:2rem;width:2rem}@media only 
screen and (-o-min-device-pixel-ratio: 5/4),
									only screen and (-webkit-min-device-pixel-ratio: 1.25),
									only screen and (min-device-pixel-ratio: 1.25),
									only screen and (min-resolution: 1.25dppx){.image_f1urg6vz{background:
url("/images/16_golden_state_warriors@2x-7680d04ba4ab44325343c0417beae8e0.png")
 no-repeat center center;background-attachment:scroll;background-size:contain}.
image_f1skp4jm{background:url("/images/16_philadelphia_76ers@2x-2800e69826fa85b
21da6b906c66f0369.png") no-repeat center center;background-attachment:scroll;ba
ckground-size:contain}}.image_fksb4tm{background:url("/images/icon-hamburger-58
81d7608dc981cab8831bad84e5d39c.png") no-repeat center center;background-attachm
ent:scroll;background-size:contain;height:0.875rem;width:1.125rem}.image_f1dk4f
p3{background:url("/images/sportsbet_logo_large-86b41711b1d1e45b765edb3bad7f8f9
b.png") no-repeat center center;background-attachment:scroll;background-size:co
ntain;height:1.75rem;width:8rem}.image_f12jynuc{background:url("/images/bwm_clu
b_dashboard_background-31036cae30134055bff7c6157d0d82af.png") no-repeat left to
p;background-attachment:scroll;background-size:cover;height:100%;width:100%}.im
age_f1swo9xi{background:url("/images/net_deposit_limit_visual_background-f73b57
3f07668ceac14a61795846ed2b.png") no-repeat right bottom;background-attachment:s
croll;background-size:cover;height:100%;width:100%}.container_f1ql2uvj{backgrou
nd-color:#111111;bottom:8rem;left:0rem;margin:0rem 0.625rem 0rem 
0.625rem;padding:1rem 0.75rem 1rem 0.75rem;position:absolute;right:0rem;z-index
:2}.containerWhenJointAccountSwitcherIsVisible_f17t46fj{background-color:#11111
1;bottom:12.5rem;left:0rem;margin:0rem 0.625rem 0rem 0.625rem;padding:1rem 
0.75rem 1rem 0.75rem;position:absolute;right:0rem;z-index:2}.container_f1gxvauj
{background-color:#FFFFFF;box-shadow:0rem 0.25rem 0.375rem -0.25rem 
#686B70;margin-bottom:0.625rem;padding:0.6875rem 0.625rem 0.6875rem;text-align:
center}.emptySpaceToScrollForSkyPill_fbitul9{height:4rem;width:100%}.header_f1i
awauj{align-items:center;background-color:#f9d801ff;column-gap:0.5rem;display:f
lex;height:3rem;padding:0.5rem}.titleContainer_fe6mi8e{min-width:max-content}.b
alanceContainer_fty0c4{margin-left:auto;min-width:0;text-align:right}.footerInf
oSection_f1bb1zme{display:flex;justify-content:space-between;margin-bottom:0.5r
em}.liveOddsContainer_f2s1awa{align-items:center;display:flex;flex-direction:ro
w}.liveOddsIcon_f1k5qmj3{align-items:center;display:flex;margin-right:0.25rem}.
fastCodeLinkWrapper_f96or0t{width:100%}.fastCodeLink_f1c7x5pa{align-items:cente
r;display:flex;justify-content:center}.infoIcon_f14epttp{align-items:center;dis
play:flex;justify-content:center;margin-right:0.5rem}.itemList_f1q1nybg{max-hei
ght:22.5rem;overflow-y:scroll}.listItem_fl9a4co{margin-bottom:1rem}.listItemRow
_f1id6t0w{display:flex;flex-direction:row;margin-bottom:1rem}.fastCodeContainer
_f1q5mhs2{text-align:right}.multiFastCode_f1ij4cxp{margin-right:0.25rem;width:4
.5rem}.multiPhonetic_f1kh8ko6{flex:1;flex-grow:1;margin-left:0.5rem}.titleConta
iner_f1ockxg3{border-bottom:0.0625rem solid #023864ff;border-top:0.0625rem 
solid #023864ff;padding-vertical:0.5rem;text-align:center}.title_fc9c3nf{margin
:0.5rem 1rem}.phoneNumber_fw0baii{margin:0.5rem 0rem}.accountNumber_f6i6gmd{mar
gin-bottom:0.5rem;text-align:center}.marketDetailItem_fbcb3bc{line-height:1rem}
.marketDetails_f19kibc6{flex-direction:column;flex-grow:1;flex-shrink:1;margin-
left:0.5rem}.showMore_f1hzxs7t{align-items:center;display:flex;justify-content:
center;padding-top:0.5rem}.showLess_fjfn62d{align-items:center;display:flex;jus
tify-content:center;padding:0.5rem 0rem}.chevron_f1juivl4{align-self:center}.lo
adingSpinner_f1b7rmkj{height:2.75rem;padding-top:0.5rem}.badge_fmrorid{flex-shr
ink:0;width:3.5rem}.singleContentContainer_f840j0t{display:flex;flex-direction:
column;justify-content:center;text-align:center}.helpLinkWrapper_fbsx2fx{margin
-top:0.5rem;padding:0.5rem 0rem}.messageWrapper_f1m0pc2a{margin-bottom:0.5rem}.
loadingSpinner_f7q71ic{align-items:center;display:flex;height:2.75rem;justify-c
ontent:center}.interventionContainer_fkq710h{display:flex;flex-direction:column
;padding:1rem 0.75rem 0.75rem}.lockWrapper_f1mhwb9i{display:flex;justify-conten
t:center;padding-bottom:0.75rem}.text_f134fcfb{display:flex;margin:1rem 0rem 1r
em}.buttonContainer_f1urlwo1{height:2.5rem;margin-top:1rem}.switcherContainer_f
uxpra3{background-color:#011c32ff;padding:0.5rem 0.5rem 0rem 0.5rem}.lowBalance
Container_f1iagvpp{display:flex;flex-direction:column;text-align:center}.lowBal
anceText_f1r0fg9l{padding-top:0.5rem}.buttonsRow_fr4n51q{display:flex;flex:1;fl
ex-direction:row;justify-content:space-between;padding-top:0.5rem}.flexRow_fsrp
qy7{display:flex;flex:1;flex-direction:column;height:40px}.cancelButton_f1ra1e9
s{flex:0.5;margin-right:0.5rem}.depositButton_f102uwmb{flex:0.5}.creditCardBanM
essage_fv07si{padding:0.5rem 0rem;text-align:left}.buttonContainer_frzolr1{disp
lay:flex;flex:1;justify-content:space-between}.firstButton_fdoc1b1{display:flex
;flex:1;flex-direction:column}.button_fhg572i{display:flex;flex:1;flex-directio
n:column;padding-left:0.5rem}.touchableContainer_fv85vss{border-radius:0.5rem;d
isplay:flex;flex-grow:1}.containerSelected_f1ximu43{align-items:center;border:0
.125rem solid #00000000;border-radius:0.5rem;display:flex;flex-direction:row;fl
ex-grow:1;height:3rem;padding:0.5rem}.containerDeselected_fla3808{align-items:c
enter;border:0.125rem solid #023864ff;border-radius:0.5rem;display:flex;flex-di
rection:row;flex-grow:1;height:3rem;padding:0.5rem}.containerDeselected_fla3808
:active:hover{border:0.125rem solid #035ca5ff}.paymentName_f16wmfj9{display:fle
x;padding-left:0.5rem}.expiry_f16wmfj9{display:flex;padding-left:0.5rem}.contai
ner_fw0baii{margin:0.5rem 
0rem}.payMethodContainer_f19xathy{display:flex;margin:0.5rem 0rem}.creditCardBa
nMessage_fn8ai8t{padding-bottom:0.5rem}.container_f1m0pc2a{margin-bottom:0.5rem
}.quickDepositTitle_fsuivmx{text-align:center}.quickDepositSubTitle_f1kbo5xp{ma
rgin:0.5rem 0rem;text-align:center}.messageContainer_fw0baii{margin:0.5rem 
0rem}.presetsContainer_fmk8eut{padding:0.5rem 0rem}.formFieldsContainer_fsavsaq
{display:flex;flex-direction:row;justify-content:space-between;margin-bottom:0.
5rem}.formFieldsContainerExtraMargin_fl9a4co{margin-bottom:1rem}.depositAmountI
nput_f1qo33y1{flex:1}.cvvInput_f3z5yr0{margin-left:8px;width:6rem}.spacer_f1m0p
c2a{margin-bottom:0.5rem}.containerStyle_f15nw5x3{align-items:center;background
-color:#023864ff;border-radius:0.5rem;cursor:pointer;display:flex;justify-conte
nt:center;padding:0.5rem;transition:all 100ms cubic-bezier(0.4, 0.0, 0.2, 1)}.c
ontainerStyle_f15nw5x3:active{transform:scale(0.9)}.containerStyleInactive_f152
z2m{align-items:center;background-color:#b8cde052;border-radius:0.5rem;cursor:n
ot-allowed;display:flex;justify-content:center;padding:0.5rem}.keypadButton_f1d
n3u07{display:flex;flex:1;flex-direction:column;height:2.75rem}.ctaPresetButton
_f1jlaq0x{display:flex;flex:1.2;flex-direction:column}.keypadContainer_f1j9l3jo
{display:flex;flex:1;flex-direction:column;padding:0rem;width:100%}.headerConta
iner_fu2czo3{align-content:center;display:flex;flex-direction:row;justify-conte
nt:flex-end;margin-right:0.5rem;padding:0.5rem 0rem}.keypadRow_f19q08oc{column-
gap:0.5rem;display:flex;flex-direction:row;height:2.75rem;margin-bottom:0.5rem;
row-gap:0.5rem}.keypadWrapper_fjcmzc8{overflow:hidden;padding:0.5rem}.quickDepo
sitKeypadWrapper_f1mqzyjf{margin-top:-0.5rem}.footerContainerDesktop_f1cp87o2{b
ackground-color:#011c32ff;border-radius:1rem 1rem 0rem 0rem;z-index:2}.footerCo
ntainerMobile_f84i2tt{background-color:#011c32ff;border-radius:1rem 1rem 0rem 0
rem;padding-bottom:0.5rem;z-index:2}.headerContainer_fiowhie{align-items:center
;background-color:#023864ff;border-radius:1rem 1rem 0rem 0rem;display:flex;heig
ht:3rem;justify-content:center}.keyboardFooterSection_f1qo33y1{flex:1}.footerSe
ction_fjw0b08{flex:1;padding:0.5rem}.footerButtons_f190m791{display:flex;flex:1
;justify-content:space-between;margin-top:0.5rem}.flexRow_fsrpqy7{display:flex;
flex:1;flex-direction:column;height:40px}.leftButton_feyzkpj{flex:0.5;margin-ri
ght:0.5rem;overflow:hidden}.transition_f1s7gfko{-webkit-transition:all 300ms 
cubic-bezier(0.4, 0.0, 0.2, 1);transition:all 300ms cubic-bezier(0.4, 0.0, 
0.2, 1)}.rightButton_f102uwmb{flex:0.5}.buttonWithExtraSpace_f1qo33y1{flex:1}.l
ockedFooter_f1eytllz{align-items:center;display:flex;flex:1;flex-direction:colu
mn;justify-content:center;padding:0.5rem;text-align:center}.lockIcon_fy0wn5e{al
ign-items:center;display:flex;justify-content:center;margin-bottom:0.5rem}.betR
eturnDescriptions_fvp48r2{align-items:center;display:flex;min-height:2rem;paddi
ng:0.5rem}.pointerCursor_f1hykqr2{cursor:pointer}.descriptionRadioButtonContain
er_f1ryt8d{margin-right:0.5rem}.descriptionTextContainer_fbcb3bc{line-height:1r
em}.descriptionsContainer_fhyfxeq{border:0.0625rem solid 
#dbe6f0ff;border-radius:0.5rem}.wrapper_f7d9iix{padding:0.5rem 
0;transition:all 300ms cubic-bezier(0.4, 0.0, 0.2, 1)}.emptyWrapper_f12ahrzb{he
ight:0rem;overflow:hidden;padding:0rem}.betContainerDetailsRow_f1vh7ih{display:
flex;flex:1;flex-direction:row;justify-content:space-between}.betContainerDetai
lsColumn_f1jisjqt{display:flex;flex:1;flex-direction:column;justify-content:spa
ce-between}.dividerContainer_fk8n2y{margin:0rem 
0.5rem}.multiLegRowChildContainer_f1wns3r{padding:0.5rem 0.5rem 0rem 
0.25rem}.multiLegRowChildContainerExtraPadding_f1pa6f05{padding:0.5rem 0.5rem 
0rem 0.5rem}.suspended_fq2c0n5{background-color:#fee6e6ff}.container_f1m0pc2a{m
argin-bottom:0.5rem}.betContainer_f1v14m3m{background-color:#ffffffff;border-ra
dius:1rem;flex:1;margin:0 0.5rem;margin-bottom:0.5rem;padding:0.5rem}.betContai
ner_f1v14m3m:last-child{margin-bottom:0}.betMultiSectionContainer_f1hzbdc5{bord
er-bottom-left-radius:0;border-bottom-right-radius:0}.betContainerShadow_fzhi8f
0{box-shadow:0rem 0.125rem 0.5rem #011c3214}.placedActions_fkkd6w8{justify-cont
ent:flex-end;margin-top:0.5rem}.spacer_fpsulcm{margin-top:0.5rem}.container_f1q
ex7nh{border-color:#dbe6f0ff;border-radius:8px;border-style:solid;border-width:
1px;margin-vertical:8px;width:100%}.contentContainer_f10ful5m{align-items:cente
r;display:flex;flex-direction:row;justify-content:center;min-height:32px;paddin
g:8px}.descriptionsContainer_f1qo33y1{flex:1}.subtitleView_f1hrk63y{align-items
:center;display:flex;flex-direction:row;justify-content:space-between;padding-r
ight:0.5rem}.betDisabled_f17rfhll{display:flex;text-decoration:line-through}.ti
merContainer_fe6mi8e{min-width:max-content}.secondColumn_f1a8rywe{min-width:0}.
noIconMargin_f1nkvfzz{margin-left:2rem}.betInfoRow_frrshut{display:flex;gap:0.5
rem;justify-content:flex-start}.betTypeIconColumn_fqsyxf7{align-self:center;dis
play:flex;flex:0;justify-content:flex-start}.thirdColumn_f7ljthi{align-items:ce
nter;display:flex;flex:0;flex-direction:row;gap:0.5rem;height:100%;margin-left:
auto}.badgeRow_fyfab40{align-items:center;justify-content:flex-end;padding-righ
t:0.5rem}.column_f1q25i8o{flex:0}.container_f1voy4h1{align-items:center;column-
gap:0.25rem;display:flex;flex-direction:row}.eachWayContainer_f2s1awa{align-ite
ms:center;display:flex;flex-direction:row}.liveOddsContainer_f2s1awa{align-item
s:center;display:flex;flex-direction:row}.container_fpat7d9{display:flex;flex:1
;flex-direction:column;padding-bottom:0.5rem;width:100%}.betInfoRow_f16rgort{al
ign-items:center;display:flex;gap:0.5rem;justify-content:flex-start}.fixedGuara
ntee_f9nr6xi{justify-content:space-between}.columnMargin_f1ryt8d{margin-right:0
.5rem}.secondColumn_f1a8rywe{min-width:0}.thirdColumn_f7ljthi{align-items:cente
r;display:flex;flex:0;flex-direction:row;gap:0.5rem;height:100%;margin-left:aut
o}.positionColumn_f1q25i8o{flex:0}.jerseyContainer_f184bhg5{flex:0;height:100%;
min-width:2rem;width:2rem}.rowSpacer_f1sh63gs{margin-top:1rem}.oddsColumn_f1o37
rhc{display:flex;flex:0;flex-direction:row}.oddsIconContainer_f1op6hsi{padding-
right:0.5rem}.oddsValueContainer_f1v7m9qc{align-items:flex-end;display:flex;fle
x-direction:column;position:relative}.originalOdds_f8wynaz{align-items:center;c
olor:#686B70;display:flex;margin-top:0.25rem;opacity:0;position:absolute;top:0}
.originalOddsEnter_f1knrwfg{opacity:0;top:0}.originalOddsEnterActive_f18jdrs1{o
pacity:1;top:0.75rem;transition:all 0.8s}.sameEventMultiBoostedOdds_fuhmm6f{pad
ding-bottom:1rem}.originalOddsEnterDone_f1apjmt7{opacity:1;top:0.75rem}.origina
lOddsExit_f1apjmt7{opacity:1;top:0.75rem}.originalOddsExitActive_fjvi1me{opacit
y:0;top:0;transition:all 0.8s}.iconUnpoweredState_fo3zqtf{opacity:0;padding-rig
ht:0.125rem;transition:all 
0.8s}.iconPoweredState_ft6gptf{opacity:1;padding-right:0.25rem;transition:all 
0.8s}.divider_fw0baii{margin:0.5rem 0rem}.runnerLine_f1mnmukn{display:flex;heig
ht:1rem}.spacer_fpsulcm{margin-top:0.5rem}.betInfo_f1f1ygnm{display:flex}.betDi
sabled_f1hzeoet{text-decoration:line-through}.suspendedIcon_f1c7x5pa{align-item
s:center;display:flex;justify-content:center}.liveOddsIcon_f1k5qmj3{align-items
:center;display:flex;margin-right:0.25rem}.preLiveOdds_fk9pklx{align-items:cent
er;display:flex;text-decoration:line-through}.liveOddsIncrease_fgbx6zj{align-it
ems:center;display:flex;text-decoration:line-through;text-decoration-color:#287
227ff}.liveOddsDecrease_f1voi2ck{align-items:center;display:flex;text-decoratio
n:line-through;text-decoration-color:#a00303ff}.container_f1t3f12{align-items:c
enter;display:flex;justify-content:space-between}.labelAndValue_f1f1ygnm{displa
y:flex}.spacer_f1ksywg8{width:0.5rem}.rowContainer_fn5xdh6{align-items:center;j
ustify-content:space-between}.exoticsRowContainer_f1g6d3on{column-gap:0.5rem;di
splay:flex;justify-content:space-between}.exoticConfirmRow_fn8ai8t{padding-bott
om:0.5rem}.exoticConfirmFlexi_fjit8of{justify-content:flex-start}.exoticConfirm
Value_fzcskb5{display:flex;flex-direction:row;padding-left:0.5rem}.exoticConfir
mStake_fsgs3wg{justify-content:flex-end}.comboConfirmRow_fn8ai8t{padding-bottom
:0.5rem}.comboConfirmNumLinesValue_f1n31fhl{padding-left:0.5rem}.comboConfirmSt
akePerCombo_f1gpb8h8{justify-content:flex-end;padding-right:0.5rem}.stakeContai
ner_f19xcmeb{display:flex;flex:1;flex-direction:column;justify-content:flex-end
}.exoticsStakeContainer_f19xcmeb{display:flex;flex:1;flex-direction:column;just
ify-content:flex-end}.exoticFlexiInputWrapper_f1qo33y1{flex:1}.exoticStakeInput
Wrapper_f1qo33y1{flex:1}.spacer_fpsulcm{margin-top:0.5rem}.spaceSmall_f111jy4a{
width:0.25rem}.spaceMedium_f1ksywg8{width:0.5rem}.betCashout_f1uh335m{display:f
lex;margin-top:0.5rem}.returnsContainer_f1vhp1yt{align-items:center;flex:1}.spa
cer_fpsulcm{margin-top:0.5rem}.spaceSmall_f111jy4a{width:0.25rem}.spaceMedium_f
1ksywg8{width:0.5rem}.betReturnIcon_f1hs8gvi{display:flex;flex-direction:row;ma
rgin-top:0.5rem}.betReturnsInfoRow_f1ihexbu{align-items:center;margin-top:0.5re
m}.ghostTokenIcon_f1hs8gvi{display:flex;flex-direction:row;margin-top:0.5rem}.s
electedGenerosity_fjit8of{justify-content:flex-start}.spaceSmall_f111jy4a{width
:0.25rem}.spaceMedium_f1ksywg8{width:0.5rem}.flex_fdoc1b1{display:flex;flex:1;f
lex-direction:column}.flex_fdoc1b1{display:flex;flex:1;flex-direction:column}.s
elect_f1hmbt7l{appearance:none;background-color:transparent;color:transparent;c
ursor:pointer;height:100%;left:0;opacity:0;overflow:hidden;position:absolute;to
p:0;width:100%}.buttonWrapper_f11z1mc1{display:flex;flex:1;flex-direction:colum
n;position:relative}.option_ftbuqf0{color:initial}.bonusBetRowContainer_fnf6zrp
{display:flex;flex-grow:1}.bonusBetRowHalfwayContainer_fz0u6zz{display:flex;fle
x:0.5}@keyframes f1g9ongj{0%{transform:translateX(0)}10%{transform:translateX(-
0.125rem)}100%,90%{transform:translateX(0.5rem)}}@keyframes f1bn35fy{0%,10%{tra
nsform:translateX(-0.5rem)}100%{transform:translateX(0)}90%{transform:translate
X(0.125rem)}}@keyframes f8r8ftv{0%,10%{transform:translateX(0.5rem)}100%{transf
orm:translateX(0)}90%{transform:translateX(-0.125rem)}}@keyframes flgv6j2{0%{tr
ansform:translateX(0)}10%{transform:translateX(0.125rem)}100%,90%{transform:tra
nslateX(-0.5rem)}}@keyframes frb8o5q{0%{transform:translateY(0)}10%{transform:t
ranslateY(0.125rem)}100%,90%{transform:translateY(-100%)}}@keyframes f1171en7{0
%,10%{transform:translateY(100%)}100%{transform:translateY(0)}90%{transform:tra
nslateY(-0.125rem)}}@keyframes fk6clla{0%,10%{transform:translateY(-100%)}100%{
transform:translateY(0)}90%{transform:translateY(0.125rem)}}@keyframes f1gp3ber
{0%{transform:translateY(0)}10%{transform:translateY(-0.125rem)}100%,90%{transf
orm:translateY(100%)}}.buttonContainer_f1wuh1q7{align-items:center;border-radiu
s:0.5rem;display:flex;justify-content:center;overflow:hidden;padding:0;position
:relative;width:100%}.contentContainer_f1tyugl7{align-items:center;display:flex
;justify-content:center;overflow:hidden;padding:0.5rem;width:100%}.powerPlayBac
kground_f1djklxt{align-items:center;display:flex;justify-content:center;max-wid
th:100%;transition:opacity 400ms ease-in}.powerPlayBackgroundOn_fpkugxs{animati
on-duration:400ms;animation-name:f1g9ongj;opacity:0}.powerPlayAnimateBackground
Off_f1ls5mcd{animation-duration:400ms;animation-name:f8r8ftv}.powerPlayOverlay_
f4es74f{align-items:center;background-color:#f9d801ff;bottom:0;clip-path:inset(
0 100% 0 0);display:flex;justify-content:center;left:0;position:absolute;right:
0;top:0;transition:clip-path 400ms ease-in, transform 400ms 
ease-in}.powerPlayOverlayOn_fny2959{clip-path:inset(0 0 0 
0)}.powerPlayAnimateOverlayOn_f1k29hyz > span{animation-duration:400ms;animatio
n-name:f1bn35fy}.powerPlayAnimateOverlayOff_ffyyydo > span{animation-duration:4
00ms;animation-name:flgv6j2}.powerPriceBackground_f1b4l8sk{align-items:center;d
isplay:flex;justify-content:center;max-width:100%;transition:transform 400ms ea
se-in}.powerPriceBackgroundOn_flyut3o{transform:translateY(-100%)}.powerPriceAn
imateBackgroundOn_fhj9wx4{animation-duration:400ms;animation-name:frb8o5q}.powe
rPriceAnimateBackgroundOff_f1cgwkno{animation-duration:400ms;animation-name:fk6
clla}.powerPriceOverlay_f12yimm8{align-items:center;background-color:#f9d801ff;
bottom:-0.125rem;display:flex;justify-content:center;left:0;position:absolute;r
ight:0;top:-0.125rem}@media (hover: 
hover){.white_f4cez5v:hover{border:0.0625rem solid 
#DEE1E3;border-bottom:0.125rem solid 
#DEE1E3}.hoverGrey_fwo5nb6:hover{background-color:rgba(255, 255, 255, 0.3)}.but
ton_fqgt5ba:hover{color:#686B70}.ButtonFillAccentHover_fimyv57:hover{background
-color:#fef19aff}.ButtonFillAccentOnBrandHover_fpq6zvl:hover{background-color:#
feea67ff}.ButtonFillHighEmphasisHover_f10i30hm:hover,.ButtonFillOnBrandHighEmph
asisHover_f10i30hm:hover{background-color:#8ed88dff}.ButtonAlertFillSuccessHove
r_fwcae6r:hover{background-color:#d9f2d9ff}.ButtonAlertFillUrgentHover_fx5686c:
hover{background-color:#fecdcdff}.ButtonAlertFillWarningHover_f37s1oj:hover{bac
kground-color:#feeecdff}.ButtonAlertFillInformationHover_fcpcce6:hover{backgrou
nd-color:#cde8feff}.ButtonOddsMultiWarningFillFalseHover_f15gqill:hover{backgro
und-color:#fef8e6ff}.FillInteractiveSubduedOffHover_f9usm4n:hover,.ButtonFillLo
wEmphasisHover_f9usm4n:hover,.ButtonFillMediumEmphasisOnBrandHover_f9usm4n:hove
r,.ButtonToggleOddsFillOffHover_f9usm4n:hover,.ButtonToggleValueFillOffHover_f9
usm4n:hover,.ButtonOddsStandardFillFalseHover_f9usm4n:hover{background-color:#f
fffffff}.ButtonOddsValueFillFalseHover_f1o63o4x:hover{background-color:#fffce6f
f}.dividerOverlap_fr5o0sw:hover{margin-top:-0.0625rem;padding-top:0.0625rem}.ho
verDropShadow_f1hl1jp2:hover,.hoverContainerStyle_f1hl1jp2:hover{box-shadow:0re
m 0.125rem 1.5rem #011c3229}.forgottenLoginLink_f1h28lb8:hover{color:#0077CC}.t
abLinkCircleGray_fyzk2gn:hover{background-color:rgba(17, 17, 17, 0.6)}.tabLinkC
ircleWhite_f1wj2f2r:hover{background-color:#FFFFFF}.tabLinkCircleDeepSapphire_f
16yk9sw:hover{background-color:rgba(7, 57, 101, 0.8)}.activeTabCircleDeepSapphi
re_fmd17dr:hover,.activeTabCircleGray_fmd17dr:hover{background-color:#FAD701}.a
ctiveTabCircleWhite_fioyprt:hover{background-color:#00549E}.lightThemeInactiveT
ab_f1sx6iw1:hover{background:rgba(255, 255, 255, 0.2)}.radioButtonUnselected_f1
hxt5tc:hover,.checkboxUnselectedStyle_fj2f909:hover{border:0.0625rem solid #035
ca5ff}.radioButtonSelected_f1puwhul:hover,.checkboxSelectedStyle_fyb501g:hover{
background:#37a3fbff}.FillInteractiveNormalOffHover_f1j5csck:hover,.containerOf
f_fsfjp0l:hover,.toggleOffContainerWithLabel_f1dh03p5:hover,.toggleOffContainer
WithoutLabel_fodzx3f:hover{background-color:#dbe6f0ff}.filter_fixztvj:hover{box
-shadow:0rem 0.125rem 0.5rem 
#011c3214;color:#035ca5ff}.Endeavour_f8g1qsi:hover{background-color:rgba(229, 
232, 237, 0.5)}.White_f1hbjwkg:hover{background-color:rgba(255, 255, 255, 
0.15)}.breadcrumb_f19dbgvn:hover{border-bottom:1px solid 
#FFFFFF}.breadcrumb_f1xtuvio:hover{border-bottom:1px solid #dbe6f0ff}.light_f1q
hdye1:hover{color:#111111;opacity:0.5}.button_fo459fq:hover{color:#B75D05}.Fill
InteractiveNormalOnHover_f15tpkwl:hover,.FillInteractiveOnBrandOnHover_f15tpkwl
:hover,.ButtonToggleOddsFillOnHover_f15tpkwl:hover,.ButtonHeaderSearchFillHover
_f15tpkwl:hover,.ButtonOddsStandardFillTrueHover_f15tpkwl:hover,.containerOn_fg
5bhz4:hover,.toggleOnContainerWithLabel_f1sliv0:hover,.toggleOnContainerWithout
Label_f1g30jke:hover,.accountTileWrapperSelected_f13l1abx:hover{background-colo
r:#37a3fbff}.balanceButton_f1hpvaqm:hover{color:#111111}.yellow-with-black-text
_f1sv95dk:hover{background-color:#F9DF41}.noFocus_fhhhsft:hover,.hover_flplhqb:
hover,.Porcelain_f4frky7:hover,.Endeavour_flspusn:hover,.Gradient_fbpg38m:hover
,.White_f19o3aca:hover,.none-with-text_f1st7ao:hover,.none-with-yellow-text_f1n
wwrd1:hover,.none-with-white-text_fltt3cg:hover,.none-with-grey-text_fo4uuwd:ho
ver,.blue-with-white-text_f1j3on6f:hover,.deep-blue-with-white-text_fl1kx7o:hov
er,.deep-blue-with-yellow-text_f1wxu2cx:hover,.blue-with-yellow-text_f1i4ldfm:h
over{background-color:rgba(255, 255, 255, 0.2)}.touchableAdditionalStyle_f2s0sh
f:hover{background-color:#0077CC}.lighter_f1x0i9ns:hover,.filterCellHover_fvh4y
d3:hover,.inactiveItem_fvh4yd3:hover,.hoverGroup_f10wijto:hover,.scrollButtonEn
abled_f13xlgyx:hover,.container_fe3wua8:hover,.filterButton_flyrs00:hover{backg
round-color:rgba(255, 255, 255, 0.04)}.linkStyles_f9tqusm:hover,.miniFooterLink
Text_f1gt7dz9:hover,.dark_f9tqusm:hover,.socialLinkIconColor_fvp6g94:hover,.lin
kStyles_f915obd:hover,.linkText_fzthnl5:hover{opacity:0.5}.darker_fom4ynh:hover
,.addressItem_fo9a001:hover,.button_f1nwk2ti:hover,.clickableBanner_f1j0udp3:ho
ver,.dropdownOption_fz3hasr:hover,.hoverWithBorder_f10aki82:hover,.hover_f10aki
82:hover,.hover_fv7tdvl:hover,.hoverIncreasedWidth_fq4wehm:hover,.rewardItem_f1
bq8v7m:hover,.rewardItemDesktop_f6xs6og:hover,.rewardItemDesktopNoBottomMargin_
f6kq5rf:hover,.shimmerBorderWrapper_f1icyzpb:hover,.shimmerRewardItemWrapper_f6
69swn:hover,.hoverGroup_fttlrqx:hover,.depositMatchMenuItem_fdaj58h:hover,.mark
et_fjig9r4:hover,.sectionsListItem_f12ofsqd:hover,.sportsLink_f8odcz:hover,.spo
rtsLink_f14jtmy0:hover{background-color:#F0F1F2}.accountTileWrapperDeselected_f
b6l9g0:hover,.containerDeselected_fla3808:hover{border:0.125rem solid #0470c8ff
}.FillInteractiveOnBrandOffHover_fsy6gin:hover,.ButtonFillMediumEmphasisHover_f
sy6gin:hover,.ButtonFillOnBrandLowEmphasisHover_fsy6gin:hover,.tabInverted_f16m
bsye:hover,.containerStyle_f15nw5x3:hover{background-color:#0470c8ff}.ButtonTog
gleValueFillOnHover_f1p05cid:hover,.ButtonOddsValueFillTrueHover_f1p05cid:hover
,.powerPlayOverlay_f4es74f:hover,.powerPriceOverlay_f12yimm8:hover{background-c
olor:#fee334ff}}.powerPriceAnimateOverlayOn_f5qr029{animation-duration:400ms;an
imation-name:f1171en7}.powerPriceOverlayOff_f3ostax{transform:translateY(100%)}
.powerPriceAnimateOverlayOff_funhwbv{animation-duration:400ms;animation-name:f1
gp3ber}.powerPlayRowContainer_f1e9nqmd{display:flex;flex-grow:1;min-width:0}.po
werPlayRowHalfwayContainer_fqbynlr{display:flex;flex:0.5;min-width:0}.powerPric
eRowContainer_f1e9nqmd{display:flex;flex-grow:1;min-width:0}.powerPriceRowHalfw
ayContainer_fqbynlr{display:flex;flex:0.5;min-width:0}.betTokensRowWrapper_fmk8
eut{padding:0.5rem 0rem}.onlyOneTokenWrapper_f1h1fj2h{align-items:flex-start;fl
ex-direction:row;justify-content:flex-end}.allTokensWrapper_f18puxgf{align-item
s:flex-start;flex-direction:row;justify-content:space-between}.tokensWithBanner
Message_f17895gg{margin-bottom:0.25rem}.singleTokenWrapper_f102uwmb{flex:0.5}.m
ultipleTokenWrapper_f1qo33y1{flex:1}.bonusBetWithMultipleTokens_f17pkmfq{flex:0
.8;margin-left:0.5rem}.betReturnOrBonusBetWithPowerPriceOrPowerPlayTokens_fvjur
kx{flex:1;margin-left:0.5rem}.bonusBetWithoutPowerPriceOrPowerPlayToken_fvjurkx
{flex:1;margin-left:0.5rem}.allTokensWithPowerPlayOrPowerPrice_f1s3m287{margin-
left:0.5rem;min-width:40%}.buttonWrapper_f14cbhw9{display:flex;flex-grow:1;posi
tion:relative}.buttonWrapperHalfwayToken_f1ek8083{display:flex;flex:0.5;positio
n:relative}.legOptions_f1gte3sm{display:flex;flex:1;margin-right:0.5rem}.select
orGroup_f1qo33y1{flex:1}.priceTypeOptions_ftfhw36{flex:0.37}.spacer_fpsulcm{mar
gin-top:0.5rem}.legOptionsRow_fj4yf4h{align-items:center;padding-bottom:0.5rem}
.inlineErrorDescription_flsgkfo{justify-content:flex-end;padding-bottom:0.75rem
}.topContainer_ffqaio6{background-color:#ffffffff;border-top-left-radius:1rem;b
order-top-right-radius:1rem;box-shadow:0rem 0.125rem 0.5rem #011c3214;margin:0 
0.5rem;margin-top:0.5rem;padding:0.5rem 0.5rem 0rem 0.5rem}.bottomContainer_f1y
vt30u{background-color:#ffffffff;border-bottom-left-radius:1rem;border-bottom-r
ight-radius:1rem;box-shadow:0rem 0.125rem 0.5rem #011c3214;margin:0 
0.5rem;padding:0.5rem 0.5rem 0rem 0.5rem}.singleContainer_fg7vmge{background-co
lor:#ffffffff;border-radius:1rem;box-shadow:0rem 0.125rem 0.5rem 
#011c3214;margin:0 0.5rem;margin-top:0.5rem;padding:0.5rem 0.5rem 0rem 0.5rem}.
commonBetSingleStyle_f17h728l{background-color:#ffffffff;box-shadow:0rem 
0.125rem 0.5rem #011c3214;margin:0 0.5rem;padding:0.5rem 0.5rem 0rem 0.5rem}.se
parator_f1f18izm{background-color:#ffffffff}.singleComboContainer_f1g9kmyc{alig
n-items:flex-end;display:flex;flex-direction:row}.combosContainer_f193tcxn{min-
width:6.25rem}.gapStyle_fsbavug{grid-row-gap:0.25rem}.flexStart_fixq3lx{align-i
tems:flex-start;gap:0.5rem}.spacer_f18v2vnr{padding:0.25rem 0rem}.infoLabel_f1y
1yezf{color:#686B70;flex:1}.infoValue_f1dkxnty{color:#111111;flex:1}.spacer_fw0
baii{margin:0.5rem 0rem}.topSpacer_fpsulcm{margin-top:0.5rem}.stakePerLineWrapp
er_f1jme97f{margin:0.5rem 0rem 1rem 0rem}.exoticsCombosRow_f1k5y3nc{padding-top
:8px}.placedExoticsCombosRow_fmk8eut{padding:0.5rem 0rem}.labelContainer_fw8n7s
e{align-items:center;background-color:#ffffffff;display:flex;flex:1;justify-con
tent:center;padding:0rem 0.5rem}.stepperContainer_fj564wi{align-items:stretch;b
ackground-color:#e5f3ffff;border-color:#dbe6f0ff;border-radius:0.5rem;border-st
yle:solid;border-width:0.0625rem;display:flex;flex:1;height:2rem;justify-conten
t:space-between;margin:0rem 0.5rem 0.5rem}.leftButtonContainer_fr7v6h9{border-b
ottom-left-radius:0.5rem;border-right-color:#dbe6f0ff;border-right-width:0.0625
rem;border-style:solid;border-top-left-radius:0.5rem;display:flex;flex:1;flex-d
irection:column;justify-content:center}.leftButtonDisabledContainer_f1l07toe{ba
ckground-color:#b8cde052;border-bottom-left-radius:0.5rem;border-right-color:#d
be6f0ff;border-right-width:0.0625rem;border-style:solid;border-top-left-radius:
0.5rem;display:flex;flex:1;flex-direction:column;justify-content:center}.rightB
uttonContainer_f1bhtpyl{border-bottom-right-radius:0.5rem;border-left-color:#db
e6f0ff;border-left-width:0.0625rem;border-style:solid;border-top-right-radius:0
.5rem;display:flex;flex:1;flex-direction:column;justify-content:center}.rightBu
ttonDisabledContainer_fvmnqou{background-color:#b8cde052;border-bottom-right-ra
dius:0.5rem;border-left-color:#dbe6f0ff;border-left-width:0.0625rem;border-styl
e:solid;border-top-right-radius:0.5rem;display:flex;flex:1;flex-direction:colum
n;justify-content:center}.priceContainer_f880sz8{display:flex;gap:0.5rem}.check
box_f1c6f0gw{padding-right:0.25rem}.alertContainer_f1tt8o10{padding:0rem 
0.5rem 0.5rem}.controllerContainer_f1l1x74r{display:flex;flex-direction:row;fle
x-wrap:wrap;gap:0.5rem}.loadingSpinner_f1ysfo8o{display:flex;flex:1;height:2.5r
em;justify-content:center}.suspended_fq2c0n5{background-color:#fee6e6ff}.multiP
artRowDivider_fk8n2y{margin:0rem 
0.5rem}.eventNameContainer_f1xruy7u{margin:0.5rem 0.5rem 0rem 0.5rem}.betPartCo
ntainer_fz7vqdw{border-color:#dbe6f0ff;border-radius:0.5rem;border-style:solid;
border-width:0.0625rem;overflow:hidden}.infoRowEditStage_f1pi17at{display:flex;
flex:1}.spacer_fmk8eut{padding:0.5rem 0rem}.stakeConfirmStage_f1r0fg9l{padding-
top:0.5rem}.betReturnsContainer_fn8ai8t{padding-bottom:0.5rem}.multiLegContaine
r_fmk8eut{padding:0.5rem 0rem}.multiLegContainerReview_f1r0fg9l{padding-top:0.5
rem}.editLegsButton_fw0baii{margin:0.5rem 0rem}.stickyHeader_fse2wgz{background
-color:#ffffffff;padding-top:0.5rem;position:sticky;top:0;z-index:3}.stickyHead
erBottom_f16sesdb{background-color:#ffffffff;position:sticky;z-index:2}.betCont
entContainer_f124y7t3{display:flex;flex-direction:column;overflow:hidden;paddin
g:0.5rem 0rem;row-gap:0.5rem}.readOnlyBetContentContainer_fmtjf7q{display:flex;
flex-direction:column;overflow:hidden;padding:0.5rem 
0rem}.betInfoRow_f1xruy7u{margin:0.5rem 0.5rem 0rem 0.5rem}.returnContainer_fsg
s3wg{justify-content:flex-end}.betInfoContainer_f1dbpfsh{border:0.0625rem 
solid #dbe6f0ff;border-radius:0.5rem;margin:0.5rem 
0rem;overflow:hidden}.readOnlyBetInfoContainer_f1r1htz1{border:0.0625rem solid 
#dbe6f0ff;border-radius:0.5rem;margin-top:0.5rem;overflow:hidden}.suspendedPadd
ing_f1l0nxyp{padding-top:1px}.multiPartRowDivider_fk8n2y{margin:0rem 
0.5rem}.messageContainer_f1fppmiz{margin:0.5rem 0.5rem 
0rem}.interventionMessage_f1ytk6nl{margin:0.5rem 0.5rem 
0rem;z-index:2}.eventNameContainer_fks48hc{align-content:center;margin:0.5rem 
0rem;margin-top:0.5rem;padding:0rem 0.5rem 0rem}.container_ffbkuhx{display:flex
;flex-direction:row;justify-content:space-between;padding:0.5rem 0rem}.headerCo
ntainer_f2s1awa{align-items:center;display:flex;flex-direction:row}.labelContai
ner_f1op6hsi{padding-right:0.5rem}.headerContainer_f7ra6ol{padding:0rem 0.5rem}
.sameEventContainer_fz7vqdw{border-color:#dbe6f0ff;border-radius:0.5rem;border-
style:solid;border-width:0.0625rem;overflow:hidden}.container_f135f7p8{border-c
olor:#dbe6f0ff;border-radius:0.5rem;border-style:solid;border-width:0.0625rem;m
argin-top:0.5rem;overflow:hidden}.dividerContainer_fk8n2y{margin:0rem 0.5rem}.e
ventsContainer_f1sf12zl{background-color:#ffffffff;display:flex;flex:1;flex-dir
ection:column}.standardMultiContainer_f1979ltf{margin-bottom:0;padding:0}.space
r_f1r0fg9l{padding-top:0.5rem}.spacerEdit_fmk8eut{padding:0.5rem 0rem}.infoRowE
ditStage_f1pi17at{display:flex;flex:1}.betReturnsContainer_fn8ai8t{padding-bott
om:0.5rem}.stickyHeaderTop_fse2wgz{background-color:#ffffffff;padding-top:0.5re
m;position:sticky;top:0;z-index:3}.stickyHeaderBottom_f16sesdb{background-color
:#ffffffff;position:sticky;z-index:2}.iconColumn_f1cuxigj{align-self:flex-start
;flex:0;padding-right:0.5rem}.container_f16g776v{align-content:center;justify-c
ontent:flex-start;padding:0.5rem 0rem}.iconColumn_fk32ino{flex:0;padding-right:
0.5rem}.comboMultiRow_f9a13de{align-items:center}.betInfoContainer_f101rvxc{ali
gn-items:flex-start;padding-bottom:0.5rem}.stakeContainer_f1v7jczi{flex:1;paddi
ng-top:0.5rem}.comboNameWrapper_f1pi17at{display:flex;flex:1}.infoRow_f1bu185b{
margin-bottom:-0.5rem}.liveMultiContainer_f1ridnm1{background-color:#ffffffff;b
order-radius:1rem;box-shadow:0rem 0.125rem 0.5rem 
#011c3214;display:flex;flex-direction:column;margin:0 
0.5rem}.betInfoRow_f1pa6f05{padding:0.5rem 0.5rem 0rem 0.5rem}.stakeAllSinglesR
ow_fssn5y4{align-items:center;background-color:#ffffffff;border-radius:1rem;box
-shadow:0rem 0.125rem 0.5rem #011c3214;flex:1;margin:0rem 0.5rem 0.5rem 0.5rem}
.singlesLabelContainer_fmffd88{flex:0.5;min-width:10rem}.singlesInputContainer_
fxarn6q{flex:0.5;padding:0.5rem}.container_f68rb1o{background-color:#ffffffff;b
order-radius:1rem;box-shadow:0rem 0.125rem 0.5rem 
#011c3214;display:flex;flex:1;margin:0rem 0.5rem 0.5rem;padding:0.5rem}.interna
lContainer_f1do6kdz{flex-direction:column;padding:0.5rem}.iconContainer_f1op6hs
i{padding-right:0.5rem}.headerContainer_fl9ife1{align-items:center;display:flex
;flex-direction:row;padding-bottom:0.5rem}.betslip_fggfsi0{color:#111111;displa
y:flex;flex-direction:column;height:100%;position:relative;width:100%;z-index:0
}.visible_f1n6ly0f{right:0}.body_f1pmarfa{background-color:#edf3f7ff;display:fl
ex;flex:1;flex-direction:column;overflow:auto}.betslipBodyWrapper_fdoc1b1{displ
ay:flex;flex:1;flex-direction:column}.liveMultiContent_f1qo33y1{flex:1}.removeS
crollContainer_fks69an{display:flex;flex:1;flex-direction:column;justify-conten
t:center;overflow:auto}.noThirdDividendContainer_ff9z8db{padding:0.5rem}.footer
Container_fvm8tz4{overflow-y:scroll;z-index:2}.saferGamblingMessageContainer_fk
8n2y{margin:0rem 0.5rem}.image_f1qfif9z{background:url("/images/empty_state_bet
slip-27d69d857f39199df131ce9bc44987b5.png") no-repeat center center;background-
attachment:scroll;background-size:contain;height:8rem;width:8rem}@media only 
screen and (-o-min-device-pixel-ratio: 5/4) and (-o-max-device-pixel-ratio: 
9/4),
									only screen and (-webkit-min-device-pixel-ratio: 1.25) and 
(-webkit-max-device-pixel-ratio: 2.25),
									only screen and (min-device-pixel-ratio: 1.25) and 
(max-device-pixel-ratio: 2.25),
									only screen and (min-resolution: 1.25dppx) and (max-resolution: 2.25dp
px){.image_fksb4tm{background:url("/images/icon-hamburger@2x-2a4233941d765466d6
b76bf8e5639d22.png") no-repeat center center;background-attachment:scroll;backg
round-size:contain}.image_f1dk4fp3{background:url("/images/sportsbet_logo_large
@2x-78dae7e8062d3cf4043a68563c91513e.png") no-repeat center center;background-a
ttachment:scroll;background-size:contain}.image_f12jynuc{background:url("/image
s/bwm_club_dashboard_background@2x-e959dfc0db6a929a01c1fb75bbd2f105.png") 
no-repeat left top;background-attachment:scroll;background-size:cover}.image_f1
swo9xi{background:url("/images/net_deposit_limit_visual_background@2x-820080fa0
2b82333f1db837a9f5b09a1.png") no-repeat right bottom;background-attachment:scro
ll;background-size:cover}.image_f1qfif9z{background:url("/images/empty_state_be
tslip@2x-8e438925a8fb8becb7f01e73ab2537d7.png") no-repeat center 
center;background-attachment:scroll;background-size:contain}}@media only 
screen and (-o-min-device-pixel-ratio: 9/4),
									only screen and (-webkit-min-device-pixel-ratio: 2.25),
									only screen and (min-device-pixel-ratio: 2.25),
									only screen and (min-resolution: 2.25dppx){.image_fksb4tm{background:u
rl("/images/icon-hamburger@3x-45c0f9a58afa972e3a119ba3b1952eb6.png") no-repeat 
center center;background-attachment:scroll;background-size:contain}.image_f1dk4
fp3{background:url("/images/sportsbet_logo_large@3x-7003b3a29153e7b17b26c18dded
eb583.png") no-repeat center center;background-attachment:scroll;background-siz
e:contain}.image_f12jynuc{background:url("/images/bwm_club_dashboard_background
@3x-b09d2f0446ac7adfae519de4169f4e44.png") no-repeat left top;background-attach
ment:scroll;background-size:cover}.image_f1swo9xi{background:url("/images/net_d
eposit_limit_visual_background@3x-1a90a1be53c98e9a384923f1a506453f.png") 
no-repeat right bottom;background-attachment:scroll;background-size:cover}.imag
e_f1qfif9z{background:url("/images/empty_state_betslip@3x-7b3534d5ecd3689347d2f
1399ca675ca.png") no-repeat center 
center;background-attachment:scroll;background-size:contain}}
[INFO] Successfully extracted team statistics
[INFO]   Retrieved 8 markets, 13 insights, 0 player props
Traceback (most recent call last):
  File "C:\Users\nikor\Documents\GitHub\PostiveEdge\scrapers\unified_analysis_p
ipeline.py", line 2047, in <module>
    main()
    ~~~~^^
  File "C:\Users\nikor\Documents\GitHub\PostiveEdge\scrapers\unified_analysis_p
ipeline.py", line 1885, in main
    print("  * DataballR: Fetching player game logs (\u2713 ROBUST scraper 
with retries & schema mapping)")
    ~~~~~^^^^^^^^^^^^^^^^^^^^^^^^^^^^^^^^^^^^^^^^^^^^^^^^^^^^^^^^^^^^^^^^^^^^^^
^^^^^^^^^^^^^^^^^^^^^^^
  File "C:\Program Files\WindowsApps\PythonSoftwareFoundation.Python.3.13_3.13.
2544.0_x64__qbz5n2kfra8p0\Lib\encodings\cp1252.py", line 19, in encode
    return codecs.charmap_encode(input,self.errors,encoding_table)[0]
           ~~~~~~~~~~~~~~~~~~~~~^^^^^^^^^^^^^^^^^^^^^^^^^^^^^^^^^^
UnicodeEncodeError: 'charmap' codec can't encode character '\u2713' in 
position 42: character maps to <undefined>

======================================================================
  UNIFIED ANALYSIS PIPELINE
  QUALITY OVER QUANTITY - Top 5 High-Confidence Bets
======================================================================

Pipeline Flow:
  1. [SPORTSBET SCRAPER] Scrapes games, markets, insights, and player props
  2. [DATABALLR SCRAPER] Fetches player game logs (robust, with retries)
  3. [INSIGHT ANALYZER] Analyzes team bets using Context-Aware Value Engine
  4. [MODEL PROJECTIONS] Calculates player prop projections with matchup adjustments
  5. [DISPLAY] Filters to high-confidence bets and returns top 5 (max 2 per game)


Analyzing 1 game(s)...

----------------------------------------------------------------------
STEP 1: [SPORTSBET SCRAPER] Scraping games, markets, insights, and player props
----------------------------------------------------------------------

[OK] Successfully scraped 1 game(s)

----------------------------------------------------------------------
STEP 2: [DATABALLR -> INSIGHTS -> MODEL] Analyzing bets
----------------------------------------------------------------------

======================================================================
  ERROR - Script Failed
======================================================================

'charmap' codec can't encode character '\u2713' in position 42: character maps to <undefined>


Full traceback:

Error also saved to: C:\Users\nikor\Documents\GitHub\PostiveEdge\error_log.txt

Press Enter to close...
